[2025-01-26T18:12:34.322+0000] {local_task_job_runner.py:123} INFO - ::group::Pre task execution logs
[2025-01-26T18:12:34.340+0000] {taskinstance.py:2613} INFO - Dependencies all met for dep_context=non-requeueable deps ti=<TaskInstance: my_first_dag.task1 scheduled__2025-01-25T00:00:00+00:00 [queued]>
[2025-01-26T18:12:34.352+0000] {taskinstance.py:2613} INFO - Dependencies all met for dep_context=requeueable deps ti=<TaskInstance: my_first_dag.task1 scheduled__2025-01-25T00:00:00+00:00 [queued]>
[2025-01-26T18:12:34.353+0000] {taskinstance.py:2866} INFO - Starting attempt 1 of 6
[2025-01-26T18:12:34.371+0000] {taskinstance.py:2889} INFO - Executing <Task(PythonOperator): task1> on 2025-01-25 00:00:00+00:00
[2025-01-26T18:12:34.386+0000] {warnings.py:112} WARNING - /home/***/.local/lib/python3.12/site-packages/***/task/task_runner/standard_task_runner.py:70: DeprecationWarning: This process (pid=613) is multi-threaded, use of fork() may lead to deadlocks in the child.
  pid = os.fork()

[2025-01-26T18:12:34.388+0000] {standard_task_runner.py:72} INFO - Started process 615 to run task
[2025-01-26T18:12:34.389+0000] {standard_task_runner.py:104} INFO - Running: ['***', 'tasks', 'run', 'my_first_dag', 'task1', 'scheduled__2025-01-25T00:00:00+00:00', '--job-id', '40', '--raw', '--subdir', 'DAGS_FOLDER/my_first_dag.py', '--cfg-path', '/tmp/tmp0us4sock']
[2025-01-26T18:12:34.390+0000] {standard_task_runner.py:105} INFO - Job 40: Subtask task1
[2025-01-26T18:12:34.461+0000] {task_command.py:467} INFO - Running <TaskInstance: my_first_dag.task1 scheduled__2025-01-25T00:00:00+00:00 [running]> on host ac2be3916ead
[2025-01-26T18:12:35.003+0000] {taskinstance.py:3132} INFO - Exporting env vars: AIRFLOW_CTX_DAG_OWNER='dnc' AIRFLOW_CTX_DAG_ID='my_first_dag' AIRFLOW_CTX_TASK_ID='task1' AIRFLOW_CTX_EXECUTION_DATE='2025-01-25T00:00:00+00:00' AIRFLOW_CTX_TRY_NUMBER='1' AIRFLOW_CTX_DAG_RUN_ID='scheduled__2025-01-25T00:00:00+00:00'
[2025-01-26T18:12:35.004+0000] {logging_mixin.py:190} INFO - Task instance is in running state
[2025-01-26T18:12:35.006+0000] {logging_mixin.py:190} INFO -  Previous state of the Task instance: queued
[2025-01-26T18:12:35.011+0000] {logging_mixin.py:190} INFO - Current task name:task1 state:running start_date:2025-01-26 18:12:34.342187+00:00
[2025-01-26T18:12:35.012+0000] {logging_mixin.py:190} INFO - Dag name:my_first_dag and current dag run status:running
[2025-01-26T18:12:35.013+0000] {taskinstance.py:731} INFO - ::endgroup::
[2025-01-26T18:12:35.014+0000] {logging_mixin.py:190} INFO - MINHA PRIMEIRA TASK
[2025-01-26T18:12:35.014+0000] {python.py:240} INFO - Done. Returned value was: None
[2025-01-26T18:12:35.045+0000] {taskinstance.py:340} INFO - ::group::Post task execution logs
[2025-01-26T18:12:35.047+0000] {taskinstance.py:352} INFO - Marking task as SUCCESS. dag_id=my_first_dag, task_id=task1, run_id=scheduled__2025-01-25T00:00:00+00:00, execution_date=20250125T000000, start_date=20250126T181234, end_date=20250126T181235
[2025-01-26T18:12:35.061+0000] {logging_mixin.py:190} INFO - Task instance in success state
[2025-01-26T18:12:35.062+0000] {logging_mixin.py:190} INFO -  Previous state of the Task instance: running
[2025-01-26T18:12:35.062+0000] {logging_mixin.py:190} INFO - Dag name:my_first_dag queued_at:2025-01-26 18:12:26.731830+00:00
[2025-01-26T18:12:35.063+0000] {logging_mixin.py:190} INFO - Task hostname:ac2be3916ead operator:PythonOperator
[2025-01-26T18:12:35.093+0000] {local_task_job_runner.py:266} INFO - Task exited with return code 0
[2025-01-26T18:12:35.115+0000] {taskinstance.py:3895} INFO - 1 downstream tasks scheduled from follow-on schedule check
[2025-01-26T18:12:35.117+0000] {local_task_job_runner.py:245} INFO - ::endgroup::
