[2025-01-21T01:32:23.324+0000] {processor.py:186} INFO - Started process (PID=55) to work on /home/airflow/.local/lib/python3.12/site-packages/airflow/example_dags/example_xcom.py
[2025-01-21T01:32:23.326+0000] {processor.py:914} INFO - Processing file /home/airflow/.local/lib/python3.12/site-packages/airflow/example_dags/example_xcom.py for tasks to queue
[2025-01-21T01:32:23.328+0000] {logging_mixin.py:190} INFO - [2025-01-21T01:32:23.328+0000] {dagbag.py:588} INFO - Filling up the DagBag from /home/airflow/.local/lib/python3.12/site-packages/airflow/example_dags/example_xcom.py
[2025-01-21T01:32:23.344+0000] {processor.py:925} INFO - DAG(s) 'example_xcom' retrieved from /home/airflow/.local/lib/python3.12/site-packages/airflow/example_dags/example_xcom.py
[2025-01-21T01:32:23.567+0000] {logging_mixin.py:190} INFO - [2025-01-21T01:32:23.567+0000] {override.py:1911} INFO - Created Permission View: can edit on DAG:example_xcom
[2025-01-21T01:32:23.588+0000] {logging_mixin.py:190} INFO - [2025-01-21T01:32:23.587+0000] {override.py:1911} INFO - Created Permission View: can delete on DAG:example_xcom
[2025-01-21T01:32:23.604+0000] {logging_mixin.py:190} INFO - [2025-01-21T01:32:23.604+0000] {override.py:1911} INFO - Created Permission View: can read on DAG:example_xcom
[2025-01-21T01:32:23.616+0000] {logging_mixin.py:190} INFO - [2025-01-21T01:32:23.616+0000] {override.py:1911} INFO - Created Permission View: can delete on DAG Run:example_xcom
[2025-01-21T01:32:23.629+0000] {logging_mixin.py:190} INFO - [2025-01-21T01:32:23.628+0000] {override.py:1911} INFO - Created Permission View: can create on DAG Run:example_xcom
[2025-01-21T01:32:23.638+0000] {logging_mixin.py:190} INFO - [2025-01-21T01:32:23.637+0000] {override.py:1911} INFO - Created Permission View: menu access on DAG Run:example_xcom
[2025-01-21T01:32:23.646+0000] {logging_mixin.py:190} INFO - [2025-01-21T01:32:23.646+0000] {override.py:1911} INFO - Created Permission View: can read on DAG Run:example_xcom
[2025-01-21T01:32:23.647+0000] {logging_mixin.py:190} INFO - [2025-01-21T01:32:23.647+0000] {dag.py:3239} INFO - Sync 1 DAGs
[2025-01-21T01:32:23.664+0000] {logging_mixin.py:190} INFO - [2025-01-21T01:32:23.663+0000] {dag.py:3262} INFO - Creating ORM DAG for example_xcom
[2025-01-21T01:32:23.677+0000] {logging_mixin.py:190} INFO - [2025-01-21T01:32:23.676+0000] {dag.py:4180} INFO - Setting next_dagrun for example_xcom to 2021-01-01 00:00:00+00:00, run_after=2021-01-01 00:00:00+00:00
[2025-01-21T01:32:23.698+0000] {processor.py:208} INFO - Processing /home/airflow/.local/lib/python3.12/site-packages/airflow/example_dags/example_xcom.py took 0.381 seconds
[2025-01-21T01:32:54.520+0000] {processor.py:186} INFO - Started process (PID=119) to work on /home/airflow/.local/lib/python3.12/site-packages/airflow/example_dags/example_xcom.py
[2025-01-21T01:32:54.521+0000] {processor.py:914} INFO - Processing file /home/airflow/.local/lib/python3.12/site-packages/airflow/example_dags/example_xcom.py for tasks to queue
[2025-01-21T01:32:54.524+0000] {logging_mixin.py:190} INFO - [2025-01-21T01:32:54.523+0000] {dagbag.py:588} INFO - Filling up the DagBag from /home/airflow/.local/lib/python3.12/site-packages/airflow/example_dags/example_xcom.py
[2025-01-21T01:32:54.534+0000] {processor.py:925} INFO - DAG(s) 'example_xcom' retrieved from /home/airflow/.local/lib/python3.12/site-packages/airflow/example_dags/example_xcom.py
[2025-01-21T01:32:54.555+0000] {logging_mixin.py:190} INFO - [2025-01-21T01:32:54.555+0000] {dag.py:3239} INFO - Sync 1 DAGs
[2025-01-21T01:32:54.579+0000] {logging_mixin.py:190} INFO - [2025-01-21T01:32:54.579+0000] {dag.py:4180} INFO - Setting next_dagrun for example_xcom to 2021-01-01 00:00:00+00:00, run_after=2021-01-01 00:00:00+00:00
[2025-01-21T01:32:54.598+0000] {processor.py:208} INFO - Processing /home/airflow/.local/lib/python3.12/site-packages/airflow/example_dags/example_xcom.py took 0.085 seconds
[2025-01-21T01:33:25.775+0000] {processor.py:186} INFO - Started process (PID=182) to work on /home/airflow/.local/lib/python3.12/site-packages/airflow/example_dags/example_xcom.py
[2025-01-21T01:33:25.776+0000] {processor.py:914} INFO - Processing file /home/airflow/.local/lib/python3.12/site-packages/airflow/example_dags/example_xcom.py for tasks to queue
[2025-01-21T01:33:25.779+0000] {logging_mixin.py:190} INFO - [2025-01-21T01:33:25.779+0000] {dagbag.py:588} INFO - Filling up the DagBag from /home/airflow/.local/lib/python3.12/site-packages/airflow/example_dags/example_xcom.py
[2025-01-21T01:33:25.792+0000] {processor.py:925} INFO - DAG(s) 'example_xcom' retrieved from /home/airflow/.local/lib/python3.12/site-packages/airflow/example_dags/example_xcom.py
[2025-01-21T01:33:25.812+0000] {logging_mixin.py:190} INFO - [2025-01-21T01:33:25.812+0000] {dag.py:3239} INFO - Sync 1 DAGs
[2025-01-21T01:33:25.836+0000] {logging_mixin.py:190} INFO - [2025-01-21T01:33:25.835+0000] {dag.py:4180} INFO - Setting next_dagrun for example_xcom to 2021-01-01 00:00:00+00:00, run_after=2021-01-01 00:00:00+00:00
[2025-01-21T01:33:25.854+0000] {processor.py:208} INFO - Processing /home/airflow/.local/lib/python3.12/site-packages/airflow/example_dags/example_xcom.py took 0.086 seconds
[2025-01-21T01:33:56.696+0000] {processor.py:186} INFO - Started process (PID=245) to work on /home/airflow/.local/lib/python3.12/site-packages/airflow/example_dags/example_xcom.py
[2025-01-21T01:33:56.697+0000] {processor.py:914} INFO - Processing file /home/airflow/.local/lib/python3.12/site-packages/airflow/example_dags/example_xcom.py for tasks to queue
[2025-01-21T01:33:56.700+0000] {logging_mixin.py:190} INFO - [2025-01-21T01:33:56.699+0000] {dagbag.py:588} INFO - Filling up the DagBag from /home/airflow/.local/lib/python3.12/site-packages/airflow/example_dags/example_xcom.py
[2025-01-21T01:33:56.709+0000] {processor.py:925} INFO - DAG(s) 'example_xcom' retrieved from /home/airflow/.local/lib/python3.12/site-packages/airflow/example_dags/example_xcom.py
[2025-01-21T01:33:56.732+0000] {logging_mixin.py:190} INFO - [2025-01-21T01:33:56.731+0000] {dag.py:3239} INFO - Sync 1 DAGs
[2025-01-21T01:33:56.757+0000] {logging_mixin.py:190} INFO - [2025-01-21T01:33:56.757+0000] {dag.py:4180} INFO - Setting next_dagrun for example_xcom to 2021-01-01 00:00:00+00:00, run_after=2021-01-01 00:00:00+00:00
[2025-01-21T01:33:56.779+0000] {processor.py:208} INFO - Processing /home/airflow/.local/lib/python3.12/site-packages/airflow/example_dags/example_xcom.py took 0.089 seconds
[2025-01-21T01:34:27.546+0000] {processor.py:186} INFO - Started process (PID=308) to work on /home/airflow/.local/lib/python3.12/site-packages/airflow/example_dags/example_xcom.py
[2025-01-21T01:34:27.548+0000] {processor.py:914} INFO - Processing file /home/airflow/.local/lib/python3.12/site-packages/airflow/example_dags/example_xcom.py for tasks to queue
[2025-01-21T01:34:27.550+0000] {logging_mixin.py:190} INFO - [2025-01-21T01:34:27.550+0000] {dagbag.py:588} INFO - Filling up the DagBag from /home/airflow/.local/lib/python3.12/site-packages/airflow/example_dags/example_xcom.py
[2025-01-21T01:34:27.560+0000] {processor.py:925} INFO - DAG(s) 'example_xcom' retrieved from /home/airflow/.local/lib/python3.12/site-packages/airflow/example_dags/example_xcom.py
[2025-01-21T01:34:27.583+0000] {logging_mixin.py:190} INFO - [2025-01-21T01:34:27.582+0000] {dag.py:3239} INFO - Sync 1 DAGs
[2025-01-21T01:34:27.607+0000] {logging_mixin.py:190} INFO - [2025-01-21T01:34:27.607+0000] {dag.py:4180} INFO - Setting next_dagrun for example_xcom to 2021-01-01 00:00:00+00:00, run_after=2021-01-01 00:00:00+00:00
[2025-01-21T01:34:27.625+0000] {processor.py:208} INFO - Processing /home/airflow/.local/lib/python3.12/site-packages/airflow/example_dags/example_xcom.py took 0.085 seconds
[2025-01-21T01:34:59.115+0000] {processor.py:186} INFO - Started process (PID=371) to work on /home/airflow/.local/lib/python3.12/site-packages/airflow/example_dags/example_xcom.py
[2025-01-21T01:34:59.128+0000] {processor.py:914} INFO - Processing file /home/airflow/.local/lib/python3.12/site-packages/airflow/example_dags/example_xcom.py for tasks to queue
[2025-01-21T01:34:59.138+0000] {logging_mixin.py:190} INFO - [2025-01-21T01:34:59.137+0000] {dagbag.py:588} INFO - Filling up the DagBag from /home/airflow/.local/lib/python3.12/site-packages/airflow/example_dags/example_xcom.py
[2025-01-21T01:34:59.155+0000] {processor.py:925} INFO - DAG(s) 'example_xcom' retrieved from /home/airflow/.local/lib/python3.12/site-packages/airflow/example_dags/example_xcom.py
[2025-01-21T01:34:59.206+0000] {logging_mixin.py:190} INFO - [2025-01-21T01:34:59.205+0000] {dag.py:3239} INFO - Sync 1 DAGs
[2025-01-21T01:34:59.252+0000] {logging_mixin.py:190} INFO - [2025-01-21T01:34:59.252+0000] {dag.py:4180} INFO - Setting next_dagrun for example_xcom to 2021-01-01 00:00:00+00:00, run_after=2021-01-01 00:00:00+00:00
[2025-01-21T01:34:59.316+0000] {processor.py:208} INFO - Processing /home/airflow/.local/lib/python3.12/site-packages/airflow/example_dags/example_xcom.py took 0.229 seconds
[2025-01-21T01:35:30.145+0000] {processor.py:186} INFO - Started process (PID=434) to work on /home/airflow/.local/lib/python3.12/site-packages/airflow/example_dags/example_xcom.py
[2025-01-21T01:35:30.147+0000] {processor.py:914} INFO - Processing file /home/airflow/.local/lib/python3.12/site-packages/airflow/example_dags/example_xcom.py for tasks to queue
[2025-01-21T01:35:30.150+0000] {logging_mixin.py:190} INFO - [2025-01-21T01:35:30.149+0000] {dagbag.py:588} INFO - Filling up the DagBag from /home/airflow/.local/lib/python3.12/site-packages/airflow/example_dags/example_xcom.py
[2025-01-21T01:35:30.163+0000] {processor.py:925} INFO - DAG(s) 'example_xcom' retrieved from /home/airflow/.local/lib/python3.12/site-packages/airflow/example_dags/example_xcom.py
[2025-01-21T01:35:30.198+0000] {logging_mixin.py:190} INFO - [2025-01-21T01:35:30.198+0000] {dag.py:3239} INFO - Sync 1 DAGs
[2025-01-21T01:35:30.243+0000] {logging_mixin.py:190} INFO - [2025-01-21T01:35:30.243+0000] {dag.py:4180} INFO - Setting next_dagrun for example_xcom to 2021-01-01 00:00:00+00:00, run_after=2021-01-01 00:00:00+00:00
[2025-01-21T01:35:30.266+0000] {processor.py:208} INFO - Processing /home/airflow/.local/lib/python3.12/site-packages/airflow/example_dags/example_xcom.py took 0.129 seconds
[2025-01-21T01:36:01.210+0000] {processor.py:186} INFO - Started process (PID=497) to work on /home/airflow/.local/lib/python3.12/site-packages/airflow/example_dags/example_xcom.py
[2025-01-21T01:36:01.211+0000] {processor.py:914} INFO - Processing file /home/airflow/.local/lib/python3.12/site-packages/airflow/example_dags/example_xcom.py for tasks to queue
[2025-01-21T01:36:01.214+0000] {logging_mixin.py:190} INFO - [2025-01-21T01:36:01.213+0000] {dagbag.py:588} INFO - Filling up the DagBag from /home/airflow/.local/lib/python3.12/site-packages/airflow/example_dags/example_xcom.py
[2025-01-21T01:36:01.226+0000] {processor.py:925} INFO - DAG(s) 'example_xcom' retrieved from /home/airflow/.local/lib/python3.12/site-packages/airflow/example_dags/example_xcom.py
[2025-01-21T01:36:01.249+0000] {logging_mixin.py:190} INFO - [2025-01-21T01:36:01.249+0000] {dag.py:3239} INFO - Sync 1 DAGs
[2025-01-21T01:36:01.273+0000] {logging_mixin.py:190} INFO - [2025-01-21T01:36:01.272+0000] {dag.py:4180} INFO - Setting next_dagrun for example_xcom to 2021-01-01 00:00:00+00:00, run_after=2021-01-01 00:00:00+00:00
[2025-01-21T01:36:01.294+0000] {processor.py:208} INFO - Processing /home/airflow/.local/lib/python3.12/site-packages/airflow/example_dags/example_xcom.py took 0.092 seconds
[2025-01-21T01:36:33.195+0000] {processor.py:186} INFO - Started process (PID=560) to work on /home/airflow/.local/lib/python3.12/site-packages/airflow/example_dags/example_xcom.py
[2025-01-21T01:36:33.197+0000] {processor.py:914} INFO - Processing file /home/airflow/.local/lib/python3.12/site-packages/airflow/example_dags/example_xcom.py for tasks to queue
[2025-01-21T01:36:33.201+0000] {logging_mixin.py:190} INFO - [2025-01-21T01:36:33.200+0000] {dagbag.py:588} INFO - Filling up the DagBag from /home/airflow/.local/lib/python3.12/site-packages/airflow/example_dags/example_xcom.py
[2025-01-21T01:36:33.216+0000] {processor.py:925} INFO - DAG(s) 'example_xcom' retrieved from /home/airflow/.local/lib/python3.12/site-packages/airflow/example_dags/example_xcom.py
[2025-01-21T01:36:33.258+0000] {logging_mixin.py:190} INFO - [2025-01-21T01:36:33.257+0000] {dag.py:3239} INFO - Sync 1 DAGs
[2025-01-21T01:36:33.287+0000] {logging_mixin.py:190} INFO - [2025-01-21T01:36:33.287+0000] {dag.py:4180} INFO - Setting next_dagrun for example_xcom to 2021-01-01 00:00:00+00:00, run_after=2021-01-01 00:00:00+00:00
[2025-01-21T01:36:33.309+0000] {processor.py:208} INFO - Processing /home/airflow/.local/lib/python3.12/site-packages/airflow/example_dags/example_xcom.py took 0.121 seconds
[2025-01-21T01:37:04.623+0000] {processor.py:186} INFO - Started process (PID=628) to work on /home/airflow/.local/lib/python3.12/site-packages/airflow/example_dags/example_xcom.py
[2025-01-21T01:37:04.625+0000] {processor.py:914} INFO - Processing file /home/airflow/.local/lib/python3.12/site-packages/airflow/example_dags/example_xcom.py for tasks to queue
[2025-01-21T01:37:04.632+0000] {logging_mixin.py:190} INFO - [2025-01-21T01:37:04.631+0000] {dagbag.py:588} INFO - Filling up the DagBag from /home/airflow/.local/lib/python3.12/site-packages/airflow/example_dags/example_xcom.py
[2025-01-21T01:37:04.661+0000] {processor.py:925} INFO - DAG(s) 'example_xcom' retrieved from /home/airflow/.local/lib/python3.12/site-packages/airflow/example_dags/example_xcom.py
[2025-01-21T01:37:04.708+0000] {logging_mixin.py:190} INFO - [2025-01-21T01:37:04.707+0000] {dag.py:3239} INFO - Sync 1 DAGs
[2025-01-21T01:37:04.763+0000] {logging_mixin.py:190} INFO - [2025-01-21T01:37:04.763+0000] {dag.py:4180} INFO - Setting next_dagrun for example_xcom to 2021-01-01 00:00:00+00:00, run_after=2021-01-01 00:00:00+00:00
[2025-01-21T01:37:04.786+0000] {processor.py:208} INFO - Processing /home/airflow/.local/lib/python3.12/site-packages/airflow/example_dags/example_xcom.py took 0.171 seconds
[2025-01-21T01:37:36.065+0000] {processor.py:186} INFO - Started process (PID=690) to work on /home/airflow/.local/lib/python3.12/site-packages/airflow/example_dags/example_xcom.py
[2025-01-21T01:37:36.066+0000] {processor.py:914} INFO - Processing file /home/airflow/.local/lib/python3.12/site-packages/airflow/example_dags/example_xcom.py for tasks to queue
[2025-01-21T01:37:36.069+0000] {logging_mixin.py:190} INFO - [2025-01-21T01:37:36.069+0000] {dagbag.py:588} INFO - Filling up the DagBag from /home/airflow/.local/lib/python3.12/site-packages/airflow/example_dags/example_xcom.py
[2025-01-21T01:37:36.080+0000] {processor.py:925} INFO - DAG(s) 'example_xcom' retrieved from /home/airflow/.local/lib/python3.12/site-packages/airflow/example_dags/example_xcom.py
[2025-01-21T01:37:36.105+0000] {logging_mixin.py:190} INFO - [2025-01-21T01:37:36.105+0000] {dag.py:3239} INFO - Sync 1 DAGs
[2025-01-21T01:37:36.130+0000] {logging_mixin.py:190} INFO - [2025-01-21T01:37:36.129+0000] {dag.py:4180} INFO - Setting next_dagrun for example_xcom to 2021-01-01 00:00:00+00:00, run_after=2021-01-01 00:00:00+00:00
[2025-01-21T01:37:36.150+0000] {processor.py:208} INFO - Processing /home/airflow/.local/lib/python3.12/site-packages/airflow/example_dags/example_xcom.py took 0.092 seconds
[2025-01-21T23:57:50.863+0000] {processor.py:186} INFO - Started process (PID=55) to work on /home/airflow/.local/lib/python3.12/site-packages/airflow/example_dags/example_xcom.py
[2025-01-21T23:57:50.865+0000] {processor.py:914} INFO - Processing file /home/airflow/.local/lib/python3.12/site-packages/airflow/example_dags/example_xcom.py for tasks to queue
[2025-01-21T23:57:50.869+0000] {logging_mixin.py:190} INFO - [2025-01-21T23:57:50.868+0000] {dagbag.py:588} INFO - Filling up the DagBag from /home/airflow/.local/lib/python3.12/site-packages/airflow/example_dags/example_xcom.py
[2025-01-21T23:57:50.888+0000] {processor.py:925} INFO - DAG(s) 'example_xcom' retrieved from /home/airflow/.local/lib/python3.12/site-packages/airflow/example_dags/example_xcom.py
[2025-01-21T23:57:50.921+0000] {logging_mixin.py:190} INFO - [2025-01-21T23:57:50.919+0000] {dag.py:3239} INFO - Sync 1 DAGs
[2025-01-21T23:57:50.961+0000] {logging_mixin.py:190} INFO - [2025-01-21T23:57:50.961+0000] {dag.py:4180} INFO - Setting next_dagrun for example_xcom to 2021-01-01 00:00:00+00:00, run_after=2021-01-01 00:00:00+00:00
[2025-01-21T23:57:50.988+0000] {processor.py:208} INFO - Processing /home/airflow/.local/lib/python3.12/site-packages/airflow/example_dags/example_xcom.py took 0.132 seconds
[2025-01-21T23:58:26.324+0000] {processor.py:186} INFO - Started process (PID=118) to work on /home/airflow/.local/lib/python3.12/site-packages/airflow/example_dags/example_xcom.py
[2025-01-21T23:58:26.333+0000] {processor.py:914} INFO - Processing file /home/airflow/.local/lib/python3.12/site-packages/airflow/example_dags/example_xcom.py for tasks to queue
[2025-01-21T23:58:26.348+0000] {logging_mixin.py:190} INFO - [2025-01-21T23:58:26.348+0000] {dagbag.py:588} INFO - Filling up the DagBag from /home/airflow/.local/lib/python3.12/site-packages/airflow/example_dags/example_xcom.py
[2025-01-21T23:58:26.425+0000] {processor.py:925} INFO - DAG(s) 'example_xcom' retrieved from /home/airflow/.local/lib/python3.12/site-packages/airflow/example_dags/example_xcom.py
[2025-01-21T23:58:26.579+0000] {logging_mixin.py:190} INFO - [2025-01-21T23:58:26.578+0000] {dag.py:3239} INFO - Sync 1 DAGs
[2025-01-21T23:58:26.681+0000] {logging_mixin.py:190} INFO - [2025-01-21T23:58:26.681+0000] {dag.py:4180} INFO - Setting next_dagrun for example_xcom to 2021-01-01 00:00:00+00:00, run_after=2021-01-01 00:00:00+00:00
[2025-01-21T23:58:26.781+0000] {processor.py:208} INFO - Processing /home/airflow/.local/lib/python3.12/site-packages/airflow/example_dags/example_xcom.py took 0.466 seconds
[2025-01-21T23:58:57.339+0000] {processor.py:186} INFO - Started process (PID=181) to work on /home/airflow/.local/lib/python3.12/site-packages/airflow/example_dags/example_xcom.py
[2025-01-21T23:58:57.340+0000] {processor.py:914} INFO - Processing file /home/airflow/.local/lib/python3.12/site-packages/airflow/example_dags/example_xcom.py for tasks to queue
[2025-01-21T23:58:57.343+0000] {logging_mixin.py:190} INFO - [2025-01-21T23:58:57.343+0000] {dagbag.py:588} INFO - Filling up the DagBag from /home/airflow/.local/lib/python3.12/site-packages/airflow/example_dags/example_xcom.py
[2025-01-21T23:58:57.368+0000] {processor.py:925} INFO - DAG(s) 'example_xcom' retrieved from /home/airflow/.local/lib/python3.12/site-packages/airflow/example_dags/example_xcom.py
[2025-01-21T23:58:57.424+0000] {logging_mixin.py:190} INFO - [2025-01-21T23:58:57.424+0000] {dag.py:3239} INFO - Sync 1 DAGs
[2025-01-21T23:58:57.464+0000] {logging_mixin.py:190} INFO - [2025-01-21T23:58:57.463+0000] {dag.py:4180} INFO - Setting next_dagrun for example_xcom to 2021-01-01 00:00:00+00:00, run_after=2021-01-01 00:00:00+00:00
[2025-01-21T23:58:57.526+0000] {processor.py:208} INFO - Processing /home/airflow/.local/lib/python3.12/site-packages/airflow/example_dags/example_xcom.py took 0.199 seconds
[2025-01-21T23:59:31.308+0000] {processor.py:186} INFO - Started process (PID=244) to work on /home/airflow/.local/lib/python3.12/site-packages/airflow/example_dags/example_xcom.py
[2025-01-21T23:59:31.326+0000] {processor.py:914} INFO - Processing file /home/airflow/.local/lib/python3.12/site-packages/airflow/example_dags/example_xcom.py for tasks to queue
[2025-01-21T23:59:31.356+0000] {logging_mixin.py:190} INFO - [2025-01-21T23:59:31.355+0000] {dagbag.py:588} INFO - Filling up the DagBag from /home/airflow/.local/lib/python3.12/site-packages/airflow/example_dags/example_xcom.py
[2025-01-21T23:59:31.399+0000] {processor.py:925} INFO - DAG(s) 'example_xcom' retrieved from /home/airflow/.local/lib/python3.12/site-packages/airflow/example_dags/example_xcom.py
[2025-01-21T23:59:31.457+0000] {logging_mixin.py:190} INFO - [2025-01-21T23:59:31.457+0000] {dag.py:3239} INFO - Sync 1 DAGs
[2025-01-21T23:59:31.550+0000] {logging_mixin.py:190} INFO - [2025-01-21T23:59:31.549+0000] {dag.py:4180} INFO - Setting next_dagrun for example_xcom to 2021-01-01 00:00:00+00:00, run_after=2021-01-01 00:00:00+00:00
[2025-01-21T23:59:31.620+0000] {processor.py:208} INFO - Processing /home/airflow/.local/lib/python3.12/site-packages/airflow/example_dags/example_xcom.py took 0.329 seconds
