[2025-01-21T01:32:21.294+0000] {processor.py:186} INFO - Started process (PID=51) to work on /home/airflow/.local/lib/python3.12/site-packages/airflow/example_dags/example_outlet_event_extra.py
[2025-01-21T01:32:21.296+0000] {processor.py:914} INFO - Processing file /home/airflow/.local/lib/python3.12/site-packages/airflow/example_dags/example_outlet_event_extra.py for tasks to queue
[2025-01-21T01:32:21.298+0000] {logging_mixin.py:190} INFO - [2025-01-21T01:32:21.298+0000] {dagbag.py:588} INFO - Filling up the DagBag from /home/airflow/.local/lib/python3.12/site-packages/airflow/example_dags/example_outlet_event_extra.py
[2025-01-21T01:32:22.147+0000] {processor.py:925} INFO - DAG(s) 'dataset_with_extra_by_context', 'dataset_with_extra_by_yield', 'dataset_with_extra_from_classic_operator' retrieved from /home/airflow/.local/lib/python3.12/site-packages/airflow/example_dags/example_outlet_event_extra.py
[2025-01-21T01:32:22.315+0000] {logging_mixin.py:190} INFO - [2025-01-21T01:32:22.314+0000] {override.py:1911} INFO - Created Permission View: can edit on DAG:dataset_with_extra_by_context
[2025-01-21T01:32:22.329+0000] {logging_mixin.py:190} INFO - [2025-01-21T01:32:22.329+0000] {override.py:1911} INFO - Created Permission View: can delete on DAG:dataset_with_extra_by_context
[2025-01-21T01:32:22.339+0000] {logging_mixin.py:190} INFO - [2025-01-21T01:32:22.338+0000] {override.py:1911} INFO - Created Permission View: can read on DAG:dataset_with_extra_by_context
[2025-01-21T01:32:22.348+0000] {logging_mixin.py:190} INFO - [2025-01-21T01:32:22.347+0000] {override.py:1911} INFO - Created Permission View: can delete on DAG Run:dataset_with_extra_by_context
[2025-01-21T01:32:22.357+0000] {logging_mixin.py:190} INFO - [2025-01-21T01:32:22.357+0000] {override.py:1911} INFO - Created Permission View: can create on DAG Run:dataset_with_extra_by_context
[2025-01-21T01:32:22.366+0000] {logging_mixin.py:190} INFO - [2025-01-21T01:32:22.366+0000] {override.py:1911} INFO - Created Permission View: menu access on DAG Run:dataset_with_extra_by_context
[2025-01-21T01:32:22.378+0000] {logging_mixin.py:190} INFO - [2025-01-21T01:32:22.377+0000] {override.py:1911} INFO - Created Permission View: can read on DAG Run:dataset_with_extra_by_context
[2025-01-21T01:32:22.394+0000] {logging_mixin.py:190} INFO - [2025-01-21T01:32:22.393+0000] {override.py:1911} INFO - Created Permission View: can edit on DAG:dataset_with_extra_by_yield
[2025-01-21T01:32:22.402+0000] {logging_mixin.py:190} INFO - [2025-01-21T01:32:22.402+0000] {override.py:1911} INFO - Created Permission View: can delete on DAG:dataset_with_extra_by_yield
[2025-01-21T01:32:22.413+0000] {logging_mixin.py:190} INFO - [2025-01-21T01:32:22.412+0000] {override.py:1911} INFO - Created Permission View: can read on DAG:dataset_with_extra_by_yield
[2025-01-21T01:32:22.424+0000] {logging_mixin.py:190} INFO - [2025-01-21T01:32:22.424+0000] {override.py:1911} INFO - Created Permission View: can delete on DAG Run:dataset_with_extra_by_yield
[2025-01-21T01:32:22.433+0000] {logging_mixin.py:190} INFO - [2025-01-21T01:32:22.433+0000] {override.py:1911} INFO - Created Permission View: can create on DAG Run:dataset_with_extra_by_yield
[2025-01-21T01:32:22.447+0000] {logging_mixin.py:190} INFO - [2025-01-21T01:32:22.447+0000] {override.py:1911} INFO - Created Permission View: menu access on DAG Run:dataset_with_extra_by_yield
[2025-01-21T01:32:22.492+0000] {logging_mixin.py:190} INFO - [2025-01-21T01:32:22.491+0000] {override.py:1911} INFO - Created Permission View: can read on DAG Run:dataset_with_extra_by_yield
[2025-01-21T01:32:22.513+0000] {logging_mixin.py:190} INFO - [2025-01-21T01:32:22.513+0000] {override.py:1911} INFO - Created Permission View: can edit on DAG:dataset_with_extra_from_classic_operator
[2025-01-21T01:32:22.523+0000] {logging_mixin.py:190} INFO - [2025-01-21T01:32:22.522+0000] {override.py:1911} INFO - Created Permission View: can delete on DAG:dataset_with_extra_from_classic_operator
[2025-01-21T01:32:22.532+0000] {logging_mixin.py:190} INFO - [2025-01-21T01:32:22.532+0000] {override.py:1911} INFO - Created Permission View: can read on DAG:dataset_with_extra_from_classic_operator
[2025-01-21T01:32:22.541+0000] {logging_mixin.py:190} INFO - [2025-01-21T01:32:22.541+0000] {override.py:1911} INFO - Created Permission View: can delete on DAG Run:dataset_with_extra_from_classic_operator
[2025-01-21T01:32:22.549+0000] {logging_mixin.py:190} INFO - [2025-01-21T01:32:22.548+0000] {override.py:1911} INFO - Created Permission View: can create on DAG Run:dataset_with_extra_from_classic_operator
[2025-01-21T01:32:22.559+0000] {logging_mixin.py:190} INFO - [2025-01-21T01:32:22.558+0000] {override.py:1911} INFO - Created Permission View: menu access on DAG Run:dataset_with_extra_from_classic_operator
[2025-01-21T01:32:22.568+0000] {logging_mixin.py:190} INFO - [2025-01-21T01:32:22.567+0000] {override.py:1911} INFO - Created Permission View: can read on DAG Run:dataset_with_extra_from_classic_operator
[2025-01-21T01:32:22.569+0000] {logging_mixin.py:190} INFO - [2025-01-21T01:32:22.568+0000] {dag.py:3239} INFO - Sync 3 DAGs
[2025-01-21T01:32:22.589+0000] {logging_mixin.py:190} INFO - [2025-01-21T01:32:22.587+0000] {dag.py:3262} INFO - Creating ORM DAG for dataset_with_extra_by_yield
[2025-01-21T01:32:22.591+0000] {logging_mixin.py:190} INFO - [2025-01-21T01:32:22.590+0000] {dag.py:3262} INFO - Creating ORM DAG for dataset_with_extra_by_context
[2025-01-21T01:32:22.592+0000] {logging_mixin.py:190} INFO - [2025-01-21T01:32:22.592+0000] {dag.py:3262} INFO - Creating ORM DAG for dataset_with_extra_from_classic_operator
[2025-01-21T01:32:22.605+0000] {logging_mixin.py:190} INFO - [2025-01-21T01:32:22.605+0000] {dag.py:4180} INFO - Setting next_dagrun for dataset_with_extra_by_context to 2025-01-20 00:00:00+00:00, run_after=2025-01-21 00:00:00+00:00
[2025-01-21T01:32:22.609+0000] {logging_mixin.py:190} INFO - [2025-01-21T01:32:22.608+0000] {dag.py:4180} INFO - Setting next_dagrun for dataset_with_extra_by_yield to 2025-01-20 00:00:00+00:00, run_after=2025-01-21 00:00:00+00:00
[2025-01-21T01:32:22.611+0000] {logging_mixin.py:190} INFO - [2025-01-21T01:32:22.611+0000] {dag.py:4180} INFO - Setting next_dagrun for dataset_with_extra_from_classic_operator to 2025-01-20 00:00:00+00:00, run_after=2025-01-21 00:00:00+00:00
[2025-01-21T01:32:22.645+0000] {processor.py:208} INFO - Processing /home/airflow/.local/lib/python3.12/site-packages/airflow/example_dags/example_outlet_event_extra.py took 1.359 seconds
[2025-01-21T01:32:53.516+0000] {processor.py:186} INFO - Started process (PID=115) to work on /home/airflow/.local/lib/python3.12/site-packages/airflow/example_dags/example_outlet_event_extra.py
[2025-01-21T01:32:53.517+0000] {processor.py:914} INFO - Processing file /home/airflow/.local/lib/python3.12/site-packages/airflow/example_dags/example_outlet_event_extra.py for tasks to queue
[2025-01-21T01:32:53.519+0000] {logging_mixin.py:190} INFO - [2025-01-21T01:32:53.519+0000] {dagbag.py:588} INFO - Filling up the DagBag from /home/airflow/.local/lib/python3.12/site-packages/airflow/example_dags/example_outlet_event_extra.py
[2025-01-21T01:32:54.184+0000] {processor.py:925} INFO - DAG(s) 'dataset_with_extra_from_classic_operator', 'dataset_with_extra_by_yield', 'dataset_with_extra_by_context' retrieved from /home/airflow/.local/lib/python3.12/site-packages/airflow/example_dags/example_outlet_event_extra.py
[2025-01-21T01:32:54.237+0000] {logging_mixin.py:190} INFO - [2025-01-21T01:32:54.237+0000] {dag.py:3239} INFO - Sync 3 DAGs
[2025-01-21T01:32:54.272+0000] {logging_mixin.py:190} INFO - [2025-01-21T01:32:54.272+0000] {dag.py:4180} INFO - Setting next_dagrun for dataset_with_extra_by_context to 2025-01-20 00:00:00+00:00, run_after=2025-01-21 00:00:00+00:00
[2025-01-21T01:32:54.279+0000] {logging_mixin.py:190} INFO - [2025-01-21T01:32:54.279+0000] {dag.py:4180} INFO - Setting next_dagrun for dataset_with_extra_by_yield to 2025-01-20 00:00:00+00:00, run_after=2025-01-21 00:00:00+00:00
[2025-01-21T01:32:54.283+0000] {logging_mixin.py:190} INFO - [2025-01-21T01:32:54.283+0000] {dag.py:4180} INFO - Setting next_dagrun for dataset_with_extra_from_classic_operator to 2025-01-20 00:00:00+00:00, run_after=2025-01-21 00:00:00+00:00
[2025-01-21T01:32:54.308+0000] {processor.py:208} INFO - Processing /home/airflow/.local/lib/python3.12/site-packages/airflow/example_dags/example_outlet_event_extra.py took 0.797 seconds
[2025-01-21T01:33:24.801+0000] {processor.py:186} INFO - Started process (PID=178) to work on /home/airflow/.local/lib/python3.12/site-packages/airflow/example_dags/example_outlet_event_extra.py
[2025-01-21T01:33:24.802+0000] {processor.py:914} INFO - Processing file /home/airflow/.local/lib/python3.12/site-packages/airflow/example_dags/example_outlet_event_extra.py for tasks to queue
[2025-01-21T01:33:24.805+0000] {logging_mixin.py:190} INFO - [2025-01-21T01:33:24.805+0000] {dagbag.py:588} INFO - Filling up the DagBag from /home/airflow/.local/lib/python3.12/site-packages/airflow/example_dags/example_outlet_event_extra.py
[2025-01-21T01:33:25.451+0000] {processor.py:925} INFO - DAG(s) 'dataset_with_extra_by_yield', 'dataset_with_extra_by_context', 'dataset_with_extra_from_classic_operator' retrieved from /home/airflow/.local/lib/python3.12/site-packages/airflow/example_dags/example_outlet_event_extra.py
[2025-01-21T01:33:25.481+0000] {logging_mixin.py:190} INFO - [2025-01-21T01:33:25.480+0000] {dag.py:3239} INFO - Sync 3 DAGs
[2025-01-21T01:33:25.508+0000] {logging_mixin.py:190} INFO - [2025-01-21T01:33:25.507+0000] {dag.py:4180} INFO - Setting next_dagrun for dataset_with_extra_by_context to 2025-01-20 00:00:00+00:00, run_after=2025-01-21 00:00:00+00:00
[2025-01-21T01:33:25.514+0000] {logging_mixin.py:190} INFO - [2025-01-21T01:33:25.514+0000] {dag.py:4180} INFO - Setting next_dagrun for dataset_with_extra_by_yield to 2025-01-20 00:00:00+00:00, run_after=2025-01-21 00:00:00+00:00
[2025-01-21T01:33:25.517+0000] {logging_mixin.py:190} INFO - [2025-01-21T01:33:25.517+0000] {dag.py:4180} INFO - Setting next_dagrun for dataset_with_extra_from_classic_operator to 2025-01-20 00:00:00+00:00, run_after=2025-01-21 00:00:00+00:00
[2025-01-21T01:33:25.540+0000] {processor.py:208} INFO - Processing /home/airflow/.local/lib/python3.12/site-packages/airflow/example_dags/example_outlet_event_extra.py took 0.746 seconds
[2025-01-21T01:33:55.789+0000] {processor.py:186} INFO - Started process (PID=241) to work on /home/airflow/.local/lib/python3.12/site-packages/airflow/example_dags/example_outlet_event_extra.py
[2025-01-21T01:33:55.791+0000] {processor.py:914} INFO - Processing file /home/airflow/.local/lib/python3.12/site-packages/airflow/example_dags/example_outlet_event_extra.py for tasks to queue
[2025-01-21T01:33:55.793+0000] {logging_mixin.py:190} INFO - [2025-01-21T01:33:55.793+0000] {dagbag.py:588} INFO - Filling up the DagBag from /home/airflow/.local/lib/python3.12/site-packages/airflow/example_dags/example_outlet_event_extra.py
[2025-01-21T01:33:56.372+0000] {processor.py:925} INFO - DAG(s) 'dataset_with_extra_by_yield', 'dataset_with_extra_from_classic_operator', 'dataset_with_extra_by_context' retrieved from /home/airflow/.local/lib/python3.12/site-packages/airflow/example_dags/example_outlet_event_extra.py
[2025-01-21T01:33:56.403+0000] {logging_mixin.py:190} INFO - [2025-01-21T01:33:56.402+0000] {dag.py:3239} INFO - Sync 3 DAGs
[2025-01-21T01:33:56.442+0000] {logging_mixin.py:190} INFO - [2025-01-21T01:33:56.441+0000] {dag.py:4180} INFO - Setting next_dagrun for dataset_with_extra_by_context to 2025-01-20 00:00:00+00:00, run_after=2025-01-21 00:00:00+00:00
[2025-01-21T01:33:56.448+0000] {logging_mixin.py:190} INFO - [2025-01-21T01:33:56.448+0000] {dag.py:4180} INFO - Setting next_dagrun for dataset_with_extra_by_yield to 2025-01-20 00:00:00+00:00, run_after=2025-01-21 00:00:00+00:00
[2025-01-21T01:33:56.451+0000] {logging_mixin.py:190} INFO - [2025-01-21T01:33:56.451+0000] {dag.py:4180} INFO - Setting next_dagrun for dataset_with_extra_from_classic_operator to 2025-01-20 00:00:00+00:00, run_after=2025-01-21 00:00:00+00:00
[2025-01-21T01:33:56.484+0000] {processor.py:208} INFO - Processing /home/airflow/.local/lib/python3.12/site-packages/airflow/example_dags/example_outlet_event_extra.py took 0.702 seconds
[2025-01-21T01:34:26.579+0000] {processor.py:186} INFO - Started process (PID=303) to work on /home/airflow/.local/lib/python3.12/site-packages/airflow/example_dags/example_outlet_event_extra.py
[2025-01-21T01:34:26.580+0000] {processor.py:914} INFO - Processing file /home/airflow/.local/lib/python3.12/site-packages/airflow/example_dags/example_outlet_event_extra.py for tasks to queue
[2025-01-21T01:34:26.583+0000] {logging_mixin.py:190} INFO - [2025-01-21T01:34:26.583+0000] {dagbag.py:588} INFO - Filling up the DagBag from /home/airflow/.local/lib/python3.12/site-packages/airflow/example_dags/example_outlet_event_extra.py
[2025-01-21T01:34:27.193+0000] {processor.py:925} INFO - DAG(s) 'dataset_with_extra_from_classic_operator', 'dataset_with_extra_by_context', 'dataset_with_extra_by_yield' retrieved from /home/airflow/.local/lib/python3.12/site-packages/airflow/example_dags/example_outlet_event_extra.py
[2025-01-21T01:34:27.221+0000] {logging_mixin.py:190} INFO - [2025-01-21T01:34:27.220+0000] {dag.py:3239} INFO - Sync 3 DAGs
[2025-01-21T01:34:27.251+0000] {logging_mixin.py:190} INFO - [2025-01-21T01:34:27.250+0000] {dag.py:4180} INFO - Setting next_dagrun for dataset_with_extra_by_context to 2025-01-20 00:00:00+00:00, run_after=2025-01-21 00:00:00+00:00
[2025-01-21T01:34:27.258+0000] {logging_mixin.py:190} INFO - [2025-01-21T01:34:27.257+0000] {dag.py:4180} INFO - Setting next_dagrun for dataset_with_extra_by_yield to 2025-01-20 00:00:00+00:00, run_after=2025-01-21 00:00:00+00:00
[2025-01-21T01:34:27.261+0000] {logging_mixin.py:190} INFO - [2025-01-21T01:34:27.261+0000] {dag.py:4180} INFO - Setting next_dagrun for dataset_with_extra_from_classic_operator to 2025-01-20 00:00:00+00:00, run_after=2025-01-21 00:00:00+00:00
[2025-01-21T01:34:27.281+0000] {processor.py:208} INFO - Processing /home/airflow/.local/lib/python3.12/site-packages/airflow/example_dags/example_outlet_event_extra.py took 0.707 seconds
[2025-01-21T01:34:57.572+0000] {processor.py:186} INFO - Started process (PID=367) to work on /home/airflow/.local/lib/python3.12/site-packages/airflow/example_dags/example_outlet_event_extra.py
[2025-01-21T01:34:57.574+0000] {processor.py:914} INFO - Processing file /home/airflow/.local/lib/python3.12/site-packages/airflow/example_dags/example_outlet_event_extra.py for tasks to queue
[2025-01-21T01:34:57.578+0000] {logging_mixin.py:190} INFO - [2025-01-21T01:34:57.578+0000] {dagbag.py:588} INFO - Filling up the DagBag from /home/airflow/.local/lib/python3.12/site-packages/airflow/example_dags/example_outlet_event_extra.py
[2025-01-21T01:34:58.610+0000] {processor.py:925} INFO - DAG(s) 'dataset_with_extra_by_yield', 'dataset_with_extra_by_context', 'dataset_with_extra_from_classic_operator' retrieved from /home/airflow/.local/lib/python3.12/site-packages/airflow/example_dags/example_outlet_event_extra.py
[2025-01-21T01:34:58.651+0000] {logging_mixin.py:190} INFO - [2025-01-21T01:34:58.651+0000] {dag.py:3239} INFO - Sync 3 DAGs
[2025-01-21T01:34:58.703+0000] {logging_mixin.py:190} INFO - [2025-01-21T01:34:58.703+0000] {dag.py:4180} INFO - Setting next_dagrun for dataset_with_extra_by_context to 2025-01-20 00:00:00+00:00, run_after=2025-01-21 00:00:00+00:00
[2025-01-21T01:34:58.725+0000] {logging_mixin.py:190} INFO - [2025-01-21T01:34:58.725+0000] {dag.py:4180} INFO - Setting next_dagrun for dataset_with_extra_by_yield to 2025-01-20 00:00:00+00:00, run_after=2025-01-21 00:00:00+00:00
[2025-01-21T01:34:58.731+0000] {logging_mixin.py:190} INFO - [2025-01-21T01:34:58.731+0000] {dag.py:4180} INFO - Setting next_dagrun for dataset_with_extra_from_classic_operator to 2025-01-20 00:00:00+00:00, run_after=2025-01-21 00:00:00+00:00
[2025-01-21T01:34:58.773+0000] {processor.py:208} INFO - Processing /home/airflow/.local/lib/python3.12/site-packages/airflow/example_dags/example_outlet_event_extra.py took 1.217 seconds
[2025-01-21T01:35:28.963+0000] {processor.py:186} INFO - Started process (PID=430) to work on /home/airflow/.local/lib/python3.12/site-packages/airflow/example_dags/example_outlet_event_extra.py
[2025-01-21T01:35:28.965+0000] {processor.py:914} INFO - Processing file /home/airflow/.local/lib/python3.12/site-packages/airflow/example_dags/example_outlet_event_extra.py for tasks to queue
[2025-01-21T01:35:28.968+0000] {logging_mixin.py:190} INFO - [2025-01-21T01:35:28.967+0000] {dagbag.py:588} INFO - Filling up the DagBag from /home/airflow/.local/lib/python3.12/site-packages/airflow/example_dags/example_outlet_event_extra.py
[2025-01-21T01:35:29.771+0000] {processor.py:925} INFO - DAG(s) 'dataset_with_extra_from_classic_operator', 'dataset_with_extra_by_context', 'dataset_with_extra_by_yield' retrieved from /home/airflow/.local/lib/python3.12/site-packages/airflow/example_dags/example_outlet_event_extra.py
[2025-01-21T01:35:29.807+0000] {logging_mixin.py:190} INFO - [2025-01-21T01:35:29.807+0000] {dag.py:3239} INFO - Sync 3 DAGs
[2025-01-21T01:35:29.848+0000] {logging_mixin.py:190} INFO - [2025-01-21T01:35:29.848+0000] {dag.py:4180} INFO - Setting next_dagrun for dataset_with_extra_by_context to 2025-01-20 00:00:00+00:00, run_after=2025-01-21 00:00:00+00:00
[2025-01-21T01:35:29.856+0000] {logging_mixin.py:190} INFO - [2025-01-21T01:35:29.856+0000] {dag.py:4180} INFO - Setting next_dagrun for dataset_with_extra_by_yield to 2025-01-20 00:00:00+00:00, run_after=2025-01-21 00:00:00+00:00
[2025-01-21T01:35:29.861+0000] {logging_mixin.py:190} INFO - [2025-01-21T01:35:29.860+0000] {dag.py:4180} INFO - Setting next_dagrun for dataset_with_extra_from_classic_operator to 2025-01-20 00:00:00+00:00, run_after=2025-01-21 00:00:00+00:00
[2025-01-21T01:35:29.892+0000] {processor.py:208} INFO - Processing /home/airflow/.local/lib/python3.12/site-packages/airflow/example_dags/example_outlet_event_extra.py took 0.936 seconds
[2025-01-21T01:36:00.267+0000] {processor.py:186} INFO - Started process (PID=493) to work on /home/airflow/.local/lib/python3.12/site-packages/airflow/example_dags/example_outlet_event_extra.py
[2025-01-21T01:36:00.268+0000] {processor.py:914} INFO - Processing file /home/airflow/.local/lib/python3.12/site-packages/airflow/example_dags/example_outlet_event_extra.py for tasks to queue
[2025-01-21T01:36:00.272+0000] {logging_mixin.py:190} INFO - [2025-01-21T01:36:00.271+0000] {dagbag.py:588} INFO - Filling up the DagBag from /home/airflow/.local/lib/python3.12/site-packages/airflow/example_dags/example_outlet_event_extra.py
[2025-01-21T01:36:00.893+0000] {processor.py:925} INFO - DAG(s) 'dataset_with_extra_from_classic_operator', 'dataset_with_extra_by_yield', 'dataset_with_extra_by_context' retrieved from /home/airflow/.local/lib/python3.12/site-packages/airflow/example_dags/example_outlet_event_extra.py
[2025-01-21T01:36:00.922+0000] {logging_mixin.py:190} INFO - [2025-01-21T01:36:00.921+0000] {dag.py:3239} INFO - Sync 3 DAGs
[2025-01-21T01:36:00.963+0000] {logging_mixin.py:190} INFO - [2025-01-21T01:36:00.963+0000] {dag.py:4180} INFO - Setting next_dagrun for dataset_with_extra_by_context to 2025-01-20 00:00:00+00:00, run_after=2025-01-21 00:00:00+00:00
[2025-01-21T01:36:00.971+0000] {logging_mixin.py:190} INFO - [2025-01-21T01:36:00.971+0000] {dag.py:4180} INFO - Setting next_dagrun for dataset_with_extra_by_yield to 2025-01-20 00:00:00+00:00, run_after=2025-01-21 00:00:00+00:00
[2025-01-21T01:36:00.974+0000] {logging_mixin.py:190} INFO - [2025-01-21T01:36:00.974+0000] {dag.py:4180} INFO - Setting next_dagrun for dataset_with_extra_from_classic_operator to 2025-01-20 00:00:00+00:00, run_after=2025-01-21 00:00:00+00:00
[2025-01-21T01:36:00.999+0000] {processor.py:208} INFO - Processing /home/airflow/.local/lib/python3.12/site-packages/airflow/example_dags/example_outlet_event_extra.py took 0.740 seconds
[2025-01-21T01:36:31.846+0000] {processor.py:186} INFO - Started process (PID=556) to work on /home/airflow/.local/lib/python3.12/site-packages/airflow/example_dags/example_outlet_event_extra.py
[2025-01-21T01:36:31.848+0000] {processor.py:914} INFO - Processing file /home/airflow/.local/lib/python3.12/site-packages/airflow/example_dags/example_outlet_event_extra.py for tasks to queue
[2025-01-21T01:36:31.850+0000] {logging_mixin.py:190} INFO - [2025-01-21T01:36:31.850+0000] {dagbag.py:588} INFO - Filling up the DagBag from /home/airflow/.local/lib/python3.12/site-packages/airflow/example_dags/example_outlet_event_extra.py
[2025-01-21T01:36:32.771+0000] {processor.py:925} INFO - DAG(s) 'dataset_with_extra_by_context', 'dataset_with_extra_from_classic_operator', 'dataset_with_extra_by_yield' retrieved from /home/airflow/.local/lib/python3.12/site-packages/airflow/example_dags/example_outlet_event_extra.py
[2025-01-21T01:36:32.826+0000] {logging_mixin.py:190} INFO - [2025-01-21T01:36:32.825+0000] {dag.py:3239} INFO - Sync 3 DAGs
[2025-01-21T01:36:32.880+0000] {logging_mixin.py:190} INFO - [2025-01-21T01:36:32.879+0000] {dag.py:4180} INFO - Setting next_dagrun for dataset_with_extra_by_context to 2025-01-20 00:00:00+00:00, run_after=2025-01-21 00:00:00+00:00
[2025-01-21T01:36:32.889+0000] {logging_mixin.py:190} INFO - [2025-01-21T01:36:32.889+0000] {dag.py:4180} INFO - Setting next_dagrun for dataset_with_extra_by_yield to 2025-01-20 00:00:00+00:00, run_after=2025-01-21 00:00:00+00:00
[2025-01-21T01:36:32.894+0000] {logging_mixin.py:190} INFO - [2025-01-21T01:36:32.894+0000] {dag.py:4180} INFO - Setting next_dagrun for dataset_with_extra_from_classic_operator to 2025-01-20 00:00:00+00:00, run_after=2025-01-21 00:00:00+00:00
[2025-01-21T01:36:32.922+0000] {processor.py:208} INFO - Processing /home/airflow/.local/lib/python3.12/site-packages/airflow/example_dags/example_outlet_event_extra.py took 1.084 seconds
[2025-01-21T01:37:03.396+0000] {processor.py:186} INFO - Started process (PID=619) to work on /home/airflow/.local/lib/python3.12/site-packages/airflow/example_dags/example_outlet_event_extra.py
[2025-01-21T01:37:03.398+0000] {processor.py:914} INFO - Processing file /home/airflow/.local/lib/python3.12/site-packages/airflow/example_dags/example_outlet_event_extra.py for tasks to queue
[2025-01-21T01:37:03.400+0000] {logging_mixin.py:190} INFO - [2025-01-21T01:37:03.400+0000] {dagbag.py:588} INFO - Filling up the DagBag from /home/airflow/.local/lib/python3.12/site-packages/airflow/example_dags/example_outlet_event_extra.py
[2025-01-21T01:37:04.236+0000] {processor.py:925} INFO - DAG(s) 'dataset_with_extra_by_yield', 'dataset_with_extra_from_classic_operator', 'dataset_with_extra_by_context' retrieved from /home/airflow/.local/lib/python3.12/site-packages/airflow/example_dags/example_outlet_event_extra.py
[2025-01-21T01:37:04.291+0000] {logging_mixin.py:190} INFO - [2025-01-21T01:37:04.290+0000] {dag.py:3239} INFO - Sync 3 DAGs
[2025-01-21T01:37:04.329+0000] {logging_mixin.py:190} INFO - [2025-01-21T01:37:04.329+0000] {dag.py:4180} INFO - Setting next_dagrun for dataset_with_extra_by_context to 2025-01-20 00:00:00+00:00, run_after=2025-01-21 00:00:00+00:00
[2025-01-21T01:37:04.336+0000] {logging_mixin.py:190} INFO - [2025-01-21T01:37:04.336+0000] {dag.py:4180} INFO - Setting next_dagrun for dataset_with_extra_by_yield to 2025-01-20 00:00:00+00:00, run_after=2025-01-21 00:00:00+00:00
[2025-01-21T01:37:04.340+0000] {logging_mixin.py:190} INFO - [2025-01-21T01:37:04.340+0000] {dag.py:4180} INFO - Setting next_dagrun for dataset_with_extra_from_classic_operator to 2025-01-20 00:00:00+00:00, run_after=2025-01-21 00:00:00+00:00
[2025-01-21T01:37:04.366+0000] {processor.py:208} INFO - Processing /home/airflow/.local/lib/python3.12/site-packages/airflow/example_dags/example_outlet_event_extra.py took 0.976 seconds
[2025-01-21T01:37:34.761+0000] {processor.py:186} INFO - Started process (PID=681) to work on /home/airflow/.local/lib/python3.12/site-packages/airflow/example_dags/example_outlet_event_extra.py
[2025-01-21T01:37:34.763+0000] {processor.py:914} INFO - Processing file /home/airflow/.local/lib/python3.12/site-packages/airflow/example_dags/example_outlet_event_extra.py for tasks to queue
[2025-01-21T01:37:34.770+0000] {logging_mixin.py:190} INFO - [2025-01-21T01:37:34.769+0000] {dagbag.py:588} INFO - Filling up the DagBag from /home/airflow/.local/lib/python3.12/site-packages/airflow/example_dags/example_outlet_event_extra.py
[2025-01-21T01:37:35.721+0000] {processor.py:925} INFO - DAG(s) 'dataset_with_extra_from_classic_operator', 'dataset_with_extra_by_context', 'dataset_with_extra_by_yield' retrieved from /home/airflow/.local/lib/python3.12/site-packages/airflow/example_dags/example_outlet_event_extra.py
[2025-01-21T01:37:35.751+0000] {logging_mixin.py:190} INFO - [2025-01-21T01:37:35.750+0000] {dag.py:3239} INFO - Sync 3 DAGs
[2025-01-21T01:37:35.783+0000] {logging_mixin.py:190} INFO - [2025-01-21T01:37:35.783+0000] {dag.py:4180} INFO - Setting next_dagrun for dataset_with_extra_by_context to 2025-01-20 00:00:00+00:00, run_after=2025-01-21 00:00:00+00:00
[2025-01-21T01:37:35.791+0000] {logging_mixin.py:190} INFO - [2025-01-21T01:37:35.791+0000] {dag.py:4180} INFO - Setting next_dagrun for dataset_with_extra_by_yield to 2025-01-20 00:00:00+00:00, run_after=2025-01-21 00:00:00+00:00
[2025-01-21T01:37:35.796+0000] {logging_mixin.py:190} INFO - [2025-01-21T01:37:35.795+0000] {dag.py:4180} INFO - Setting next_dagrun for dataset_with_extra_from_classic_operator to 2025-01-20 00:00:00+00:00, run_after=2025-01-21 00:00:00+00:00
[2025-01-21T01:37:35.829+0000] {processor.py:208} INFO - Processing /home/airflow/.local/lib/python3.12/site-packages/airflow/example_dags/example_outlet_event_extra.py took 1.077 seconds
[2025-01-21T23:57:48.099+0000] {processor.py:186} INFO - Started process (PID=51) to work on /home/airflow/.local/lib/python3.12/site-packages/airflow/example_dags/example_outlet_event_extra.py
[2025-01-21T23:57:48.102+0000] {processor.py:914} INFO - Processing file /home/airflow/.local/lib/python3.12/site-packages/airflow/example_dags/example_outlet_event_extra.py for tasks to queue
[2025-01-21T23:57:48.105+0000] {logging_mixin.py:190} INFO - [2025-01-21T23:57:48.104+0000] {dagbag.py:588} INFO - Filling up the DagBag from /home/airflow/.local/lib/python3.12/site-packages/airflow/example_dags/example_outlet_event_extra.py
[2025-01-21T23:57:50.168+0000] {processor.py:925} INFO - DAG(s) 'dataset_with_extra_by_yield', 'dataset_with_extra_by_context', 'dataset_with_extra_from_classic_operator' retrieved from /home/airflow/.local/lib/python3.12/site-packages/airflow/example_dags/example_outlet_event_extra.py
[2025-01-21T23:57:50.240+0000] {logging_mixin.py:190} INFO - [2025-01-21T23:57:50.239+0000] {dag.py:3239} INFO - Sync 3 DAGs
[2025-01-21T23:57:50.344+0000] {logging_mixin.py:190} INFO - [2025-01-21T23:57:50.344+0000] {dag.py:4180} INFO - Setting next_dagrun for dataset_with_extra_by_context to 2025-01-20 00:00:00+00:00, run_after=2025-01-21 00:00:00+00:00
[2025-01-21T23:57:50.360+0000] {logging_mixin.py:190} INFO - [2025-01-21T23:57:50.359+0000] {dag.py:4180} INFO - Setting next_dagrun for dataset_with_extra_by_yield to 2025-01-20 00:00:00+00:00, run_after=2025-01-21 00:00:00+00:00
[2025-01-21T23:57:50.372+0000] {logging_mixin.py:190} INFO - [2025-01-21T23:57:50.372+0000] {dag.py:4180} INFO - Setting next_dagrun for dataset_with_extra_from_classic_operator to 2025-01-20 00:00:00+00:00, run_after=2025-01-21 00:00:00+00:00
[2025-01-21T23:57:50.433+0000] {processor.py:208} INFO - Processing /home/airflow/.local/lib/python3.12/site-packages/airflow/example_dags/example_outlet_event_extra.py took 2.387 seconds
[2025-01-21T23:58:21.615+0000] {processor.py:186} INFO - Started process (PID=114) to work on /home/airflow/.local/lib/python3.12/site-packages/airflow/example_dags/example_outlet_event_extra.py
[2025-01-21T23:58:21.633+0000] {processor.py:914} INFO - Processing file /home/airflow/.local/lib/python3.12/site-packages/airflow/example_dags/example_outlet_event_extra.py for tasks to queue
[2025-01-21T23:58:21.679+0000] {logging_mixin.py:190} INFO - [2025-01-21T23:58:21.679+0000] {dagbag.py:588} INFO - Filling up the DagBag from /home/airflow/.local/lib/python3.12/site-packages/airflow/example_dags/example_outlet_event_extra.py
[2025-01-21T23:58:24.882+0000] {processor.py:925} INFO - DAG(s) 'dataset_with_extra_by_context', 'dataset_with_extra_from_classic_operator', 'dataset_with_extra_by_yield' retrieved from /home/airflow/.local/lib/python3.12/site-packages/airflow/example_dags/example_outlet_event_extra.py
[2025-01-21T23:58:25.012+0000] {logging_mixin.py:190} INFO - [2025-01-21T23:58:25.012+0000] {dag.py:3239} INFO - Sync 3 DAGs
[2025-01-21T23:58:25.156+0000] {logging_mixin.py:190} INFO - [2025-01-21T23:58:25.156+0000] {dag.py:4180} INFO - Setting next_dagrun for dataset_with_extra_by_context to 2025-01-20 00:00:00+00:00, run_after=2025-01-21 00:00:00+00:00
[2025-01-21T23:58:25.186+0000] {logging_mixin.py:190} INFO - [2025-01-21T23:58:25.186+0000] {dag.py:4180} INFO - Setting next_dagrun for dataset_with_extra_by_yield to 2025-01-20 00:00:00+00:00, run_after=2025-01-21 00:00:00+00:00
[2025-01-21T23:58:25.203+0000] {logging_mixin.py:190} INFO - [2025-01-21T23:58:25.203+0000] {dag.py:4180} INFO - Setting next_dagrun for dataset_with_extra_from_classic_operator to 2025-01-20 00:00:00+00:00, run_after=2025-01-21 00:00:00+00:00
[2025-01-21T23:58:25.306+0000] {processor.py:208} INFO - Processing /home/airflow/.local/lib/python3.12/site-packages/airflow/example_dags/example_outlet_event_extra.py took 3.709 seconds
[2025-01-21T23:58:55.623+0000] {processor.py:186} INFO - Started process (PID=177) to work on /home/airflow/.local/lib/python3.12/site-packages/airflow/example_dags/example_outlet_event_extra.py
[2025-01-21T23:58:55.625+0000] {processor.py:914} INFO - Processing file /home/airflow/.local/lib/python3.12/site-packages/airflow/example_dags/example_outlet_event_extra.py for tasks to queue
[2025-01-21T23:58:55.637+0000] {logging_mixin.py:190} INFO - [2025-01-21T23:58:55.636+0000] {dagbag.py:588} INFO - Filling up the DagBag from /home/airflow/.local/lib/python3.12/site-packages/airflow/example_dags/example_outlet_event_extra.py
[2025-01-21T23:58:56.715+0000] {processor.py:925} INFO - DAG(s) 'dataset_with_extra_by_yield', 'dataset_with_extra_from_classic_operator', 'dataset_with_extra_by_context' retrieved from /home/airflow/.local/lib/python3.12/site-packages/airflow/example_dags/example_outlet_event_extra.py
[2025-01-21T23:58:56.756+0000] {logging_mixin.py:190} INFO - [2025-01-21T23:58:56.756+0000] {dag.py:3239} INFO - Sync 3 DAGs
[2025-01-21T23:58:56.817+0000] {logging_mixin.py:190} INFO - [2025-01-21T23:58:56.816+0000] {dag.py:4180} INFO - Setting next_dagrun for dataset_with_extra_by_context to 2025-01-20 00:00:00+00:00, run_after=2025-01-21 00:00:00+00:00
[2025-01-21T23:58:56.827+0000] {logging_mixin.py:190} INFO - [2025-01-21T23:58:56.827+0000] {dag.py:4180} INFO - Setting next_dagrun for dataset_with_extra_by_yield to 2025-01-20 00:00:00+00:00, run_after=2025-01-21 00:00:00+00:00
[2025-01-21T23:58:56.835+0000] {logging_mixin.py:190} INFO - [2025-01-21T23:58:56.834+0000] {dag.py:4180} INFO - Setting next_dagrun for dataset_with_extra_from_classic_operator to 2025-01-20 00:00:00+00:00, run_after=2025-01-21 00:00:00+00:00
[2025-01-21T23:58:56.873+0000] {processor.py:208} INFO - Processing /home/airflow/.local/lib/python3.12/site-packages/airflow/example_dags/example_outlet_event_extra.py took 1.264 seconds
[2025-01-21T23:59:27.752+0000] {processor.py:186} INFO - Started process (PID=240) to work on /home/airflow/.local/lib/python3.12/site-packages/airflow/example_dags/example_outlet_event_extra.py
[2025-01-21T23:59:27.756+0000] {processor.py:914} INFO - Processing file /home/airflow/.local/lib/python3.12/site-packages/airflow/example_dags/example_outlet_event_extra.py for tasks to queue
[2025-01-21T23:59:27.760+0000] {logging_mixin.py:190} INFO - [2025-01-21T23:59:27.759+0000] {dagbag.py:588} INFO - Filling up the DagBag from /home/airflow/.local/lib/python3.12/site-packages/airflow/example_dags/example_outlet_event_extra.py
[2025-01-21T23:59:30.194+0000] {processor.py:925} INFO - DAG(s) 'dataset_with_extra_by_context', 'dataset_with_extra_by_yield', 'dataset_with_extra_from_classic_operator' retrieved from /home/airflow/.local/lib/python3.12/site-packages/airflow/example_dags/example_outlet_event_extra.py
[2025-01-21T23:59:30.288+0000] {logging_mixin.py:190} INFO - [2025-01-21T23:59:30.288+0000] {dag.py:3239} INFO - Sync 3 DAGs
[2025-01-21T23:59:30.393+0000] {logging_mixin.py:190} INFO - [2025-01-21T23:59:30.393+0000] {dag.py:4180} INFO - Setting next_dagrun for dataset_with_extra_by_context to 2025-01-20 00:00:00+00:00, run_after=2025-01-21 00:00:00+00:00
[2025-01-21T23:59:30.412+0000] {logging_mixin.py:190} INFO - [2025-01-21T23:59:30.412+0000] {dag.py:4180} INFO - Setting next_dagrun for dataset_with_extra_by_yield to 2025-01-20 00:00:00+00:00, run_after=2025-01-21 00:00:00+00:00
[2025-01-21T23:59:30.427+0000] {logging_mixin.py:190} INFO - [2025-01-21T23:59:30.426+0000] {dag.py:4180} INFO - Setting next_dagrun for dataset_with_extra_from_classic_operator to 2025-01-20 00:00:00+00:00, run_after=2025-01-21 00:00:00+00:00
[2025-01-21T23:59:30.524+0000] {processor.py:208} INFO - Processing /home/airflow/.local/lib/python3.12/site-packages/airflow/example_dags/example_outlet_event_extra.py took 2.780 seconds
