[2025-01-21T01:32:27.414+0000] {processor.py:186} INFO - Started process (PID=77) to work on /home/airflow/.local/lib/python3.12/site-packages/airflow/example_dags/example_python_decorator.py
[2025-01-21T01:32:27.416+0000] {processor.py:914} INFO - Processing file /home/airflow/.local/lib/python3.12/site-packages/airflow/example_dags/example_python_decorator.py for tasks to queue
[2025-01-21T01:32:27.418+0000] {logging_mixin.py:190} INFO - [2025-01-21T01:32:27.418+0000] {dagbag.py:588} INFO - Filling up the DagBag from /home/airflow/.local/lib/python3.12/site-packages/airflow/example_dags/example_python_decorator.py
[2025-01-21T01:32:27.441+0000] {processor.py:925} INFO - DAG(s) 'example_python_decorator' retrieved from /home/airflow/.local/lib/python3.12/site-packages/airflow/example_dags/example_python_decorator.py
[2025-01-21T01:32:27.575+0000] {logging_mixin.py:190} INFO - [2025-01-21T01:32:27.574+0000] {override.py:1911} INFO - Created Permission View: can edit on DAG:example_python_decorator
[2025-01-21T01:32:27.593+0000] {logging_mixin.py:190} INFO - [2025-01-21T01:32:27.592+0000] {override.py:1911} INFO - Created Permission View: can delete on DAG:example_python_decorator
[2025-01-21T01:32:27.602+0000] {logging_mixin.py:190} INFO - [2025-01-21T01:32:27.602+0000] {override.py:1911} INFO - Created Permission View: can read on DAG:example_python_decorator
[2025-01-21T01:32:27.612+0000] {logging_mixin.py:190} INFO - [2025-01-21T01:32:27.612+0000] {override.py:1911} INFO - Created Permission View: can delete on DAG Run:example_python_decorator
[2025-01-21T01:32:27.622+0000] {logging_mixin.py:190} INFO - [2025-01-21T01:32:27.621+0000] {override.py:1911} INFO - Created Permission View: can create on DAG Run:example_python_decorator
[2025-01-21T01:32:27.632+0000] {logging_mixin.py:190} INFO - [2025-01-21T01:32:27.631+0000] {override.py:1911} INFO - Created Permission View: menu access on DAG Run:example_python_decorator
[2025-01-21T01:32:27.641+0000] {logging_mixin.py:190} INFO - [2025-01-21T01:32:27.641+0000] {override.py:1911} INFO - Created Permission View: can read on DAG Run:example_python_decorator
[2025-01-21T01:32:27.642+0000] {logging_mixin.py:190} INFO - [2025-01-21T01:32:27.642+0000] {dag.py:3239} INFO - Sync 1 DAGs
[2025-01-21T01:32:27.662+0000] {logging_mixin.py:190} INFO - [2025-01-21T01:32:27.661+0000] {dag.py:3262} INFO - Creating ORM DAG for example_python_decorator
[2025-01-21T01:32:27.663+0000] {logging_mixin.py:190} INFO - [2025-01-21T01:32:27.663+0000] {dag.py:4180} INFO - Setting next_dagrun for example_python_decorator to None, run_after=None
[2025-01-21T01:32:27.686+0000] {processor.py:208} INFO - Processing /home/airflow/.local/lib/python3.12/site-packages/airflow/example_dags/example_python_decorator.py took 0.279 seconds
[2025-01-21T01:32:58.066+0000] {processor.py:186} INFO - Started process (PID=141) to work on /home/airflow/.local/lib/python3.12/site-packages/airflow/example_dags/example_python_decorator.py
[2025-01-21T01:32:58.067+0000] {processor.py:914} INFO - Processing file /home/airflow/.local/lib/python3.12/site-packages/airflow/example_dags/example_python_decorator.py for tasks to queue
[2025-01-21T01:32:58.075+0000] {logging_mixin.py:190} INFO - [2025-01-21T01:32:58.075+0000] {dagbag.py:588} INFO - Filling up the DagBag from /home/airflow/.local/lib/python3.12/site-packages/airflow/example_dags/example_python_decorator.py
[2025-01-21T01:32:58.090+0000] {processor.py:925} INFO - DAG(s) 'example_python_decorator' retrieved from /home/airflow/.local/lib/python3.12/site-packages/airflow/example_dags/example_python_decorator.py
[2025-01-21T01:32:58.114+0000] {logging_mixin.py:190} INFO - [2025-01-21T01:32:58.113+0000] {dag.py:3239} INFO - Sync 1 DAGs
[2025-01-21T01:32:58.131+0000] {logging_mixin.py:190} INFO - [2025-01-21T01:32:58.131+0000] {dag.py:4180} INFO - Setting next_dagrun for example_python_decorator to None, run_after=None
[2025-01-21T01:32:58.150+0000] {processor.py:208} INFO - Processing /home/airflow/.local/lib/python3.12/site-packages/airflow/example_dags/example_python_decorator.py took 0.089 seconds
[2025-01-21T01:33:28.261+0000] {processor.py:186} INFO - Started process (PID=204) to work on /home/airflow/.local/lib/python3.12/site-packages/airflow/example_dags/example_python_decorator.py
[2025-01-21T01:33:28.262+0000] {processor.py:914} INFO - Processing file /home/airflow/.local/lib/python3.12/site-packages/airflow/example_dags/example_python_decorator.py for tasks to queue
[2025-01-21T01:33:28.264+0000] {logging_mixin.py:190} INFO - [2025-01-21T01:33:28.264+0000] {dagbag.py:588} INFO - Filling up the DagBag from /home/airflow/.local/lib/python3.12/site-packages/airflow/example_dags/example_python_decorator.py
[2025-01-21T01:33:28.281+0000] {processor.py:925} INFO - DAG(s) 'example_python_decorator' retrieved from /home/airflow/.local/lib/python3.12/site-packages/airflow/example_dags/example_python_decorator.py
[2025-01-21T01:33:28.305+0000] {logging_mixin.py:190} INFO - [2025-01-21T01:33:28.304+0000] {dag.py:3239} INFO - Sync 1 DAGs
[2025-01-21T01:33:28.322+0000] {logging_mixin.py:190} INFO - [2025-01-21T01:33:28.322+0000] {dag.py:4180} INFO - Setting next_dagrun for example_python_decorator to None, run_after=None
[2025-01-21T01:33:28.344+0000] {processor.py:208} INFO - Processing /home/airflow/.local/lib/python3.12/site-packages/airflow/example_dags/example_python_decorator.py took 0.089 seconds
[2025-01-21T01:33:59.031+0000] {processor.py:186} INFO - Started process (PID=267) to work on /home/airflow/.local/lib/python3.12/site-packages/airflow/example_dags/example_python_decorator.py
[2025-01-21T01:33:59.032+0000] {processor.py:914} INFO - Processing file /home/airflow/.local/lib/python3.12/site-packages/airflow/example_dags/example_python_decorator.py for tasks to queue
[2025-01-21T01:33:59.035+0000] {logging_mixin.py:190} INFO - [2025-01-21T01:33:59.034+0000] {dagbag.py:588} INFO - Filling up the DagBag from /home/airflow/.local/lib/python3.12/site-packages/airflow/example_dags/example_python_decorator.py
[2025-01-21T01:33:59.051+0000] {processor.py:925} INFO - DAG(s) 'example_python_decorator' retrieved from /home/airflow/.local/lib/python3.12/site-packages/airflow/example_dags/example_python_decorator.py
[2025-01-21T01:33:59.074+0000] {logging_mixin.py:190} INFO - [2025-01-21T01:33:59.074+0000] {dag.py:3239} INFO - Sync 1 DAGs
[2025-01-21T01:33:59.092+0000] {logging_mixin.py:190} INFO - [2025-01-21T01:33:59.092+0000] {dag.py:4180} INFO - Setting next_dagrun for example_python_decorator to None, run_after=None
[2025-01-21T01:33:59.118+0000] {processor.py:208} INFO - Processing /home/airflow/.local/lib/python3.12/site-packages/airflow/example_dags/example_python_decorator.py took 0.092 seconds
[2025-01-21T01:34:29.978+0000] {processor.py:186} INFO - Started process (PID=330) to work on /home/airflow/.local/lib/python3.12/site-packages/airflow/example_dags/example_python_decorator.py
[2025-01-21T01:34:29.979+0000] {processor.py:914} INFO - Processing file /home/airflow/.local/lib/python3.12/site-packages/airflow/example_dags/example_python_decorator.py for tasks to queue
[2025-01-21T01:34:29.982+0000] {logging_mixin.py:190} INFO - [2025-01-21T01:34:29.982+0000] {dagbag.py:588} INFO - Filling up the DagBag from /home/airflow/.local/lib/python3.12/site-packages/airflow/example_dags/example_python_decorator.py
[2025-01-21T01:34:29.998+0000] {processor.py:925} INFO - DAG(s) 'example_python_decorator' retrieved from /home/airflow/.local/lib/python3.12/site-packages/airflow/example_dags/example_python_decorator.py
[2025-01-21T01:34:30.021+0000] {logging_mixin.py:190} INFO - [2025-01-21T01:34:30.021+0000] {dag.py:3239} INFO - Sync 1 DAGs
[2025-01-21T01:34:30.038+0000] {logging_mixin.py:190} INFO - [2025-01-21T01:34:30.038+0000] {dag.py:4180} INFO - Setting next_dagrun for example_python_decorator to None, run_after=None
[2025-01-21T01:34:30.059+0000] {processor.py:208} INFO - Processing /home/airflow/.local/lib/python3.12/site-packages/airflow/example_dags/example_python_decorator.py took 0.087 seconds
[2025-01-21T01:35:01.052+0000] {processor.py:186} INFO - Started process (PID=393) to work on /home/airflow/.local/lib/python3.12/site-packages/airflow/example_dags/example_python_decorator.py
[2025-01-21T01:35:01.054+0000] {processor.py:914} INFO - Processing file /home/airflow/.local/lib/python3.12/site-packages/airflow/example_dags/example_python_decorator.py for tasks to queue
[2025-01-21T01:35:01.056+0000] {logging_mixin.py:190} INFO - [2025-01-21T01:35:01.056+0000] {dagbag.py:588} INFO - Filling up the DagBag from /home/airflow/.local/lib/python3.12/site-packages/airflow/example_dags/example_python_decorator.py
[2025-01-21T01:35:01.074+0000] {processor.py:925} INFO - DAG(s) 'example_python_decorator' retrieved from /home/airflow/.local/lib/python3.12/site-packages/airflow/example_dags/example_python_decorator.py
[2025-01-21T01:35:01.097+0000] {logging_mixin.py:190} INFO - [2025-01-21T01:35:01.096+0000] {dag.py:3239} INFO - Sync 1 DAGs
[2025-01-21T01:35:01.114+0000] {logging_mixin.py:190} INFO - [2025-01-21T01:35:01.114+0000] {dag.py:4180} INFO - Setting next_dagrun for example_python_decorator to None, run_after=None
[2025-01-21T01:35:01.134+0000] {processor.py:208} INFO - Processing /home/airflow/.local/lib/python3.12/site-packages/airflow/example_dags/example_python_decorator.py took 0.089 seconds
[2025-01-21T01:35:32.214+0000] {processor.py:186} INFO - Started process (PID=456) to work on /home/airflow/.local/lib/python3.12/site-packages/airflow/example_dags/example_python_decorator.py
[2025-01-21T01:35:32.226+0000] {processor.py:914} INFO - Processing file /home/airflow/.local/lib/python3.12/site-packages/airflow/example_dags/example_python_decorator.py for tasks to queue
[2025-01-21T01:35:32.229+0000] {logging_mixin.py:190} INFO - [2025-01-21T01:35:32.228+0000] {dagbag.py:588} INFO - Filling up the DagBag from /home/airflow/.local/lib/python3.12/site-packages/airflow/example_dags/example_python_decorator.py
[2025-01-21T01:35:32.250+0000] {processor.py:925} INFO - DAG(s) 'example_python_decorator' retrieved from /home/airflow/.local/lib/python3.12/site-packages/airflow/example_dags/example_python_decorator.py
[2025-01-21T01:35:32.278+0000] {logging_mixin.py:190} INFO - [2025-01-21T01:35:32.278+0000] {dag.py:3239} INFO - Sync 1 DAGs
[2025-01-21T01:35:32.298+0000] {logging_mixin.py:190} INFO - [2025-01-21T01:35:32.298+0000] {dag.py:4180} INFO - Setting next_dagrun for example_python_decorator to None, run_after=None
[2025-01-21T01:35:32.325+0000] {processor.py:208} INFO - Processing /home/airflow/.local/lib/python3.12/site-packages/airflow/example_dags/example_python_decorator.py took 0.119 seconds
[2025-01-21T01:36:02.886+0000] {processor.py:186} INFO - Started process (PID=519) to work on /home/airflow/.local/lib/python3.12/site-packages/airflow/example_dags/example_python_decorator.py
[2025-01-21T01:36:02.887+0000] {processor.py:914} INFO - Processing file /home/airflow/.local/lib/python3.12/site-packages/airflow/example_dags/example_python_decorator.py for tasks to queue
[2025-01-21T01:36:02.889+0000] {logging_mixin.py:190} INFO - [2025-01-21T01:36:02.889+0000] {dagbag.py:588} INFO - Filling up the DagBag from /home/airflow/.local/lib/python3.12/site-packages/airflow/example_dags/example_python_decorator.py
[2025-01-21T01:36:02.903+0000] {processor.py:925} INFO - DAG(s) 'example_python_decorator' retrieved from /home/airflow/.local/lib/python3.12/site-packages/airflow/example_dags/example_python_decorator.py
[2025-01-21T01:36:02.924+0000] {logging_mixin.py:190} INFO - [2025-01-21T01:36:02.923+0000] {dag.py:3239} INFO - Sync 1 DAGs
[2025-01-21T01:36:02.937+0000] {logging_mixin.py:190} INFO - [2025-01-21T01:36:02.937+0000] {dag.py:4180} INFO - Setting next_dagrun for example_python_decorator to None, run_after=None
[2025-01-21T01:36:02.955+0000] {processor.py:208} INFO - Processing /home/airflow/.local/lib/python3.12/site-packages/airflow/example_dags/example_python_decorator.py took 0.075 seconds
[2025-01-21T01:36:35.112+0000] {processor.py:186} INFO - Started process (PID=588) to work on /home/airflow/.local/lib/python3.12/site-packages/airflow/example_dags/example_python_decorator.py
[2025-01-21T01:36:35.114+0000] {processor.py:914} INFO - Processing file /home/airflow/.local/lib/python3.12/site-packages/airflow/example_dags/example_python_decorator.py for tasks to queue
[2025-01-21T01:36:35.117+0000] {logging_mixin.py:190} INFO - [2025-01-21T01:36:35.116+0000] {dagbag.py:588} INFO - Filling up the DagBag from /home/airflow/.local/lib/python3.12/site-packages/airflow/example_dags/example_python_decorator.py
[2025-01-21T01:36:35.137+0000] {processor.py:925} INFO - DAG(s) 'example_python_decorator' retrieved from /home/airflow/.local/lib/python3.12/site-packages/airflow/example_dags/example_python_decorator.py
[2025-01-21T01:36:35.230+0000] {logging_mixin.py:190} INFO - [2025-01-21T01:36:35.229+0000] {dag.py:3239} INFO - Sync 1 DAGs
[2025-01-21T01:36:35.267+0000] {logging_mixin.py:190} INFO - [2025-01-21T01:36:35.267+0000] {dag.py:4180} INFO - Setting next_dagrun for example_python_decorator to None, run_after=None
[2025-01-21T01:36:35.291+0000] {processor.py:208} INFO - Processing /home/airflow/.local/lib/python3.12/site-packages/airflow/example_dags/example_python_decorator.py took 0.189 seconds
[2025-01-21T01:37:06.791+0000] {processor.py:186} INFO - Started process (PID=650) to work on /home/airflow/.local/lib/python3.12/site-packages/airflow/example_dags/example_python_decorator.py
[2025-01-21T01:37:06.792+0000] {processor.py:914} INFO - Processing file /home/airflow/.local/lib/python3.12/site-packages/airflow/example_dags/example_python_decorator.py for tasks to queue
[2025-01-21T01:37:06.796+0000] {logging_mixin.py:190} INFO - [2025-01-21T01:37:06.796+0000] {dagbag.py:588} INFO - Filling up the DagBag from /home/airflow/.local/lib/python3.12/site-packages/airflow/example_dags/example_python_decorator.py
[2025-01-21T01:37:06.812+0000] {processor.py:925} INFO - DAG(s) 'example_python_decorator' retrieved from /home/airflow/.local/lib/python3.12/site-packages/airflow/example_dags/example_python_decorator.py
[2025-01-21T01:37:06.842+0000] {logging_mixin.py:190} INFO - [2025-01-21T01:37:06.842+0000] {dag.py:3239} INFO - Sync 1 DAGs
[2025-01-21T01:37:06.860+0000] {logging_mixin.py:190} INFO - [2025-01-21T01:37:06.860+0000] {dag.py:4180} INFO - Setting next_dagrun for example_python_decorator to None, run_after=None
[2025-01-21T01:37:06.882+0000] {processor.py:208} INFO - Processing /home/airflow/.local/lib/python3.12/site-packages/airflow/example_dags/example_python_decorator.py took 0.100 seconds
[2025-01-21T01:37:37.692+0000] {processor.py:186} INFO - Started process (PID=712) to work on /home/airflow/.local/lib/python3.12/site-packages/airflow/example_dags/example_python_decorator.py
[2025-01-21T01:37:37.694+0000] {processor.py:914} INFO - Processing file /home/airflow/.local/lib/python3.12/site-packages/airflow/example_dags/example_python_decorator.py for tasks to queue
[2025-01-21T01:37:37.697+0000] {logging_mixin.py:190} INFO - [2025-01-21T01:37:37.697+0000] {dagbag.py:588} INFO - Filling up the DagBag from /home/airflow/.local/lib/python3.12/site-packages/airflow/example_dags/example_python_decorator.py
[2025-01-21T01:37:37.719+0000] {processor.py:925} INFO - DAG(s) 'example_python_decorator' retrieved from /home/airflow/.local/lib/python3.12/site-packages/airflow/example_dags/example_python_decorator.py
[2025-01-21T01:37:37.746+0000] {logging_mixin.py:190} INFO - [2025-01-21T01:37:37.745+0000] {dag.py:3239} INFO - Sync 1 DAGs
[2025-01-21T01:37:37.760+0000] {logging_mixin.py:190} INFO - [2025-01-21T01:37:37.759+0000] {dag.py:4180} INFO - Setting next_dagrun for example_python_decorator to None, run_after=None
[2025-01-21T01:37:37.777+0000] {processor.py:208} INFO - Processing /home/airflow/.local/lib/python3.12/site-packages/airflow/example_dags/example_python_decorator.py took 0.095 seconds
[2025-01-21T23:57:53.768+0000] {processor.py:186} INFO - Started process (PID=77) to work on /home/airflow/.local/lib/python3.12/site-packages/airflow/example_dags/example_python_decorator.py
[2025-01-21T23:57:53.772+0000] {processor.py:914} INFO - Processing file /home/airflow/.local/lib/python3.12/site-packages/airflow/example_dags/example_python_decorator.py for tasks to queue
[2025-01-21T23:57:53.777+0000] {logging_mixin.py:190} INFO - [2025-01-21T23:57:53.776+0000] {dagbag.py:588} INFO - Filling up the DagBag from /home/airflow/.local/lib/python3.12/site-packages/airflow/example_dags/example_python_decorator.py
[2025-01-21T23:57:53.814+0000] {processor.py:925} INFO - DAG(s) 'example_python_decorator' retrieved from /home/airflow/.local/lib/python3.12/site-packages/airflow/example_dags/example_python_decorator.py
[2025-01-21T23:57:54.085+0000] {logging_mixin.py:190} INFO - [2025-01-21T23:57:54.085+0000] {dag.py:3239} INFO - Sync 1 DAGs
[2025-01-21T23:57:54.106+0000] {logging_mixin.py:190} INFO - [2025-01-21T23:57:54.105+0000] {dag.py:4180} INFO - Setting next_dagrun for example_python_decorator to None, run_after=None
[2025-01-21T23:57:54.133+0000] {processor.py:208} INFO - Processing /home/airflow/.local/lib/python3.12/site-packages/airflow/example_dags/example_python_decorator.py took 0.372 seconds
[2025-01-21T23:58:30.428+0000] {processor.py:186} INFO - Started process (PID=140) to work on /home/airflow/.local/lib/python3.12/site-packages/airflow/example_dags/example_python_decorator.py
[2025-01-21T23:58:30.431+0000] {processor.py:914} INFO - Processing file /home/airflow/.local/lib/python3.12/site-packages/airflow/example_dags/example_python_decorator.py for tasks to queue
[2025-01-21T23:58:30.438+0000] {logging_mixin.py:190} INFO - [2025-01-21T23:58:30.437+0000] {dagbag.py:588} INFO - Filling up the DagBag from /home/airflow/.local/lib/python3.12/site-packages/airflow/example_dags/example_python_decorator.py
[2025-01-21T23:58:30.473+0000] {processor.py:925} INFO - DAG(s) 'example_python_decorator' retrieved from /home/airflow/.local/lib/python3.12/site-packages/airflow/example_dags/example_python_decorator.py
[2025-01-21T23:58:30.540+0000] {logging_mixin.py:190} INFO - [2025-01-21T23:58:30.539+0000] {dag.py:3239} INFO - Sync 1 DAGs
[2025-01-21T23:58:30.563+0000] {logging_mixin.py:190} INFO - [2025-01-21T23:58:30.563+0000] {dag.py:4180} INFO - Setting next_dagrun for example_python_decorator to None, run_after=None
[2025-01-21T23:58:30.618+0000] {processor.py:208} INFO - Processing /home/airflow/.local/lib/python3.12/site-packages/airflow/example_dags/example_python_decorator.py took 0.216 seconds
[2025-01-21T23:59:01.430+0000] {processor.py:186} INFO - Started process (PID=203) to work on /home/airflow/.local/lib/python3.12/site-packages/airflow/example_dags/example_python_decorator.py
[2025-01-21T23:59:01.431+0000] {processor.py:914} INFO - Processing file /home/airflow/.local/lib/python3.12/site-packages/airflow/example_dags/example_python_decorator.py for tasks to queue
[2025-01-21T23:59:01.434+0000] {logging_mixin.py:190} INFO - [2025-01-21T23:59:01.433+0000] {dagbag.py:588} INFO - Filling up the DagBag from /home/airflow/.local/lib/python3.12/site-packages/airflow/example_dags/example_python_decorator.py
[2025-01-21T23:59:01.449+0000] {processor.py:925} INFO - DAG(s) 'example_python_decorator' retrieved from /home/airflow/.local/lib/python3.12/site-packages/airflow/example_dags/example_python_decorator.py
[2025-01-21T23:59:01.472+0000] {logging_mixin.py:190} INFO - [2025-01-21T23:59:01.472+0000] {dag.py:3239} INFO - Sync 1 DAGs
[2025-01-21T23:59:01.491+0000] {logging_mixin.py:190} INFO - [2025-01-21T23:59:01.490+0000] {dag.py:4180} INFO - Setting next_dagrun for example_python_decorator to None, run_after=None
[2025-01-21T23:59:01.515+0000] {processor.py:208} INFO - Processing /home/airflow/.local/lib/python3.12/site-packages/airflow/example_dags/example_python_decorator.py took 0.092 seconds
[2025-01-21T23:59:35.169+0000] {processor.py:186} INFO - Started process (PID=266) to work on /home/airflow/.local/lib/python3.12/site-packages/airflow/example_dags/example_python_decorator.py
[2025-01-21T23:59:35.170+0000] {processor.py:914} INFO - Processing file /home/airflow/.local/lib/python3.12/site-packages/airflow/example_dags/example_python_decorator.py for tasks to queue
[2025-01-21T23:59:35.172+0000] {logging_mixin.py:190} INFO - [2025-01-21T23:59:35.172+0000] {dagbag.py:588} INFO - Filling up the DagBag from /home/airflow/.local/lib/python3.12/site-packages/airflow/example_dags/example_python_decorator.py
[2025-01-21T23:59:35.189+0000] {processor.py:925} INFO - DAG(s) 'example_python_decorator' retrieved from /home/airflow/.local/lib/python3.12/site-packages/airflow/example_dags/example_python_decorator.py
[2025-01-21T23:59:35.213+0000] {logging_mixin.py:190} INFO - [2025-01-21T23:59:35.212+0000] {dag.py:3239} INFO - Sync 1 DAGs
[2025-01-21T23:59:35.263+0000] {logging_mixin.py:190} INFO - [2025-01-21T23:59:35.262+0000] {dag.py:4180} INFO - Setting next_dagrun for example_python_decorator to None, run_after=None
[2025-01-21T23:59:35.336+0000] {processor.py:208} INFO - Processing /home/airflow/.local/lib/python3.12/site-packages/airflow/example_dags/example_python_decorator.py took 0.172 seconds
