[2025-01-21T01:32:27.000+0000] {processor.py:186} INFO - Started process (PID=75) to work on /home/airflow/.local/lib/python3.12/site-packages/airflow/example_dags/example_xcomargs.py
[2025-01-21T01:32:27.001+0000] {processor.py:914} INFO - Processing file /home/airflow/.local/lib/python3.12/site-packages/airflow/example_dags/example_xcomargs.py for tasks to queue
[2025-01-21T01:32:27.004+0000] {logging_mixin.py:190} INFO - [2025-01-21T01:32:27.003+0000] {dagbag.py:588} INFO - Filling up the DagBag from /home/airflow/.local/lib/python3.12/site-packages/airflow/example_dags/example_xcomargs.py
[2025-01-21T01:32:27.018+0000] {processor.py:925} INFO - DAG(s) 'example_xcom_args_with_operators', 'example_xcom_args' retrieved from /home/airflow/.local/lib/python3.12/site-packages/airflow/example_dags/example_xcomargs.py
[2025-01-21T01:32:27.155+0000] {logging_mixin.py:190} INFO - [2025-01-21T01:32:27.154+0000] {override.py:1911} INFO - Created Permission View: can edit on DAG:example_xcom_args_with_operators
[2025-01-21T01:32:27.168+0000] {logging_mixin.py:190} INFO - [2025-01-21T01:32:27.167+0000] {override.py:1911} INFO - Created Permission View: can delete on DAG:example_xcom_args_with_operators
[2025-01-21T01:32:27.177+0000] {logging_mixin.py:190} INFO - [2025-01-21T01:32:27.177+0000] {override.py:1911} INFO - Created Permission View: can read on DAG:example_xcom_args_with_operators
[2025-01-21T01:32:27.186+0000] {logging_mixin.py:190} INFO - [2025-01-21T01:32:27.186+0000] {override.py:1911} INFO - Created Permission View: can delete on DAG Run:example_xcom_args_with_operators
[2025-01-21T01:32:27.197+0000] {logging_mixin.py:190} INFO - [2025-01-21T01:32:27.197+0000] {override.py:1911} INFO - Created Permission View: can create on DAG Run:example_xcom_args_with_operators
[2025-01-21T01:32:27.209+0000] {logging_mixin.py:190} INFO - [2025-01-21T01:32:27.209+0000] {override.py:1911} INFO - Created Permission View: menu access on DAG Run:example_xcom_args_with_operators
[2025-01-21T01:32:27.224+0000] {logging_mixin.py:190} INFO - [2025-01-21T01:32:27.223+0000] {override.py:1911} INFO - Created Permission View: can read on DAG Run:example_xcom_args_with_operators
[2025-01-21T01:32:27.257+0000] {logging_mixin.py:190} INFO - [2025-01-21T01:32:27.257+0000] {override.py:1911} INFO - Created Permission View: can edit on DAG:example_xcom_args
[2025-01-21T01:32:27.267+0000] {logging_mixin.py:190} INFO - [2025-01-21T01:32:27.267+0000] {override.py:1911} INFO - Created Permission View: can delete on DAG:example_xcom_args
[2025-01-21T01:32:27.277+0000] {logging_mixin.py:190} INFO - [2025-01-21T01:32:27.277+0000] {override.py:1911} INFO - Created Permission View: can read on DAG:example_xcom_args
[2025-01-21T01:32:27.288+0000] {logging_mixin.py:190} INFO - [2025-01-21T01:32:27.287+0000] {override.py:1911} INFO - Created Permission View: can delete on DAG Run:example_xcom_args
[2025-01-21T01:32:27.300+0000] {logging_mixin.py:190} INFO - [2025-01-21T01:32:27.299+0000] {override.py:1911} INFO - Created Permission View: can create on DAG Run:example_xcom_args
[2025-01-21T01:32:27.310+0000] {logging_mixin.py:190} INFO - [2025-01-21T01:32:27.310+0000] {override.py:1911} INFO - Created Permission View: menu access on DAG Run:example_xcom_args
[2025-01-21T01:32:27.319+0000] {logging_mixin.py:190} INFO - [2025-01-21T01:32:27.319+0000] {override.py:1911} INFO - Created Permission View: can read on DAG Run:example_xcom_args
[2025-01-21T01:32:27.320+0000] {logging_mixin.py:190} INFO - [2025-01-21T01:32:27.320+0000] {dag.py:3239} INFO - Sync 2 DAGs
[2025-01-21T01:32:27.340+0000] {logging_mixin.py:190} INFO - [2025-01-21T01:32:27.339+0000] {dag.py:3262} INFO - Creating ORM DAG for example_xcom_args_with_operators
[2025-01-21T01:32:27.342+0000] {logging_mixin.py:190} INFO - [2025-01-21T01:32:27.341+0000] {dag.py:3262} INFO - Creating ORM DAG for example_xcom_args
[2025-01-21T01:32:27.343+0000] {logging_mixin.py:190} INFO - [2025-01-21T01:32:27.343+0000] {dag.py:4180} INFO - Setting next_dagrun for example_xcom_args to None, run_after=None
[2025-01-21T01:32:27.344+0000] {logging_mixin.py:190} INFO - [2025-01-21T01:32:27.344+0000] {dag.py:4180} INFO - Setting next_dagrun for example_xcom_args_with_operators to None, run_after=None
[2025-01-21T01:32:27.372+0000] {processor.py:208} INFO - Processing /home/airflow/.local/lib/python3.12/site-packages/airflow/example_dags/example_xcomargs.py took 0.380 seconds
[2025-01-21T01:32:57.948+0000] {processor.py:186} INFO - Started process (PID=139) to work on /home/airflow/.local/lib/python3.12/site-packages/airflow/example_dags/example_xcomargs.py
[2025-01-21T01:32:57.949+0000] {processor.py:914} INFO - Processing file /home/airflow/.local/lib/python3.12/site-packages/airflow/example_dags/example_xcomargs.py for tasks to queue
[2025-01-21T01:32:57.952+0000] {logging_mixin.py:190} INFO - [2025-01-21T01:32:57.952+0000] {dagbag.py:588} INFO - Filling up the DagBag from /home/airflow/.local/lib/python3.12/site-packages/airflow/example_dags/example_xcomargs.py
[2025-01-21T01:32:57.969+0000] {processor.py:925} INFO - DAG(s) 'example_xcom_args_with_operators', 'example_xcom_args' retrieved from /home/airflow/.local/lib/python3.12/site-packages/airflow/example_dags/example_xcomargs.py
[2025-01-21T01:32:57.996+0000] {logging_mixin.py:190} INFO - [2025-01-21T01:32:57.996+0000] {dag.py:3239} INFO - Sync 2 DAGs
[2025-01-21T01:32:58.013+0000] {logging_mixin.py:190} INFO - [2025-01-21T01:32:58.013+0000] {dag.py:4180} INFO - Setting next_dagrun for example_xcom_args to None, run_after=None
[2025-01-21T01:32:58.018+0000] {logging_mixin.py:190} INFO - [2025-01-21T01:32:58.018+0000] {dag.py:4180} INFO - Setting next_dagrun for example_xcom_args_with_operators to None, run_after=None
[2025-01-21T01:32:58.034+0000] {processor.py:208} INFO - Processing /home/airflow/.local/lib/python3.12/site-packages/airflow/example_dags/example_xcomargs.py took 0.092 seconds
[2025-01-21T01:33:28.152+0000] {processor.py:186} INFO - Started process (PID=202) to work on /home/airflow/.local/lib/python3.12/site-packages/airflow/example_dags/example_xcomargs.py
[2025-01-21T01:33:28.153+0000] {processor.py:914} INFO - Processing file /home/airflow/.local/lib/python3.12/site-packages/airflow/example_dags/example_xcomargs.py for tasks to queue
[2025-01-21T01:33:28.155+0000] {logging_mixin.py:190} INFO - [2025-01-21T01:33:28.155+0000] {dagbag.py:588} INFO - Filling up the DagBag from /home/airflow/.local/lib/python3.12/site-packages/airflow/example_dags/example_xcomargs.py
[2025-01-21T01:33:28.165+0000] {processor.py:925} INFO - DAG(s) 'example_xcom_args', 'example_xcom_args_with_operators' retrieved from /home/airflow/.local/lib/python3.12/site-packages/airflow/example_dags/example_xcomargs.py
[2025-01-21T01:33:28.191+0000] {logging_mixin.py:190} INFO - [2025-01-21T01:33:28.191+0000] {dag.py:3239} INFO - Sync 2 DAGs
[2025-01-21T01:33:28.208+0000] {logging_mixin.py:190} INFO - [2025-01-21T01:33:28.207+0000] {dag.py:4180} INFO - Setting next_dagrun for example_xcom_args to None, run_after=None
[2025-01-21T01:33:28.212+0000] {logging_mixin.py:190} INFO - [2025-01-21T01:33:28.212+0000] {dag.py:4180} INFO - Setting next_dagrun for example_xcom_args_with_operators to None, run_after=None
[2025-01-21T01:33:28.230+0000] {processor.py:208} INFO - Processing /home/airflow/.local/lib/python3.12/site-packages/airflow/example_dags/example_xcomargs.py took 0.085 seconds
[2025-01-21T01:33:58.923+0000] {processor.py:186} INFO - Started process (PID=265) to work on /home/airflow/.local/lib/python3.12/site-packages/airflow/example_dags/example_xcomargs.py
[2025-01-21T01:33:58.924+0000] {processor.py:914} INFO - Processing file /home/airflow/.local/lib/python3.12/site-packages/airflow/example_dags/example_xcomargs.py for tasks to queue
[2025-01-21T01:33:58.926+0000] {logging_mixin.py:190} INFO - [2025-01-21T01:33:58.926+0000] {dagbag.py:588} INFO - Filling up the DagBag from /home/airflow/.local/lib/python3.12/site-packages/airflow/example_dags/example_xcomargs.py
[2025-01-21T01:33:58.938+0000] {processor.py:925} INFO - DAG(s) 'example_xcom_args_with_operators', 'example_xcom_args' retrieved from /home/airflow/.local/lib/python3.12/site-packages/airflow/example_dags/example_xcomargs.py
[2025-01-21T01:33:58.961+0000] {logging_mixin.py:190} INFO - [2025-01-21T01:33:58.961+0000] {dag.py:3239} INFO - Sync 2 DAGs
[2025-01-21T01:33:58.978+0000] {logging_mixin.py:190} INFO - [2025-01-21T01:33:58.978+0000] {dag.py:4180} INFO - Setting next_dagrun for example_xcom_args to None, run_after=None
[2025-01-21T01:33:58.983+0000] {logging_mixin.py:190} INFO - [2025-01-21T01:33:58.983+0000] {dag.py:4180} INFO - Setting next_dagrun for example_xcom_args_with_operators to None, run_after=None
[2025-01-21T01:33:59.000+0000] {processor.py:208} INFO - Processing /home/airflow/.local/lib/python3.12/site-packages/airflow/example_dags/example_xcomargs.py took 0.083 seconds
[2025-01-21T01:34:29.872+0000] {processor.py:186} INFO - Started process (PID=328) to work on /home/airflow/.local/lib/python3.12/site-packages/airflow/example_dags/example_xcomargs.py
[2025-01-21T01:34:29.873+0000] {processor.py:914} INFO - Processing file /home/airflow/.local/lib/python3.12/site-packages/airflow/example_dags/example_xcomargs.py for tasks to queue
[2025-01-21T01:34:29.876+0000] {logging_mixin.py:190} INFO - [2025-01-21T01:34:29.875+0000] {dagbag.py:588} INFO - Filling up the DagBag from /home/airflow/.local/lib/python3.12/site-packages/airflow/example_dags/example_xcomargs.py
[2025-01-21T01:34:29.887+0000] {processor.py:925} INFO - DAG(s) 'example_xcom_args', 'example_xcom_args_with_operators' retrieved from /home/airflow/.local/lib/python3.12/site-packages/airflow/example_dags/example_xcomargs.py
[2025-01-21T01:34:29.910+0000] {logging_mixin.py:190} INFO - [2025-01-21T01:34:29.909+0000] {dag.py:3239} INFO - Sync 2 DAGs
[2025-01-21T01:34:29.925+0000] {logging_mixin.py:190} INFO - [2025-01-21T01:34:29.925+0000] {dag.py:4180} INFO - Setting next_dagrun for example_xcom_args to None, run_after=None
[2025-01-21T01:34:29.930+0000] {logging_mixin.py:190} INFO - [2025-01-21T01:34:29.930+0000] {dag.py:4180} INFO - Setting next_dagrun for example_xcom_args_with_operators to None, run_after=None
[2025-01-21T01:34:29.947+0000] {processor.py:208} INFO - Processing /home/airflow/.local/lib/python3.12/site-packages/airflow/example_dags/example_xcomargs.py took 0.081 seconds
[2025-01-21T01:35:00.935+0000] {processor.py:186} INFO - Started process (PID=391) to work on /home/airflow/.local/lib/python3.12/site-packages/airflow/example_dags/example_xcomargs.py
[2025-01-21T01:35:00.936+0000] {processor.py:914} INFO - Processing file /home/airflow/.local/lib/python3.12/site-packages/airflow/example_dags/example_xcomargs.py for tasks to queue
[2025-01-21T01:35:00.939+0000] {logging_mixin.py:190} INFO - [2025-01-21T01:35:00.938+0000] {dagbag.py:588} INFO - Filling up the DagBag from /home/airflow/.local/lib/python3.12/site-packages/airflow/example_dags/example_xcomargs.py
[2025-01-21T01:35:00.951+0000] {processor.py:925} INFO - DAG(s) 'example_xcom_args_with_operators', 'example_xcom_args' retrieved from /home/airflow/.local/lib/python3.12/site-packages/airflow/example_dags/example_xcomargs.py
[2025-01-21T01:35:00.980+0000] {logging_mixin.py:190} INFO - [2025-01-21T01:35:00.980+0000] {dag.py:3239} INFO - Sync 2 DAGs
[2025-01-21T01:35:00.997+0000] {logging_mixin.py:190} INFO - [2025-01-21T01:35:00.997+0000] {dag.py:4180} INFO - Setting next_dagrun for example_xcom_args to None, run_after=None
[2025-01-21T01:35:01.002+0000] {logging_mixin.py:190} INFO - [2025-01-21T01:35:01.002+0000] {dag.py:4180} INFO - Setting next_dagrun for example_xcom_args_with_operators to None, run_after=None
[2025-01-21T01:35:01.020+0000] {processor.py:208} INFO - Processing /home/airflow/.local/lib/python3.12/site-packages/airflow/example_dags/example_xcomargs.py took 0.092 seconds
[2025-01-21T01:35:32.029+0000] {processor.py:186} INFO - Started process (PID=454) to work on /home/airflow/.local/lib/python3.12/site-packages/airflow/example_dags/example_xcomargs.py
[2025-01-21T01:35:32.031+0000] {processor.py:914} INFO - Processing file /home/airflow/.local/lib/python3.12/site-packages/airflow/example_dags/example_xcomargs.py for tasks to queue
[2025-01-21T01:35:32.034+0000] {logging_mixin.py:190} INFO - [2025-01-21T01:35:32.033+0000] {dagbag.py:588} INFO - Filling up the DagBag from /home/airflow/.local/lib/python3.12/site-packages/airflow/example_dags/example_xcomargs.py
[2025-01-21T01:35:32.049+0000] {processor.py:925} INFO - DAG(s) 'example_xcom_args_with_operators', 'example_xcom_args' retrieved from /home/airflow/.local/lib/python3.12/site-packages/airflow/example_dags/example_xcomargs.py
[2025-01-21T01:35:32.083+0000] {logging_mixin.py:190} INFO - [2025-01-21T01:35:32.083+0000] {dag.py:3239} INFO - Sync 2 DAGs
[2025-01-21T01:35:32.109+0000] {logging_mixin.py:190} INFO - [2025-01-21T01:35:32.108+0000] {dag.py:4180} INFO - Setting next_dagrun for example_xcom_args to None, run_after=None
[2025-01-21T01:35:32.116+0000] {logging_mixin.py:190} INFO - [2025-01-21T01:35:32.115+0000] {dag.py:4180} INFO - Setting next_dagrun for example_xcom_args_with_operators to None, run_after=None
[2025-01-21T01:35:32.145+0000] {processor.py:208} INFO - Processing /home/airflow/.local/lib/python3.12/site-packages/airflow/example_dags/example_xcomargs.py took 0.124 seconds
[2025-01-21T01:36:02.682+0000] {processor.py:186} INFO - Started process (PID=517) to work on /home/airflow/.local/lib/python3.12/site-packages/airflow/example_dags/example_xcomargs.py
[2025-01-21T01:36:02.683+0000] {processor.py:914} INFO - Processing file /home/airflow/.local/lib/python3.12/site-packages/airflow/example_dags/example_xcomargs.py for tasks to queue
[2025-01-21T01:36:02.685+0000] {logging_mixin.py:190} INFO - [2025-01-21T01:36:02.685+0000] {dagbag.py:588} INFO - Filling up the DagBag from /home/airflow/.local/lib/python3.12/site-packages/airflow/example_dags/example_xcomargs.py
[2025-01-21T01:36:02.696+0000] {processor.py:925} INFO - DAG(s) 'example_xcom_args_with_operators', 'example_xcom_args' retrieved from /home/airflow/.local/lib/python3.12/site-packages/airflow/example_dags/example_xcomargs.py
[2025-01-21T01:36:02.721+0000] {logging_mixin.py:190} INFO - [2025-01-21T01:36:02.720+0000] {dag.py:3239} INFO - Sync 2 DAGs
[2025-01-21T01:36:02.737+0000] {logging_mixin.py:190} INFO - [2025-01-21T01:36:02.737+0000] {dag.py:4180} INFO - Setting next_dagrun for example_xcom_args to None, run_after=None
[2025-01-21T01:36:02.742+0000] {logging_mixin.py:190} INFO - [2025-01-21T01:36:02.742+0000] {dag.py:4180} INFO - Setting next_dagrun for example_xcom_args_with_operators to None, run_after=None
[2025-01-21T01:36:02.762+0000] {processor.py:208} INFO - Processing /home/airflow/.local/lib/python3.12/site-packages/airflow/example_dags/example_xcomargs.py took 0.086 seconds
[2025-01-21T01:36:34.910+0000] {processor.py:186} INFO - Started process (PID=586) to work on /home/airflow/.local/lib/python3.12/site-packages/airflow/example_dags/example_xcomargs.py
[2025-01-21T01:36:34.912+0000] {processor.py:914} INFO - Processing file /home/airflow/.local/lib/python3.12/site-packages/airflow/example_dags/example_xcomargs.py for tasks to queue
[2025-01-21T01:36:34.915+0000] {logging_mixin.py:190} INFO - [2025-01-21T01:36:34.914+0000] {dagbag.py:588} INFO - Filling up the DagBag from /home/airflow/.local/lib/python3.12/site-packages/airflow/example_dags/example_xcomargs.py
[2025-01-21T01:36:34.933+0000] {processor.py:925} INFO - DAG(s) 'example_xcom_args', 'example_xcom_args_with_operators' retrieved from /home/airflow/.local/lib/python3.12/site-packages/airflow/example_dags/example_xcomargs.py
[2025-01-21T01:36:34.988+0000] {logging_mixin.py:190} INFO - [2025-01-21T01:36:34.987+0000] {dag.py:3239} INFO - Sync 2 DAGs
[2025-01-21T01:36:35.021+0000] {logging_mixin.py:190} INFO - [2025-01-21T01:36:35.021+0000] {dag.py:4180} INFO - Setting next_dagrun for example_xcom_args to None, run_after=None
[2025-01-21T01:36:35.028+0000] {logging_mixin.py:190} INFO - [2025-01-21T01:36:35.027+0000] {dag.py:4180} INFO - Setting next_dagrun for example_xcom_args_with_operators to None, run_after=None
[2025-01-21T01:36:35.060+0000] {processor.py:208} INFO - Processing /home/airflow/.local/lib/python3.12/site-packages/airflow/example_dags/example_xcomargs.py took 0.160 seconds
[2025-01-21T01:37:06.643+0000] {processor.py:186} INFO - Started process (PID=648) to work on /home/airflow/.local/lib/python3.12/site-packages/airflow/example_dags/example_xcomargs.py
[2025-01-21T01:37:06.644+0000] {processor.py:914} INFO - Processing file /home/airflow/.local/lib/python3.12/site-packages/airflow/example_dags/example_xcomargs.py for tasks to queue
[2025-01-21T01:37:06.646+0000] {logging_mixin.py:190} INFO - [2025-01-21T01:37:06.646+0000] {dagbag.py:588} INFO - Filling up the DagBag from /home/airflow/.local/lib/python3.12/site-packages/airflow/example_dags/example_xcomargs.py
[2025-01-21T01:37:06.661+0000] {processor.py:925} INFO - DAG(s) 'example_xcom_args_with_operators', 'example_xcom_args' retrieved from /home/airflow/.local/lib/python3.12/site-packages/airflow/example_dags/example_xcomargs.py
[2025-01-21T01:37:06.696+0000] {logging_mixin.py:190} INFO - [2025-01-21T01:37:06.696+0000] {dag.py:3239} INFO - Sync 2 DAGs
[2025-01-21T01:37:06.717+0000] {logging_mixin.py:190} INFO - [2025-01-21T01:37:06.717+0000] {dag.py:4180} INFO - Setting next_dagrun for example_xcom_args to None, run_after=None
[2025-01-21T01:37:06.724+0000] {logging_mixin.py:190} INFO - [2025-01-21T01:37:06.724+0000] {dag.py:4180} INFO - Setting next_dagrun for example_xcom_args_with_operators to None, run_after=None
[2025-01-21T01:37:06.747+0000] {processor.py:208} INFO - Processing /home/airflow/.local/lib/python3.12/site-packages/airflow/example_dags/example_xcomargs.py took 0.111 seconds
[2025-01-21T01:37:37.527+0000] {processor.py:186} INFO - Started process (PID=710) to work on /home/airflow/.local/lib/python3.12/site-packages/airflow/example_dags/example_xcomargs.py
[2025-01-21T01:37:37.529+0000] {processor.py:914} INFO - Processing file /home/airflow/.local/lib/python3.12/site-packages/airflow/example_dags/example_xcomargs.py for tasks to queue
[2025-01-21T01:37:37.535+0000] {logging_mixin.py:190} INFO - [2025-01-21T01:37:37.534+0000] {dagbag.py:588} INFO - Filling up the DagBag from /home/airflow/.local/lib/python3.12/site-packages/airflow/example_dags/example_xcomargs.py
[2025-01-21T01:37:37.551+0000] {processor.py:925} INFO - DAG(s) 'example_xcom_args', 'example_xcom_args_with_operators' retrieved from /home/airflow/.local/lib/python3.12/site-packages/airflow/example_dags/example_xcomargs.py
[2025-01-21T01:37:37.589+0000] {logging_mixin.py:190} INFO - [2025-01-21T01:37:37.589+0000] {dag.py:3239} INFO - Sync 2 DAGs
[2025-01-21T01:37:37.611+0000] {logging_mixin.py:190} INFO - [2025-01-21T01:37:37.611+0000] {dag.py:4180} INFO - Setting next_dagrun for example_xcom_args to None, run_after=None
[2025-01-21T01:37:37.616+0000] {logging_mixin.py:190} INFO - [2025-01-21T01:37:37.616+0000] {dag.py:4180} INFO - Setting next_dagrun for example_xcom_args_with_operators to None, run_after=None
[2025-01-21T01:37:37.641+0000] {processor.py:208} INFO - Processing /home/airflow/.local/lib/python3.12/site-packages/airflow/example_dags/example_xcomargs.py took 0.122 seconds
[2025-01-21T23:57:53.472+0000] {processor.py:186} INFO - Started process (PID=75) to work on /home/airflow/.local/lib/python3.12/site-packages/airflow/example_dags/example_xcomargs.py
[2025-01-21T23:57:53.483+0000] {processor.py:914} INFO - Processing file /home/airflow/.local/lib/python3.12/site-packages/airflow/example_dags/example_xcomargs.py for tasks to queue
[2025-01-21T23:57:53.490+0000] {logging_mixin.py:190} INFO - [2025-01-21T23:57:53.489+0000] {dagbag.py:588} INFO - Filling up the DagBag from /home/airflow/.local/lib/python3.12/site-packages/airflow/example_dags/example_xcomargs.py
[2025-01-21T23:57:53.515+0000] {processor.py:925} INFO - DAG(s) 'example_xcom_args', 'example_xcom_args_with_operators' retrieved from /home/airflow/.local/lib/python3.12/site-packages/airflow/example_dags/example_xcomargs.py
[2025-01-21T23:57:53.576+0000] {logging_mixin.py:190} INFO - [2025-01-21T23:57:53.576+0000] {dag.py:3239} INFO - Sync 2 DAGs
[2025-01-21T23:57:53.624+0000] {logging_mixin.py:190} INFO - [2025-01-21T23:57:53.624+0000] {dag.py:4180} INFO - Setting next_dagrun for example_xcom_args to None, run_after=None
[2025-01-21T23:57:53.642+0000] {logging_mixin.py:190} INFO - [2025-01-21T23:57:53.642+0000] {dag.py:4180} INFO - Setting next_dagrun for example_xcom_args_with_operators to None, run_after=None
[2025-01-21T23:57:53.709+0000] {processor.py:208} INFO - Processing /home/airflow/.local/lib/python3.12/site-packages/airflow/example_dags/example_xcomargs.py took 0.245 seconds
[2025-01-21T23:58:30.161+0000] {processor.py:186} INFO - Started process (PID=138) to work on /home/airflow/.local/lib/python3.12/site-packages/airflow/example_dags/example_xcomargs.py
[2025-01-21T23:58:30.163+0000] {processor.py:914} INFO - Processing file /home/airflow/.local/lib/python3.12/site-packages/airflow/example_dags/example_xcomargs.py for tasks to queue
[2025-01-21T23:58:30.179+0000] {logging_mixin.py:190} INFO - [2025-01-21T23:58:30.178+0000] {dagbag.py:588} INFO - Filling up the DagBag from /home/airflow/.local/lib/python3.12/site-packages/airflow/example_dags/example_xcomargs.py
[2025-01-21T23:58:30.208+0000] {processor.py:925} INFO - DAG(s) 'example_xcom_args_with_operators', 'example_xcom_args' retrieved from /home/airflow/.local/lib/python3.12/site-packages/airflow/example_dags/example_xcomargs.py
[2025-01-21T23:58:30.259+0000] {logging_mixin.py:190} INFO - [2025-01-21T23:58:30.259+0000] {dag.py:3239} INFO - Sync 2 DAGs
[2025-01-21T23:58:30.285+0000] {logging_mixin.py:190} INFO - [2025-01-21T23:58:30.284+0000] {dag.py:4180} INFO - Setting next_dagrun for example_xcom_args to None, run_after=None
[2025-01-21T23:58:30.291+0000] {logging_mixin.py:190} INFO - [2025-01-21T23:58:30.290+0000] {dag.py:4180} INFO - Setting next_dagrun for example_xcom_args_with_operators to None, run_after=None
[2025-01-21T23:58:30.327+0000] {processor.py:208} INFO - Processing /home/airflow/.local/lib/python3.12/site-packages/airflow/example_dags/example_xcomargs.py took 0.176 seconds
[2025-01-21T23:59:01.149+0000] {processor.py:186} INFO - Started process (PID=201) to work on /home/airflow/.local/lib/python3.12/site-packages/airflow/example_dags/example_xcomargs.py
[2025-01-21T23:59:01.151+0000] {processor.py:914} INFO - Processing file /home/airflow/.local/lib/python3.12/site-packages/airflow/example_dags/example_xcomargs.py for tasks to queue
[2025-01-21T23:59:01.154+0000] {logging_mixin.py:190} INFO - [2025-01-21T23:59:01.154+0000] {dagbag.py:588} INFO - Filling up the DagBag from /home/airflow/.local/lib/python3.12/site-packages/airflow/example_dags/example_xcomargs.py
[2025-01-21T23:59:01.205+0000] {processor.py:925} INFO - DAG(s) 'example_xcom_args', 'example_xcom_args_with_operators' retrieved from /home/airflow/.local/lib/python3.12/site-packages/airflow/example_dags/example_xcomargs.py
[2025-01-21T23:59:01.276+0000] {logging_mixin.py:190} INFO - [2025-01-21T23:59:01.275+0000] {dag.py:3239} INFO - Sync 2 DAGs
[2025-01-21T23:59:01.332+0000] {logging_mixin.py:190} INFO - [2025-01-21T23:59:01.332+0000] {dag.py:4180} INFO - Setting next_dagrun for example_xcom_args to None, run_after=None
[2025-01-21T23:59:01.338+0000] {logging_mixin.py:190} INFO - [2025-01-21T23:59:01.338+0000] {dag.py:4180} INFO - Setting next_dagrun for example_xcom_args_with_operators to None, run_after=None
[2025-01-21T23:59:01.362+0000] {processor.py:208} INFO - Processing /home/airflow/.local/lib/python3.12/site-packages/airflow/example_dags/example_xcomargs.py took 0.222 seconds
[2025-01-21T23:59:35.038+0000] {processor.py:186} INFO - Started process (PID=264) to work on /home/airflow/.local/lib/python3.12/site-packages/airflow/example_dags/example_xcomargs.py
[2025-01-21T23:59:35.039+0000] {processor.py:914} INFO - Processing file /home/airflow/.local/lib/python3.12/site-packages/airflow/example_dags/example_xcomargs.py for tasks to queue
[2025-01-21T23:59:35.042+0000] {logging_mixin.py:190} INFO - [2025-01-21T23:59:35.042+0000] {dagbag.py:588} INFO - Filling up the DagBag from /home/airflow/.local/lib/python3.12/site-packages/airflow/example_dags/example_xcomargs.py
[2025-01-21T23:59:35.055+0000] {processor.py:925} INFO - DAG(s) 'example_xcom_args', 'example_xcom_args_with_operators' retrieved from /home/airflow/.local/lib/python3.12/site-packages/airflow/example_dags/example_xcomargs.py
[2025-01-21T23:59:35.083+0000] {logging_mixin.py:190} INFO - [2025-01-21T23:59:35.083+0000] {dag.py:3239} INFO - Sync 2 DAGs
[2025-01-21T23:59:35.101+0000] {logging_mixin.py:190} INFO - [2025-01-21T23:59:35.101+0000] {dag.py:4180} INFO - Setting next_dagrun for example_xcom_args to None, run_after=None
[2025-01-21T23:59:35.107+0000] {logging_mixin.py:190} INFO - [2025-01-21T23:59:35.107+0000] {dag.py:4180} INFO - Setting next_dagrun for example_xcom_args_with_operators to None, run_after=None
[2025-01-21T23:59:35.133+0000] {processor.py:208} INFO - Processing /home/airflow/.local/lib/python3.12/site-packages/airflow/example_dags/example_xcomargs.py took 0.102 seconds
