[2025-01-21T01:32:23.920+0000] {processor.py:186} INFO - Started process (PID=58) to work on /home/airflow/.local/lib/python3.12/site-packages/airflow/example_dags/example_branch_python_dop_operator_3.py
[2025-01-21T01:32:23.922+0000] {processor.py:914} INFO - Processing file /home/airflow/.local/lib/python3.12/site-packages/airflow/example_dags/example_branch_python_dop_operator_3.py for tasks to queue
[2025-01-21T01:32:23.926+0000] {logging_mixin.py:190} INFO - [2025-01-21T01:32:23.926+0000] {dagbag.py:588} INFO - Filling up the DagBag from /home/airflow/.local/lib/python3.12/site-packages/airflow/example_dags/example_branch_python_dop_operator_3.py
[2025-01-21T01:32:23.941+0000] {processor.py:925} INFO - DAG(s) 'example_branch_dop_operator_v3' retrieved from /home/airflow/.local/lib/python3.12/site-packages/airflow/example_dags/example_branch_python_dop_operator_3.py
[2025-01-21T01:32:24.097+0000] {logging_mixin.py:190} INFO - [2025-01-21T01:32:24.096+0000] {override.py:1911} INFO - Created Permission View: can edit on DAG:example_branch_dop_operator_v3
[2025-01-21T01:32:24.115+0000] {logging_mixin.py:190} INFO - [2025-01-21T01:32:24.114+0000] {override.py:1911} INFO - Created Permission View: can delete on DAG:example_branch_dop_operator_v3
[2025-01-21T01:32:24.128+0000] {logging_mixin.py:190} INFO - [2025-01-21T01:32:24.128+0000] {override.py:1911} INFO - Created Permission View: can read on DAG:example_branch_dop_operator_v3
[2025-01-21T01:32:24.151+0000] {logging_mixin.py:190} INFO - [2025-01-21T01:32:24.151+0000] {override.py:1911} INFO - Created Permission View: can delete on DAG Run:example_branch_dop_operator_v3
[2025-01-21T01:32:24.163+0000] {logging_mixin.py:190} INFO - [2025-01-21T01:32:24.163+0000] {override.py:1911} INFO - Created Permission View: can create on DAG Run:example_branch_dop_operator_v3
[2025-01-21T01:32:24.179+0000] {logging_mixin.py:190} INFO - [2025-01-21T01:32:24.178+0000] {override.py:1911} INFO - Created Permission View: menu access on DAG Run:example_branch_dop_operator_v3
[2025-01-21T01:32:24.194+0000] {logging_mixin.py:190} INFO - [2025-01-21T01:32:24.193+0000] {override.py:1911} INFO - Created Permission View: can read on DAG Run:example_branch_dop_operator_v3
[2025-01-21T01:32:24.195+0000] {logging_mixin.py:190} INFO - [2025-01-21T01:32:24.195+0000] {dag.py:3239} INFO - Sync 1 DAGs
[2025-01-21T01:32:24.234+0000] {logging_mixin.py:190} INFO - [2025-01-21T01:32:24.234+0000] {dag.py:3262} INFO - Creating ORM DAG for example_branch_dop_operator_v3
[2025-01-21T01:32:24.256+0000] {logging_mixin.py:190} INFO - [2025-01-21T01:32:24.256+0000] {dag.py:4180} INFO - Setting next_dagrun for example_branch_dop_operator_v3 to 2025-01-21 01:31:00+00:00, run_after=2025-01-21 01:32:00+00:00
[2025-01-21T01:32:24.297+0000] {processor.py:208} INFO - Processing /home/airflow/.local/lib/python3.12/site-packages/airflow/example_dags/example_branch_python_dop_operator_3.py took 0.385 seconds
[2025-01-21T01:32:54.647+0000] {processor.py:186} INFO - Started process (PID=122) to work on /home/airflow/.local/lib/python3.12/site-packages/airflow/example_dags/example_branch_python_dop_operator_3.py
[2025-01-21T01:32:54.648+0000] {processor.py:914} INFO - Processing file /home/airflow/.local/lib/python3.12/site-packages/airflow/example_dags/example_branch_python_dop_operator_3.py for tasks to queue
[2025-01-21T01:32:54.651+0000] {logging_mixin.py:190} INFO - [2025-01-21T01:32:54.651+0000] {dagbag.py:588} INFO - Filling up the DagBag from /home/airflow/.local/lib/python3.12/site-packages/airflow/example_dags/example_branch_python_dop_operator_3.py
[2025-01-21T01:32:54.665+0000] {processor.py:925} INFO - DAG(s) 'example_branch_dop_operator_v3' retrieved from /home/airflow/.local/lib/python3.12/site-packages/airflow/example_dags/example_branch_python_dop_operator_3.py
[2025-01-21T01:32:54.683+0000] {logging_mixin.py:190} INFO - [2025-01-21T01:32:54.682+0000] {dag.py:3239} INFO - Sync 1 DAGs
[2025-01-21T01:32:54.719+0000] {logging_mixin.py:190} INFO - [2025-01-21T01:32:54.718+0000] {dag.py:4180} INFO - Setting next_dagrun for example_branch_dop_operator_v3 to 2025-01-21 01:31:00+00:00, run_after=2025-01-21 01:32:00+00:00
[2025-01-21T01:32:54.763+0000] {processor.py:208} INFO - Processing /home/airflow/.local/lib/python3.12/site-packages/airflow/example_dags/example_branch_python_dop_operator_3.py took 0.122 seconds
[2025-01-21T01:33:25.928+0000] {processor.py:186} INFO - Started process (PID=185) to work on /home/airflow/.local/lib/python3.12/site-packages/airflow/example_dags/example_branch_python_dop_operator_3.py
[2025-01-21T01:33:25.929+0000] {processor.py:914} INFO - Processing file /home/airflow/.local/lib/python3.12/site-packages/airflow/example_dags/example_branch_python_dop_operator_3.py for tasks to queue
[2025-01-21T01:33:25.931+0000] {logging_mixin.py:190} INFO - [2025-01-21T01:33:25.931+0000] {dagbag.py:588} INFO - Filling up the DagBag from /home/airflow/.local/lib/python3.12/site-packages/airflow/example_dags/example_branch_python_dop_operator_3.py
[2025-01-21T01:33:25.941+0000] {processor.py:925} INFO - DAG(s) 'example_branch_dop_operator_v3' retrieved from /home/airflow/.local/lib/python3.12/site-packages/airflow/example_dags/example_branch_python_dop_operator_3.py
[2025-01-21T01:33:25.959+0000] {logging_mixin.py:190} INFO - [2025-01-21T01:33:25.959+0000] {dag.py:3239} INFO - Sync 1 DAGs
[2025-01-21T01:33:25.984+0000] {logging_mixin.py:190} INFO - [2025-01-21T01:33:25.984+0000] {dag.py:4180} INFO - Setting next_dagrun for example_branch_dop_operator_v3 to 2025-01-21 01:32:00+00:00, run_after=2025-01-21 01:33:00+00:00
[2025-01-21T01:33:26.004+0000] {processor.py:208} INFO - Processing /home/airflow/.local/lib/python3.12/site-packages/airflow/example_dags/example_branch_python_dop_operator_3.py took 0.082 seconds
[2025-01-21T01:33:56.839+0000] {processor.py:186} INFO - Started process (PID=248) to work on /home/airflow/.local/lib/python3.12/site-packages/airflow/example_dags/example_branch_python_dop_operator_3.py
[2025-01-21T01:33:56.841+0000] {processor.py:914} INFO - Processing file /home/airflow/.local/lib/python3.12/site-packages/airflow/example_dags/example_branch_python_dop_operator_3.py for tasks to queue
[2025-01-21T01:33:56.844+0000] {logging_mixin.py:190} INFO - [2025-01-21T01:33:56.843+0000] {dagbag.py:588} INFO - Filling up the DagBag from /home/airflow/.local/lib/python3.12/site-packages/airflow/example_dags/example_branch_python_dop_operator_3.py
[2025-01-21T01:33:56.856+0000] {processor.py:925} INFO - DAG(s) 'example_branch_dop_operator_v3' retrieved from /home/airflow/.local/lib/python3.12/site-packages/airflow/example_dags/example_branch_python_dop_operator_3.py
[2025-01-21T01:33:56.875+0000] {logging_mixin.py:190} INFO - [2025-01-21T01:33:56.875+0000] {dag.py:3239} INFO - Sync 1 DAGs
[2025-01-21T01:33:56.901+0000] {logging_mixin.py:190} INFO - [2025-01-21T01:33:56.900+0000] {dag.py:4180} INFO - Setting next_dagrun for example_branch_dop_operator_v3 to 2025-01-21 01:32:00+00:00, run_after=2025-01-21 01:33:00+00:00
[2025-01-21T01:33:56.921+0000] {processor.py:208} INFO - Processing /home/airflow/.local/lib/python3.12/site-packages/airflow/example_dags/example_branch_python_dop_operator_3.py took 0.090 seconds
[2025-01-21T01:34:27.677+0000] {processor.py:186} INFO - Started process (PID=311) to work on /home/airflow/.local/lib/python3.12/site-packages/airflow/example_dags/example_branch_python_dop_operator_3.py
[2025-01-21T01:34:27.678+0000] {processor.py:914} INFO - Processing file /home/airflow/.local/lib/python3.12/site-packages/airflow/example_dags/example_branch_python_dop_operator_3.py for tasks to queue
[2025-01-21T01:34:27.682+0000] {logging_mixin.py:190} INFO - [2025-01-21T01:34:27.681+0000] {dagbag.py:588} INFO - Filling up the DagBag from /home/airflow/.local/lib/python3.12/site-packages/airflow/example_dags/example_branch_python_dop_operator_3.py
[2025-01-21T01:34:27.694+0000] {processor.py:925} INFO - DAG(s) 'example_branch_dop_operator_v3' retrieved from /home/airflow/.local/lib/python3.12/site-packages/airflow/example_dags/example_branch_python_dop_operator_3.py
[2025-01-21T01:34:27.716+0000] {logging_mixin.py:190} INFO - [2025-01-21T01:34:27.715+0000] {dag.py:3239} INFO - Sync 1 DAGs
[2025-01-21T01:34:27.747+0000] {logging_mixin.py:190} INFO - [2025-01-21T01:34:27.747+0000] {dag.py:4180} INFO - Setting next_dagrun for example_branch_dop_operator_v3 to 2025-01-21 01:33:00+00:00, run_after=2025-01-21 01:34:00+00:00
[2025-01-21T01:34:27.767+0000] {processor.py:208} INFO - Processing /home/airflow/.local/lib/python3.12/site-packages/airflow/example_dags/example_branch_python_dop_operator_3.py took 0.097 seconds
[2025-01-21T01:34:59.419+0000] {processor.py:186} INFO - Started process (PID=374) to work on /home/airflow/.local/lib/python3.12/site-packages/airflow/example_dags/example_branch_python_dop_operator_3.py
[2025-01-21T01:34:59.421+0000] {processor.py:914} INFO - Processing file /home/airflow/.local/lib/python3.12/site-packages/airflow/example_dags/example_branch_python_dop_operator_3.py for tasks to queue
[2025-01-21T01:34:59.424+0000] {logging_mixin.py:190} INFO - [2025-01-21T01:34:59.424+0000] {dagbag.py:588} INFO - Filling up the DagBag from /home/airflow/.local/lib/python3.12/site-packages/airflow/example_dags/example_branch_python_dop_operator_3.py
[2025-01-21T01:34:59.441+0000] {processor.py:925} INFO - DAG(s) 'example_branch_dop_operator_v3' retrieved from /home/airflow/.local/lib/python3.12/site-packages/airflow/example_dags/example_branch_python_dop_operator_3.py
[2025-01-21T01:34:59.500+0000] {logging_mixin.py:190} INFO - [2025-01-21T01:34:59.499+0000] {dag.py:3239} INFO - Sync 1 DAGs
[2025-01-21T01:34:59.546+0000] {logging_mixin.py:190} INFO - [2025-01-21T01:34:59.546+0000] {dag.py:4180} INFO - Setting next_dagrun for example_branch_dop_operator_v3 to 2025-01-21 01:33:00+00:00, run_after=2025-01-21 01:34:00+00:00
[2025-01-21T01:34:59.577+0000] {processor.py:208} INFO - Processing /home/airflow/.local/lib/python3.12/site-packages/airflow/example_dags/example_branch_python_dop_operator_3.py took 0.165 seconds
[2025-01-21T01:35:30.425+0000] {processor.py:186} INFO - Started process (PID=437) to work on /home/airflow/.local/lib/python3.12/site-packages/airflow/example_dags/example_branch_python_dop_operator_3.py
[2025-01-21T01:35:30.428+0000] {processor.py:914} INFO - Processing file /home/airflow/.local/lib/python3.12/site-packages/airflow/example_dags/example_branch_python_dop_operator_3.py for tasks to queue
[2025-01-21T01:35:30.432+0000] {logging_mixin.py:190} INFO - [2025-01-21T01:35:30.431+0000] {dagbag.py:588} INFO - Filling up the DagBag from /home/airflow/.local/lib/python3.12/site-packages/airflow/example_dags/example_branch_python_dop_operator_3.py
[2025-01-21T01:35:30.464+0000] {processor.py:925} INFO - DAG(s) 'example_branch_dop_operator_v3' retrieved from /home/airflow/.local/lib/python3.12/site-packages/airflow/example_dags/example_branch_python_dop_operator_3.py
[2025-01-21T01:35:30.504+0000] {logging_mixin.py:190} INFO - [2025-01-21T01:35:30.504+0000] {dag.py:3239} INFO - Sync 1 DAGs
[2025-01-21T01:35:30.545+0000] {logging_mixin.py:190} INFO - [2025-01-21T01:35:30.545+0000] {dag.py:4180} INFO - Setting next_dagrun for example_branch_dop_operator_v3 to 2025-01-21 01:34:00+00:00, run_after=2025-01-21 01:35:00+00:00
[2025-01-21T01:35:30.581+0000] {processor.py:208} INFO - Processing /home/airflow/.local/lib/python3.12/site-packages/airflow/example_dags/example_branch_python_dop_operator_3.py took 0.173 seconds
[2025-01-21T01:36:01.378+0000] {processor.py:186} INFO - Started process (PID=500) to work on /home/airflow/.local/lib/python3.12/site-packages/airflow/example_dags/example_branch_python_dop_operator_3.py
[2025-01-21T01:36:01.379+0000] {processor.py:914} INFO - Processing file /home/airflow/.local/lib/python3.12/site-packages/airflow/example_dags/example_branch_python_dop_operator_3.py for tasks to queue
[2025-01-21T01:36:01.382+0000] {logging_mixin.py:190} INFO - [2025-01-21T01:36:01.381+0000] {dagbag.py:588} INFO - Filling up the DagBag from /home/airflow/.local/lib/python3.12/site-packages/airflow/example_dags/example_branch_python_dop_operator_3.py
[2025-01-21T01:36:01.392+0000] {processor.py:925} INFO - DAG(s) 'example_branch_dop_operator_v3' retrieved from /home/airflow/.local/lib/python3.12/site-packages/airflow/example_dags/example_branch_python_dop_operator_3.py
[2025-01-21T01:36:01.410+0000] {logging_mixin.py:190} INFO - [2025-01-21T01:36:01.409+0000] {dag.py:3239} INFO - Sync 1 DAGs
[2025-01-21T01:36:01.454+0000] {logging_mixin.py:190} INFO - [2025-01-21T01:36:01.454+0000] {dag.py:4180} INFO - Setting next_dagrun for example_branch_dop_operator_v3 to 2025-01-21 01:35:00+00:00, run_after=2025-01-21 01:36:00+00:00
[2025-01-21T01:36:01.518+0000] {processor.py:208} INFO - Processing /home/airflow/.local/lib/python3.12/site-packages/airflow/example_dags/example_branch_python_dop_operator_3.py took 0.147 seconds
[2025-01-21T01:36:33.381+0000] {processor.py:186} INFO - Started process (PID=563) to work on /home/airflow/.local/lib/python3.12/site-packages/airflow/example_dags/example_branch_python_dop_operator_3.py
[2025-01-21T01:36:33.382+0000] {processor.py:914} INFO - Processing file /home/airflow/.local/lib/python3.12/site-packages/airflow/example_dags/example_branch_python_dop_operator_3.py for tasks to queue
[2025-01-21T01:36:33.384+0000] {logging_mixin.py:190} INFO - [2025-01-21T01:36:33.384+0000] {dagbag.py:588} INFO - Filling up the DagBag from /home/airflow/.local/lib/python3.12/site-packages/airflow/example_dags/example_branch_python_dop_operator_3.py
[2025-01-21T01:36:33.397+0000] {processor.py:925} INFO - DAG(s) 'example_branch_dop_operator_v3' retrieved from /home/airflow/.local/lib/python3.12/site-packages/airflow/example_dags/example_branch_python_dop_operator_3.py
[2025-01-21T01:36:33.420+0000] {logging_mixin.py:190} INFO - [2025-01-21T01:36:33.420+0000] {dag.py:3239} INFO - Sync 1 DAGs
[2025-01-21T01:36:33.456+0000] {logging_mixin.py:190} INFO - [2025-01-21T01:36:33.455+0000] {dag.py:4180} INFO - Setting next_dagrun for example_branch_dop_operator_v3 to 2025-01-21 01:35:00+00:00, run_after=2025-01-21 01:36:00+00:00
[2025-01-21T01:36:33.481+0000] {processor.py:208} INFO - Processing /home/airflow/.local/lib/python3.12/site-packages/airflow/example_dags/example_branch_python_dop_operator_3.py took 0.107 seconds
[2025-01-21T01:37:04.906+0000] {processor.py:186} INFO - Started process (PID=631) to work on /home/airflow/.local/lib/python3.12/site-packages/airflow/example_dags/example_branch_python_dop_operator_3.py
[2025-01-21T01:37:04.909+0000] {processor.py:914} INFO - Processing file /home/airflow/.local/lib/python3.12/site-packages/airflow/example_dags/example_branch_python_dop_operator_3.py for tasks to queue
[2025-01-21T01:37:04.913+0000] {logging_mixin.py:190} INFO - [2025-01-21T01:37:04.912+0000] {dagbag.py:588} INFO - Filling up the DagBag from /home/airflow/.local/lib/python3.12/site-packages/airflow/example_dags/example_branch_python_dop_operator_3.py
[2025-01-21T01:37:04.933+0000] {processor.py:925} INFO - DAG(s) 'example_branch_dop_operator_v3' retrieved from /home/airflow/.local/lib/python3.12/site-packages/airflow/example_dags/example_branch_python_dop_operator_3.py
[2025-01-21T01:37:04.966+0000] {logging_mixin.py:190} INFO - [2025-01-21T01:37:04.966+0000] {dag.py:3239} INFO - Sync 1 DAGs
[2025-01-21T01:37:05.005+0000] {logging_mixin.py:190} INFO - [2025-01-21T01:37:05.005+0000] {dag.py:4180} INFO - Setting next_dagrun for example_branch_dop_operator_v3 to 2025-01-21 01:36:00+00:00, run_after=2025-01-21 01:37:00+00:00
[2025-01-21T01:37:05.037+0000] {processor.py:208} INFO - Processing /home/airflow/.local/lib/python3.12/site-packages/airflow/example_dags/example_branch_python_dop_operator_3.py took 0.146 seconds
[2025-01-21T01:37:36.217+0000] {processor.py:186} INFO - Started process (PID=693) to work on /home/airflow/.local/lib/python3.12/site-packages/airflow/example_dags/example_branch_python_dop_operator_3.py
[2025-01-21T01:37:36.221+0000] {processor.py:914} INFO - Processing file /home/airflow/.local/lib/python3.12/site-packages/airflow/example_dags/example_branch_python_dop_operator_3.py for tasks to queue
[2025-01-21T01:37:36.224+0000] {logging_mixin.py:190} INFO - [2025-01-21T01:37:36.224+0000] {dagbag.py:588} INFO - Filling up the DagBag from /home/airflow/.local/lib/python3.12/site-packages/airflow/example_dags/example_branch_python_dop_operator_3.py
[2025-01-21T01:37:36.247+0000] {processor.py:925} INFO - DAG(s) 'example_branch_dop_operator_v3' retrieved from /home/airflow/.local/lib/python3.12/site-packages/airflow/example_dags/example_branch_python_dop_operator_3.py
[2025-01-21T01:37:36.275+0000] {logging_mixin.py:190} INFO - [2025-01-21T01:37:36.274+0000] {dag.py:3239} INFO - Sync 1 DAGs
[2025-01-21T01:37:36.316+0000] {logging_mixin.py:190} INFO - [2025-01-21T01:37:36.316+0000] {dag.py:4180} INFO - Setting next_dagrun for example_branch_dop_operator_v3 to 2025-01-21 01:36:00+00:00, run_after=2025-01-21 01:37:00+00:00
[2025-01-21T01:37:36.364+0000] {processor.py:208} INFO - Processing /home/airflow/.local/lib/python3.12/site-packages/airflow/example_dags/example_branch_python_dop_operator_3.py took 0.158 seconds
[2025-01-21T23:57:51.315+0000] {processor.py:186} INFO - Started process (PID=58) to work on /home/airflow/.local/lib/python3.12/site-packages/airflow/example_dags/example_branch_python_dop_operator_3.py
[2025-01-21T23:57:51.321+0000] {processor.py:914} INFO - Processing file /home/airflow/.local/lib/python3.12/site-packages/airflow/example_dags/example_branch_python_dop_operator_3.py for tasks to queue
[2025-01-21T23:57:51.327+0000] {logging_mixin.py:190} INFO - [2025-01-21T23:57:51.326+0000] {dagbag.py:588} INFO - Filling up the DagBag from /home/airflow/.local/lib/python3.12/site-packages/airflow/example_dags/example_branch_python_dop_operator_3.py
[2025-01-21T23:57:51.349+0000] {processor.py:925} INFO - DAG(s) 'example_branch_dop_operator_v3' retrieved from /home/airflow/.local/lib/python3.12/site-packages/airflow/example_dags/example_branch_python_dop_operator_3.py
[2025-01-21T23:57:51.381+0000] {logging_mixin.py:190} INFO - [2025-01-21T23:57:51.381+0000] {dag.py:3239} INFO - Sync 1 DAGs
[2025-01-21T23:57:51.421+0000] {logging_mixin.py:190} INFO - [2025-01-21T23:57:51.421+0000] {dag.py:4180} INFO - Setting next_dagrun for example_branch_dop_operator_v3 to 2025-01-21 23:56:00+00:00, run_after=2025-01-21 23:57:00+00:00
[2025-01-21T23:57:51.447+0000] {processor.py:208} INFO - Processing /home/airflow/.local/lib/python3.12/site-packages/airflow/example_dags/example_branch_python_dop_operator_3.py took 0.140 seconds
[2025-01-21T23:58:27.229+0000] {processor.py:186} INFO - Started process (PID=121) to work on /home/airflow/.local/lib/python3.12/site-packages/airflow/example_dags/example_branch_python_dop_operator_3.py
[2025-01-21T23:58:27.242+0000] {processor.py:914} INFO - Processing file /home/airflow/.local/lib/python3.12/site-packages/airflow/example_dags/example_branch_python_dop_operator_3.py for tasks to queue
[2025-01-21T23:58:27.246+0000] {logging_mixin.py:190} INFO - [2025-01-21T23:58:27.245+0000] {dagbag.py:588} INFO - Filling up the DagBag from /home/airflow/.local/lib/python3.12/site-packages/airflow/example_dags/example_branch_python_dop_operator_3.py
[2025-01-21T23:58:27.293+0000] {processor.py:925} INFO - DAG(s) 'example_branch_dop_operator_v3' retrieved from /home/airflow/.local/lib/python3.12/site-packages/airflow/example_dags/example_branch_python_dop_operator_3.py
[2025-01-21T23:58:27.404+0000] {logging_mixin.py:190} INFO - [2025-01-21T23:58:27.404+0000] {dag.py:3239} INFO - Sync 1 DAGs
[2025-01-21T23:58:27.522+0000] {logging_mixin.py:190} INFO - [2025-01-21T23:58:27.521+0000] {dag.py:4180} INFO - Setting next_dagrun for example_branch_dop_operator_v3 to 2025-01-21 23:57:00+00:00, run_after=2025-01-21 23:58:00+00:00
[2025-01-21T23:58:27.600+0000] {processor.py:208} INFO - Processing /home/airflow/.local/lib/python3.12/site-packages/airflow/example_dags/example_branch_python_dop_operator_3.py took 0.380 seconds
[2025-01-21T23:58:57.823+0000] {processor.py:186} INFO - Started process (PID=184) to work on /home/airflow/.local/lib/python3.12/site-packages/airflow/example_dags/example_branch_python_dop_operator_3.py
[2025-01-21T23:58:57.825+0000] {processor.py:914} INFO - Processing file /home/airflow/.local/lib/python3.12/site-packages/airflow/example_dags/example_branch_python_dop_operator_3.py for tasks to queue
[2025-01-21T23:58:57.828+0000] {logging_mixin.py:190} INFO - [2025-01-21T23:58:57.828+0000] {dagbag.py:588} INFO - Filling up the DagBag from /home/airflow/.local/lib/python3.12/site-packages/airflow/example_dags/example_branch_python_dop_operator_3.py
[2025-01-21T23:58:57.838+0000] {processor.py:925} INFO - DAG(s) 'example_branch_dop_operator_v3' retrieved from /home/airflow/.local/lib/python3.12/site-packages/airflow/example_dags/example_branch_python_dop_operator_3.py
[2025-01-21T23:58:57.856+0000] {logging_mixin.py:190} INFO - [2025-01-21T23:58:57.856+0000] {dag.py:3239} INFO - Sync 1 DAGs
[2025-01-21T23:58:57.890+0000] {logging_mixin.py:190} INFO - [2025-01-21T23:58:57.890+0000] {dag.py:4180} INFO - Setting next_dagrun for example_branch_dop_operator_v3 to 2025-01-21 23:57:00+00:00, run_after=2025-01-21 23:58:00+00:00
[2025-01-21T23:58:57.908+0000] {processor.py:208} INFO - Processing /home/airflow/.local/lib/python3.12/site-packages/airflow/example_dags/example_branch_python_dop_operator_3.py took 0.093 seconds
[2025-01-21T23:59:31.838+0000] {processor.py:186} INFO - Started process (PID=247) to work on /home/airflow/.local/lib/python3.12/site-packages/airflow/example_dags/example_branch_python_dop_operator_3.py
[2025-01-21T23:59:31.841+0000] {processor.py:914} INFO - Processing file /home/airflow/.local/lib/python3.12/site-packages/airflow/example_dags/example_branch_python_dop_operator_3.py for tasks to queue
[2025-01-21T23:59:31.852+0000] {logging_mixin.py:190} INFO - [2025-01-21T23:59:31.851+0000] {dagbag.py:588} INFO - Filling up the DagBag from /home/airflow/.local/lib/python3.12/site-packages/airflow/example_dags/example_branch_python_dop_operator_3.py
[2025-01-21T23:59:31.890+0000] {processor.py:925} INFO - DAG(s) 'example_branch_dop_operator_v3' retrieved from /home/airflow/.local/lib/python3.12/site-packages/airflow/example_dags/example_branch_python_dop_operator_3.py
[2025-01-21T23:59:31.954+0000] {logging_mixin.py:190} INFO - [2025-01-21T23:59:31.953+0000] {dag.py:3239} INFO - Sync 1 DAGs
[2025-01-21T23:59:32.050+0000] {logging_mixin.py:190} INFO - [2025-01-21T23:59:32.050+0000] {dag.py:4180} INFO - Setting next_dagrun for example_branch_dop_operator_v3 to 2025-01-21 23:58:00+00:00, run_after=2025-01-21 23:59:00+00:00
[2025-01-21T23:59:32.113+0000] {processor.py:208} INFO - Processing /home/airflow/.local/lib/python3.12/site-packages/airflow/example_dags/example_branch_python_dop_operator_3.py took 0.283 seconds
