[2025-01-21T01:32:25.597+0000] {processor.py:186} INFO - Started process (PID=67) to work on /home/airflow/.local/lib/python3.12/site-packages/airflow/example_dags/example_skip_dag.py
[2025-01-21T01:32:25.599+0000] {processor.py:914} INFO - Processing file /home/airflow/.local/lib/python3.12/site-packages/airflow/example_dags/example_skip_dag.py for tasks to queue
[2025-01-21T01:32:25.607+0000] {logging_mixin.py:190} INFO - [2025-01-21T01:32:25.606+0000] {dagbag.py:588} INFO - Filling up the DagBag from /home/airflow/.local/lib/python3.12/site-packages/airflow/example_dags/example_skip_dag.py
[2025-01-21T01:32:25.626+0000] {processor.py:925} INFO - DAG(s) 'example_skip_dag' retrieved from /home/airflow/.local/lib/python3.12/site-packages/airflow/example_dags/example_skip_dag.py
[2025-01-21T01:32:25.822+0000] {logging_mixin.py:190} INFO - [2025-01-21T01:32:25.820+0000] {override.py:1911} INFO - Created Permission View: can edit on DAG:example_skip_dag
[2025-01-21T01:32:25.836+0000] {logging_mixin.py:190} INFO - [2025-01-21T01:32:25.835+0000] {override.py:1911} INFO - Created Permission View: can delete on DAG:example_skip_dag
[2025-01-21T01:32:25.846+0000] {logging_mixin.py:190} INFO - [2025-01-21T01:32:25.845+0000] {override.py:1911} INFO - Created Permission View: can read on DAG:example_skip_dag
[2025-01-21T01:32:25.856+0000] {logging_mixin.py:190} INFO - [2025-01-21T01:32:25.856+0000] {override.py:1911} INFO - Created Permission View: can delete on DAG Run:example_skip_dag
[2025-01-21T01:32:25.864+0000] {logging_mixin.py:190} INFO - [2025-01-21T01:32:25.864+0000] {override.py:1911} INFO - Created Permission View: can create on DAG Run:example_skip_dag
[2025-01-21T01:32:25.873+0000] {logging_mixin.py:190} INFO - [2025-01-21T01:32:25.873+0000] {override.py:1911} INFO - Created Permission View: menu access on DAG Run:example_skip_dag
[2025-01-21T01:32:25.883+0000] {logging_mixin.py:190} INFO - [2025-01-21T01:32:25.883+0000] {override.py:1911} INFO - Created Permission View: can read on DAG Run:example_skip_dag
[2025-01-21T01:32:25.884+0000] {logging_mixin.py:190} INFO - [2025-01-21T01:32:25.884+0000] {dag.py:3239} INFO - Sync 1 DAGs
[2025-01-21T01:32:25.901+0000] {logging_mixin.py:190} INFO - [2025-01-21T01:32:25.901+0000] {dag.py:3262} INFO - Creating ORM DAG for example_skip_dag
[2025-01-21T01:32:25.916+0000] {logging_mixin.py:190} INFO - [2025-01-21T01:32:25.916+0000] {dag.py:4180} INFO - Setting next_dagrun for example_skip_dag to 2025-01-20 00:00:00+00:00, run_after=2025-01-21 00:00:00+00:00
[2025-01-21T01:32:25.936+0000] {processor.py:208} INFO - Processing /home/airflow/.local/lib/python3.12/site-packages/airflow/example_dags/example_skip_dag.py took 0.346 seconds
[2025-01-21T01:32:56.398+0000] {processor.py:186} INFO - Started process (PID=131) to work on /home/airflow/.local/lib/python3.12/site-packages/airflow/example_dags/example_skip_dag.py
[2025-01-21T01:32:56.399+0000] {processor.py:914} INFO - Processing file /home/airflow/.local/lib/python3.12/site-packages/airflow/example_dags/example_skip_dag.py for tasks to queue
[2025-01-21T01:32:56.402+0000] {logging_mixin.py:190} INFO - [2025-01-21T01:32:56.402+0000] {dagbag.py:588} INFO - Filling up the DagBag from /home/airflow/.local/lib/python3.12/site-packages/airflow/example_dags/example_skip_dag.py
[2025-01-21T01:32:56.412+0000] {processor.py:925} INFO - DAG(s) 'example_skip_dag' retrieved from /home/airflow/.local/lib/python3.12/site-packages/airflow/example_dags/example_skip_dag.py
[2025-01-21T01:32:56.435+0000] {logging_mixin.py:190} INFO - [2025-01-21T01:32:56.434+0000] {dag.py:3239} INFO - Sync 1 DAGs
[2025-01-21T01:32:56.470+0000] {logging_mixin.py:190} INFO - [2025-01-21T01:32:56.470+0000] {dag.py:4180} INFO - Setting next_dagrun for example_skip_dag to 2025-01-20 00:00:00+00:00, run_after=2025-01-21 00:00:00+00:00
[2025-01-21T01:32:56.492+0000] {processor.py:208} INFO - Processing /home/airflow/.local/lib/python3.12/site-packages/airflow/example_dags/example_skip_dag.py took 0.098 seconds
[2025-01-21T01:33:27.450+0000] {processor.py:186} INFO - Started process (PID=194) to work on /home/airflow/.local/lib/python3.12/site-packages/airflow/example_dags/example_skip_dag.py
[2025-01-21T01:33:27.451+0000] {processor.py:914} INFO - Processing file /home/airflow/.local/lib/python3.12/site-packages/airflow/example_dags/example_skip_dag.py for tasks to queue
[2025-01-21T01:33:27.454+0000] {logging_mixin.py:190} INFO - [2025-01-21T01:33:27.454+0000] {dagbag.py:588} INFO - Filling up the DagBag from /home/airflow/.local/lib/python3.12/site-packages/airflow/example_dags/example_skip_dag.py
[2025-01-21T01:33:27.463+0000] {processor.py:925} INFO - DAG(s) 'example_skip_dag' retrieved from /home/airflow/.local/lib/python3.12/site-packages/airflow/example_dags/example_skip_dag.py
[2025-01-21T01:33:27.486+0000] {logging_mixin.py:190} INFO - [2025-01-21T01:33:27.486+0000] {dag.py:3239} INFO - Sync 1 DAGs
[2025-01-21T01:33:27.511+0000] {logging_mixin.py:190} INFO - [2025-01-21T01:33:27.511+0000] {dag.py:4180} INFO - Setting next_dagrun for example_skip_dag to 2025-01-20 00:00:00+00:00, run_after=2025-01-21 00:00:00+00:00
[2025-01-21T01:33:27.533+0000] {processor.py:208} INFO - Processing /home/airflow/.local/lib/python3.12/site-packages/airflow/example_dags/example_skip_dag.py took 0.090 seconds
[2025-01-21T01:33:58.387+0000] {processor.py:186} INFO - Started process (PID=257) to work on /home/airflow/.local/lib/python3.12/site-packages/airflow/example_dags/example_skip_dag.py
[2025-01-21T01:33:58.389+0000] {processor.py:914} INFO - Processing file /home/airflow/.local/lib/python3.12/site-packages/airflow/example_dags/example_skip_dag.py for tasks to queue
[2025-01-21T01:33:58.391+0000] {logging_mixin.py:190} INFO - [2025-01-21T01:33:58.391+0000] {dagbag.py:588} INFO - Filling up the DagBag from /home/airflow/.local/lib/python3.12/site-packages/airflow/example_dags/example_skip_dag.py
[2025-01-21T01:33:58.399+0000] {processor.py:925} INFO - DAG(s) 'example_skip_dag' retrieved from /home/airflow/.local/lib/python3.12/site-packages/airflow/example_dags/example_skip_dag.py
[2025-01-21T01:33:58.423+0000] {logging_mixin.py:190} INFO - [2025-01-21T01:33:58.423+0000] {dag.py:3239} INFO - Sync 1 DAGs
[2025-01-21T01:33:58.452+0000] {logging_mixin.py:190} INFO - [2025-01-21T01:33:58.451+0000] {dag.py:4180} INFO - Setting next_dagrun for example_skip_dag to 2025-01-20 00:00:00+00:00, run_after=2025-01-21 00:00:00+00:00
[2025-01-21T01:33:58.470+0000] {processor.py:208} INFO - Processing /home/airflow/.local/lib/python3.12/site-packages/airflow/example_dags/example_skip_dag.py took 0.089 seconds
[2025-01-21T01:34:29.319+0000] {processor.py:186} INFO - Started process (PID=320) to work on /home/airflow/.local/lib/python3.12/site-packages/airflow/example_dags/example_skip_dag.py
[2025-01-21T01:34:29.320+0000] {processor.py:914} INFO - Processing file /home/airflow/.local/lib/python3.12/site-packages/airflow/example_dags/example_skip_dag.py for tasks to queue
[2025-01-21T01:34:29.323+0000] {logging_mixin.py:190} INFO - [2025-01-21T01:34:29.322+0000] {dagbag.py:588} INFO - Filling up the DagBag from /home/airflow/.local/lib/python3.12/site-packages/airflow/example_dags/example_skip_dag.py
[2025-01-21T01:34:29.334+0000] {processor.py:925} INFO - DAG(s) 'example_skip_dag' retrieved from /home/airflow/.local/lib/python3.12/site-packages/airflow/example_dags/example_skip_dag.py
[2025-01-21T01:34:29.356+0000] {logging_mixin.py:190} INFO - [2025-01-21T01:34:29.355+0000] {dag.py:3239} INFO - Sync 1 DAGs
[2025-01-21T01:34:29.379+0000] {logging_mixin.py:190} INFO - [2025-01-21T01:34:29.379+0000] {dag.py:4180} INFO - Setting next_dagrun for example_skip_dag to 2025-01-20 00:00:00+00:00, run_after=2025-01-21 00:00:00+00:00
[2025-01-21T01:34:29.397+0000] {processor.py:208} INFO - Processing /home/airflow/.local/lib/python3.12/site-packages/airflow/example_dags/example_skip_dag.py took 0.087 seconds
[2025-01-21T01:35:00.150+0000] {processor.py:186} INFO - Started process (PID=383) to work on /home/airflow/.local/lib/python3.12/site-packages/airflow/example_dags/example_skip_dag.py
[2025-01-21T01:35:00.151+0000] {processor.py:914} INFO - Processing file /home/airflow/.local/lib/python3.12/site-packages/airflow/example_dags/example_skip_dag.py for tasks to queue
[2025-01-21T01:35:00.154+0000] {logging_mixin.py:190} INFO - [2025-01-21T01:35:00.153+0000] {dagbag.py:588} INFO - Filling up the DagBag from /home/airflow/.local/lib/python3.12/site-packages/airflow/example_dags/example_skip_dag.py
[2025-01-21T01:35:00.162+0000] {processor.py:925} INFO - DAG(s) 'example_skip_dag' retrieved from /home/airflow/.local/lib/python3.12/site-packages/airflow/example_dags/example_skip_dag.py
[2025-01-21T01:35:00.186+0000] {logging_mixin.py:190} INFO - [2025-01-21T01:35:00.185+0000] {dag.py:3239} INFO - Sync 1 DAGs
[2025-01-21T01:35:00.222+0000] {logging_mixin.py:190} INFO - [2025-01-21T01:35:00.222+0000] {dag.py:4180} INFO - Setting next_dagrun for example_skip_dag to 2025-01-20 00:00:00+00:00, run_after=2025-01-21 00:00:00+00:00
[2025-01-21T01:35:00.244+0000] {processor.py:208} INFO - Processing /home/airflow/.local/lib/python3.12/site-packages/airflow/example_dags/example_skip_dag.py took 0.100 seconds
[2025-01-21T01:35:31.261+0000] {processor.py:186} INFO - Started process (PID=446) to work on /home/airflow/.local/lib/python3.12/site-packages/airflow/example_dags/example_skip_dag.py
[2025-01-21T01:35:31.263+0000] {processor.py:914} INFO - Processing file /home/airflow/.local/lib/python3.12/site-packages/airflow/example_dags/example_skip_dag.py for tasks to queue
[2025-01-21T01:35:31.267+0000] {logging_mixin.py:190} INFO - [2025-01-21T01:35:31.266+0000] {dagbag.py:588} INFO - Filling up the DagBag from /home/airflow/.local/lib/python3.12/site-packages/airflow/example_dags/example_skip_dag.py
[2025-01-21T01:35:31.281+0000] {processor.py:925} INFO - DAG(s) 'example_skip_dag' retrieved from /home/airflow/.local/lib/python3.12/site-packages/airflow/example_dags/example_skip_dag.py
[2025-01-21T01:35:31.319+0000] {logging_mixin.py:190} INFO - [2025-01-21T01:35:31.318+0000] {dag.py:3239} INFO - Sync 1 DAGs
[2025-01-21T01:35:31.365+0000] {logging_mixin.py:190} INFO - [2025-01-21T01:35:31.365+0000] {dag.py:4180} INFO - Setting next_dagrun for example_skip_dag to 2025-01-20 00:00:00+00:00, run_after=2025-01-21 00:00:00+00:00
[2025-01-21T01:35:31.402+0000] {processor.py:208} INFO - Processing /home/airflow/.local/lib/python3.12/site-packages/airflow/example_dags/example_skip_dag.py took 0.153 seconds
[2025-01-21T01:36:02.100+0000] {processor.py:186} INFO - Started process (PID=509) to work on /home/airflow/.local/lib/python3.12/site-packages/airflow/example_dags/example_skip_dag.py
[2025-01-21T01:36:02.102+0000] {processor.py:914} INFO - Processing file /home/airflow/.local/lib/python3.12/site-packages/airflow/example_dags/example_skip_dag.py for tasks to queue
[2025-01-21T01:36:02.104+0000] {logging_mixin.py:190} INFO - [2025-01-21T01:36:02.104+0000] {dagbag.py:588} INFO - Filling up the DagBag from /home/airflow/.local/lib/python3.12/site-packages/airflow/example_dags/example_skip_dag.py
[2025-01-21T01:36:02.117+0000] {processor.py:925} INFO - DAG(s) 'example_skip_dag' retrieved from /home/airflow/.local/lib/python3.12/site-packages/airflow/example_dags/example_skip_dag.py
[2025-01-21T01:36:02.154+0000] {logging_mixin.py:190} INFO - [2025-01-21T01:36:02.154+0000] {dag.py:3239} INFO - Sync 1 DAGs
[2025-01-21T01:36:02.182+0000] {logging_mixin.py:190} INFO - [2025-01-21T01:36:02.181+0000] {dag.py:4180} INFO - Setting next_dagrun for example_skip_dag to 2025-01-20 00:00:00+00:00, run_after=2025-01-21 00:00:00+00:00
[2025-01-21T01:36:02.205+0000] {processor.py:208} INFO - Processing /home/airflow/.local/lib/python3.12/site-packages/airflow/example_dags/example_skip_dag.py took 0.113 seconds
[2025-01-21T01:36:34.022+0000] {processor.py:186} INFO - Started process (PID=572) to work on /home/airflow/.local/lib/python3.12/site-packages/airflow/example_dags/example_skip_dag.py
[2025-01-21T01:36:34.023+0000] {processor.py:914} INFO - Processing file /home/airflow/.local/lib/python3.12/site-packages/airflow/example_dags/example_skip_dag.py for tasks to queue
[2025-01-21T01:36:34.026+0000] {logging_mixin.py:190} INFO - [2025-01-21T01:36:34.025+0000] {dagbag.py:588} INFO - Filling up the DagBag from /home/airflow/.local/lib/python3.12/site-packages/airflow/example_dags/example_skip_dag.py
[2025-01-21T01:36:34.034+0000] {processor.py:925} INFO - DAG(s) 'example_skip_dag' retrieved from /home/airflow/.local/lib/python3.12/site-packages/airflow/example_dags/example_skip_dag.py
[2025-01-21T01:36:34.059+0000] {logging_mixin.py:190} INFO - [2025-01-21T01:36:34.059+0000] {dag.py:3239} INFO - Sync 1 DAGs
[2025-01-21T01:36:34.091+0000] {logging_mixin.py:190} INFO - [2025-01-21T01:36:34.091+0000] {dag.py:4180} INFO - Setting next_dagrun for example_skip_dag to 2025-01-20 00:00:00+00:00, run_after=2025-01-21 00:00:00+00:00
[2025-01-21T01:36:34.124+0000] {processor.py:208} INFO - Processing /home/airflow/.local/lib/python3.12/site-packages/airflow/example_dags/example_skip_dag.py took 0.109 seconds
[2025-01-21T01:37:05.715+0000] {processor.py:186} INFO - Started process (PID=640) to work on /home/airflow/.local/lib/python3.12/site-packages/airflow/example_dags/example_skip_dag.py
[2025-01-21T01:37:05.716+0000] {processor.py:914} INFO - Processing file /home/airflow/.local/lib/python3.12/site-packages/airflow/example_dags/example_skip_dag.py for tasks to queue
[2025-01-21T01:37:05.731+0000] {logging_mixin.py:190} INFO - [2025-01-21T01:37:05.721+0000] {dagbag.py:588} INFO - Filling up the DagBag from /home/airflow/.local/lib/python3.12/site-packages/airflow/example_dags/example_skip_dag.py
[2025-01-21T01:37:05.753+0000] {processor.py:925} INFO - DAG(s) 'example_skip_dag' retrieved from /home/airflow/.local/lib/python3.12/site-packages/airflow/example_dags/example_skip_dag.py
[2025-01-21T01:37:05.826+0000] {logging_mixin.py:190} INFO - [2025-01-21T01:37:05.826+0000] {dag.py:3239} INFO - Sync 1 DAGs
[2025-01-21T01:37:05.882+0000] {logging_mixin.py:190} INFO - [2025-01-21T01:37:05.882+0000] {dag.py:4180} INFO - Setting next_dagrun for example_skip_dag to 2025-01-20 00:00:00+00:00, run_after=2025-01-21 00:00:00+00:00
[2025-01-21T01:37:05.905+0000] {processor.py:208} INFO - Processing /home/airflow/.local/lib/python3.12/site-packages/airflow/example_dags/example_skip_dag.py took 0.200 seconds
[2025-01-21T01:37:36.866+0000] {processor.py:186} INFO - Started process (PID=702) to work on /home/airflow/.local/lib/python3.12/site-packages/airflow/example_dags/example_skip_dag.py
[2025-01-21T01:37:36.868+0000] {processor.py:914} INFO - Processing file /home/airflow/.local/lib/python3.12/site-packages/airflow/example_dags/example_skip_dag.py for tasks to queue
[2025-01-21T01:37:36.873+0000] {logging_mixin.py:190} INFO - [2025-01-21T01:37:36.873+0000] {dagbag.py:588} INFO - Filling up the DagBag from /home/airflow/.local/lib/python3.12/site-packages/airflow/example_dags/example_skip_dag.py
[2025-01-21T01:37:36.883+0000] {processor.py:925} INFO - DAG(s) 'example_skip_dag' retrieved from /home/airflow/.local/lib/python3.12/site-packages/airflow/example_dags/example_skip_dag.py
[2025-01-21T01:37:36.923+0000] {logging_mixin.py:190} INFO - [2025-01-21T01:37:36.923+0000] {dag.py:3239} INFO - Sync 1 DAGs
[2025-01-21T01:37:36.953+0000] {logging_mixin.py:190} INFO - [2025-01-21T01:37:36.952+0000] {dag.py:4180} INFO - Setting next_dagrun for example_skip_dag to 2025-01-20 00:00:00+00:00, run_after=2025-01-21 00:00:00+00:00
[2025-01-21T01:37:36.988+0000] {processor.py:208} INFO - Processing /home/airflow/.local/lib/python3.12/site-packages/airflow/example_dags/example_skip_dag.py took 0.129 seconds
[2025-01-21T23:57:52.010+0000] {processor.py:186} INFO - Started process (PID=67) to work on /home/airflow/.local/lib/python3.12/site-packages/airflow/example_dags/example_skip_dag.py
[2025-01-21T23:57:52.012+0000] {processor.py:914} INFO - Processing file /home/airflow/.local/lib/python3.12/site-packages/airflow/example_dags/example_skip_dag.py for tasks to queue
[2025-01-21T23:57:52.015+0000] {logging_mixin.py:190} INFO - [2025-01-21T23:57:52.014+0000] {dagbag.py:588} INFO - Filling up the DagBag from /home/airflow/.local/lib/python3.12/site-packages/airflow/example_dags/example_skip_dag.py
[2025-01-21T23:57:52.025+0000] {processor.py:925} INFO - DAG(s) 'example_skip_dag' retrieved from /home/airflow/.local/lib/python3.12/site-packages/airflow/example_dags/example_skip_dag.py
[2025-01-21T23:57:52.049+0000] {logging_mixin.py:190} INFO - [2025-01-21T23:57:52.049+0000] {dag.py:3239} INFO - Sync 1 DAGs
[2025-01-21T23:57:52.087+0000] {logging_mixin.py:190} INFO - [2025-01-21T23:57:52.086+0000] {dag.py:4180} INFO - Setting next_dagrun for example_skip_dag to 2025-01-20 00:00:00+00:00, run_after=2025-01-21 00:00:00+00:00
[2025-01-21T23:57:52.161+0000] {processor.py:208} INFO - Processing /home/airflow/.local/lib/python3.12/site-packages/airflow/example_dags/example_skip_dag.py took 0.157 seconds
[2025-01-21T23:58:28.903+0000] {processor.py:186} INFO - Started process (PID=130) to work on /home/airflow/.local/lib/python3.12/site-packages/airflow/example_dags/example_skip_dag.py
[2025-01-21T23:58:28.905+0000] {processor.py:914} INFO - Processing file /home/airflow/.local/lib/python3.12/site-packages/airflow/example_dags/example_skip_dag.py for tasks to queue
[2025-01-21T23:58:28.908+0000] {logging_mixin.py:190} INFO - [2025-01-21T23:58:28.908+0000] {dagbag.py:588} INFO - Filling up the DagBag from /home/airflow/.local/lib/python3.12/site-packages/airflow/example_dags/example_skip_dag.py
[2025-01-21T23:58:28.921+0000] {processor.py:925} INFO - DAG(s) 'example_skip_dag' retrieved from /home/airflow/.local/lib/python3.12/site-packages/airflow/example_dags/example_skip_dag.py
[2025-01-21T23:58:28.968+0000] {logging_mixin.py:190} INFO - [2025-01-21T23:58:28.964+0000] {dag.py:3239} INFO - Sync 1 DAGs
[2025-01-21T23:58:29.013+0000] {logging_mixin.py:190} INFO - [2025-01-21T23:58:29.013+0000] {dag.py:4180} INFO - Setting next_dagrun for example_skip_dag to 2025-01-20 00:00:00+00:00, run_after=2025-01-21 00:00:00+00:00
[2025-01-21T23:58:29.053+0000] {processor.py:208} INFO - Processing /home/airflow/.local/lib/python3.12/site-packages/airflow/example_dags/example_skip_dag.py took 0.159 seconds
[2025-01-21T23:59:00.063+0000] {processor.py:186} INFO - Started process (PID=193) to work on /home/airflow/.local/lib/python3.12/site-packages/airflow/example_dags/example_skip_dag.py
[2025-01-21T23:59:00.064+0000] {processor.py:914} INFO - Processing file /home/airflow/.local/lib/python3.12/site-packages/airflow/example_dags/example_skip_dag.py for tasks to queue
[2025-01-21T23:59:00.067+0000] {logging_mixin.py:190} INFO - [2025-01-21T23:59:00.067+0000] {dagbag.py:588} INFO - Filling up the DagBag from /home/airflow/.local/lib/python3.12/site-packages/airflow/example_dags/example_skip_dag.py
[2025-01-21T23:59:00.084+0000] {processor.py:925} INFO - DAG(s) 'example_skip_dag' retrieved from /home/airflow/.local/lib/python3.12/site-packages/airflow/example_dags/example_skip_dag.py
[2025-01-21T23:59:00.114+0000] {logging_mixin.py:190} INFO - [2025-01-21T23:59:00.113+0000] {dag.py:3239} INFO - Sync 1 DAGs
[2025-01-21T23:59:00.179+0000] {logging_mixin.py:190} INFO - [2025-01-21T23:59:00.179+0000] {dag.py:4180} INFO - Setting next_dagrun for example_skip_dag to 2025-01-20 00:00:00+00:00, run_after=2025-01-21 00:00:00+00:00
[2025-01-21T23:59:00.226+0000] {processor.py:208} INFO - Processing /home/airflow/.local/lib/python3.12/site-packages/airflow/example_dags/example_skip_dag.py took 0.171 seconds
[2025-01-21T23:59:33.694+0000] {processor.py:186} INFO - Started process (PID=256) to work on /home/airflow/.local/lib/python3.12/site-packages/airflow/example_dags/example_skip_dag.py
[2025-01-21T23:59:33.696+0000] {processor.py:914} INFO - Processing file /home/airflow/.local/lib/python3.12/site-packages/airflow/example_dags/example_skip_dag.py for tasks to queue
[2025-01-21T23:59:33.714+0000] {logging_mixin.py:190} INFO - [2025-01-21T23:59:33.714+0000] {dagbag.py:588} INFO - Filling up the DagBag from /home/airflow/.local/lib/python3.12/site-packages/airflow/example_dags/example_skip_dag.py
[2025-01-21T23:59:33.735+0000] {processor.py:925} INFO - DAG(s) 'example_skip_dag' retrieved from /home/airflow/.local/lib/python3.12/site-packages/airflow/example_dags/example_skip_dag.py
[2025-01-21T23:59:33.799+0000] {logging_mixin.py:190} INFO - [2025-01-21T23:59:33.799+0000] {dag.py:3239} INFO - Sync 1 DAGs
[2025-01-21T23:59:33.878+0000] {logging_mixin.py:190} INFO - [2025-01-21T23:59:33.878+0000] {dag.py:4180} INFO - Setting next_dagrun for example_skip_dag to 2025-01-20 00:00:00+00:00, run_after=2025-01-21 00:00:00+00:00
[2025-01-21T23:59:33.935+0000] {processor.py:208} INFO - Processing /home/airflow/.local/lib/python3.12/site-packages/airflow/example_dags/example_skip_dag.py took 0.257 seconds
