[2025-01-21T01:32:26.617+0000] {processor.py:186} INFO - Started process (PID=72) to work on /home/airflow/.local/lib/python3.12/site-packages/airflow/example_dags/example_bash_operator.py
[2025-01-21T01:32:26.618+0000] {processor.py:914} INFO - Processing file /home/airflow/.local/lib/python3.12/site-packages/airflow/example_dags/example_bash_operator.py for tasks to queue
[2025-01-21T01:32:26.621+0000] {logging_mixin.py:190} INFO - [2025-01-21T01:32:26.621+0000] {dagbag.py:588} INFO - Filling up the DagBag from /home/airflow/.local/lib/python3.12/site-packages/airflow/example_dags/example_bash_operator.py
[2025-01-21T01:32:26.639+0000] {processor.py:925} INFO - DAG(s) 'example_bash_operator' retrieved from /home/airflow/.local/lib/python3.12/site-packages/airflow/example_dags/example_bash_operator.py
[2025-01-21T01:32:26.788+0000] {logging_mixin.py:190} INFO - [2025-01-21T01:32:26.788+0000] {override.py:1911} INFO - Created Permission View: can edit on DAG:example_bash_operator
[2025-01-21T01:32:26.809+0000] {logging_mixin.py:190} INFO - [2025-01-21T01:32:26.809+0000] {override.py:1911} INFO - Created Permission View: can delete on DAG:example_bash_operator
[2025-01-21T01:32:26.820+0000] {logging_mixin.py:190} INFO - [2025-01-21T01:32:26.819+0000] {override.py:1911} INFO - Created Permission View: can read on DAG:example_bash_operator
[2025-01-21T01:32:26.831+0000] {logging_mixin.py:190} INFO - [2025-01-21T01:32:26.831+0000] {override.py:1911} INFO - Created Permission View: can delete on DAG Run:example_bash_operator
[2025-01-21T01:32:26.839+0000] {logging_mixin.py:190} INFO - [2025-01-21T01:32:26.839+0000] {override.py:1911} INFO - Created Permission View: can create on DAG Run:example_bash_operator
[2025-01-21T01:32:26.849+0000] {logging_mixin.py:190} INFO - [2025-01-21T01:32:26.848+0000] {override.py:1911} INFO - Created Permission View: menu access on DAG Run:example_bash_operator
[2025-01-21T01:32:26.861+0000] {logging_mixin.py:190} INFO - [2025-01-21T01:32:26.860+0000] {override.py:1911} INFO - Created Permission View: can read on DAG Run:example_bash_operator
[2025-01-21T01:32:26.862+0000] {logging_mixin.py:190} INFO - [2025-01-21T01:32:26.861+0000] {dag.py:3239} INFO - Sync 1 DAGs
[2025-01-21T01:32:26.880+0000] {logging_mixin.py:190} INFO - [2025-01-21T01:32:26.880+0000] {dag.py:3262} INFO - Creating ORM DAG for example_bash_operator
[2025-01-21T01:32:26.895+0000] {logging_mixin.py:190} INFO - [2025-01-21T01:32:26.895+0000] {dag.py:4180} INFO - Setting next_dagrun for example_bash_operator to 2025-01-20 00:00:00+00:00, run_after=2025-01-21 00:00:00+00:00
[2025-01-21T01:32:26.919+0000] {processor.py:208} INFO - Processing /home/airflow/.local/lib/python3.12/site-packages/airflow/example_dags/example_bash_operator.py took 0.309 seconds
[2025-01-21T01:32:57.824+0000] {processor.py:186} INFO - Started process (PID=136) to work on /home/airflow/.local/lib/python3.12/site-packages/airflow/example_dags/example_bash_operator.py
[2025-01-21T01:32:57.825+0000] {processor.py:914} INFO - Processing file /home/airflow/.local/lib/python3.12/site-packages/airflow/example_dags/example_bash_operator.py for tasks to queue
[2025-01-21T01:32:57.828+0000] {logging_mixin.py:190} INFO - [2025-01-21T01:32:57.827+0000] {dagbag.py:588} INFO - Filling up the DagBag from /home/airflow/.local/lib/python3.12/site-packages/airflow/example_dags/example_bash_operator.py
[2025-01-21T01:32:57.841+0000] {processor.py:925} INFO - DAG(s) 'example_bash_operator' retrieved from /home/airflow/.local/lib/python3.12/site-packages/airflow/example_dags/example_bash_operator.py
[2025-01-21T01:32:57.866+0000] {logging_mixin.py:190} INFO - [2025-01-21T01:32:57.865+0000] {dag.py:3239} INFO - Sync 1 DAGs
[2025-01-21T01:32:57.892+0000] {logging_mixin.py:190} INFO - [2025-01-21T01:32:57.891+0000] {dag.py:4180} INFO - Setting next_dagrun for example_bash_operator to 2025-01-20 00:00:00+00:00, run_after=2025-01-21 00:00:00+00:00
[2025-01-21T01:32:57.914+0000] {processor.py:208} INFO - Processing /home/airflow/.local/lib/python3.12/site-packages/airflow/example_dags/example_bash_operator.py took 0.098 seconds
[2025-01-21T01:33:28.029+0000] {processor.py:186} INFO - Started process (PID=199) to work on /home/airflow/.local/lib/python3.12/site-packages/airflow/example_dags/example_bash_operator.py
[2025-01-21T01:33:28.030+0000] {processor.py:914} INFO - Processing file /home/airflow/.local/lib/python3.12/site-packages/airflow/example_dags/example_bash_operator.py for tasks to queue
[2025-01-21T01:33:28.032+0000] {logging_mixin.py:190} INFO - [2025-01-21T01:33:28.032+0000] {dagbag.py:588} INFO - Filling up the DagBag from /home/airflow/.local/lib/python3.12/site-packages/airflow/example_dags/example_bash_operator.py
[2025-01-21T01:33:28.045+0000] {processor.py:925} INFO - DAG(s) 'example_bash_operator' retrieved from /home/airflow/.local/lib/python3.12/site-packages/airflow/example_dags/example_bash_operator.py
[2025-01-21T01:33:28.071+0000] {logging_mixin.py:190} INFO - [2025-01-21T01:33:28.070+0000] {dag.py:3239} INFO - Sync 1 DAGs
[2025-01-21T01:33:28.093+0000] {logging_mixin.py:190} INFO - [2025-01-21T01:33:28.093+0000] {dag.py:4180} INFO - Setting next_dagrun for example_bash_operator to 2025-01-20 00:00:00+00:00, run_after=2025-01-21 00:00:00+00:00
[2025-01-21T01:33:28.116+0000] {processor.py:208} INFO - Processing /home/airflow/.local/lib/python3.12/site-packages/airflow/example_dags/example_bash_operator.py took 0.093 seconds
[2025-01-21T01:33:58.773+0000] {processor.py:186} INFO - Started process (PID=262) to work on /home/airflow/.local/lib/python3.12/site-packages/airflow/example_dags/example_bash_operator.py
[2025-01-21T01:33:58.774+0000] {processor.py:914} INFO - Processing file /home/airflow/.local/lib/python3.12/site-packages/airflow/example_dags/example_bash_operator.py for tasks to queue
[2025-01-21T01:33:58.777+0000] {logging_mixin.py:190} INFO - [2025-01-21T01:33:58.776+0000] {dagbag.py:588} INFO - Filling up the DagBag from /home/airflow/.local/lib/python3.12/site-packages/airflow/example_dags/example_bash_operator.py
[2025-01-21T01:33:58.792+0000] {processor.py:925} INFO - DAG(s) 'example_bash_operator' retrieved from /home/airflow/.local/lib/python3.12/site-packages/airflow/example_dags/example_bash_operator.py
[2025-01-21T01:33:58.820+0000] {logging_mixin.py:190} INFO - [2025-01-21T01:33:58.820+0000] {dag.py:3239} INFO - Sync 1 DAGs
[2025-01-21T01:33:58.844+0000] {logging_mixin.py:190} INFO - [2025-01-21T01:33:58.844+0000] {dag.py:4180} INFO - Setting next_dagrun for example_bash_operator to 2025-01-20 00:00:00+00:00, run_after=2025-01-21 00:00:00+00:00
[2025-01-21T01:33:58.868+0000] {processor.py:208} INFO - Processing /home/airflow/.local/lib/python3.12/site-packages/airflow/example_dags/example_bash_operator.py took 0.101 seconds
[2025-01-21T01:34:29.655+0000] {processor.py:186} INFO - Started process (PID=325) to work on /home/airflow/.local/lib/python3.12/site-packages/airflow/example_dags/example_bash_operator.py
[2025-01-21T01:34:29.656+0000] {processor.py:914} INFO - Processing file /home/airflow/.local/lib/python3.12/site-packages/airflow/example_dags/example_bash_operator.py for tasks to queue
[2025-01-21T01:34:29.658+0000] {logging_mixin.py:190} INFO - [2025-01-21T01:34:29.658+0000] {dagbag.py:588} INFO - Filling up the DagBag from /home/airflow/.local/lib/python3.12/site-packages/airflow/example_dags/example_bash_operator.py
[2025-01-21T01:34:29.670+0000] {processor.py:925} INFO - DAG(s) 'example_bash_operator' retrieved from /home/airflow/.local/lib/python3.12/site-packages/airflow/example_dags/example_bash_operator.py
[2025-01-21T01:34:29.695+0000] {logging_mixin.py:190} INFO - [2025-01-21T01:34:29.695+0000] {dag.py:3239} INFO - Sync 1 DAGs
[2025-01-21T01:34:29.720+0000] {logging_mixin.py:190} INFO - [2025-01-21T01:34:29.719+0000] {dag.py:4180} INFO - Setting next_dagrun for example_bash_operator to 2025-01-20 00:00:00+00:00, run_after=2025-01-21 00:00:00+00:00
[2025-01-21T01:34:29.741+0000] {processor.py:208} INFO - Processing /home/airflow/.local/lib/python3.12/site-packages/airflow/example_dags/example_bash_operator.py took 0.092 seconds
[2025-01-21T01:35:00.543+0000] {processor.py:186} INFO - Started process (PID=388) to work on /home/airflow/.local/lib/python3.12/site-packages/airflow/example_dags/example_bash_operator.py
[2025-01-21T01:35:00.544+0000] {processor.py:914} INFO - Processing file /home/airflow/.local/lib/python3.12/site-packages/airflow/example_dags/example_bash_operator.py for tasks to queue
[2025-01-21T01:35:00.546+0000] {logging_mixin.py:190} INFO - [2025-01-21T01:35:00.546+0000] {dagbag.py:588} INFO - Filling up the DagBag from /home/airflow/.local/lib/python3.12/site-packages/airflow/example_dags/example_bash_operator.py
[2025-01-21T01:35:00.560+0000] {processor.py:925} INFO - DAG(s) 'example_bash_operator' retrieved from /home/airflow/.local/lib/python3.12/site-packages/airflow/example_dags/example_bash_operator.py
[2025-01-21T01:35:00.590+0000] {logging_mixin.py:190} INFO - [2025-01-21T01:35:00.590+0000] {dag.py:3239} INFO - Sync 1 DAGs
[2025-01-21T01:35:00.617+0000] {logging_mixin.py:190} INFO - [2025-01-21T01:35:00.616+0000] {dag.py:4180} INFO - Setting next_dagrun for example_bash_operator to 2025-01-20 00:00:00+00:00, run_after=2025-01-21 00:00:00+00:00
[2025-01-21T01:35:00.641+0000] {processor.py:208} INFO - Processing /home/airflow/.local/lib/python3.12/site-packages/airflow/example_dags/example_bash_operator.py took 0.105 seconds
[2025-01-21T01:35:31.805+0000] {processor.py:186} INFO - Started process (PID=451) to work on /home/airflow/.local/lib/python3.12/site-packages/airflow/example_dags/example_bash_operator.py
[2025-01-21T01:35:31.807+0000] {processor.py:914} INFO - Processing file /home/airflow/.local/lib/python3.12/site-packages/airflow/example_dags/example_bash_operator.py for tasks to queue
[2025-01-21T01:35:31.810+0000] {logging_mixin.py:190} INFO - [2025-01-21T01:35:31.809+0000] {dagbag.py:588} INFO - Filling up the DagBag from /home/airflow/.local/lib/python3.12/site-packages/airflow/example_dags/example_bash_operator.py
[2025-01-21T01:35:31.831+0000] {processor.py:925} INFO - DAG(s) 'example_bash_operator' retrieved from /home/airflow/.local/lib/python3.12/site-packages/airflow/example_dags/example_bash_operator.py
[2025-01-21T01:35:31.906+0000] {logging_mixin.py:190} INFO - [2025-01-21T01:35:31.906+0000] {dag.py:3239} INFO - Sync 1 DAGs
[2025-01-21T01:35:31.948+0000] {logging_mixin.py:190} INFO - [2025-01-21T01:35:31.948+0000] {dag.py:4180} INFO - Setting next_dagrun for example_bash_operator to 2025-01-20 00:00:00+00:00, run_after=2025-01-21 00:00:00+00:00
[2025-01-21T01:35:31.977+0000] {processor.py:208} INFO - Processing /home/airflow/.local/lib/python3.12/site-packages/airflow/example_dags/example_bash_operator.py took 0.179 seconds
[2025-01-21T01:36:02.448+0000] {processor.py:186} INFO - Started process (PID=514) to work on /home/airflow/.local/lib/python3.12/site-packages/airflow/example_dags/example_bash_operator.py
[2025-01-21T01:36:02.449+0000] {processor.py:914} INFO - Processing file /home/airflow/.local/lib/python3.12/site-packages/airflow/example_dags/example_bash_operator.py for tasks to queue
[2025-01-21T01:36:02.452+0000] {logging_mixin.py:190} INFO - [2025-01-21T01:36:02.452+0000] {dagbag.py:588} INFO - Filling up the DagBag from /home/airflow/.local/lib/python3.12/site-packages/airflow/example_dags/example_bash_operator.py
[2025-01-21T01:36:02.474+0000] {processor.py:925} INFO - DAG(s) 'example_bash_operator' retrieved from /home/airflow/.local/lib/python3.12/site-packages/airflow/example_dags/example_bash_operator.py
[2025-01-21T01:36:02.504+0000] {logging_mixin.py:190} INFO - [2025-01-21T01:36:02.504+0000] {dag.py:3239} INFO - Sync 1 DAGs
[2025-01-21T01:36:02.529+0000] {logging_mixin.py:190} INFO - [2025-01-21T01:36:02.529+0000] {dag.py:4180} INFO - Setting next_dagrun for example_bash_operator to 2025-01-20 00:00:00+00:00, run_after=2025-01-21 00:00:00+00:00
[2025-01-21T01:36:02.552+0000] {processor.py:208} INFO - Processing /home/airflow/.local/lib/python3.12/site-packages/airflow/example_dags/example_bash_operator.py took 0.112 seconds
[2025-01-21T01:36:34.493+0000] {processor.py:186} INFO - Started process (PID=577) to work on /home/airflow/.local/lib/python3.12/site-packages/airflow/example_dags/example_bash_operator.py
[2025-01-21T01:36:34.495+0000] {processor.py:914} INFO - Processing file /home/airflow/.local/lib/python3.12/site-packages/airflow/example_dags/example_bash_operator.py for tasks to queue
[2025-01-21T01:36:34.500+0000] {logging_mixin.py:190} INFO - [2025-01-21T01:36:34.499+0000] {dagbag.py:588} INFO - Filling up the DagBag from /home/airflow/.local/lib/python3.12/site-packages/airflow/example_dags/example_bash_operator.py
[2025-01-21T01:36:34.527+0000] {processor.py:925} INFO - DAG(s) 'example_bash_operator' retrieved from /home/airflow/.local/lib/python3.12/site-packages/airflow/example_dags/example_bash_operator.py
[2025-01-21T01:36:34.604+0000] {logging_mixin.py:190} INFO - [2025-01-21T01:36:34.604+0000] {dag.py:3239} INFO - Sync 1 DAGs
[2025-01-21T01:36:34.647+0000] {logging_mixin.py:190} INFO - [2025-01-21T01:36:34.647+0000] {dag.py:4180} INFO - Setting next_dagrun for example_bash_operator to 2025-01-20 00:00:00+00:00, run_after=2025-01-21 00:00:00+00:00
[2025-01-21T01:36:34.671+0000] {processor.py:208} INFO - Processing /home/airflow/.local/lib/python3.12/site-packages/airflow/example_dags/example_bash_operator.py took 0.185 seconds
[2025-01-21T01:37:06.117+0000] {processor.py:186} INFO - Started process (PID=644) to work on /home/airflow/.local/lib/python3.12/site-packages/airflow/example_dags/example_bash_operator.py
[2025-01-21T01:37:06.119+0000] {processor.py:914} INFO - Processing file /home/airflow/.local/lib/python3.12/site-packages/airflow/example_dags/example_bash_operator.py for tasks to queue
[2025-01-21T01:37:06.121+0000] {logging_mixin.py:190} INFO - [2025-01-21T01:37:06.121+0000] {dagbag.py:588} INFO - Filling up the DagBag from /home/airflow/.local/lib/python3.12/site-packages/airflow/example_dags/example_bash_operator.py
[2025-01-21T01:37:06.136+0000] {processor.py:925} INFO - DAG(s) 'example_bash_operator' retrieved from /home/airflow/.local/lib/python3.12/site-packages/airflow/example_dags/example_bash_operator.py
[2025-01-21T01:37:06.170+0000] {logging_mixin.py:190} INFO - [2025-01-21T01:37:06.169+0000] {dag.py:3239} INFO - Sync 1 DAGs
[2025-01-21T01:37:06.250+0000] {logging_mixin.py:190} INFO - [2025-01-21T01:37:06.249+0000] {dag.py:4180} INFO - Setting next_dagrun for example_bash_operator to 2025-01-20 00:00:00+00:00, run_after=2025-01-21 00:00:00+00:00
[2025-01-21T01:37:06.362+0000] {processor.py:208} INFO - Processing /home/airflow/.local/lib/python3.12/site-packages/airflow/example_dags/example_bash_operator.py took 0.251 seconds
[2025-01-21T01:37:37.246+0000] {processor.py:186} INFO - Started process (PID=707) to work on /home/airflow/.local/lib/python3.12/site-packages/airflow/example_dags/example_bash_operator.py
[2025-01-21T01:37:37.247+0000] {processor.py:914} INFO - Processing file /home/airflow/.local/lib/python3.12/site-packages/airflow/example_dags/example_bash_operator.py for tasks to queue
[2025-01-21T01:37:37.250+0000] {logging_mixin.py:190} INFO - [2025-01-21T01:37:37.250+0000] {dagbag.py:588} INFO - Filling up the DagBag from /home/airflow/.local/lib/python3.12/site-packages/airflow/example_dags/example_bash_operator.py
[2025-01-21T01:37:37.270+0000] {processor.py:925} INFO - DAG(s) 'example_bash_operator' retrieved from /home/airflow/.local/lib/python3.12/site-packages/airflow/example_dags/example_bash_operator.py
[2025-01-21T01:37:37.303+0000] {logging_mixin.py:190} INFO - [2025-01-21T01:37:37.303+0000] {dag.py:3239} INFO - Sync 1 DAGs
[2025-01-21T01:37:37.332+0000] {logging_mixin.py:190} INFO - [2025-01-21T01:37:37.332+0000] {dag.py:4180} INFO - Setting next_dagrun for example_bash_operator to 2025-01-20 00:00:00+00:00, run_after=2025-01-21 00:00:00+00:00
[2025-01-21T01:37:37.373+0000] {processor.py:208} INFO - Processing /home/airflow/.local/lib/python3.12/site-packages/airflow/example_dags/example_bash_operator.py took 0.134 seconds
[2025-01-21T23:57:52.786+0000] {processor.py:186} INFO - Started process (PID=72) to work on /home/airflow/.local/lib/python3.12/site-packages/airflow/example_dags/example_bash_operator.py
[2025-01-21T23:57:52.788+0000] {processor.py:914} INFO - Processing file /home/airflow/.local/lib/python3.12/site-packages/airflow/example_dags/example_bash_operator.py for tasks to queue
[2025-01-21T23:57:52.792+0000] {logging_mixin.py:190} INFO - [2025-01-21T23:57:52.792+0000] {dagbag.py:588} INFO - Filling up the DagBag from /home/airflow/.local/lib/python3.12/site-packages/airflow/example_dags/example_bash_operator.py
[2025-01-21T23:57:52.819+0000] {processor.py:925} INFO - DAG(s) 'example_bash_operator' retrieved from /home/airflow/.local/lib/python3.12/site-packages/airflow/example_dags/example_bash_operator.py
[2025-01-21T23:57:52.863+0000] {logging_mixin.py:190} INFO - [2025-01-21T23:57:52.863+0000] {dag.py:3239} INFO - Sync 1 DAGs
[2025-01-21T23:57:52.902+0000] {logging_mixin.py:190} INFO - [2025-01-21T23:57:52.902+0000] {dag.py:4180} INFO - Setting next_dagrun for example_bash_operator to 2025-01-20 00:00:00+00:00, run_after=2025-01-21 00:00:00+00:00
[2025-01-21T23:57:52.928+0000] {processor.py:208} INFO - Processing /home/airflow/.local/lib/python3.12/site-packages/airflow/example_dags/example_bash_operator.py took 0.149 seconds
[2025-01-21T23:58:29.636+0000] {processor.py:186} INFO - Started process (PID=135) to work on /home/airflow/.local/lib/python3.12/site-packages/airflow/example_dags/example_bash_operator.py
[2025-01-21T23:58:29.638+0000] {processor.py:914} INFO - Processing file /home/airflow/.local/lib/python3.12/site-packages/airflow/example_dags/example_bash_operator.py for tasks to queue
[2025-01-21T23:58:29.641+0000] {logging_mixin.py:190} INFO - [2025-01-21T23:58:29.640+0000] {dagbag.py:588} INFO - Filling up the DagBag from /home/airflow/.local/lib/python3.12/site-packages/airflow/example_dags/example_bash_operator.py
[2025-01-21T23:58:29.674+0000] {processor.py:925} INFO - DAG(s) 'example_bash_operator' retrieved from /home/airflow/.local/lib/python3.12/site-packages/airflow/example_dags/example_bash_operator.py
[2025-01-21T23:58:29.786+0000] {logging_mixin.py:190} INFO - [2025-01-21T23:58:29.786+0000] {dag.py:3239} INFO - Sync 1 DAGs
[2025-01-21T23:58:29.863+0000] {logging_mixin.py:190} INFO - [2025-01-21T23:58:29.862+0000] {dag.py:4180} INFO - Setting next_dagrun for example_bash_operator to 2025-01-20 00:00:00+00:00, run_after=2025-01-21 00:00:00+00:00
[2025-01-21T23:58:29.924+0000] {processor.py:208} INFO - Processing /home/airflow/.local/lib/python3.12/site-packages/airflow/example_dags/example_bash_operator.py took 0.304 seconds
[2025-01-21T23:59:00.628+0000] {processor.py:186} INFO - Started process (PID=198) to work on /home/airflow/.local/lib/python3.12/site-packages/airflow/example_dags/example_bash_operator.py
[2025-01-21T23:59:00.632+0000] {processor.py:914} INFO - Processing file /home/airflow/.local/lib/python3.12/site-packages/airflow/example_dags/example_bash_operator.py for tasks to queue
[2025-01-21T23:59:00.637+0000] {logging_mixin.py:190} INFO - [2025-01-21T23:59:00.636+0000] {dagbag.py:588} INFO - Filling up the DagBag from /home/airflow/.local/lib/python3.12/site-packages/airflow/example_dags/example_bash_operator.py
[2025-01-21T23:59:00.673+0000] {processor.py:925} INFO - DAG(s) 'example_bash_operator' retrieved from /home/airflow/.local/lib/python3.12/site-packages/airflow/example_dags/example_bash_operator.py
[2025-01-21T23:59:00.782+0000] {logging_mixin.py:190} INFO - [2025-01-21T23:59:00.781+0000] {dag.py:3239} INFO - Sync 1 DAGs
[2025-01-21T23:59:00.852+0000] {logging_mixin.py:190} INFO - [2025-01-21T23:59:00.852+0000] {dag.py:4180} INFO - Setting next_dagrun for example_bash_operator to 2025-01-20 00:00:00+00:00, run_after=2025-01-21 00:00:00+00:00
[2025-01-21T23:59:00.891+0000] {processor.py:208} INFO - Processing /home/airflow/.local/lib/python3.12/site-packages/airflow/example_dags/example_bash_operator.py took 0.273 seconds
[2025-01-21T23:59:34.744+0000] {processor.py:186} INFO - Started process (PID=261) to work on /home/airflow/.local/lib/python3.12/site-packages/airflow/example_dags/example_bash_operator.py
[2025-01-21T23:59:34.745+0000] {processor.py:914} INFO - Processing file /home/airflow/.local/lib/python3.12/site-packages/airflow/example_dags/example_bash_operator.py for tasks to queue
[2025-01-21T23:59:34.748+0000] {logging_mixin.py:190} INFO - [2025-01-21T23:59:34.747+0000] {dagbag.py:588} INFO - Filling up the DagBag from /home/airflow/.local/lib/python3.12/site-packages/airflow/example_dags/example_bash_operator.py
[2025-01-21T23:59:34.764+0000] {processor.py:925} INFO - DAG(s) 'example_bash_operator' retrieved from /home/airflow/.local/lib/python3.12/site-packages/airflow/example_dags/example_bash_operator.py
[2025-01-21T23:59:34.796+0000] {logging_mixin.py:190} INFO - [2025-01-21T23:59:34.795+0000] {dag.py:3239} INFO - Sync 1 DAGs
[2025-01-21T23:59:34.822+0000] {logging_mixin.py:190} INFO - [2025-01-21T23:59:34.822+0000] {dag.py:4180} INFO - Setting next_dagrun for example_bash_operator to 2025-01-20 00:00:00+00:00, run_after=2025-01-21 00:00:00+00:00
[2025-01-21T23:59:34.853+0000] {processor.py:208} INFO - Processing /home/airflow/.local/lib/python3.12/site-packages/airflow/example_dags/example_bash_operator.py took 0.116 seconds
