[2025-01-21T01:32:25.984+0000] {processor.py:186} INFO - Started process (PID=69) to work on /home/airflow/.local/lib/python3.12/site-packages/airflow/example_dags/example_short_circuit_operator.py
[2025-01-21T01:32:25.988+0000] {processor.py:914} INFO - Processing file /home/airflow/.local/lib/python3.12/site-packages/airflow/example_dags/example_short_circuit_operator.py for tasks to queue
[2025-01-21T01:32:25.996+0000] {logging_mixin.py:190} INFO - [2025-01-21T01:32:25.995+0000] {dagbag.py:588} INFO - Filling up the DagBag from /home/airflow/.local/lib/python3.12/site-packages/airflow/example_dags/example_short_circuit_operator.py
[2025-01-21T01:32:26.014+0000] {processor.py:925} INFO - DAG(s) 'example_short_circuit_operator' retrieved from /home/airflow/.local/lib/python3.12/site-packages/airflow/example_dags/example_short_circuit_operator.py
[2025-01-21T01:32:26.201+0000] {logging_mixin.py:190} INFO - [2025-01-21T01:32:26.201+0000] {override.py:1911} INFO - Created Permission View: can edit on DAG:example_short_circuit_operator
[2025-01-21T01:32:26.215+0000] {logging_mixin.py:190} INFO - [2025-01-21T01:32:26.214+0000] {override.py:1911} INFO - Created Permission View: can delete on DAG:example_short_circuit_operator
[2025-01-21T01:32:26.226+0000] {logging_mixin.py:190} INFO - [2025-01-21T01:32:26.225+0000] {override.py:1911} INFO - Created Permission View: can read on DAG:example_short_circuit_operator
[2025-01-21T01:32:26.235+0000] {logging_mixin.py:190} INFO - [2025-01-21T01:32:26.235+0000] {override.py:1911} INFO - Created Permission View: can delete on DAG Run:example_short_circuit_operator
[2025-01-21T01:32:26.244+0000] {logging_mixin.py:190} INFO - [2025-01-21T01:32:26.244+0000] {override.py:1911} INFO - Created Permission View: can create on DAG Run:example_short_circuit_operator
[2025-01-21T01:32:26.254+0000] {logging_mixin.py:190} INFO - [2025-01-21T01:32:26.254+0000] {override.py:1911} INFO - Created Permission View: menu access on DAG Run:example_short_circuit_operator
[2025-01-21T01:32:26.264+0000] {logging_mixin.py:190} INFO - [2025-01-21T01:32:26.263+0000] {override.py:1911} INFO - Created Permission View: can read on DAG Run:example_short_circuit_operator
[2025-01-21T01:32:26.265+0000] {logging_mixin.py:190} INFO - [2025-01-21T01:32:26.264+0000] {dag.py:3239} INFO - Sync 1 DAGs
[2025-01-21T01:32:26.281+0000] {logging_mixin.py:190} INFO - [2025-01-21T01:32:26.281+0000] {dag.py:3262} INFO - Creating ORM DAG for example_short_circuit_operator
[2025-01-21T01:32:26.283+0000] {logging_mixin.py:190} INFO - [2025-01-21T01:32:26.283+0000] {dag.py:4180} INFO - Setting next_dagrun for example_short_circuit_operator to None, run_after=None
[2025-01-21T01:32:26.306+0000] {processor.py:208} INFO - Processing /home/airflow/.local/lib/python3.12/site-packages/airflow/example_dags/example_short_circuit_operator.py took 0.330 seconds
[2025-01-21T01:32:56.686+0000] {processor.py:186} INFO - Started process (PID=133) to work on /home/airflow/.local/lib/python3.12/site-packages/airflow/example_dags/example_short_circuit_operator.py
[2025-01-21T01:32:56.687+0000] {processor.py:914} INFO - Processing file /home/airflow/.local/lib/python3.12/site-packages/airflow/example_dags/example_short_circuit_operator.py for tasks to queue
[2025-01-21T01:32:56.690+0000] {logging_mixin.py:190} INFO - [2025-01-21T01:32:56.689+0000] {dagbag.py:588} INFO - Filling up the DagBag from /home/airflow/.local/lib/python3.12/site-packages/airflow/example_dags/example_short_circuit_operator.py
[2025-01-21T01:32:56.700+0000] {processor.py:925} INFO - DAG(s) 'example_short_circuit_operator' retrieved from /home/airflow/.local/lib/python3.12/site-packages/airflow/example_dags/example_short_circuit_operator.py
[2025-01-21T01:32:56.724+0000] {logging_mixin.py:190} INFO - [2025-01-21T01:32:56.724+0000] {dag.py:3239} INFO - Sync 1 DAGs
[2025-01-21T01:32:56.742+0000] {logging_mixin.py:190} INFO - [2025-01-21T01:32:56.742+0000] {dag.py:4180} INFO - Setting next_dagrun for example_short_circuit_operator to None, run_after=None
[2025-01-21T01:32:56.764+0000] {processor.py:208} INFO - Processing /home/airflow/.local/lib/python3.12/site-packages/airflow/example_dags/example_short_circuit_operator.py took 0.085 seconds
[2025-01-21T01:33:27.701+0000] {processor.py:186} INFO - Started process (PID=196) to work on /home/airflow/.local/lib/python3.12/site-packages/airflow/example_dags/example_short_circuit_operator.py
[2025-01-21T01:33:27.702+0000] {processor.py:914} INFO - Processing file /home/airflow/.local/lib/python3.12/site-packages/airflow/example_dags/example_short_circuit_operator.py for tasks to queue
[2025-01-21T01:33:27.705+0000] {logging_mixin.py:190} INFO - [2025-01-21T01:33:27.704+0000] {dagbag.py:588} INFO - Filling up the DagBag from /home/airflow/.local/lib/python3.12/site-packages/airflow/example_dags/example_short_circuit_operator.py
[2025-01-21T01:33:27.713+0000] {processor.py:925} INFO - DAG(s) 'example_short_circuit_operator' retrieved from /home/airflow/.local/lib/python3.12/site-packages/airflow/example_dags/example_short_circuit_operator.py
[2025-01-21T01:33:27.737+0000] {logging_mixin.py:190} INFO - [2025-01-21T01:33:27.737+0000] {dag.py:3239} INFO - Sync 1 DAGs
[2025-01-21T01:33:27.751+0000] {logging_mixin.py:190} INFO - [2025-01-21T01:33:27.750+0000] {dag.py:4180} INFO - Setting next_dagrun for example_short_circuit_operator to None, run_after=None
[2025-01-21T01:33:27.770+0000] {processor.py:208} INFO - Processing /home/airflow/.local/lib/python3.12/site-packages/airflow/example_dags/example_short_circuit_operator.py took 0.074 seconds
[2025-01-21T01:33:58.509+0000] {processor.py:186} INFO - Started process (PID=259) to work on /home/airflow/.local/lib/python3.12/site-packages/airflow/example_dags/example_short_circuit_operator.py
[2025-01-21T01:33:58.510+0000] {processor.py:914} INFO - Processing file /home/airflow/.local/lib/python3.12/site-packages/airflow/example_dags/example_short_circuit_operator.py for tasks to queue
[2025-01-21T01:33:58.514+0000] {logging_mixin.py:190} INFO - [2025-01-21T01:33:58.513+0000] {dagbag.py:588} INFO - Filling up the DagBag from /home/airflow/.local/lib/python3.12/site-packages/airflow/example_dags/example_short_circuit_operator.py
[2025-01-21T01:33:58.528+0000] {processor.py:925} INFO - DAG(s) 'example_short_circuit_operator' retrieved from /home/airflow/.local/lib/python3.12/site-packages/airflow/example_dags/example_short_circuit_operator.py
[2025-01-21T01:33:58.571+0000] {logging_mixin.py:190} INFO - [2025-01-21T01:33:58.570+0000] {dag.py:3239} INFO - Sync 1 DAGs
[2025-01-21T01:33:58.590+0000] {logging_mixin.py:190} INFO - [2025-01-21T01:33:58.590+0000] {dag.py:4180} INFO - Setting next_dagrun for example_short_circuit_operator to None, run_after=None
[2025-01-21T01:33:58.615+0000] {processor.py:208} INFO - Processing /home/airflow/.local/lib/python3.12/site-packages/airflow/example_dags/example_short_circuit_operator.py took 0.114 seconds
[2025-01-21T01:34:29.433+0000] {processor.py:186} INFO - Started process (PID=322) to work on /home/airflow/.local/lib/python3.12/site-packages/airflow/example_dags/example_short_circuit_operator.py
[2025-01-21T01:34:29.434+0000] {processor.py:914} INFO - Processing file /home/airflow/.local/lib/python3.12/site-packages/airflow/example_dags/example_short_circuit_operator.py for tasks to queue
[2025-01-21T01:34:29.436+0000] {logging_mixin.py:190} INFO - [2025-01-21T01:34:29.436+0000] {dagbag.py:588} INFO - Filling up the DagBag from /home/airflow/.local/lib/python3.12/site-packages/airflow/example_dags/example_short_circuit_operator.py
[2025-01-21T01:34:29.445+0000] {processor.py:925} INFO - DAG(s) 'example_short_circuit_operator' retrieved from /home/airflow/.local/lib/python3.12/site-packages/airflow/example_dags/example_short_circuit_operator.py
[2025-01-21T01:34:29.481+0000] {logging_mixin.py:190} INFO - [2025-01-21T01:34:29.481+0000] {dag.py:3239} INFO - Sync 1 DAGs
[2025-01-21T01:34:29.498+0000] {logging_mixin.py:190} INFO - [2025-01-21T01:34:29.497+0000] {dag.py:4180} INFO - Setting next_dagrun for example_short_circuit_operator to None, run_after=None
[2025-01-21T01:34:29.519+0000] {processor.py:208} INFO - Processing /home/airflow/.local/lib/python3.12/site-packages/airflow/example_dags/example_short_circuit_operator.py took 0.094 seconds
[2025-01-21T01:35:00.277+0000] {processor.py:186} INFO - Started process (PID=385) to work on /home/airflow/.local/lib/python3.12/site-packages/airflow/example_dags/example_short_circuit_operator.py
[2025-01-21T01:35:00.278+0000] {processor.py:914} INFO - Processing file /home/airflow/.local/lib/python3.12/site-packages/airflow/example_dags/example_short_circuit_operator.py for tasks to queue
[2025-01-21T01:35:00.280+0000] {logging_mixin.py:190} INFO - [2025-01-21T01:35:00.280+0000] {dagbag.py:588} INFO - Filling up the DagBag from /home/airflow/.local/lib/python3.12/site-packages/airflow/example_dags/example_short_circuit_operator.py
[2025-01-21T01:35:00.290+0000] {processor.py:925} INFO - DAG(s) 'example_short_circuit_operator' retrieved from /home/airflow/.local/lib/python3.12/site-packages/airflow/example_dags/example_short_circuit_operator.py
[2025-01-21T01:35:00.314+0000] {logging_mixin.py:190} INFO - [2025-01-21T01:35:00.314+0000] {dag.py:3239} INFO - Sync 1 DAGs
[2025-01-21T01:35:00.332+0000] {logging_mixin.py:190} INFO - [2025-01-21T01:35:00.331+0000] {dag.py:4180} INFO - Setting next_dagrun for example_short_circuit_operator to None, run_after=None
[2025-01-21T01:35:00.356+0000] {processor.py:208} INFO - Processing /home/airflow/.local/lib/python3.12/site-packages/airflow/example_dags/example_short_circuit_operator.py took 0.086 seconds
[2025-01-21T01:35:31.467+0000] {processor.py:186} INFO - Started process (PID=448) to work on /home/airflow/.local/lib/python3.12/site-packages/airflow/example_dags/example_short_circuit_operator.py
[2025-01-21T01:35:31.469+0000] {processor.py:914} INFO - Processing file /home/airflow/.local/lib/python3.12/site-packages/airflow/example_dags/example_short_circuit_operator.py for tasks to queue
[2025-01-21T01:35:31.474+0000] {logging_mixin.py:190} INFO - [2025-01-21T01:35:31.473+0000] {dagbag.py:588} INFO - Filling up the DagBag from /home/airflow/.local/lib/python3.12/site-packages/airflow/example_dags/example_short_circuit_operator.py
[2025-01-21T01:35:31.489+0000] {processor.py:925} INFO - DAG(s) 'example_short_circuit_operator' retrieved from /home/airflow/.local/lib/python3.12/site-packages/airflow/example_dags/example_short_circuit_operator.py
[2025-01-21T01:35:31.522+0000] {logging_mixin.py:190} INFO - [2025-01-21T01:35:31.521+0000] {dag.py:3239} INFO - Sync 1 DAGs
[2025-01-21T01:35:31.544+0000] {logging_mixin.py:190} INFO - [2025-01-21T01:35:31.544+0000] {dag.py:4180} INFO - Setting next_dagrun for example_short_circuit_operator to None, run_after=None
[2025-01-21T01:35:31.571+0000] {processor.py:208} INFO - Processing /home/airflow/.local/lib/python3.12/site-packages/airflow/example_dags/example_short_circuit_operator.py took 0.112 seconds
[2025-01-21T01:36:02.245+0000] {processor.py:186} INFO - Started process (PID=511) to work on /home/airflow/.local/lib/python3.12/site-packages/airflow/example_dags/example_short_circuit_operator.py
[2025-01-21T01:36:02.246+0000] {processor.py:914} INFO - Processing file /home/airflow/.local/lib/python3.12/site-packages/airflow/example_dags/example_short_circuit_operator.py for tasks to queue
[2025-01-21T01:36:02.249+0000] {logging_mixin.py:190} INFO - [2025-01-21T01:36:02.248+0000] {dagbag.py:588} INFO - Filling up the DagBag from /home/airflow/.local/lib/python3.12/site-packages/airflow/example_dags/example_short_circuit_operator.py
[2025-01-21T01:36:02.258+0000] {processor.py:925} INFO - DAG(s) 'example_short_circuit_operator' retrieved from /home/airflow/.local/lib/python3.12/site-packages/airflow/example_dags/example_short_circuit_operator.py
[2025-01-21T01:36:02.287+0000] {logging_mixin.py:190} INFO - [2025-01-21T01:36:02.286+0000] {dag.py:3239} INFO - Sync 1 DAGs
[2025-01-21T01:36:02.305+0000] {logging_mixin.py:190} INFO - [2025-01-21T01:36:02.305+0000] {dag.py:4180} INFO - Setting next_dagrun for example_short_circuit_operator to None, run_after=None
[2025-01-21T01:36:02.327+0000] {processor.py:208} INFO - Processing /home/airflow/.local/lib/python3.12/site-packages/airflow/example_dags/example_short_circuit_operator.py took 0.089 seconds
[2025-01-21T01:36:34.178+0000] {processor.py:186} INFO - Started process (PID=574) to work on /home/airflow/.local/lib/python3.12/site-packages/airflow/example_dags/example_short_circuit_operator.py
[2025-01-21T01:36:34.181+0000] {processor.py:914} INFO - Processing file /home/airflow/.local/lib/python3.12/site-packages/airflow/example_dags/example_short_circuit_operator.py for tasks to queue
[2025-01-21T01:36:34.188+0000] {logging_mixin.py:190} INFO - [2025-01-21T01:36:34.186+0000] {dagbag.py:588} INFO - Filling up the DagBag from /home/airflow/.local/lib/python3.12/site-packages/airflow/example_dags/example_short_circuit_operator.py
[2025-01-21T01:36:34.207+0000] {processor.py:925} INFO - DAG(s) 'example_short_circuit_operator' retrieved from /home/airflow/.local/lib/python3.12/site-packages/airflow/example_dags/example_short_circuit_operator.py
[2025-01-21T01:36:34.244+0000] {logging_mixin.py:190} INFO - [2025-01-21T01:36:34.244+0000] {dag.py:3239} INFO - Sync 1 DAGs
[2025-01-21T01:36:34.276+0000] {logging_mixin.py:190} INFO - [2025-01-21T01:36:34.275+0000] {dag.py:4180} INFO - Setting next_dagrun for example_short_circuit_operator to None, run_after=None
[2025-01-21T01:36:34.306+0000] {processor.py:208} INFO - Processing /home/airflow/.local/lib/python3.12/site-packages/airflow/example_dags/example_short_circuit_operator.py took 0.138 seconds
[2025-01-21T01:37:05.950+0000] {processor.py:186} INFO - Started process (PID=642) to work on /home/airflow/.local/lib/python3.12/site-packages/airflow/example_dags/example_short_circuit_operator.py
[2025-01-21T01:37:05.951+0000] {processor.py:914} INFO - Processing file /home/airflow/.local/lib/python3.12/site-packages/airflow/example_dags/example_short_circuit_operator.py for tasks to queue
[2025-01-21T01:37:05.956+0000] {logging_mixin.py:190} INFO - [2025-01-21T01:37:05.955+0000] {dagbag.py:588} INFO - Filling up the DagBag from /home/airflow/.local/lib/python3.12/site-packages/airflow/example_dags/example_short_circuit_operator.py
[2025-01-21T01:37:05.971+0000] {processor.py:925} INFO - DAG(s) 'example_short_circuit_operator' retrieved from /home/airflow/.local/lib/python3.12/site-packages/airflow/example_dags/example_short_circuit_operator.py
[2025-01-21T01:37:05.999+0000] {logging_mixin.py:190} INFO - [2025-01-21T01:37:05.998+0000] {dag.py:3239} INFO - Sync 1 DAGs
[2025-01-21T01:37:06.016+0000] {logging_mixin.py:190} INFO - [2025-01-21T01:37:06.015+0000] {dag.py:4180} INFO - Setting next_dagrun for example_short_circuit_operator to None, run_after=None
[2025-01-21T01:37:06.049+0000] {processor.py:208} INFO - Processing /home/airflow/.local/lib/python3.12/site-packages/airflow/example_dags/example_short_circuit_operator.py took 0.108 seconds
[2025-01-21T01:37:37.022+0000] {processor.py:186} INFO - Started process (PID=704) to work on /home/airflow/.local/lib/python3.12/site-packages/airflow/example_dags/example_short_circuit_operator.py
[2025-01-21T01:37:37.023+0000] {processor.py:914} INFO - Processing file /home/airflow/.local/lib/python3.12/site-packages/airflow/example_dags/example_short_circuit_operator.py for tasks to queue
[2025-01-21T01:37:37.026+0000] {logging_mixin.py:190} INFO - [2025-01-21T01:37:37.026+0000] {dagbag.py:588} INFO - Filling up the DagBag from /home/airflow/.local/lib/python3.12/site-packages/airflow/example_dags/example_short_circuit_operator.py
[2025-01-21T01:37:37.035+0000] {processor.py:925} INFO - DAG(s) 'example_short_circuit_operator' retrieved from /home/airflow/.local/lib/python3.12/site-packages/airflow/example_dags/example_short_circuit_operator.py
[2025-01-21T01:37:37.063+0000] {logging_mixin.py:190} INFO - [2025-01-21T01:37:37.063+0000] {dag.py:3239} INFO - Sync 1 DAGs
[2025-01-21T01:37:37.083+0000] {logging_mixin.py:190} INFO - [2025-01-21T01:37:37.083+0000] {dag.py:4180} INFO - Setting next_dagrun for example_short_circuit_operator to None, run_after=None
[2025-01-21T01:37:37.108+0000] {processor.py:208} INFO - Processing /home/airflow/.local/lib/python3.12/site-packages/airflow/example_dags/example_short_circuit_operator.py took 0.095 seconds
[2025-01-21T23:57:52.240+0000] {processor.py:186} INFO - Started process (PID=69) to work on /home/airflow/.local/lib/python3.12/site-packages/airflow/example_dags/example_short_circuit_operator.py
[2025-01-21T23:57:52.250+0000] {processor.py:914} INFO - Processing file /home/airflow/.local/lib/python3.12/site-packages/airflow/example_dags/example_short_circuit_operator.py for tasks to queue
[2025-01-21T23:57:52.254+0000] {logging_mixin.py:190} INFO - [2025-01-21T23:57:52.254+0000] {dagbag.py:588} INFO - Filling up the DagBag from /home/airflow/.local/lib/python3.12/site-packages/airflow/example_dags/example_short_circuit_operator.py
[2025-01-21T23:57:52.267+0000] {processor.py:925} INFO - DAG(s) 'example_short_circuit_operator' retrieved from /home/airflow/.local/lib/python3.12/site-packages/airflow/example_dags/example_short_circuit_operator.py
[2025-01-21T23:57:52.309+0000] {logging_mixin.py:190} INFO - [2025-01-21T23:57:52.308+0000] {dag.py:3239} INFO - Sync 1 DAGs
[2025-01-21T23:57:52.343+0000] {logging_mixin.py:190} INFO - [2025-01-21T23:57:52.343+0000] {dag.py:4180} INFO - Setting next_dagrun for example_short_circuit_operator to None, run_after=None
[2025-01-21T23:57:52.397+0000] {processor.py:208} INFO - Processing /home/airflow/.local/lib/python3.12/site-packages/airflow/example_dags/example_short_circuit_operator.py took 0.164 seconds
[2025-01-21T23:58:29.130+0000] {processor.py:186} INFO - Started process (PID=132) to work on /home/airflow/.local/lib/python3.12/site-packages/airflow/example_dags/example_short_circuit_operator.py
[2025-01-21T23:58:29.132+0000] {processor.py:914} INFO - Processing file /home/airflow/.local/lib/python3.12/site-packages/airflow/example_dags/example_short_circuit_operator.py for tasks to queue
[2025-01-21T23:58:29.138+0000] {logging_mixin.py:190} INFO - [2025-01-21T23:58:29.137+0000] {dagbag.py:588} INFO - Filling up the DagBag from /home/airflow/.local/lib/python3.12/site-packages/airflow/example_dags/example_short_circuit_operator.py
[2025-01-21T23:58:29.152+0000] {processor.py:925} INFO - DAG(s) 'example_short_circuit_operator' retrieved from /home/airflow/.local/lib/python3.12/site-packages/airflow/example_dags/example_short_circuit_operator.py
[2025-01-21T23:58:29.212+0000] {logging_mixin.py:190} INFO - [2025-01-21T23:58:29.212+0000] {dag.py:3239} INFO - Sync 1 DAGs
[2025-01-21T23:58:29.238+0000] {logging_mixin.py:190} INFO - [2025-01-21T23:58:29.236+0000] {dag.py:4180} INFO - Setting next_dagrun for example_short_circuit_operator to None, run_after=None
[2025-01-21T23:58:29.295+0000] {processor.py:208} INFO - Processing /home/airflow/.local/lib/python3.12/site-packages/airflow/example_dags/example_short_circuit_operator.py took 0.172 seconds
[2025-01-21T23:59:00.276+0000] {processor.py:186} INFO - Started process (PID=195) to work on /home/airflow/.local/lib/python3.12/site-packages/airflow/example_dags/example_short_circuit_operator.py
[2025-01-21T23:59:00.285+0000] {processor.py:914} INFO - Processing file /home/airflow/.local/lib/python3.12/site-packages/airflow/example_dags/example_short_circuit_operator.py for tasks to queue
[2025-01-21T23:59:00.288+0000] {logging_mixin.py:190} INFO - [2025-01-21T23:59:00.288+0000] {dagbag.py:588} INFO - Filling up the DagBag from /home/airflow/.local/lib/python3.12/site-packages/airflow/example_dags/example_short_circuit_operator.py
[2025-01-21T23:59:00.302+0000] {processor.py:925} INFO - DAG(s) 'example_short_circuit_operator' retrieved from /home/airflow/.local/lib/python3.12/site-packages/airflow/example_dags/example_short_circuit_operator.py
[2025-01-21T23:59:00.333+0000] {logging_mixin.py:190} INFO - [2025-01-21T23:59:00.332+0000] {dag.py:3239} INFO - Sync 1 DAGs
[2025-01-21T23:59:00.359+0000] {logging_mixin.py:190} INFO - [2025-01-21T23:59:00.359+0000] {dag.py:4180} INFO - Setting next_dagrun for example_short_circuit_operator to None, run_after=None
[2025-01-21T23:59:00.399+0000] {processor.py:208} INFO - Processing /home/airflow/.local/lib/python3.12/site-packages/airflow/example_dags/example_short_circuit_operator.py took 0.131 seconds
[2025-01-21T23:59:34.101+0000] {processor.py:186} INFO - Started process (PID=258) to work on /home/airflow/.local/lib/python3.12/site-packages/airflow/example_dags/example_short_circuit_operator.py
[2025-01-21T23:59:34.110+0000] {processor.py:914} INFO - Processing file /home/airflow/.local/lib/python3.12/site-packages/airflow/example_dags/example_short_circuit_operator.py for tasks to queue
[2025-01-21T23:59:34.118+0000] {logging_mixin.py:190} INFO - [2025-01-21T23:59:34.118+0000] {dagbag.py:588} INFO - Filling up the DagBag from /home/airflow/.local/lib/python3.12/site-packages/airflow/example_dags/example_short_circuit_operator.py
[2025-01-21T23:59:34.148+0000] {processor.py:925} INFO - DAG(s) 'example_short_circuit_operator' retrieved from /home/airflow/.local/lib/python3.12/site-packages/airflow/example_dags/example_short_circuit_operator.py
[2025-01-21T23:59:34.221+0000] {logging_mixin.py:190} INFO - [2025-01-21T23:59:34.220+0000] {dag.py:3239} INFO - Sync 1 DAGs
[2025-01-21T23:59:34.270+0000] {logging_mixin.py:190} INFO - [2025-01-21T23:59:34.270+0000] {dag.py:4180} INFO - Setting next_dagrun for example_short_circuit_operator to None, run_after=None
[2025-01-21T23:59:34.375+0000] {processor.py:208} INFO - Processing /home/airflow/.local/lib/python3.12/site-packages/airflow/example_dags/example_short_circuit_operator.py took 0.281 seconds
