[2025-01-21T01:32:28.353+0000] {processor.py:186} INFO - Started process (PID=81) to work on /home/airflow/.local/lib/python3.12/site-packages/airflow/example_dags/example_dataset_alias.py
[2025-01-21T01:32:28.355+0000] {processor.py:914} INFO - Processing file /home/airflow/.local/lib/python3.12/site-packages/airflow/example_dags/example_dataset_alias.py for tasks to queue
[2025-01-21T01:32:28.360+0000] {logging_mixin.py:190} INFO - [2025-01-21T01:32:28.359+0000] {dagbag.py:588} INFO - Filling up the DagBag from /home/airflow/.local/lib/python3.12/site-packages/airflow/example_dags/example_dataset_alias.py
[2025-01-21T01:32:29.307+0000] {processor.py:925} INFO - DAG(s) 'dataset_s3_bucket_consumer', 'dataset_s3_bucket_producer', 'dataset_alias_example_alias_consumer', 'dataset_alias_example_alias_producer' retrieved from /home/airflow/.local/lib/python3.12/site-packages/airflow/example_dags/example_dataset_alias.py
[2025-01-21T01:32:29.430+0000] {logging_mixin.py:190} INFO - [2025-01-21T01:32:29.429+0000] {override.py:1911} INFO - Created Permission View: can edit on DAG:dataset_s3_bucket_consumer
[2025-01-21T01:32:29.442+0000] {logging_mixin.py:190} INFO - [2025-01-21T01:32:29.442+0000] {override.py:1911} INFO - Created Permission View: can delete on DAG:dataset_s3_bucket_consumer
[2025-01-21T01:32:29.455+0000] {logging_mixin.py:190} INFO - [2025-01-21T01:32:29.454+0000] {override.py:1911} INFO - Created Permission View: can read on DAG:dataset_s3_bucket_consumer
[2025-01-21T01:32:29.480+0000] {logging_mixin.py:190} INFO - [2025-01-21T01:32:29.480+0000] {override.py:1911} INFO - Created Permission View: can delete on DAG Run:dataset_s3_bucket_consumer
[2025-01-21T01:32:29.489+0000] {logging_mixin.py:190} INFO - [2025-01-21T01:32:29.489+0000] {override.py:1911} INFO - Created Permission View: can create on DAG Run:dataset_s3_bucket_consumer
[2025-01-21T01:32:29.500+0000] {logging_mixin.py:190} INFO - [2025-01-21T01:32:29.499+0000] {override.py:1911} INFO - Created Permission View: menu access on DAG Run:dataset_s3_bucket_consumer
[2025-01-21T01:32:29.510+0000] {logging_mixin.py:190} INFO - [2025-01-21T01:32:29.510+0000] {override.py:1911} INFO - Created Permission View: can read on DAG Run:dataset_s3_bucket_consumer
[2025-01-21T01:32:29.525+0000] {logging_mixin.py:190} INFO - [2025-01-21T01:32:29.525+0000] {override.py:1911} INFO - Created Permission View: can edit on DAG:dataset_s3_bucket_producer
[2025-01-21T01:32:29.534+0000] {logging_mixin.py:190} INFO - [2025-01-21T01:32:29.534+0000] {override.py:1911} INFO - Created Permission View: can delete on DAG:dataset_s3_bucket_producer
[2025-01-21T01:32:29.545+0000] {logging_mixin.py:190} INFO - [2025-01-21T01:32:29.544+0000] {override.py:1911} INFO - Created Permission View: can read on DAG:dataset_s3_bucket_producer
[2025-01-21T01:32:29.552+0000] {logging_mixin.py:190} INFO - [2025-01-21T01:32:29.552+0000] {override.py:1911} INFO - Created Permission View: can delete on DAG Run:dataset_s3_bucket_producer
[2025-01-21T01:32:29.562+0000] {logging_mixin.py:190} INFO - [2025-01-21T01:32:29.562+0000] {override.py:1911} INFO - Created Permission View: can create on DAG Run:dataset_s3_bucket_producer
[2025-01-21T01:32:29.576+0000] {logging_mixin.py:190} INFO - [2025-01-21T01:32:29.576+0000] {override.py:1911} INFO - Created Permission View: menu access on DAG Run:dataset_s3_bucket_producer
[2025-01-21T01:32:29.584+0000] {logging_mixin.py:190} INFO - [2025-01-21T01:32:29.584+0000] {override.py:1911} INFO - Created Permission View: can read on DAG Run:dataset_s3_bucket_producer
[2025-01-21T01:32:29.604+0000] {logging_mixin.py:190} INFO - [2025-01-21T01:32:29.603+0000] {override.py:1911} INFO - Created Permission View: can edit on DAG:dataset_alias_example_alias_consumer
[2025-01-21T01:32:29.615+0000] {logging_mixin.py:190} INFO - [2025-01-21T01:32:29.615+0000] {override.py:1911} INFO - Created Permission View: can delete on DAG:dataset_alias_example_alias_consumer
[2025-01-21T01:32:29.626+0000] {logging_mixin.py:190} INFO - [2025-01-21T01:32:29.626+0000] {override.py:1911} INFO - Created Permission View: can read on DAG:dataset_alias_example_alias_consumer
[2025-01-21T01:32:29.636+0000] {logging_mixin.py:190} INFO - [2025-01-21T01:32:29.636+0000] {override.py:1911} INFO - Created Permission View: can delete on DAG Run:dataset_alias_example_alias_consumer
[2025-01-21T01:32:29.646+0000] {logging_mixin.py:190} INFO - [2025-01-21T01:32:29.645+0000] {override.py:1911} INFO - Created Permission View: can create on DAG Run:dataset_alias_example_alias_consumer
[2025-01-21T01:32:29.655+0000] {logging_mixin.py:190} INFO - [2025-01-21T01:32:29.654+0000] {override.py:1911} INFO - Created Permission View: menu access on DAG Run:dataset_alias_example_alias_consumer
[2025-01-21T01:32:29.665+0000] {logging_mixin.py:190} INFO - [2025-01-21T01:32:29.665+0000] {override.py:1911} INFO - Created Permission View: can read on DAG Run:dataset_alias_example_alias_consumer
[2025-01-21T01:32:29.686+0000] {logging_mixin.py:190} INFO - [2025-01-21T01:32:29.686+0000] {override.py:1911} INFO - Created Permission View: can edit on DAG:dataset_alias_example_alias_producer
[2025-01-21T01:32:29.703+0000] {logging_mixin.py:190} INFO - [2025-01-21T01:32:29.703+0000] {override.py:1911} INFO - Created Permission View: can delete on DAG:dataset_alias_example_alias_producer
[2025-01-21T01:32:29.716+0000] {logging_mixin.py:190} INFO - [2025-01-21T01:32:29.716+0000] {override.py:1911} INFO - Created Permission View: can read on DAG:dataset_alias_example_alias_producer
[2025-01-21T01:32:29.726+0000] {logging_mixin.py:190} INFO - [2025-01-21T01:32:29.726+0000] {override.py:1911} INFO - Created Permission View: can delete on DAG Run:dataset_alias_example_alias_producer
[2025-01-21T01:32:29.736+0000] {logging_mixin.py:190} INFO - [2025-01-21T01:32:29.736+0000] {override.py:1911} INFO - Created Permission View: can create on DAG Run:dataset_alias_example_alias_producer
[2025-01-21T01:32:29.748+0000] {logging_mixin.py:190} INFO - [2025-01-21T01:32:29.748+0000] {override.py:1911} INFO - Created Permission View: menu access on DAG Run:dataset_alias_example_alias_producer
[2025-01-21T01:32:29.759+0000] {logging_mixin.py:190} INFO - [2025-01-21T01:32:29.759+0000] {override.py:1911} INFO - Created Permission View: can read on DAG Run:dataset_alias_example_alias_producer
[2025-01-21T01:32:29.760+0000] {logging_mixin.py:190} INFO - [2025-01-21T01:32:29.760+0000] {dag.py:3239} INFO - Sync 4 DAGs
[2025-01-21T01:32:29.779+0000] {logging_mixin.py:190} INFO - [2025-01-21T01:32:29.778+0000] {dag.py:3262} INFO - Creating ORM DAG for dataset_alias_example_alias_consumer
[2025-01-21T01:32:29.780+0000] {logging_mixin.py:190} INFO - [2025-01-21T01:32:29.780+0000] {dag.py:3262} INFO - Creating ORM DAG for dataset_s3_bucket_producer
[2025-01-21T01:32:29.781+0000] {logging_mixin.py:190} INFO - [2025-01-21T01:32:29.781+0000] {dag.py:3262} INFO - Creating ORM DAG for dataset_s3_bucket_consumer
[2025-01-21T01:32:29.782+0000] {logging_mixin.py:190} INFO - [2025-01-21T01:32:29.782+0000] {dag.py:3262} INFO - Creating ORM DAG for dataset_alias_example_alias_producer
[2025-01-21T01:32:29.797+0000] {logging_mixin.py:190} INFO - [2025-01-21T01:32:29.797+0000] {dag.py:4180} INFO - Setting next_dagrun for dataset_alias_example_alias_consumer to None, run_after=None
[2025-01-21T01:32:29.799+0000] {logging_mixin.py:190} INFO - [2025-01-21T01:32:29.799+0000] {dag.py:4180} INFO - Setting next_dagrun for dataset_alias_example_alias_producer to None, run_after=None
[2025-01-21T01:32:29.800+0000] {logging_mixin.py:190} INFO - [2025-01-21T01:32:29.800+0000] {dag.py:4180} INFO - Setting next_dagrun for dataset_s3_bucket_consumer to None, run_after=None
[2025-01-21T01:32:29.801+0000] {logging_mixin.py:190} INFO - [2025-01-21T01:32:29.801+0000] {dag.py:4180} INFO - Setting next_dagrun for dataset_s3_bucket_producer to None, run_after=None
[2025-01-21T01:32:29.839+0000] {processor.py:208} INFO - Processing /home/airflow/.local/lib/python3.12/site-packages/airflow/example_dags/example_dataset_alias.py took 1.497 seconds
[2025-01-21T01:33:00.264+0000] {processor.py:186} INFO - Started process (PID=145) to work on /home/airflow/.local/lib/python3.12/site-packages/airflow/example_dags/example_dataset_alias.py
[2025-01-21T01:33:00.265+0000] {processor.py:914} INFO - Processing file /home/airflow/.local/lib/python3.12/site-packages/airflow/example_dags/example_dataset_alias.py for tasks to queue
[2025-01-21T01:33:00.267+0000] {logging_mixin.py:190} INFO - [2025-01-21T01:33:00.267+0000] {dagbag.py:588} INFO - Filling up the DagBag from /home/airflow/.local/lib/python3.12/site-packages/airflow/example_dags/example_dataset_alias.py
[2025-01-21T01:33:01.008+0000] {processor.py:925} INFO - DAG(s) 'dataset_s3_bucket_consumer', 'dataset_alias_example_alias_consumer', 'dataset_s3_bucket_producer', 'dataset_alias_example_alias_producer' retrieved from /home/airflow/.local/lib/python3.12/site-packages/airflow/example_dags/example_dataset_alias.py
[2025-01-21T01:33:01.032+0000] {logging_mixin.py:190} INFO - [2025-01-21T01:33:01.031+0000] {dag.py:3239} INFO - Sync 4 DAGs
[2025-01-21T01:33:01.056+0000] {logging_mixin.py:190} INFO - [2025-01-21T01:33:01.055+0000] {dag.py:4180} INFO - Setting next_dagrun for dataset_alias_example_alias_consumer to None, run_after=None
[2025-01-21T01:33:01.059+0000] {logging_mixin.py:190} INFO - [2025-01-21T01:33:01.058+0000] {dag.py:4180} INFO - Setting next_dagrun for dataset_alias_example_alias_producer to None, run_after=None
[2025-01-21T01:33:01.062+0000] {logging_mixin.py:190} INFO - [2025-01-21T01:33:01.062+0000] {dag.py:4180} INFO - Setting next_dagrun for dataset_s3_bucket_consumer to None, run_after=None
[2025-01-21T01:33:01.064+0000] {logging_mixin.py:190} INFO - [2025-01-21T01:33:01.064+0000] {dag.py:4180} INFO - Setting next_dagrun for dataset_s3_bucket_producer to None, run_after=None
[2025-01-21T01:33:01.088+0000] {processor.py:208} INFO - Processing /home/airflow/.local/lib/python3.12/site-packages/airflow/example_dags/example_dataset_alias.py took 0.830 seconds
[2025-01-21T01:33:31.473+0000] {processor.py:186} INFO - Started process (PID=208) to work on /home/airflow/.local/lib/python3.12/site-packages/airflow/example_dags/example_dataset_alias.py
[2025-01-21T01:33:31.475+0000] {processor.py:914} INFO - Processing file /home/airflow/.local/lib/python3.12/site-packages/airflow/example_dags/example_dataset_alias.py for tasks to queue
[2025-01-21T01:33:31.478+0000] {logging_mixin.py:190} INFO - [2025-01-21T01:33:31.477+0000] {dagbag.py:588} INFO - Filling up the DagBag from /home/airflow/.local/lib/python3.12/site-packages/airflow/example_dags/example_dataset_alias.py
[2025-01-21T01:33:32.072+0000] {processor.py:925} INFO - DAG(s) 'dataset_s3_bucket_consumer', 'dataset_alias_example_alias_producer', 'dataset_alias_example_alias_consumer', 'dataset_s3_bucket_producer' retrieved from /home/airflow/.local/lib/python3.12/site-packages/airflow/example_dags/example_dataset_alias.py
[2025-01-21T01:33:32.099+0000] {logging_mixin.py:190} INFO - [2025-01-21T01:33:32.099+0000] {dag.py:3239} INFO - Sync 4 DAGs
[2025-01-21T01:33:32.124+0000] {logging_mixin.py:190} INFO - [2025-01-21T01:33:32.124+0000] {dag.py:4180} INFO - Setting next_dagrun for dataset_alias_example_alias_consumer to None, run_after=None
[2025-01-21T01:33:32.128+0000] {logging_mixin.py:190} INFO - [2025-01-21T01:33:32.127+0000] {dag.py:4180} INFO - Setting next_dagrun for dataset_alias_example_alias_producer to None, run_after=None
[2025-01-21T01:33:32.131+0000] {logging_mixin.py:190} INFO - [2025-01-21T01:33:32.131+0000] {dag.py:4180} INFO - Setting next_dagrun for dataset_s3_bucket_consumer to None, run_after=None
[2025-01-21T01:33:32.133+0000] {logging_mixin.py:190} INFO - [2025-01-21T01:33:32.132+0000] {dag.py:4180} INFO - Setting next_dagrun for dataset_s3_bucket_producer to None, run_after=None
[2025-01-21T01:33:32.155+0000] {processor.py:208} INFO - Processing /home/airflow/.local/lib/python3.12/site-packages/airflow/example_dags/example_dataset_alias.py took 0.688 seconds
[2025-01-21T01:34:02.278+0000] {processor.py:186} INFO - Started process (PID=271) to work on /home/airflow/.local/lib/python3.12/site-packages/airflow/example_dags/example_dataset_alias.py
[2025-01-21T01:34:02.279+0000] {processor.py:914} INFO - Processing file /home/airflow/.local/lib/python3.12/site-packages/airflow/example_dags/example_dataset_alias.py for tasks to queue
[2025-01-21T01:34:02.281+0000] {logging_mixin.py:190} INFO - [2025-01-21T01:34:02.281+0000] {dagbag.py:588} INFO - Filling up the DagBag from /home/airflow/.local/lib/python3.12/site-packages/airflow/example_dags/example_dataset_alias.py
[2025-01-21T01:34:02.850+0000] {processor.py:925} INFO - DAG(s) 'dataset_s3_bucket_producer', 'dataset_alias_example_alias_producer', 'dataset_alias_example_alias_consumer', 'dataset_s3_bucket_consumer' retrieved from /home/airflow/.local/lib/python3.12/site-packages/airflow/example_dags/example_dataset_alias.py
[2025-01-21T01:34:02.886+0000] {logging_mixin.py:190} INFO - [2025-01-21T01:34:02.885+0000] {dag.py:3239} INFO - Sync 4 DAGs
[2025-01-21T01:34:02.920+0000] {logging_mixin.py:190} INFO - [2025-01-21T01:34:02.919+0000] {dag.py:4180} INFO - Setting next_dagrun for dataset_alias_example_alias_consumer to None, run_after=None
[2025-01-21T01:34:02.924+0000] {logging_mixin.py:190} INFO - [2025-01-21T01:34:02.923+0000] {dag.py:4180} INFO - Setting next_dagrun for dataset_alias_example_alias_producer to None, run_after=None
[2025-01-21T01:34:02.926+0000] {logging_mixin.py:190} INFO - [2025-01-21T01:34:02.926+0000] {dag.py:4180} INFO - Setting next_dagrun for dataset_s3_bucket_consumer to None, run_after=None
[2025-01-21T01:34:02.931+0000] {logging_mixin.py:190} INFO - [2025-01-21T01:34:02.931+0000] {dag.py:4180} INFO - Setting next_dagrun for dataset_s3_bucket_producer to None, run_after=None
[2025-01-21T01:34:02.966+0000] {processor.py:208} INFO - Processing /home/airflow/.local/lib/python3.12/site-packages/airflow/example_dags/example_dataset_alias.py took 0.696 seconds
[2025-01-21T01:34:33.176+0000] {processor.py:186} INFO - Started process (PID=334) to work on /home/airflow/.local/lib/python3.12/site-packages/airflow/example_dags/example_dataset_alias.py
[2025-01-21T01:34:33.177+0000] {processor.py:914} INFO - Processing file /home/airflow/.local/lib/python3.12/site-packages/airflow/example_dags/example_dataset_alias.py for tasks to queue
[2025-01-21T01:34:33.181+0000] {logging_mixin.py:190} INFO - [2025-01-21T01:34:33.181+0000] {dagbag.py:588} INFO - Filling up the DagBag from /home/airflow/.local/lib/python3.12/site-packages/airflow/example_dags/example_dataset_alias.py
[2025-01-21T01:34:33.816+0000] {processor.py:925} INFO - DAG(s) 'dataset_alias_example_alias_producer', 'dataset_s3_bucket_consumer', 'dataset_s3_bucket_producer', 'dataset_alias_example_alias_consumer' retrieved from /home/airflow/.local/lib/python3.12/site-packages/airflow/example_dags/example_dataset_alias.py
[2025-01-21T01:34:33.843+0000] {logging_mixin.py:190} INFO - [2025-01-21T01:34:33.843+0000] {dag.py:3239} INFO - Sync 4 DAGs
[2025-01-21T01:34:33.868+0000] {logging_mixin.py:190} INFO - [2025-01-21T01:34:33.868+0000] {dag.py:4180} INFO - Setting next_dagrun for dataset_alias_example_alias_consumer to None, run_after=None
[2025-01-21T01:34:33.872+0000] {logging_mixin.py:190} INFO - [2025-01-21T01:34:33.872+0000] {dag.py:4180} INFO - Setting next_dagrun for dataset_alias_example_alias_producer to None, run_after=None
[2025-01-21T01:34:33.874+0000] {logging_mixin.py:190} INFO - [2025-01-21T01:34:33.874+0000] {dag.py:4180} INFO - Setting next_dagrun for dataset_s3_bucket_consumer to None, run_after=None
[2025-01-21T01:34:33.877+0000] {logging_mixin.py:190} INFO - [2025-01-21T01:34:33.877+0000] {dag.py:4180} INFO - Setting next_dagrun for dataset_s3_bucket_producer to None, run_after=None
[2025-01-21T01:34:33.903+0000] {processor.py:208} INFO - Processing /home/airflow/.local/lib/python3.12/site-packages/airflow/example_dags/example_dataset_alias.py took 0.734 seconds
[2025-01-21T01:35:04.337+0000] {processor.py:186} INFO - Started process (PID=403) to work on /home/airflow/.local/lib/python3.12/site-packages/airflow/example_dags/example_dataset_alias.py
[2025-01-21T01:35:04.348+0000] {processor.py:914} INFO - Processing file /home/airflow/.local/lib/python3.12/site-packages/airflow/example_dags/example_dataset_alias.py for tasks to queue
[2025-01-21T01:35:04.366+0000] {logging_mixin.py:190} INFO - [2025-01-21T01:35:04.365+0000] {dagbag.py:588} INFO - Filling up the DagBag from /home/airflow/.local/lib/python3.12/site-packages/airflow/example_dags/example_dataset_alias.py
[2025-01-21T01:35:05.056+0000] {processor.py:925} INFO - DAG(s) 'dataset_alias_example_alias_producer', 'dataset_s3_bucket_producer', 'dataset_alias_example_alias_consumer', 'dataset_s3_bucket_consumer' retrieved from /home/airflow/.local/lib/python3.12/site-packages/airflow/example_dags/example_dataset_alias.py
[2025-01-21T01:35:05.082+0000] {logging_mixin.py:190} INFO - [2025-01-21T01:35:05.081+0000] {dag.py:3239} INFO - Sync 4 DAGs
[2025-01-21T01:35:05.108+0000] {logging_mixin.py:190} INFO - [2025-01-21T01:35:05.108+0000] {dag.py:4180} INFO - Setting next_dagrun for dataset_alias_example_alias_consumer to None, run_after=None
[2025-01-21T01:35:05.111+0000] {logging_mixin.py:190} INFO - [2025-01-21T01:35:05.111+0000] {dag.py:4180} INFO - Setting next_dagrun for dataset_alias_example_alias_producer to None, run_after=None
[2025-01-21T01:35:05.113+0000] {logging_mixin.py:190} INFO - [2025-01-21T01:35:05.113+0000] {dag.py:4180} INFO - Setting next_dagrun for dataset_s3_bucket_consumer to None, run_after=None
[2025-01-21T01:35:05.115+0000] {logging_mixin.py:190} INFO - [2025-01-21T01:35:05.114+0000] {dag.py:4180} INFO - Setting next_dagrun for dataset_s3_bucket_producer to None, run_after=None
[2025-01-21T01:35:05.138+0000] {processor.py:208} INFO - Processing /home/airflow/.local/lib/python3.12/site-packages/airflow/example_dags/example_dataset_alias.py took 0.809 seconds
[2025-01-21T01:35:35.602+0000] {processor.py:186} INFO - Started process (PID=466) to work on /home/airflow/.local/lib/python3.12/site-packages/airflow/example_dags/example_dataset_alias.py
[2025-01-21T01:35:35.603+0000] {processor.py:914} INFO - Processing file /home/airflow/.local/lib/python3.12/site-packages/airflow/example_dags/example_dataset_alias.py for tasks to queue
[2025-01-21T01:35:35.606+0000] {logging_mixin.py:190} INFO - [2025-01-21T01:35:35.605+0000] {dagbag.py:588} INFO - Filling up the DagBag from /home/airflow/.local/lib/python3.12/site-packages/airflow/example_dags/example_dataset_alias.py
[2025-01-21T01:35:36.337+0000] {processor.py:925} INFO - DAG(s) 'dataset_s3_bucket_producer', 'dataset_s3_bucket_consumer', 'dataset_alias_example_alias_producer', 'dataset_alias_example_alias_consumer' retrieved from /home/airflow/.local/lib/python3.12/site-packages/airflow/example_dags/example_dataset_alias.py
[2025-01-21T01:35:36.362+0000] {logging_mixin.py:190} INFO - [2025-01-21T01:35:36.362+0000] {dag.py:3239} INFO - Sync 4 DAGs
[2025-01-21T01:35:36.387+0000] {logging_mixin.py:190} INFO - [2025-01-21T01:35:36.387+0000] {dag.py:4180} INFO - Setting next_dagrun for dataset_alias_example_alias_consumer to None, run_after=None
[2025-01-21T01:35:36.391+0000] {logging_mixin.py:190} INFO - [2025-01-21T01:35:36.391+0000] {dag.py:4180} INFO - Setting next_dagrun for dataset_alias_example_alias_producer to None, run_after=None
[2025-01-21T01:35:36.393+0000] {logging_mixin.py:190} INFO - [2025-01-21T01:35:36.393+0000] {dag.py:4180} INFO - Setting next_dagrun for dataset_s3_bucket_consumer to None, run_after=None
[2025-01-21T01:35:36.395+0000] {logging_mixin.py:190} INFO - [2025-01-21T01:35:36.395+0000] {dag.py:4180} INFO - Setting next_dagrun for dataset_s3_bucket_producer to None, run_after=None
[2025-01-21T01:35:36.424+0000] {processor.py:208} INFO - Processing /home/airflow/.local/lib/python3.12/site-packages/airflow/example_dags/example_dataset_alias.py took 0.828 seconds
[2025-01-21T01:36:07.283+0000] {processor.py:186} INFO - Started process (PID=529) to work on /home/airflow/.local/lib/python3.12/site-packages/airflow/example_dags/example_dataset_alias.py
[2025-01-21T01:36:07.291+0000] {processor.py:914} INFO - Processing file /home/airflow/.local/lib/python3.12/site-packages/airflow/example_dags/example_dataset_alias.py for tasks to queue
[2025-01-21T01:36:07.298+0000] {logging_mixin.py:190} INFO - [2025-01-21T01:36:07.298+0000] {dagbag.py:588} INFO - Filling up the DagBag from /home/airflow/.local/lib/python3.12/site-packages/airflow/example_dags/example_dataset_alias.py
[2025-01-21T01:36:08.565+0000] {processor.py:925} INFO - DAG(s) 'dataset_s3_bucket_consumer', 'dataset_s3_bucket_producer', 'dataset_alias_example_alias_producer', 'dataset_alias_example_alias_consumer' retrieved from /home/airflow/.local/lib/python3.12/site-packages/airflow/example_dags/example_dataset_alias.py
[2025-01-21T01:36:08.602+0000] {logging_mixin.py:190} INFO - [2025-01-21T01:36:08.602+0000] {dag.py:3239} INFO - Sync 4 DAGs
[2025-01-21T01:36:08.648+0000] {logging_mixin.py:190} INFO - [2025-01-21T01:36:08.647+0000] {dag.py:4180} INFO - Setting next_dagrun for dataset_alias_example_alias_consumer to None, run_after=None
[2025-01-21T01:36:08.652+0000] {logging_mixin.py:190} INFO - [2025-01-21T01:36:08.652+0000] {dag.py:4180} INFO - Setting next_dagrun for dataset_alias_example_alias_producer to None, run_after=None
[2025-01-21T01:36:08.655+0000] {logging_mixin.py:190} INFO - [2025-01-21T01:36:08.655+0000] {dag.py:4180} INFO - Setting next_dagrun for dataset_s3_bucket_consumer to None, run_after=None
[2025-01-21T01:36:08.657+0000] {logging_mixin.py:190} INFO - [2025-01-21T01:36:08.657+0000] {dag.py:4180} INFO - Setting next_dagrun for dataset_s3_bucket_producer to None, run_after=None
[2025-01-21T01:36:08.686+0000] {processor.py:208} INFO - Processing /home/airflow/.local/lib/python3.12/site-packages/airflow/example_dags/example_dataset_alias.py took 1.431 seconds
[2025-01-21T01:36:39.493+0000] {processor.py:186} INFO - Started process (PID=592) to work on /home/airflow/.local/lib/python3.12/site-packages/airflow/example_dags/example_dataset_alias.py
[2025-01-21T01:36:39.494+0000] {processor.py:914} INFO - Processing file /home/airflow/.local/lib/python3.12/site-packages/airflow/example_dags/example_dataset_alias.py for tasks to queue
[2025-01-21T01:36:39.498+0000] {logging_mixin.py:190} INFO - [2025-01-21T01:36:39.497+0000] {dagbag.py:588} INFO - Filling up the DagBag from /home/airflow/.local/lib/python3.12/site-packages/airflow/example_dags/example_dataset_alias.py
[2025-01-21T01:36:40.797+0000] {processor.py:925} INFO - DAG(s) 'dataset_s3_bucket_consumer', 'dataset_alias_example_alias_consumer', 'dataset_s3_bucket_producer', 'dataset_alias_example_alias_producer' retrieved from /home/airflow/.local/lib/python3.12/site-packages/airflow/example_dags/example_dataset_alias.py
[2025-01-21T01:36:40.837+0000] {logging_mixin.py:190} INFO - [2025-01-21T01:36:40.834+0000] {dag.py:3239} INFO - Sync 4 DAGs
[2025-01-21T01:36:40.892+0000] {logging_mixin.py:190} INFO - [2025-01-21T01:36:40.892+0000] {dag.py:4180} INFO - Setting next_dagrun for dataset_alias_example_alias_consumer to None, run_after=None
[2025-01-21T01:36:40.902+0000] {logging_mixin.py:190} INFO - [2025-01-21T01:36:40.902+0000] {dag.py:4180} INFO - Setting next_dagrun for dataset_alias_example_alias_producer to None, run_after=None
[2025-01-21T01:36:40.906+0000] {logging_mixin.py:190} INFO - [2025-01-21T01:36:40.905+0000] {dag.py:4180} INFO - Setting next_dagrun for dataset_s3_bucket_consumer to None, run_after=None
[2025-01-21T01:36:40.908+0000] {logging_mixin.py:190} INFO - [2025-01-21T01:36:40.907+0000] {dag.py:4180} INFO - Setting next_dagrun for dataset_s3_bucket_producer to None, run_after=None
[2025-01-21T01:36:40.947+0000] {processor.py:208} INFO - Processing /home/airflow/.local/lib/python3.12/site-packages/airflow/example_dags/example_dataset_alias.py took 1.466 seconds
[2025-01-21T01:37:11.048+0000] {processor.py:186} INFO - Started process (PID=654) to work on /home/airflow/.local/lib/python3.12/site-packages/airflow/example_dags/example_dataset_alias.py
[2025-01-21T01:37:11.050+0000] {processor.py:914} INFO - Processing file /home/airflow/.local/lib/python3.12/site-packages/airflow/example_dags/example_dataset_alias.py for tasks to queue
[2025-01-21T01:37:11.063+0000] {logging_mixin.py:190} INFO - [2025-01-21T01:37:11.062+0000] {dagbag.py:588} INFO - Filling up the DagBag from /home/airflow/.local/lib/python3.12/site-packages/airflow/example_dags/example_dataset_alias.py
[2025-01-21T01:37:12.464+0000] {processor.py:925} INFO - DAG(s) 'dataset_alias_example_alias_producer', 'dataset_alias_example_alias_consumer', 'dataset_s3_bucket_consumer', 'dataset_s3_bucket_producer' retrieved from /home/airflow/.local/lib/python3.12/site-packages/airflow/example_dags/example_dataset_alias.py
[2025-01-21T01:37:12.513+0000] {logging_mixin.py:190} INFO - [2025-01-21T01:37:12.512+0000] {dag.py:3239} INFO - Sync 4 DAGs
[2025-01-21T01:37:12.560+0000] {logging_mixin.py:190} INFO - [2025-01-21T01:37:12.559+0000] {dag.py:4180} INFO - Setting next_dagrun for dataset_alias_example_alias_consumer to None, run_after=None
[2025-01-21T01:37:12.565+0000] {logging_mixin.py:190} INFO - [2025-01-21T01:37:12.565+0000] {dag.py:4180} INFO - Setting next_dagrun for dataset_alias_example_alias_producer to None, run_after=None
[2025-01-21T01:37:12.575+0000] {logging_mixin.py:190} INFO - [2025-01-21T01:37:12.575+0000] {dag.py:4180} INFO - Setting next_dagrun for dataset_s3_bucket_consumer to None, run_after=None
[2025-01-21T01:37:12.578+0000] {logging_mixin.py:190} INFO - [2025-01-21T01:37:12.578+0000] {dag.py:4180} INFO - Setting next_dagrun for dataset_s3_bucket_producer to None, run_after=None
[2025-01-21T01:37:12.630+0000] {processor.py:208} INFO - Processing /home/airflow/.local/lib/python3.12/site-packages/airflow/example_dags/example_dataset_alias.py took 1.591 seconds
[2025-01-21T01:37:43.044+0000] {processor.py:186} INFO - Started process (PID=716) to work on /home/airflow/.local/lib/python3.12/site-packages/airflow/example_dags/example_dataset_alias.py
[2025-01-21T01:37:43.045+0000] {processor.py:914} INFO - Processing file /home/airflow/.local/lib/python3.12/site-packages/airflow/example_dags/example_dataset_alias.py for tasks to queue
[2025-01-21T01:37:43.049+0000] {logging_mixin.py:190} INFO - [2025-01-21T01:37:43.049+0000] {dagbag.py:588} INFO - Filling up the DagBag from /home/airflow/.local/lib/python3.12/site-packages/airflow/example_dags/example_dataset_alias.py
[2025-01-21T01:37:43.647+0000] {processor.py:925} INFO - DAG(s) 'dataset_alias_example_alias_producer', 'dataset_s3_bucket_producer', 'dataset_s3_bucket_consumer', 'dataset_alias_example_alias_consumer' retrieved from /home/airflow/.local/lib/python3.12/site-packages/airflow/example_dags/example_dataset_alias.py
[2025-01-21T01:37:43.669+0000] {logging_mixin.py:190} INFO - [2025-01-21T01:37:43.669+0000] {dag.py:3239} INFO - Sync 4 DAGs
[2025-01-21T01:37:43.694+0000] {logging_mixin.py:190} INFO - [2025-01-21T01:37:43.694+0000] {dag.py:4180} INFO - Setting next_dagrun for dataset_alias_example_alias_consumer to None, run_after=None
[2025-01-21T01:37:43.698+0000] {logging_mixin.py:190} INFO - [2025-01-21T01:37:43.698+0000] {dag.py:4180} INFO - Setting next_dagrun for dataset_alias_example_alias_producer to None, run_after=None
[2025-01-21T01:37:43.700+0000] {logging_mixin.py:190} INFO - [2025-01-21T01:37:43.700+0000] {dag.py:4180} INFO - Setting next_dagrun for dataset_s3_bucket_consumer to None, run_after=None
[2025-01-21T01:37:43.701+0000] {logging_mixin.py:190} INFO - [2025-01-21T01:37:43.701+0000] {dag.py:4180} INFO - Setting next_dagrun for dataset_s3_bucket_producer to None, run_after=None
[2025-01-21T01:37:43.733+0000] {processor.py:208} INFO - Processing /home/airflow/.local/lib/python3.12/site-packages/airflow/example_dags/example_dataset_alias.py took 0.695 seconds
[2025-01-21T23:57:54.257+0000] {processor.py:186} INFO - Started process (PID=81) to work on /home/airflow/.local/lib/python3.12/site-packages/airflow/example_dags/example_dataset_alias.py
[2025-01-21T23:57:54.259+0000] {processor.py:914} INFO - Processing file /home/airflow/.local/lib/python3.12/site-packages/airflow/example_dags/example_dataset_alias.py for tasks to queue
[2025-01-21T23:57:54.262+0000] {logging_mixin.py:190} INFO - [2025-01-21T23:57:54.261+0000] {dagbag.py:588} INFO - Filling up the DagBag from /home/airflow/.local/lib/python3.12/site-packages/airflow/example_dags/example_dataset_alias.py
[2025-01-21T23:57:55.096+0000] {processor.py:925} INFO - DAG(s) 'dataset_s3_bucket_consumer', 'dataset_s3_bucket_producer', 'dataset_alias_example_alias_consumer', 'dataset_alias_example_alias_producer' retrieved from /home/airflow/.local/lib/python3.12/site-packages/airflow/example_dags/example_dataset_alias.py
[2025-01-21T23:57:55.149+0000] {logging_mixin.py:190} INFO - [2025-01-21T23:57:55.148+0000] {dag.py:3239} INFO - Sync 4 DAGs
[2025-01-21T23:57:55.219+0000] {logging_mixin.py:190} INFO - [2025-01-21T23:57:55.219+0000] {dag.py:4180} INFO - Setting next_dagrun for dataset_alias_example_alias_consumer to None, run_after=None
[2025-01-21T23:57:55.233+0000] {logging_mixin.py:190} INFO - [2025-01-21T23:57:55.233+0000] {dag.py:4180} INFO - Setting next_dagrun for dataset_alias_example_alias_producer to None, run_after=None
[2025-01-21T23:57:55.235+0000] {logging_mixin.py:190} INFO - [2025-01-21T23:57:55.235+0000] {dag.py:4180} INFO - Setting next_dagrun for dataset_s3_bucket_consumer to None, run_after=None
[2025-01-21T23:57:55.237+0000] {logging_mixin.py:190} INFO - [2025-01-21T23:57:55.236+0000] {dag.py:4180} INFO - Setting next_dagrun for dataset_s3_bucket_producer to None, run_after=None
[2025-01-21T23:57:55.286+0000] {processor.py:208} INFO - Processing /home/airflow/.local/lib/python3.12/site-packages/airflow/example_dags/example_dataset_alias.py took 1.036 seconds
[2025-01-21T23:58:30.858+0000] {processor.py:186} INFO - Started process (PID=144) to work on /home/airflow/.local/lib/python3.12/site-packages/airflow/example_dags/example_dataset_alias.py
[2025-01-21T23:58:30.859+0000] {processor.py:914} INFO - Processing file /home/airflow/.local/lib/python3.12/site-packages/airflow/example_dags/example_dataset_alias.py for tasks to queue
[2025-01-21T23:58:30.861+0000] {logging_mixin.py:190} INFO - [2025-01-21T23:58:30.861+0000] {dagbag.py:588} INFO - Filling up the DagBag from /home/airflow/.local/lib/python3.12/site-packages/airflow/example_dags/example_dataset_alias.py
[2025-01-21T23:58:31.577+0000] {processor.py:925} INFO - DAG(s) 'dataset_s3_bucket_consumer', 'dataset_alias_example_alias_producer', 'dataset_alias_example_alias_consumer', 'dataset_s3_bucket_producer' retrieved from /home/airflow/.local/lib/python3.12/site-packages/airflow/example_dags/example_dataset_alias.py
[2025-01-21T23:58:31.629+0000] {logging_mixin.py:190} INFO - [2025-01-21T23:58:31.627+0000] {dag.py:3239} INFO - Sync 4 DAGs
[2025-01-21T23:58:31.676+0000] {logging_mixin.py:190} INFO - [2025-01-21T23:58:31.676+0000] {dag.py:4180} INFO - Setting next_dagrun for dataset_alias_example_alias_consumer to None, run_after=None
[2025-01-21T23:58:31.680+0000] {logging_mixin.py:190} INFO - [2025-01-21T23:58:31.680+0000] {dag.py:4180} INFO - Setting next_dagrun for dataset_alias_example_alias_producer to None, run_after=None
[2025-01-21T23:58:31.686+0000] {logging_mixin.py:190} INFO - [2025-01-21T23:58:31.686+0000] {dag.py:4180} INFO - Setting next_dagrun for dataset_s3_bucket_consumer to None, run_after=None
[2025-01-21T23:58:31.689+0000] {logging_mixin.py:190} INFO - [2025-01-21T23:58:31.688+0000] {dag.py:4180} INFO - Setting next_dagrun for dataset_s3_bucket_producer to None, run_after=None
[2025-01-21T23:58:31.737+0000] {processor.py:208} INFO - Processing /home/airflow/.local/lib/python3.12/site-packages/airflow/example_dags/example_dataset_alias.py took 0.886 seconds
[2025-01-21T23:59:02.395+0000] {processor.py:186} INFO - Started process (PID=208) to work on /home/airflow/.local/lib/python3.12/site-packages/airflow/example_dags/example_dataset_alias.py
[2025-01-21T23:59:02.401+0000] {processor.py:914} INFO - Processing file /home/airflow/.local/lib/python3.12/site-packages/airflow/example_dags/example_dataset_alias.py for tasks to queue
[2025-01-21T23:59:02.411+0000] {logging_mixin.py:190} INFO - [2025-01-21T23:59:02.411+0000] {dagbag.py:588} INFO - Filling up the DagBag from /home/airflow/.local/lib/python3.12/site-packages/airflow/example_dags/example_dataset_alias.py
[2025-01-21T23:59:04.032+0000] {processor.py:925} INFO - DAG(s) 'dataset_alias_example_alias_producer', 'dataset_s3_bucket_consumer', 'dataset_alias_example_alias_consumer', 'dataset_s3_bucket_producer' retrieved from /home/airflow/.local/lib/python3.12/site-packages/airflow/example_dags/example_dataset_alias.py
[2025-01-21T23:59:04.103+0000] {logging_mixin.py:190} INFO - [2025-01-21T23:59:04.103+0000] {dag.py:3239} INFO - Sync 4 DAGs
[2025-01-21T23:59:04.171+0000] {logging_mixin.py:190} INFO - [2025-01-21T23:59:04.171+0000] {dag.py:4180} INFO - Setting next_dagrun for dataset_alias_example_alias_consumer to None, run_after=None
[2025-01-21T23:59:04.203+0000] {logging_mixin.py:190} INFO - [2025-01-21T23:59:04.203+0000] {dag.py:4180} INFO - Setting next_dagrun for dataset_alias_example_alias_producer to None, run_after=None
[2025-01-21T23:59:04.208+0000] {logging_mixin.py:190} INFO - [2025-01-21T23:59:04.208+0000] {dag.py:4180} INFO - Setting next_dagrun for dataset_s3_bucket_consumer to None, run_after=None
[2025-01-21T23:59:04.211+0000] {logging_mixin.py:190} INFO - [2025-01-21T23:59:04.210+0000] {dag.py:4180} INFO - Setting next_dagrun for dataset_s3_bucket_producer to None, run_after=None
[2025-01-21T23:59:04.249+0000] {processor.py:208} INFO - Processing /home/airflow/.local/lib/python3.12/site-packages/airflow/example_dags/example_dataset_alias.py took 1.868 seconds
[2025-01-21T23:59:35.604+0000] {processor.py:186} INFO - Started process (PID=270) to work on /home/airflow/.local/lib/python3.12/site-packages/airflow/example_dags/example_dataset_alias.py
[2025-01-21T23:59:35.614+0000] {processor.py:914} INFO - Processing file /home/airflow/.local/lib/python3.12/site-packages/airflow/example_dags/example_dataset_alias.py for tasks to queue
[2025-01-21T23:59:35.617+0000] {logging_mixin.py:190} INFO - [2025-01-21T23:59:35.617+0000] {dagbag.py:588} INFO - Filling up the DagBag from /home/airflow/.local/lib/python3.12/site-packages/airflow/example_dags/example_dataset_alias.py
[2025-01-21T23:59:37.096+0000] {processor.py:925} INFO - DAG(s) 'dataset_alias_example_alias_producer', 'dataset_alias_example_alias_consumer', 'dataset_s3_bucket_consumer', 'dataset_s3_bucket_producer' retrieved from /home/airflow/.local/lib/python3.12/site-packages/airflow/example_dags/example_dataset_alias.py
[2025-01-21T23:59:37.172+0000] {logging_mixin.py:190} INFO - [2025-01-21T23:59:37.171+0000] {dag.py:3239} INFO - Sync 4 DAGs
[2025-01-21T23:59:37.299+0000] {logging_mixin.py:190} INFO - [2025-01-21T23:59:37.298+0000] {dag.py:4180} INFO - Setting next_dagrun for dataset_alias_example_alias_consumer to None, run_after=None
[2025-01-21T23:59:37.327+0000] {logging_mixin.py:190} INFO - [2025-01-21T23:59:37.326+0000] {dag.py:4180} INFO - Setting next_dagrun for dataset_alias_example_alias_producer to None, run_after=None
[2025-01-21T23:59:37.337+0000] {logging_mixin.py:190} INFO - [2025-01-21T23:59:37.337+0000] {dag.py:4180} INFO - Setting next_dagrun for dataset_s3_bucket_consumer to None, run_after=None
[2025-01-21T23:59:37.346+0000] {logging_mixin.py:190} INFO - [2025-01-21T23:59:37.345+0000] {dag.py:4180} INFO - Setting next_dagrun for dataset_s3_bucket_producer to None, run_after=None
[2025-01-21T23:59:37.414+0000] {processor.py:208} INFO - Processing /home/airflow/.local/lib/python3.12/site-packages/airflow/example_dags/example_dataset_alias.py took 1.817 seconds
