[2025-01-26T18:46:48.301+0000] {local_task_job_runner.py:123} INFO - ::group::Pre task execution logs
[2025-01-26T18:46:48.333+0000] {taskinstance.py:2613} INFO - Dependencies all met for dep_context=non-requeueable deps ti=<TaskInstance: clientes_dag.Extractor scheduled__2025-01-25T00:00:00+00:00 [queued]>
[2025-01-26T18:46:48.355+0000] {taskinstance.py:2613} INFO - Dependencies all met for dep_context=requeueable deps ti=<TaskInstance: clientes_dag.Extractor scheduled__2025-01-25T00:00:00+00:00 [queued]>
[2025-01-26T18:46:48.356+0000] {taskinstance.py:2866} INFO - Starting attempt 2 of 6
[2025-01-26T18:46:48.379+0000] {taskinstance.py:2889} INFO - Executing <Task(PythonOperator): Extractor> on 2025-01-25 00:00:00+00:00
[2025-01-26T18:46:48.402+0000] {warnings.py:112} WARNING - /home/***/.local/lib/python3.12/site-packages/***/task/task_runner/standard_task_runner.py:70: DeprecationWarning: This process (pid=82) is multi-threaded, use of fork() may lead to deadlocks in the child.
  pid = os.fork()

[2025-01-26T18:46:48.406+0000] {standard_task_runner.py:72} INFO - Started process 84 to run task
[2025-01-26T18:46:48.414+0000] {standard_task_runner.py:104} INFO - Running: ['***', 'tasks', 'run', 'clientes_dag', 'Extractor', 'scheduled__2025-01-25T00:00:00+00:00', '--job-id', '45', '--raw', '--subdir', 'DAGS_FOLDER/app/clientes_dag.py', '--cfg-path', '/tmp/tmpyfvo3pif']
[2025-01-26T18:46:48.417+0000] {standard_task_runner.py:105} INFO - Job 45: Subtask Extractor
[2025-01-26T18:46:48.482+0000] {task_command.py:467} INFO - Running <TaskInstance: clientes_dag.Extractor scheduled__2025-01-25T00:00:00+00:00 [running]> on host 85fd6c8b2c4d
[2025-01-26T18:46:48.557+0000] {taskinstance.py:3132} INFO - Exporting env vars: AIRFLOW_CTX_DAG_OWNER='dnc' AIRFLOW_CTX_DAG_ID='clientes_dag' AIRFLOW_CTX_TASK_ID='Extractor' AIRFLOW_CTX_EXECUTION_DATE='2025-01-25T00:00:00+00:00' AIRFLOW_CTX_TRY_NUMBER='2' AIRFLOW_CTX_DAG_RUN_ID='scheduled__2025-01-25T00:00:00+00:00'
[2025-01-26T18:46:48.558+0000] {logging_mixin.py:190} INFO - Task instance is in running state
[2025-01-26T18:46:48.559+0000] {logging_mixin.py:190} INFO -  Previous state of the Task instance: queued
[2025-01-26T18:46:48.561+0000] {logging_mixin.py:190} INFO - Current task name:Extractor state:running start_date:2025-01-26 18:46:48.334795+00:00
[2025-01-26T18:46:48.561+0000] {logging_mixin.py:190} INFO - Dag name:clientes_dag and current dag run status:running
[2025-01-26T18:46:48.562+0000] {taskinstance.py:731} INFO - ::endgroup::
[2025-01-26T18:46:48.563+0000] {logging_mixin.py:190} INFO - Initializing data extraction from Raw Folder
[2025-01-26T18:46:48.579+0000] {taskinstance.py:3311} ERROR - Task failed with exception
Traceback (most recent call last):
  File "/home/airflow/.local/lib/python3.12/site-packages/airflow/models/taskinstance.py", line 767, in _execute_task
    result = _execute_callable(context=context, **execute_callable_kwargs)
             ^^^^^^^^^^^^^^^^^^^^^^^^^^^^^^^^^^^^^^^^^^^^^^^^^^^^^^^^^^^^^
  File "/home/airflow/.local/lib/python3.12/site-packages/airflow/models/taskinstance.py", line 733, in _execute_callable
    return ExecutionCallableRunner(
           ^^^^^^^^^^^^^^^^^^^^^^^^
  File "/home/airflow/.local/lib/python3.12/site-packages/airflow/utils/operator_helpers.py", line 252, in run
    return self.func(*args, **kwargs)
           ^^^^^^^^^^^^^^^^^^^^^^^^^^
  File "/home/airflow/.local/lib/python3.12/site-packages/airflow/models/baseoperator.py", line 422, in wrapper
    return func(self, *args, **kwargs)
           ^^^^^^^^^^^^^^^^^^^^^^^^^^^
  File "/home/airflow/.local/lib/python3.12/site-packages/airflow/operators/python.py", line 238, in execute
    return_value = self.execute_callable()
                   ^^^^^^^^^^^^^^^^^^^^^^^
  File "/home/airflow/.local/lib/python3.12/site-packages/airflow/operators/python.py", line 256, in execute_callable
    return runner.run(*self.op_args, **self.op_kwargs)
           ^^^^^^^^^^^^^^^^^^^^^^^^^^^^^^^^^^^^^^^^^^^
  File "/home/airflow/.local/lib/python3.12/site-packages/airflow/utils/operator_helpers.py", line 252, in run
    return self.func(*args, **kwargs)
           ^^^^^^^^^^^^^^^^^^^^^^^^^^
  File "/opt/airflow/dags/app/extractor_loader.py", line 15, in extractor_from_raw_to_bronze
    s3_client = boto3.client(
                ^^^^^^^^^^^^^
  File "/home/airflow/.local/lib/python3.12/site-packages/boto3/__init__.py", line 92, in client
    return _get_default_session().client(*args, **kwargs)
           ^^^^^^^^^^^^^^^^^^^^^^^^^^^^^^^^^^^^^^^^^^^^^^
TypeError: Session.client() got an unexpected keyword argument 'aws_region'
[2025-01-26T18:46:48.595+0000] {logging_mixin.py:190} INFO - Task instance in failure state
[2025-01-26T18:46:48.596+0000] {logging_mixin.py:190} INFO - Task start:2025-01-26 18:46:48.334795+00:00 end:2025-01-26 18:46:48.595208+00:00 duration:0.260413
[2025-01-26T18:46:48.596+0000] {logging_mixin.py:190} INFO - Task:<Task(PythonOperator): Extractor> dag:<DAG: clientes_dag> dagrun:<DagRun clientes_dag @ 2025-01-25 00:00:00+00:00: scheduled__2025-01-25T00:00:00+00:00, state:running, queued_at: 2025-01-26 18:46:29.754425+00:00. externally triggered: False>
[2025-01-26T18:46:48.597+0000] {logging_mixin.py:190} INFO - Failure caused by Session.client() got an unexpected keyword argument 'aws_region'
[2025-01-26T18:46:48.598+0000] {taskinstance.py:1225} INFO - Marking task as UP_FOR_RETRY. dag_id=clientes_dag, task_id=Extractor, run_id=scheduled__2025-01-25T00:00:00+00:00, execution_date=20250125T000000, start_date=20250126T184648, end_date=20250126T184648
[2025-01-26T18:46:48.613+0000] {taskinstance.py:340} INFO - ::group::Post task execution logs
[2025-01-26T18:46:48.614+0000] {standard_task_runner.py:124} ERROR - Failed to execute job 45 for task Extractor (Session.client() got an unexpected keyword argument 'aws_region'; 84)
Traceback (most recent call last):
  File "/home/airflow/.local/lib/python3.12/site-packages/airflow/task/task_runner/standard_task_runner.py", line 117, in _start_by_fork
    ret = args.func(args, dag=self.dag)
          ^^^^^^^^^^^^^^^^^^^^^^^^^^^^^
  File "/home/airflow/.local/lib/python3.12/site-packages/airflow/cli/cli_config.py", line 49, in command
    return func(*args, **kwargs)
           ^^^^^^^^^^^^^^^^^^^^^
  File "/home/airflow/.local/lib/python3.12/site-packages/airflow/utils/cli.py", line 116, in wrapper
    return f(*args, **kwargs)
           ^^^^^^^^^^^^^^^^^^
  File "/home/airflow/.local/lib/python3.12/site-packages/airflow/cli/commands/task_command.py", line 483, in task_run
    task_return_code = _run_task_by_selected_method(args, _dag, ti)
                       ^^^^^^^^^^^^^^^^^^^^^^^^^^^^^^^^^^^^^^^^^^^^
  File "/home/airflow/.local/lib/python3.12/site-packages/airflow/cli/commands/task_command.py", line 256, in _run_task_by_selected_method
    return _run_raw_task(args, ti)
           ^^^^^^^^^^^^^^^^^^^^^^^
  File "/home/airflow/.local/lib/python3.12/site-packages/airflow/cli/commands/task_command.py", line 341, in _run_raw_task
    return ti._run_raw_task(
           ^^^^^^^^^^^^^^^^^
  File "/home/airflow/.local/lib/python3.12/site-packages/airflow/utils/session.py", line 97, in wrapper
    return func(*args, session=session, **kwargs)
           ^^^^^^^^^^^^^^^^^^^^^^^^^^^^^^^^^^^^^^
  File "/home/airflow/.local/lib/python3.12/site-packages/airflow/models/taskinstance.py", line 3005, in _run_raw_task
    return _run_raw_task(
           ^^^^^^^^^^^^^^
  File "/home/airflow/.local/lib/python3.12/site-packages/airflow/models/taskinstance.py", line 273, in _run_raw_task
    TaskInstance._execute_task_with_callbacks(
  File "/home/airflow/.local/lib/python3.12/site-packages/airflow/models/taskinstance.py", line 3159, in _execute_task_with_callbacks
    result = self._execute_task(context, task_orig)
             ^^^^^^^^^^^^^^^^^^^^^^^^^^^^^^^^^^^^^^
  File "/home/airflow/.local/lib/python3.12/site-packages/airflow/models/taskinstance.py", line 3183, in _execute_task
    return _execute_task(self, context, task_orig)
           ^^^^^^^^^^^^^^^^^^^^^^^^^^^^^^^^^^^^^^^
  File "/home/airflow/.local/lib/python3.12/site-packages/airflow/models/taskinstance.py", line 767, in _execute_task
    result = _execute_callable(context=context, **execute_callable_kwargs)
             ^^^^^^^^^^^^^^^^^^^^^^^^^^^^^^^^^^^^^^^^^^^^^^^^^^^^^^^^^^^^^
  File "/home/airflow/.local/lib/python3.12/site-packages/airflow/models/taskinstance.py", line 733, in _execute_callable
    return ExecutionCallableRunner(
           ^^^^^^^^^^^^^^^^^^^^^^^^
  File "/home/airflow/.local/lib/python3.12/site-packages/airflow/utils/operator_helpers.py", line 252, in run
    return self.func(*args, **kwargs)
           ^^^^^^^^^^^^^^^^^^^^^^^^^^
  File "/home/airflow/.local/lib/python3.12/site-packages/airflow/models/baseoperator.py", line 422, in wrapper
    return func(self, *args, **kwargs)
           ^^^^^^^^^^^^^^^^^^^^^^^^^^^
  File "/home/airflow/.local/lib/python3.12/site-packages/airflow/operators/python.py", line 238, in execute
    return_value = self.execute_callable()
                   ^^^^^^^^^^^^^^^^^^^^^^^
  File "/home/airflow/.local/lib/python3.12/site-packages/airflow/operators/python.py", line 256, in execute_callable
    return runner.run(*self.op_args, **self.op_kwargs)
           ^^^^^^^^^^^^^^^^^^^^^^^^^^^^^^^^^^^^^^^^^^^
  File "/home/airflow/.local/lib/python3.12/site-packages/airflow/utils/operator_helpers.py", line 252, in run
    return self.func(*args, **kwargs)
           ^^^^^^^^^^^^^^^^^^^^^^^^^^
  File "/opt/airflow/dags/app/extractor_loader.py", line 15, in extractor_from_raw_to_bronze
    s3_client = boto3.client(
                ^^^^^^^^^^^^^
  File "/home/airflow/.local/lib/python3.12/site-packages/boto3/__init__.py", line 92, in client
    return _get_default_session().client(*args, **kwargs)
           ^^^^^^^^^^^^^^^^^^^^^^^^^^^^^^^^^^^^^^^^^^^^^^
TypeError: Session.client() got an unexpected keyword argument 'aws_region'
[2025-01-26T18:46:48.665+0000] {local_task_job_runner.py:266} INFO - Task exited with return code 1
[2025-01-26T18:46:48.687+0000] {taskinstance.py:3895} INFO - 0 downstream tasks scheduled from follow-on schedule check
[2025-01-26T18:46:48.691+0000] {local_task_job_runner.py:245} INFO - ::endgroup::
