[2025-02-11T23:35:18.863+0000] {processor.py:186} INFO - Started process (PID=45) to work on /home/airflow/.local/lib/python3.12/site-packages/airflow/example_dags/example_dataset_alias_with_no_taskflow.py
[2025-02-11T23:35:18.877+0000] {processor.py:914} INFO - Processing file /home/airflow/.local/lib/python3.12/site-packages/airflow/example_dags/example_dataset_alias_with_no_taskflow.py for tasks to queue
[2025-02-11T23:35:18.894+0000] {logging_mixin.py:190} INFO - [2025-02-11T23:35:18.894+0000] {dagbag.py:588} INFO - Filling up the DagBag from /home/airflow/.local/lib/python3.12/site-packages/airflow/example_dags/example_dataset_alias_with_no_taskflow.py
[2025-02-11T23:35:24.516+0000] {processor.py:925} INFO - DAG(s) 'dataset_alias_example_alias_consumer_with_no_taskflow', 'dataset_s3_bucket_producer_with_no_taskflow', 'dataset_alias_example_alias_producer_with_no_taskflow', 'dataset_s3_bucket_consumer_with_no_taskflow' retrieved from /home/airflow/.local/lib/python3.12/site-packages/airflow/example_dags/example_dataset_alias_with_no_taskflow.py
[2025-02-11T23:35:24.878+0000] {logging_mixin.py:190} INFO - [2025-02-11T23:35:24.877+0000] {dag.py:3239} INFO - Sync 4 DAGs
[2025-02-11T23:35:25.227+0000] {logging_mixin.py:190} INFO - [2025-02-11T23:35:25.227+0000] {dag.py:4180} INFO - Setting next_dagrun for dataset_alias_example_alias_consumer_with_no_taskflow to None, run_after=None
[2025-02-11T23:35:25.246+0000] {logging_mixin.py:190} INFO - [2025-02-11T23:35:25.246+0000] {dag.py:4180} INFO - Setting next_dagrun for dataset_alias_example_alias_producer_with_no_taskflow to None, run_after=None
[2025-02-11T23:35:25.261+0000] {logging_mixin.py:190} INFO - [2025-02-11T23:35:25.261+0000] {dag.py:4180} INFO - Setting next_dagrun for dataset_s3_bucket_consumer_with_no_taskflow to None, run_after=None
[2025-02-11T23:35:25.274+0000] {logging_mixin.py:190} INFO - [2025-02-11T23:35:25.274+0000] {dag.py:4180} INFO - Setting next_dagrun for dataset_s3_bucket_producer_with_no_taskflow to None, run_after=None
[2025-02-11T23:35:25.448+0000] {processor.py:208} INFO - Processing /home/airflow/.local/lib/python3.12/site-packages/airflow/example_dags/example_dataset_alias_with_no_taskflow.py took 6.602 seconds
[2025-02-11T23:35:55.957+0000] {processor.py:186} INFO - Started process (PID=119) to work on /home/airflow/.local/lib/python3.12/site-packages/airflow/example_dags/example_dataset_alias_with_no_taskflow.py
[2025-02-11T23:35:55.969+0000] {processor.py:914} INFO - Processing file /home/airflow/.local/lib/python3.12/site-packages/airflow/example_dags/example_dataset_alias_with_no_taskflow.py for tasks to queue
[2025-02-11T23:35:55.975+0000] {logging_mixin.py:190} INFO - [2025-02-11T23:35:55.974+0000] {dagbag.py:588} INFO - Filling up the DagBag from /home/airflow/.local/lib/python3.12/site-packages/airflow/example_dags/example_dataset_alias_with_no_taskflow.py
[2025-02-11T23:35:58.407+0000] {processor.py:925} INFO - DAG(s) 'dataset_s3_bucket_producer_with_no_taskflow', 'dataset_s3_bucket_consumer_with_no_taskflow', 'dataset_alias_example_alias_producer_with_no_taskflow', 'dataset_alias_example_alias_consumer_with_no_taskflow' retrieved from /home/airflow/.local/lib/python3.12/site-packages/airflow/example_dags/example_dataset_alias_with_no_taskflow.py
[2025-02-11T23:35:58.487+0000] {logging_mixin.py:190} INFO - [2025-02-11T23:35:58.486+0000] {dag.py:3239} INFO - Sync 4 DAGs
[2025-02-11T23:35:58.576+0000] {logging_mixin.py:190} INFO - [2025-02-11T23:35:58.576+0000] {dag.py:4180} INFO - Setting next_dagrun for dataset_alias_example_alias_consumer_with_no_taskflow to None, run_after=None
[2025-02-11T23:35:58.608+0000] {logging_mixin.py:190} INFO - [2025-02-11T23:35:58.608+0000] {dag.py:4180} INFO - Setting next_dagrun for dataset_alias_example_alias_producer_with_no_taskflow to None, run_after=None
[2025-02-11T23:35:58.623+0000] {logging_mixin.py:190} INFO - [2025-02-11T23:35:58.623+0000] {dag.py:4180} INFO - Setting next_dagrun for dataset_s3_bucket_consumer_with_no_taskflow to None, run_after=None
[2025-02-11T23:35:58.639+0000] {logging_mixin.py:190} INFO - [2025-02-11T23:35:58.639+0000] {dag.py:4180} INFO - Setting next_dagrun for dataset_s3_bucket_producer_with_no_taskflow to None, run_after=None
[2025-02-11T23:35:58.797+0000] {processor.py:208} INFO - Processing /home/airflow/.local/lib/python3.12/site-packages/airflow/example_dags/example_dataset_alias_with_no_taskflow.py took 2.847 seconds
[2025-02-11T23:36:28.955+0000] {processor.py:186} INFO - Started process (PID=195) to work on /home/airflow/.local/lib/python3.12/site-packages/airflow/example_dags/example_dataset_alias_with_no_taskflow.py
[2025-02-11T23:36:28.956+0000] {processor.py:914} INFO - Processing file /home/airflow/.local/lib/python3.12/site-packages/airflow/example_dags/example_dataset_alias_with_no_taskflow.py for tasks to queue
[2025-02-11T23:36:28.959+0000] {logging_mixin.py:190} INFO - [2025-02-11T23:36:28.959+0000] {dagbag.py:588} INFO - Filling up the DagBag from /home/airflow/.local/lib/python3.12/site-packages/airflow/example_dags/example_dataset_alias_with_no_taskflow.py
[2025-02-11T23:36:29.756+0000] {processor.py:925} INFO - DAG(s) 'dataset_alias_example_alias_consumer_with_no_taskflow', 'dataset_alias_example_alias_producer_with_no_taskflow', 'dataset_s3_bucket_consumer_with_no_taskflow', 'dataset_s3_bucket_producer_with_no_taskflow' retrieved from /home/airflow/.local/lib/python3.12/site-packages/airflow/example_dags/example_dataset_alias_with_no_taskflow.py
[2025-02-11T23:36:29.777+0000] {logging_mixin.py:190} INFO - [2025-02-11T23:36:29.776+0000] {dag.py:3239} INFO - Sync 4 DAGs
[2025-02-11T23:36:29.803+0000] {logging_mixin.py:190} INFO - [2025-02-11T23:36:29.802+0000] {dag.py:4180} INFO - Setting next_dagrun for dataset_alias_example_alias_consumer_with_no_taskflow to None, run_after=None
[2025-02-11T23:36:29.805+0000] {logging_mixin.py:190} INFO - [2025-02-11T23:36:29.805+0000] {dag.py:4180} INFO - Setting next_dagrun for dataset_alias_example_alias_producer_with_no_taskflow to None, run_after=None
[2025-02-11T23:36:29.807+0000] {logging_mixin.py:190} INFO - [2025-02-11T23:36:29.807+0000] {dag.py:4180} INFO - Setting next_dagrun for dataset_s3_bucket_consumer_with_no_taskflow to None, run_after=None
[2025-02-11T23:36:29.809+0000] {logging_mixin.py:190} INFO - [2025-02-11T23:36:29.808+0000] {dag.py:4180} INFO - Setting next_dagrun for dataset_s3_bucket_producer_with_no_taskflow to None, run_after=None
[2025-02-11T23:36:29.831+0000] {processor.py:208} INFO - Processing /home/airflow/.local/lib/python3.12/site-packages/airflow/example_dags/example_dataset_alias_with_no_taskflow.py took 0.883 seconds
[2025-02-11T23:36:59.951+0000] {processor.py:186} INFO - Started process (PID=268) to work on /home/airflow/.local/lib/python3.12/site-packages/airflow/example_dags/example_dataset_alias_with_no_taskflow.py
[2025-02-11T23:36:59.952+0000] {processor.py:914} INFO - Processing file /home/airflow/.local/lib/python3.12/site-packages/airflow/example_dags/example_dataset_alias_with_no_taskflow.py for tasks to queue
[2025-02-11T23:36:59.955+0000] {logging_mixin.py:190} INFO - [2025-02-11T23:36:59.955+0000] {dagbag.py:588} INFO - Filling up the DagBag from /home/airflow/.local/lib/python3.12/site-packages/airflow/example_dags/example_dataset_alias_with_no_taskflow.py
[2025-02-11T23:37:01.284+0000] {processor.py:925} INFO - DAG(s) 'dataset_alias_example_alias_consumer_with_no_taskflow', 'dataset_s3_bucket_consumer_with_no_taskflow', 'dataset_s3_bucket_producer_with_no_taskflow', 'dataset_alias_example_alias_producer_with_no_taskflow' retrieved from /home/airflow/.local/lib/python3.12/site-packages/airflow/example_dags/example_dataset_alias_with_no_taskflow.py
[2025-02-11T23:37:01.349+0000] {logging_mixin.py:190} INFO - [2025-02-11T23:37:01.348+0000] {dag.py:3239} INFO - Sync 4 DAGs
[2025-02-11T23:37:01.410+0000] {logging_mixin.py:190} INFO - [2025-02-11T23:37:01.409+0000] {dag.py:4180} INFO - Setting next_dagrun for dataset_alias_example_alias_consumer_with_no_taskflow to None, run_after=None
[2025-02-11T23:37:01.422+0000] {logging_mixin.py:190} INFO - [2025-02-11T23:37:01.422+0000] {dag.py:4180} INFO - Setting next_dagrun for dataset_alias_example_alias_producer_with_no_taskflow to None, run_after=None
[2025-02-11T23:37:01.425+0000] {logging_mixin.py:190} INFO - [2025-02-11T23:37:01.425+0000] {dag.py:4180} INFO - Setting next_dagrun for dataset_s3_bucket_consumer_with_no_taskflow to None, run_after=None
[2025-02-11T23:37:01.428+0000] {logging_mixin.py:190} INFO - [2025-02-11T23:37:01.427+0000] {dag.py:4180} INFO - Setting next_dagrun for dataset_s3_bucket_producer_with_no_taskflow to None, run_after=None
[2025-02-11T23:37:01.503+0000] {processor.py:208} INFO - Processing /home/airflow/.local/lib/python3.12/site-packages/airflow/example_dags/example_dataset_alias_with_no_taskflow.py took 1.560 seconds
[2025-02-11T23:37:34.801+0000] {processor.py:186} INFO - Started process (PID=333) to work on /home/airflow/.local/lib/python3.12/site-packages/airflow/example_dags/example_dataset_alias_with_no_taskflow.py
[2025-02-11T23:37:34.805+0000] {processor.py:914} INFO - Processing file /home/airflow/.local/lib/python3.12/site-packages/airflow/example_dags/example_dataset_alias_with_no_taskflow.py for tasks to queue
[2025-02-11T23:37:34.822+0000] {logging_mixin.py:190} INFO - [2025-02-11T23:37:34.822+0000] {dagbag.py:588} INFO - Filling up the DagBag from /home/airflow/.local/lib/python3.12/site-packages/airflow/example_dags/example_dataset_alias_with_no_taskflow.py
[2025-02-11T23:37:37.047+0000] {processor.py:925} INFO - DAG(s) 'dataset_s3_bucket_consumer_with_no_taskflow', 'dataset_s3_bucket_producer_with_no_taskflow', 'dataset_alias_example_alias_producer_with_no_taskflow', 'dataset_alias_example_alias_consumer_with_no_taskflow' retrieved from /home/airflow/.local/lib/python3.12/site-packages/airflow/example_dags/example_dataset_alias_with_no_taskflow.py
[2025-02-11T23:37:37.132+0000] {logging_mixin.py:190} INFO - [2025-02-11T23:37:37.122+0000] {dag.py:3239} INFO - Sync 4 DAGs
[2025-02-11T23:37:37.215+0000] {logging_mixin.py:190} INFO - [2025-02-11T23:37:37.215+0000] {dag.py:4180} INFO - Setting next_dagrun for dataset_alias_example_alias_consumer_with_no_taskflow to None, run_after=None
[2025-02-11T23:37:37.229+0000] {logging_mixin.py:190} INFO - [2025-02-11T23:37:37.229+0000] {dag.py:4180} INFO - Setting next_dagrun for dataset_alias_example_alias_producer_with_no_taskflow to None, run_after=None
[2025-02-11T23:37:37.245+0000] {logging_mixin.py:190} INFO - [2025-02-11T23:37:37.245+0000] {dag.py:4180} INFO - Setting next_dagrun for dataset_s3_bucket_consumer_with_no_taskflow to None, run_after=None
[2025-02-11T23:37:37.248+0000] {logging_mixin.py:190} INFO - [2025-02-11T23:37:37.247+0000] {dag.py:4180} INFO - Setting next_dagrun for dataset_s3_bucket_producer_with_no_taskflow to None, run_after=None
[2025-02-11T23:37:37.314+0000] {processor.py:208} INFO - Processing /home/airflow/.local/lib/python3.12/site-packages/airflow/example_dags/example_dataset_alias_with_no_taskflow.py took 2.520 seconds
[2025-02-11T23:38:08.849+0000] {processor.py:186} INFO - Started process (PID=404) to work on /home/airflow/.local/lib/python3.12/site-packages/airflow/example_dags/example_dataset_alias_with_no_taskflow.py
[2025-02-11T23:38:08.850+0000] {processor.py:914} INFO - Processing file /home/airflow/.local/lib/python3.12/site-packages/airflow/example_dags/example_dataset_alias_with_no_taskflow.py for tasks to queue
[2025-02-11T23:38:08.864+0000] {logging_mixin.py:190} INFO - [2025-02-11T23:38:08.863+0000] {dagbag.py:588} INFO - Filling up the DagBag from /home/airflow/.local/lib/python3.12/site-packages/airflow/example_dags/example_dataset_alias_with_no_taskflow.py
[2025-02-11T23:38:10.010+0000] {processor.py:925} INFO - DAG(s) 'dataset_alias_example_alias_producer_with_no_taskflow', 'dataset_s3_bucket_consumer_with_no_taskflow', 'dataset_s3_bucket_producer_with_no_taskflow', 'dataset_alias_example_alias_consumer_with_no_taskflow' retrieved from /home/airflow/.local/lib/python3.12/site-packages/airflow/example_dags/example_dataset_alias_with_no_taskflow.py
[2025-02-11T23:38:10.084+0000] {logging_mixin.py:190} INFO - [2025-02-11T23:38:10.083+0000] {dag.py:3239} INFO - Sync 4 DAGs
[2025-02-11T23:38:10.122+0000] {logging_mixin.py:190} INFO - [2025-02-11T23:38:10.122+0000] {dag.py:4180} INFO - Setting next_dagrun for dataset_alias_example_alias_consumer_with_no_taskflow to None, run_after=None
[2025-02-11T23:38:10.126+0000] {logging_mixin.py:190} INFO - [2025-02-11T23:38:10.126+0000] {dag.py:4180} INFO - Setting next_dagrun for dataset_alias_example_alias_producer_with_no_taskflow to None, run_after=None
[2025-02-11T23:38:10.131+0000] {logging_mixin.py:190} INFO - [2025-02-11T23:38:10.131+0000] {dag.py:4180} INFO - Setting next_dagrun for dataset_s3_bucket_consumer_with_no_taskflow to None, run_after=None
[2025-02-11T23:38:10.136+0000] {logging_mixin.py:190} INFO - [2025-02-11T23:38:10.136+0000] {dag.py:4180} INFO - Setting next_dagrun for dataset_s3_bucket_producer_with_no_taskflow to None, run_after=None
[2025-02-11T23:38:10.183+0000] {processor.py:208} INFO - Processing /home/airflow/.local/lib/python3.12/site-packages/airflow/example_dags/example_dataset_alias_with_no_taskflow.py took 1.349 seconds
[2025-02-11T23:38:44.408+0000] {processor.py:186} INFO - Started process (PID=477) to work on /home/airflow/.local/lib/python3.12/site-packages/airflow/example_dags/example_dataset_alias_with_no_taskflow.py
[2025-02-11T23:38:44.413+0000] {processor.py:914} INFO - Processing file /home/airflow/.local/lib/python3.12/site-packages/airflow/example_dags/example_dataset_alias_with_no_taskflow.py for tasks to queue
[2025-02-11T23:38:44.423+0000] {logging_mixin.py:190} INFO - [2025-02-11T23:38:44.423+0000] {dagbag.py:588} INFO - Filling up the DagBag from /home/airflow/.local/lib/python3.12/site-packages/airflow/example_dags/example_dataset_alias_with_no_taskflow.py
[2025-02-11T23:38:46.965+0000] {processor.py:925} INFO - DAG(s) 'dataset_s3_bucket_producer_with_no_taskflow', 'dataset_alias_example_alias_consumer_with_no_taskflow', 'dataset_alias_example_alias_producer_with_no_taskflow', 'dataset_s3_bucket_consumer_with_no_taskflow' retrieved from /home/airflow/.local/lib/python3.12/site-packages/airflow/example_dags/example_dataset_alias_with_no_taskflow.py
[2025-02-11T23:38:47.049+0000] {logging_mixin.py:190} INFO - [2025-02-11T23:38:47.049+0000] {dag.py:3239} INFO - Sync 4 DAGs
[2025-02-11T23:38:47.143+0000] {logging_mixin.py:190} INFO - [2025-02-11T23:38:47.142+0000] {dag.py:4180} INFO - Setting next_dagrun for dataset_alias_example_alias_consumer_with_no_taskflow to None, run_after=None
[2025-02-11T23:38:47.156+0000] {logging_mixin.py:190} INFO - [2025-02-11T23:38:47.156+0000] {dag.py:4180} INFO - Setting next_dagrun for dataset_alias_example_alias_producer_with_no_taskflow to None, run_after=None
[2025-02-11T23:38:47.170+0000] {logging_mixin.py:190} INFO - [2025-02-11T23:38:47.170+0000] {dag.py:4180} INFO - Setting next_dagrun for dataset_s3_bucket_consumer_with_no_taskflow to None, run_after=None
[2025-02-11T23:38:47.173+0000] {logging_mixin.py:190} INFO - [2025-02-11T23:38:47.173+0000] {dag.py:4180} INFO - Setting next_dagrun for dataset_s3_bucket_producer_with_no_taskflow to None, run_after=None
[2025-02-11T23:38:47.257+0000] {processor.py:208} INFO - Processing /home/airflow/.local/lib/python3.12/site-packages/airflow/example_dags/example_dataset_alias_with_no_taskflow.py took 2.867 seconds
[2025-02-11T23:39:18.065+0000] {processor.py:186} INFO - Started process (PID=543) to work on /home/airflow/.local/lib/python3.12/site-packages/airflow/example_dags/example_dataset_alias_with_no_taskflow.py
[2025-02-11T23:39:18.067+0000] {processor.py:914} INFO - Processing file /home/airflow/.local/lib/python3.12/site-packages/airflow/example_dags/example_dataset_alias_with_no_taskflow.py for tasks to queue
[2025-02-11T23:39:18.070+0000] {logging_mixin.py:190} INFO - [2025-02-11T23:39:18.070+0000] {dagbag.py:588} INFO - Filling up the DagBag from /home/airflow/.local/lib/python3.12/site-packages/airflow/example_dags/example_dataset_alias_with_no_taskflow.py
[2025-02-11T23:39:20.635+0000] {processor.py:925} INFO - DAG(s) 'dataset_s3_bucket_consumer_with_no_taskflow', 'dataset_alias_example_alias_producer_with_no_taskflow', 'dataset_alias_example_alias_consumer_with_no_taskflow', 'dataset_s3_bucket_producer_with_no_taskflow' retrieved from /home/airflow/.local/lib/python3.12/site-packages/airflow/example_dags/example_dataset_alias_with_no_taskflow.py
[2025-02-11T23:39:20.731+0000] {logging_mixin.py:190} INFO - [2025-02-11T23:39:20.730+0000] {dag.py:3239} INFO - Sync 4 DAGs
[2025-02-11T23:39:20.825+0000] {logging_mixin.py:190} INFO - [2025-02-11T23:39:20.825+0000] {dag.py:4180} INFO - Setting next_dagrun for dataset_alias_example_alias_consumer_with_no_taskflow to None, run_after=None
[2025-02-11T23:39:20.840+0000] {logging_mixin.py:190} INFO - [2025-02-11T23:39:20.839+0000] {dag.py:4180} INFO - Setting next_dagrun for dataset_alias_example_alias_producer_with_no_taskflow to None, run_after=None
[2025-02-11T23:39:20.844+0000] {logging_mixin.py:190} INFO - [2025-02-11T23:39:20.844+0000] {dag.py:4180} INFO - Setting next_dagrun for dataset_s3_bucket_consumer_with_no_taskflow to None, run_after=None
[2025-02-11T23:39:20.854+0000] {logging_mixin.py:190} INFO - [2025-02-11T23:39:20.847+0000] {dag.py:4180} INFO - Setting next_dagrun for dataset_s3_bucket_producer_with_no_taskflow to None, run_after=None
[2025-02-11T23:39:20.928+0000] {processor.py:208} INFO - Processing /home/airflow/.local/lib/python3.12/site-packages/airflow/example_dags/example_dataset_alias_with_no_taskflow.py took 2.890 seconds
[2025-02-11T23:39:51.040+0000] {processor.py:186} INFO - Started process (PID=610) to work on /home/airflow/.local/lib/python3.12/site-packages/airflow/example_dags/example_dataset_alias_with_no_taskflow.py
[2025-02-11T23:39:51.042+0000] {processor.py:914} INFO - Processing file /home/airflow/.local/lib/python3.12/site-packages/airflow/example_dags/example_dataset_alias_with_no_taskflow.py for tasks to queue
[2025-02-11T23:39:51.047+0000] {logging_mixin.py:190} INFO - [2025-02-11T23:39:51.047+0000] {dagbag.py:588} INFO - Filling up the DagBag from /home/airflow/.local/lib/python3.12/site-packages/airflow/example_dags/example_dataset_alias_with_no_taskflow.py
[2025-02-11T23:39:51.967+0000] {processor.py:925} INFO - DAG(s) 'dataset_alias_example_alias_producer_with_no_taskflow', 'dataset_s3_bucket_producer_with_no_taskflow', 'dataset_alias_example_alias_consumer_with_no_taskflow', 'dataset_s3_bucket_consumer_with_no_taskflow' retrieved from /home/airflow/.local/lib/python3.12/site-packages/airflow/example_dags/example_dataset_alias_with_no_taskflow.py
[2025-02-11T23:39:51.996+0000] {logging_mixin.py:190} INFO - [2025-02-11T23:39:51.996+0000] {dag.py:3239} INFO - Sync 4 DAGs
[2025-02-11T23:39:52.042+0000] {logging_mixin.py:190} INFO - [2025-02-11T23:39:52.041+0000] {dag.py:4180} INFO - Setting next_dagrun for dataset_alias_example_alias_consumer_with_no_taskflow to None, run_after=None
[2025-02-11T23:39:52.046+0000] {logging_mixin.py:190} INFO - [2025-02-11T23:39:52.045+0000] {dag.py:4180} INFO - Setting next_dagrun for dataset_alias_example_alias_producer_with_no_taskflow to None, run_after=None
[2025-02-11T23:39:52.048+0000] {logging_mixin.py:190} INFO - [2025-02-11T23:39:52.048+0000] {dag.py:4180} INFO - Setting next_dagrun for dataset_s3_bucket_consumer_with_no_taskflow to None, run_after=None
[2025-02-11T23:39:52.050+0000] {logging_mixin.py:190} INFO - [2025-02-11T23:39:52.050+0000] {dag.py:4180} INFO - Setting next_dagrun for dataset_s3_bucket_producer_with_no_taskflow to None, run_after=None
[2025-02-11T23:39:52.080+0000] {processor.py:208} INFO - Processing /home/airflow/.local/lib/python3.12/site-packages/airflow/example_dags/example_dataset_alias_with_no_taskflow.py took 1.047 seconds
[2025-02-11T23:40:22.239+0000] {processor.py:186} INFO - Started process (PID=676) to work on /home/airflow/.local/lib/python3.12/site-packages/airflow/example_dags/example_dataset_alias_with_no_taskflow.py
[2025-02-11T23:40:22.240+0000] {processor.py:914} INFO - Processing file /home/airflow/.local/lib/python3.12/site-packages/airflow/example_dags/example_dataset_alias_with_no_taskflow.py for tasks to queue
[2025-02-11T23:40:22.243+0000] {logging_mixin.py:190} INFO - [2025-02-11T23:40:22.243+0000] {dagbag.py:588} INFO - Filling up the DagBag from /home/airflow/.local/lib/python3.12/site-packages/airflow/example_dags/example_dataset_alias_with_no_taskflow.py
[2025-02-11T23:40:23.089+0000] {processor.py:925} INFO - DAG(s) 'dataset_s3_bucket_consumer_with_no_taskflow', 'dataset_alias_example_alias_consumer_with_no_taskflow', 'dataset_s3_bucket_producer_with_no_taskflow', 'dataset_alias_example_alias_producer_with_no_taskflow' retrieved from /home/airflow/.local/lib/python3.12/site-packages/airflow/example_dags/example_dataset_alias_with_no_taskflow.py
[2025-02-11T23:40:23.120+0000] {logging_mixin.py:190} INFO - [2025-02-11T23:40:23.119+0000] {dag.py:3239} INFO - Sync 4 DAGs
[2025-02-11T23:40:23.179+0000] {logging_mixin.py:190} INFO - [2025-02-11T23:40:23.179+0000] {dag.py:4180} INFO - Setting next_dagrun for dataset_alias_example_alias_consumer_with_no_taskflow to None, run_after=None
[2025-02-11T23:40:23.184+0000] {logging_mixin.py:190} INFO - [2025-02-11T23:40:23.184+0000] {dag.py:4180} INFO - Setting next_dagrun for dataset_alias_example_alias_producer_with_no_taskflow to None, run_after=None
[2025-02-11T23:40:23.188+0000] {logging_mixin.py:190} INFO - [2025-02-11T23:40:23.187+0000] {dag.py:4180} INFO - Setting next_dagrun for dataset_s3_bucket_consumer_with_no_taskflow to None, run_after=None
[2025-02-11T23:40:23.193+0000] {logging_mixin.py:190} INFO - [2025-02-11T23:40:23.192+0000] {dag.py:4180} INFO - Setting next_dagrun for dataset_s3_bucket_producer_with_no_taskflow to None, run_after=None
[2025-02-11T23:40:23.235+0000] {processor.py:208} INFO - Processing /home/airflow/.local/lib/python3.12/site-packages/airflow/example_dags/example_dataset_alias_with_no_taskflow.py took 1.004 seconds
[2025-02-11T23:42:15.639+0000] {processor.py:186} INFO - Started process (PID=46) to work on /home/airflow/.local/lib/python3.12/site-packages/airflow/example_dags/example_dataset_alias_with_no_taskflow.py
[2025-02-11T23:42:15.643+0000] {processor.py:914} INFO - Processing file /home/airflow/.local/lib/python3.12/site-packages/airflow/example_dags/example_dataset_alias_with_no_taskflow.py for tasks to queue
[2025-02-11T23:42:15.650+0000] {logging_mixin.py:190} INFO - [2025-02-11T23:42:15.650+0000] {dagbag.py:588} INFO - Filling up the DagBag from /home/airflow/.local/lib/python3.12/site-packages/airflow/example_dags/example_dataset_alias_with_no_taskflow.py
[2025-02-11T23:42:18.693+0000] {processor.py:925} INFO - DAG(s) 'dataset_alias_example_alias_consumer_with_no_taskflow', 'dataset_alias_example_alias_producer_with_no_taskflow', 'dataset_s3_bucket_consumer_with_no_taskflow', 'dataset_s3_bucket_producer_with_no_taskflow' retrieved from /home/airflow/.local/lib/python3.12/site-packages/airflow/example_dags/example_dataset_alias_with_no_taskflow.py
[2025-02-11T23:42:18.788+0000] {logging_mixin.py:190} INFO - [2025-02-11T23:42:18.787+0000] {dag.py:3239} INFO - Sync 4 DAGs
[2025-02-11T23:42:18.847+0000] {logging_mixin.py:190} INFO - [2025-02-11T23:42:18.846+0000] {dag.py:4180} INFO - Setting next_dagrun for dataset_alias_example_alias_consumer_with_no_taskflow to None, run_after=None
[2025-02-11T23:42:18.858+0000] {logging_mixin.py:190} INFO - [2025-02-11T23:42:18.858+0000] {dag.py:4180} INFO - Setting next_dagrun for dataset_alias_example_alias_producer_with_no_taskflow to None, run_after=None
[2025-02-11T23:42:18.861+0000] {logging_mixin.py:190} INFO - [2025-02-11T23:42:18.861+0000] {dag.py:4180} INFO - Setting next_dagrun for dataset_s3_bucket_consumer_with_no_taskflow to None, run_after=None
[2025-02-11T23:42:18.868+0000] {logging_mixin.py:190} INFO - [2025-02-11T23:42:18.868+0000] {dag.py:4180} INFO - Setting next_dagrun for dataset_s3_bucket_producer_with_no_taskflow to None, run_after=None
[2025-02-11T23:42:18.932+0000] {processor.py:208} INFO - Processing /home/airflow/.local/lib/python3.12/site-packages/airflow/example_dags/example_dataset_alias_with_no_taskflow.py took 3.306 seconds
[2025-02-11T23:42:49.103+0000] {processor.py:186} INFO - Started process (PID=120) to work on /home/airflow/.local/lib/python3.12/site-packages/airflow/example_dags/example_dataset_alias_with_no_taskflow.py
[2025-02-11T23:42:49.104+0000] {processor.py:914} INFO - Processing file /home/airflow/.local/lib/python3.12/site-packages/airflow/example_dags/example_dataset_alias_with_no_taskflow.py for tasks to queue
[2025-02-11T23:42:49.118+0000] {logging_mixin.py:190} INFO - [2025-02-11T23:42:49.117+0000] {dagbag.py:588} INFO - Filling up the DagBag from /home/airflow/.local/lib/python3.12/site-packages/airflow/example_dags/example_dataset_alias_with_no_taskflow.py
[2025-02-11T23:42:51.117+0000] {processor.py:925} INFO - DAG(s) 'dataset_s3_bucket_consumer_with_no_taskflow', 'dataset_alias_example_alias_consumer_with_no_taskflow', 'dataset_alias_example_alias_producer_with_no_taskflow', 'dataset_s3_bucket_producer_with_no_taskflow' retrieved from /home/airflow/.local/lib/python3.12/site-packages/airflow/example_dags/example_dataset_alias_with_no_taskflow.py
[2025-02-11T23:42:51.162+0000] {logging_mixin.py:190} INFO - [2025-02-11T23:42:51.161+0000] {dag.py:3239} INFO - Sync 4 DAGs
[2025-02-11T23:42:51.205+0000] {logging_mixin.py:190} INFO - [2025-02-11T23:42:51.205+0000] {dag.py:4180} INFO - Setting next_dagrun for dataset_alias_example_alias_consumer_with_no_taskflow to None, run_after=None
[2025-02-11T23:42:51.210+0000] {logging_mixin.py:190} INFO - [2025-02-11T23:42:51.210+0000] {dag.py:4180} INFO - Setting next_dagrun for dataset_alias_example_alias_producer_with_no_taskflow to None, run_after=None
[2025-02-11T23:42:51.217+0000] {logging_mixin.py:190} INFO - [2025-02-11T23:42:51.216+0000] {dag.py:4180} INFO - Setting next_dagrun for dataset_s3_bucket_consumer_with_no_taskflow to None, run_after=None
[2025-02-11T23:42:51.222+0000] {logging_mixin.py:190} INFO - [2025-02-11T23:42:51.222+0000] {dag.py:4180} INFO - Setting next_dagrun for dataset_s3_bucket_producer_with_no_taskflow to None, run_after=None
[2025-02-11T23:42:51.289+0000] {processor.py:208} INFO - Processing /home/airflow/.local/lib/python3.12/site-packages/airflow/example_dags/example_dataset_alias_with_no_taskflow.py took 2.205 seconds
[2025-02-11T23:43:22.070+0000] {processor.py:186} INFO - Started process (PID=188) to work on /home/airflow/.local/lib/python3.12/site-packages/airflow/example_dags/example_dataset_alias_with_no_taskflow.py
[2025-02-11T23:43:22.071+0000] {processor.py:914} INFO - Processing file /home/airflow/.local/lib/python3.12/site-packages/airflow/example_dags/example_dataset_alias_with_no_taskflow.py for tasks to queue
[2025-02-11T23:43:22.074+0000] {logging_mixin.py:190} INFO - [2025-02-11T23:43:22.074+0000] {dagbag.py:588} INFO - Filling up the DagBag from /home/airflow/.local/lib/python3.12/site-packages/airflow/example_dags/example_dataset_alias_with_no_taskflow.py
[2025-02-11T23:43:23.209+0000] {processor.py:925} INFO - DAG(s) 'dataset_alias_example_alias_producer_with_no_taskflow', 'dataset_s3_bucket_producer_with_no_taskflow', 'dataset_alias_example_alias_consumer_with_no_taskflow', 'dataset_s3_bucket_consumer_with_no_taskflow' retrieved from /home/airflow/.local/lib/python3.12/site-packages/airflow/example_dags/example_dataset_alias_with_no_taskflow.py
[2025-02-11T23:43:23.242+0000] {logging_mixin.py:190} INFO - [2025-02-11T23:43:23.242+0000] {dag.py:3239} INFO - Sync 4 DAGs
[2025-02-11T23:43:23.274+0000] {logging_mixin.py:190} INFO - [2025-02-11T23:43:23.274+0000] {dag.py:4180} INFO - Setting next_dagrun for dataset_alias_example_alias_consumer_with_no_taskflow to None, run_after=None
[2025-02-11T23:43:23.278+0000] {logging_mixin.py:190} INFO - [2025-02-11T23:43:23.278+0000] {dag.py:4180} INFO - Setting next_dagrun for dataset_alias_example_alias_producer_with_no_taskflow to None, run_after=None
[2025-02-11T23:43:23.282+0000] {logging_mixin.py:190} INFO - [2025-02-11T23:43:23.282+0000] {dag.py:4180} INFO - Setting next_dagrun for dataset_s3_bucket_consumer_with_no_taskflow to None, run_after=None
[2025-02-11T23:43:23.285+0000] {logging_mixin.py:190} INFO - [2025-02-11T23:43:23.284+0000] {dag.py:4180} INFO - Setting next_dagrun for dataset_s3_bucket_producer_with_no_taskflow to None, run_after=None
[2025-02-11T23:43:23.325+0000] {processor.py:208} INFO - Processing /home/airflow/.local/lib/python3.12/site-packages/airflow/example_dags/example_dataset_alias_with_no_taskflow.py took 1.262 seconds
[2025-02-11T23:43:53.952+0000] {processor.py:186} INFO - Started process (PID=255) to work on /home/airflow/.local/lib/python3.12/site-packages/airflow/example_dags/example_dataset_alias_with_no_taskflow.py
[2025-02-11T23:43:53.954+0000] {processor.py:914} INFO - Processing file /home/airflow/.local/lib/python3.12/site-packages/airflow/example_dags/example_dataset_alias_with_no_taskflow.py for tasks to queue
[2025-02-11T23:43:53.957+0000] {logging_mixin.py:190} INFO - [2025-02-11T23:43:53.957+0000] {dagbag.py:588} INFO - Filling up the DagBag from /home/airflow/.local/lib/python3.12/site-packages/airflow/example_dags/example_dataset_alias_with_no_taskflow.py
[2025-02-11T23:43:55.136+0000] {processor.py:925} INFO - DAG(s) 'dataset_s3_bucket_producer_with_no_taskflow', 'dataset_alias_example_alias_consumer_with_no_taskflow', 'dataset_s3_bucket_consumer_with_no_taskflow', 'dataset_alias_example_alias_producer_with_no_taskflow' retrieved from /home/airflow/.local/lib/python3.12/site-packages/airflow/example_dags/example_dataset_alias_with_no_taskflow.py
[2025-02-11T23:43:55.182+0000] {logging_mixin.py:190} INFO - [2025-02-11T23:43:55.180+0000] {dag.py:3239} INFO - Sync 4 DAGs
[2025-02-11T23:43:55.223+0000] {logging_mixin.py:190} INFO - [2025-02-11T23:43:55.223+0000] {dag.py:4180} INFO - Setting next_dagrun for dataset_alias_example_alias_consumer_with_no_taskflow to None, run_after=None
[2025-02-11T23:43:55.228+0000] {logging_mixin.py:190} INFO - [2025-02-11T23:43:55.228+0000] {dag.py:4180} INFO - Setting next_dagrun for dataset_alias_example_alias_producer_with_no_taskflow to None, run_after=None
[2025-02-11T23:43:55.234+0000] {logging_mixin.py:190} INFO - [2025-02-11T23:43:55.233+0000] {dag.py:4180} INFO - Setting next_dagrun for dataset_s3_bucket_consumer_with_no_taskflow to None, run_after=None
[2025-02-11T23:43:55.236+0000] {logging_mixin.py:190} INFO - [2025-02-11T23:43:55.236+0000] {dag.py:4180} INFO - Setting next_dagrun for dataset_s3_bucket_producer_with_no_taskflow to None, run_after=None
[2025-02-11T23:43:55.282+0000] {processor.py:208} INFO - Processing /home/airflow/.local/lib/python3.12/site-packages/airflow/example_dags/example_dataset_alias_with_no_taskflow.py took 1.348 seconds
[2025-02-11T23:44:25.751+0000] {processor.py:186} INFO - Started process (PID=321) to work on /home/airflow/.local/lib/python3.12/site-packages/airflow/example_dags/example_dataset_alias_with_no_taskflow.py
[2025-02-11T23:44:25.754+0000] {processor.py:914} INFO - Processing file /home/airflow/.local/lib/python3.12/site-packages/airflow/example_dags/example_dataset_alias_with_no_taskflow.py for tasks to queue
[2025-02-11T23:44:25.759+0000] {logging_mixin.py:190} INFO - [2025-02-11T23:44:25.759+0000] {dagbag.py:588} INFO - Filling up the DagBag from /home/airflow/.local/lib/python3.12/site-packages/airflow/example_dags/example_dataset_alias_with_no_taskflow.py
[2025-02-11T23:44:27.537+0000] {processor.py:925} INFO - DAG(s) 'dataset_s3_bucket_producer_with_no_taskflow', 'dataset_alias_example_alias_consumer_with_no_taskflow', 'dataset_s3_bucket_consumer_with_no_taskflow', 'dataset_alias_example_alias_producer_with_no_taskflow' retrieved from /home/airflow/.local/lib/python3.12/site-packages/airflow/example_dags/example_dataset_alias_with_no_taskflow.py
[2025-02-11T23:44:27.622+0000] {logging_mixin.py:190} INFO - [2025-02-11T23:44:27.621+0000] {dag.py:3239} INFO - Sync 4 DAGs
[2025-02-11T23:44:27.732+0000] {logging_mixin.py:190} INFO - [2025-02-11T23:44:27.731+0000] {dag.py:4180} INFO - Setting next_dagrun for dataset_alias_example_alias_consumer_with_no_taskflow to None, run_after=None
[2025-02-11T23:44:27.746+0000] {logging_mixin.py:190} INFO - [2025-02-11T23:44:27.745+0000] {dag.py:4180} INFO - Setting next_dagrun for dataset_alias_example_alias_producer_with_no_taskflow to None, run_after=None
[2025-02-11T23:44:27.749+0000] {logging_mixin.py:190} INFO - [2025-02-11T23:44:27.748+0000] {dag.py:4180} INFO - Setting next_dagrun for dataset_s3_bucket_consumer_with_no_taskflow to None, run_after=None
[2025-02-11T23:44:27.761+0000] {logging_mixin.py:190} INFO - [2025-02-11T23:44:27.761+0000] {dag.py:4180} INFO - Setting next_dagrun for dataset_s3_bucket_producer_with_no_taskflow to None, run_after=None
[2025-02-11T23:44:27.846+0000] {processor.py:208} INFO - Processing /home/airflow/.local/lib/python3.12/site-packages/airflow/example_dags/example_dataset_alias_with_no_taskflow.py took 2.114 seconds
[2025-02-11T23:44:58.334+0000] {processor.py:186} INFO - Started process (PID=387) to work on /home/airflow/.local/lib/python3.12/site-packages/airflow/example_dags/example_dataset_alias_with_no_taskflow.py
[2025-02-11T23:44:58.340+0000] {processor.py:914} INFO - Processing file /home/airflow/.local/lib/python3.12/site-packages/airflow/example_dags/example_dataset_alias_with_no_taskflow.py for tasks to queue
[2025-02-11T23:44:58.348+0000] {logging_mixin.py:190} INFO - [2025-02-11T23:44:58.346+0000] {dagbag.py:588} INFO - Filling up the DagBag from /home/airflow/.local/lib/python3.12/site-packages/airflow/example_dags/example_dataset_alias_with_no_taskflow.py
[2025-02-11T23:45:00.385+0000] {processor.py:925} INFO - DAG(s) 'dataset_s3_bucket_consumer_with_no_taskflow', 'dataset_alias_example_alias_producer_with_no_taskflow', 'dataset_s3_bucket_producer_with_no_taskflow', 'dataset_alias_example_alias_consumer_with_no_taskflow' retrieved from /home/airflow/.local/lib/python3.12/site-packages/airflow/example_dags/example_dataset_alias_with_no_taskflow.py
[2025-02-11T23:45:00.464+0000] {logging_mixin.py:190} INFO - [2025-02-11T23:45:00.463+0000] {dag.py:3239} INFO - Sync 4 DAGs
[2025-02-11T23:45:00.530+0000] {logging_mixin.py:190} INFO - [2025-02-11T23:45:00.530+0000] {dag.py:4180} INFO - Setting next_dagrun for dataset_alias_example_alias_consumer_with_no_taskflow to None, run_after=None
[2025-02-11T23:45:00.540+0000] {logging_mixin.py:190} INFO - [2025-02-11T23:45:00.540+0000] {dag.py:4180} INFO - Setting next_dagrun for dataset_alias_example_alias_producer_with_no_taskflow to None, run_after=None
[2025-02-11T23:45:00.544+0000] {logging_mixin.py:190} INFO - [2025-02-11T23:45:00.543+0000] {dag.py:4180} INFO - Setting next_dagrun for dataset_s3_bucket_consumer_with_no_taskflow to None, run_after=None
[2025-02-11T23:45:00.548+0000] {logging_mixin.py:190} INFO - [2025-02-11T23:45:00.548+0000] {dag.py:4180} INFO - Setting next_dagrun for dataset_s3_bucket_producer_with_no_taskflow to None, run_after=None
[2025-02-11T23:45:00.637+0000] {processor.py:208} INFO - Processing /home/airflow/.local/lib/python3.12/site-packages/airflow/example_dags/example_dataset_alias_with_no_taskflow.py took 2.328 seconds
[2025-02-11T23:45:31.647+0000] {processor.py:186} INFO - Started process (PID=453) to work on /home/airflow/.local/lib/python3.12/site-packages/airflow/example_dags/example_dataset_alias_with_no_taskflow.py
[2025-02-11T23:45:31.649+0000] {processor.py:914} INFO - Processing file /home/airflow/.local/lib/python3.12/site-packages/airflow/example_dags/example_dataset_alias_with_no_taskflow.py for tasks to queue
[2025-02-11T23:45:31.651+0000] {logging_mixin.py:190} INFO - [2025-02-11T23:45:31.651+0000] {dagbag.py:588} INFO - Filling up the DagBag from /home/airflow/.local/lib/python3.12/site-packages/airflow/example_dags/example_dataset_alias_with_no_taskflow.py
[2025-02-11T23:45:32.653+0000] {processor.py:925} INFO - DAG(s) 'dataset_s3_bucket_producer_with_no_taskflow', 'dataset_alias_example_alias_consumer_with_no_taskflow', 'dataset_alias_example_alias_producer_with_no_taskflow', 'dataset_s3_bucket_consumer_with_no_taskflow' retrieved from /home/airflow/.local/lib/python3.12/site-packages/airflow/example_dags/example_dataset_alias_with_no_taskflow.py
[2025-02-11T23:45:32.716+0000] {logging_mixin.py:190} INFO - [2025-02-11T23:45:32.714+0000] {dag.py:3239} INFO - Sync 4 DAGs
[2025-02-11T23:45:32.783+0000] {logging_mixin.py:190} INFO - [2025-02-11T23:45:32.782+0000] {dag.py:4180} INFO - Setting next_dagrun for dataset_alias_example_alias_consumer_with_no_taskflow to None, run_after=None
[2025-02-11T23:45:32.792+0000] {logging_mixin.py:190} INFO - [2025-02-11T23:45:32.791+0000] {dag.py:4180} INFO - Setting next_dagrun for dataset_alias_example_alias_producer_with_no_taskflow to None, run_after=None
[2025-02-11T23:45:32.798+0000] {logging_mixin.py:190} INFO - [2025-02-11T23:45:32.798+0000] {dag.py:4180} INFO - Setting next_dagrun for dataset_s3_bucket_consumer_with_no_taskflow to None, run_after=None
[2025-02-11T23:45:32.800+0000] {logging_mixin.py:190} INFO - [2025-02-11T23:45:32.800+0000] {dag.py:4180} INFO - Setting next_dagrun for dataset_s3_bucket_producer_with_no_taskflow to None, run_after=None
[2025-02-11T23:45:32.849+0000] {processor.py:208} INFO - Processing /home/airflow/.local/lib/python3.12/site-packages/airflow/example_dags/example_dataset_alias_with_no_taskflow.py took 1.212 seconds
[2025-02-11T23:46:03.010+0000] {processor.py:186} INFO - Started process (PID=519) to work on /home/airflow/.local/lib/python3.12/site-packages/airflow/example_dags/example_dataset_alias_with_no_taskflow.py
[2025-02-11T23:46:03.012+0000] {processor.py:914} INFO - Processing file /home/airflow/.local/lib/python3.12/site-packages/airflow/example_dags/example_dataset_alias_with_no_taskflow.py for tasks to queue
[2025-02-11T23:46:03.015+0000] {logging_mixin.py:190} INFO - [2025-02-11T23:46:03.015+0000] {dagbag.py:588} INFO - Filling up the DagBag from /home/airflow/.local/lib/python3.12/site-packages/airflow/example_dags/example_dataset_alias_with_no_taskflow.py
[2025-02-11T23:46:04.070+0000] {processor.py:925} INFO - DAG(s) 'dataset_alias_example_alias_consumer_with_no_taskflow', 'dataset_s3_bucket_consumer_with_no_taskflow', 'dataset_s3_bucket_producer_with_no_taskflow', 'dataset_alias_example_alias_producer_with_no_taskflow' retrieved from /home/airflow/.local/lib/python3.12/site-packages/airflow/example_dags/example_dataset_alias_with_no_taskflow.py
[2025-02-11T23:46:04.113+0000] {logging_mixin.py:190} INFO - [2025-02-11T23:46:04.112+0000] {dag.py:3239} INFO - Sync 4 DAGs
[2025-02-11T23:46:04.142+0000] {logging_mixin.py:190} INFO - [2025-02-11T23:46:04.142+0000] {dag.py:4180} INFO - Setting next_dagrun for dataset_alias_example_alias_consumer_with_no_taskflow to None, run_after=None
[2025-02-11T23:46:04.148+0000] {logging_mixin.py:190} INFO - [2025-02-11T23:46:04.147+0000] {dag.py:4180} INFO - Setting next_dagrun for dataset_alias_example_alias_producer_with_no_taskflow to None, run_after=None
[2025-02-11T23:46:04.151+0000] {logging_mixin.py:190} INFO - [2025-02-11T23:46:04.151+0000] {dag.py:4180} INFO - Setting next_dagrun for dataset_s3_bucket_consumer_with_no_taskflow to None, run_after=None
[2025-02-11T23:46:04.153+0000] {logging_mixin.py:190} INFO - [2025-02-11T23:46:04.153+0000] {dag.py:4180} INFO - Setting next_dagrun for dataset_s3_bucket_producer_with_no_taskflow to None, run_after=None
[2025-02-11T23:46:04.184+0000] {processor.py:208} INFO - Processing /home/airflow/.local/lib/python3.12/site-packages/airflow/example_dags/example_dataset_alias_with_no_taskflow.py took 1.181 seconds
[2025-02-11T23:46:35.241+0000] {processor.py:186} INFO - Started process (PID=585) to work on /home/airflow/.local/lib/python3.12/site-packages/airflow/example_dags/example_dataset_alias_with_no_taskflow.py
[2025-02-11T23:46:35.249+0000] {processor.py:914} INFO - Processing file /home/airflow/.local/lib/python3.12/site-packages/airflow/example_dags/example_dataset_alias_with_no_taskflow.py for tasks to queue
[2025-02-11T23:46:35.265+0000] {logging_mixin.py:190} INFO - [2025-02-11T23:46:35.265+0000] {dagbag.py:588} INFO - Filling up the DagBag from /home/airflow/.local/lib/python3.12/site-packages/airflow/example_dags/example_dataset_alias_with_no_taskflow.py
[2025-02-11T23:46:36.551+0000] {processor.py:925} INFO - DAG(s) 'dataset_s3_bucket_consumer_with_no_taskflow', 'dataset_alias_example_alias_producer_with_no_taskflow', 'dataset_alias_example_alias_consumer_with_no_taskflow', 'dataset_s3_bucket_producer_with_no_taskflow' retrieved from /home/airflow/.local/lib/python3.12/site-packages/airflow/example_dags/example_dataset_alias_with_no_taskflow.py
[2025-02-11T23:46:36.590+0000] {logging_mixin.py:190} INFO - [2025-02-11T23:46:36.590+0000] {dag.py:3239} INFO - Sync 4 DAGs
[2025-02-11T23:46:36.632+0000] {logging_mixin.py:190} INFO - [2025-02-11T23:46:36.632+0000] {dag.py:4180} INFO - Setting next_dagrun for dataset_alias_example_alias_consumer_with_no_taskflow to None, run_after=None
[2025-02-11T23:46:36.638+0000] {logging_mixin.py:190} INFO - [2025-02-11T23:46:36.637+0000] {dag.py:4180} INFO - Setting next_dagrun for dataset_alias_example_alias_producer_with_no_taskflow to None, run_after=None
[2025-02-11T23:46:36.642+0000] {logging_mixin.py:190} INFO - [2025-02-11T23:46:36.641+0000] {dag.py:4180} INFO - Setting next_dagrun for dataset_s3_bucket_consumer_with_no_taskflow to None, run_after=None
[2025-02-11T23:46:36.646+0000] {logging_mixin.py:190} INFO - [2025-02-11T23:46:36.646+0000] {dag.py:4180} INFO - Setting next_dagrun for dataset_s3_bucket_producer_with_no_taskflow to None, run_after=None
[2025-02-11T23:46:36.681+0000] {processor.py:208} INFO - Processing /home/airflow/.local/lib/python3.12/site-packages/airflow/example_dags/example_dataset_alias_with_no_taskflow.py took 1.448 seconds
[2025-02-11T23:47:06.816+0000] {processor.py:186} INFO - Started process (PID=651) to work on /home/airflow/.local/lib/python3.12/site-packages/airflow/example_dags/example_dataset_alias_with_no_taskflow.py
[2025-02-11T23:47:06.818+0000] {processor.py:914} INFO - Processing file /home/airflow/.local/lib/python3.12/site-packages/airflow/example_dags/example_dataset_alias_with_no_taskflow.py for tasks to queue
[2025-02-11T23:47:06.822+0000] {logging_mixin.py:190} INFO - [2025-02-11T23:47:06.821+0000] {dagbag.py:588} INFO - Filling up the DagBag from /home/airflow/.local/lib/python3.12/site-packages/airflow/example_dags/example_dataset_alias_with_no_taskflow.py
[2025-02-11T23:47:08.902+0000] {processor.py:925} INFO - DAG(s) 'dataset_s3_bucket_consumer_with_no_taskflow', 'dataset_s3_bucket_producer_with_no_taskflow', 'dataset_alias_example_alias_consumer_with_no_taskflow', 'dataset_alias_example_alias_producer_with_no_taskflow' retrieved from /home/airflow/.local/lib/python3.12/site-packages/airflow/example_dags/example_dataset_alias_with_no_taskflow.py
[2025-02-11T23:47:08.983+0000] {logging_mixin.py:190} INFO - [2025-02-11T23:47:08.982+0000] {dag.py:3239} INFO - Sync 4 DAGs
[2025-02-11T23:47:09.079+0000] {logging_mixin.py:190} INFO - [2025-02-11T23:47:09.079+0000] {dag.py:4180} INFO - Setting next_dagrun for dataset_alias_example_alias_consumer_with_no_taskflow to None, run_after=None
[2025-02-11T23:47:09.084+0000] {logging_mixin.py:190} INFO - [2025-02-11T23:47:09.084+0000] {dag.py:4180} INFO - Setting next_dagrun for dataset_alias_example_alias_producer_with_no_taskflow to None, run_after=None
[2025-02-11T23:47:09.095+0000] {logging_mixin.py:190} INFO - [2025-02-11T23:47:09.095+0000] {dag.py:4180} INFO - Setting next_dagrun for dataset_s3_bucket_consumer_with_no_taskflow to None, run_after=None
[2025-02-11T23:47:09.097+0000] {logging_mixin.py:190} INFO - [2025-02-11T23:47:09.097+0000] {dag.py:4180} INFO - Setting next_dagrun for dataset_s3_bucket_producer_with_no_taskflow to None, run_after=None
[2025-02-11T23:47:09.168+0000] {processor.py:208} INFO - Processing /home/airflow/.local/lib/python3.12/site-packages/airflow/example_dags/example_dataset_alias_with_no_taskflow.py took 2.368 seconds
[2025-02-11T23:47:39.446+0000] {processor.py:186} INFO - Started process (PID=717) to work on /home/airflow/.local/lib/python3.12/site-packages/airflow/example_dags/example_dataset_alias_with_no_taskflow.py
[2025-02-11T23:47:39.447+0000] {processor.py:914} INFO - Processing file /home/airflow/.local/lib/python3.12/site-packages/airflow/example_dags/example_dataset_alias_with_no_taskflow.py for tasks to queue
[2025-02-11T23:47:39.452+0000] {logging_mixin.py:190} INFO - [2025-02-11T23:47:39.451+0000] {dagbag.py:588} INFO - Filling up the DagBag from /home/airflow/.local/lib/python3.12/site-packages/airflow/example_dags/example_dataset_alias_with_no_taskflow.py
[2025-02-11T23:47:40.452+0000] {processor.py:925} INFO - DAG(s) 'dataset_alias_example_alias_producer_with_no_taskflow', 'dataset_s3_bucket_producer_with_no_taskflow', 'dataset_s3_bucket_consumer_with_no_taskflow', 'dataset_alias_example_alias_consumer_with_no_taskflow' retrieved from /home/airflow/.local/lib/python3.12/site-packages/airflow/example_dags/example_dataset_alias_with_no_taskflow.py
[2025-02-11T23:47:40.505+0000] {logging_mixin.py:190} INFO - [2025-02-11T23:47:40.504+0000] {dag.py:3239} INFO - Sync 4 DAGs
[2025-02-11T23:47:40.550+0000] {logging_mixin.py:190} INFO - [2025-02-11T23:47:40.550+0000] {dag.py:4180} INFO - Setting next_dagrun for dataset_alias_example_alias_consumer_with_no_taskflow to None, run_after=None
[2025-02-11T23:47:40.556+0000] {logging_mixin.py:190} INFO - [2025-02-11T23:47:40.556+0000] {dag.py:4180} INFO - Setting next_dagrun for dataset_alias_example_alias_producer_with_no_taskflow to None, run_after=None
[2025-02-11T23:47:40.559+0000] {logging_mixin.py:190} INFO - [2025-02-11T23:47:40.559+0000] {dag.py:4180} INFO - Setting next_dagrun for dataset_s3_bucket_consumer_with_no_taskflow to None, run_after=None
[2025-02-11T23:47:40.565+0000] {logging_mixin.py:190} INFO - [2025-02-11T23:47:40.565+0000] {dag.py:4180} INFO - Setting next_dagrun for dataset_s3_bucket_producer_with_no_taskflow to None, run_after=None
[2025-02-11T23:47:40.604+0000] {processor.py:208} INFO - Processing /home/airflow/.local/lib/python3.12/site-packages/airflow/example_dags/example_dataset_alias_with_no_taskflow.py took 1.169 seconds
[2025-02-11T23:48:11.352+0000] {processor.py:186} INFO - Started process (PID=789) to work on /home/airflow/.local/lib/python3.12/site-packages/airflow/example_dags/example_dataset_alias_with_no_taskflow.py
[2025-02-11T23:48:11.354+0000] {processor.py:914} INFO - Processing file /home/airflow/.local/lib/python3.12/site-packages/airflow/example_dags/example_dataset_alias_with_no_taskflow.py for tasks to queue
[2025-02-11T23:48:11.361+0000] {logging_mixin.py:190} INFO - [2025-02-11T23:48:11.357+0000] {dagbag.py:588} INFO - Filling up the DagBag from /home/airflow/.local/lib/python3.12/site-packages/airflow/example_dags/example_dataset_alias_with_no_taskflow.py
[2025-02-11T23:48:12.178+0000] {processor.py:925} INFO - DAG(s) 'dataset_s3_bucket_producer_with_no_taskflow', 'dataset_s3_bucket_consumer_with_no_taskflow', 'dataset_alias_example_alias_consumer_with_no_taskflow', 'dataset_alias_example_alias_producer_with_no_taskflow' retrieved from /home/airflow/.local/lib/python3.12/site-packages/airflow/example_dags/example_dataset_alias_with_no_taskflow.py
[2025-02-11T23:48:12.207+0000] {logging_mixin.py:190} INFO - [2025-02-11T23:48:12.206+0000] {dag.py:3239} INFO - Sync 4 DAGs
[2025-02-11T23:48:12.239+0000] {logging_mixin.py:190} INFO - [2025-02-11T23:48:12.239+0000] {dag.py:4180} INFO - Setting next_dagrun for dataset_alias_example_alias_consumer_with_no_taskflow to None, run_after=None
[2025-02-11T23:48:12.244+0000] {logging_mixin.py:190} INFO - [2025-02-11T23:48:12.244+0000] {dag.py:4180} INFO - Setting next_dagrun for dataset_alias_example_alias_producer_with_no_taskflow to None, run_after=None
[2025-02-11T23:48:12.249+0000] {logging_mixin.py:190} INFO - [2025-02-11T23:48:12.248+0000] {dag.py:4180} INFO - Setting next_dagrun for dataset_s3_bucket_consumer_with_no_taskflow to None, run_after=None
[2025-02-11T23:48:12.251+0000] {logging_mixin.py:190} INFO - [2025-02-11T23:48:12.251+0000] {dag.py:4180} INFO - Setting next_dagrun for dataset_s3_bucket_producer_with_no_taskflow to None, run_after=None
[2025-02-11T23:48:12.278+0000] {processor.py:208} INFO - Processing /home/airflow/.local/lib/python3.12/site-packages/airflow/example_dags/example_dataset_alias_with_no_taskflow.py took 0.936 seconds
[2025-02-11T23:48:42.561+0000] {processor.py:186} INFO - Started process (PID=854) to work on /home/airflow/.local/lib/python3.12/site-packages/airflow/example_dags/example_dataset_alias_with_no_taskflow.py
[2025-02-11T23:48:42.562+0000] {processor.py:914} INFO - Processing file /home/airflow/.local/lib/python3.12/site-packages/airflow/example_dags/example_dataset_alias_with_no_taskflow.py for tasks to queue
[2025-02-11T23:48:42.564+0000] {logging_mixin.py:190} INFO - [2025-02-11T23:48:42.564+0000] {dagbag.py:588} INFO - Filling up the DagBag from /home/airflow/.local/lib/python3.12/site-packages/airflow/example_dags/example_dataset_alias_with_no_taskflow.py
[2025-02-11T23:48:43.476+0000] {processor.py:925} INFO - DAG(s) 'dataset_alias_example_alias_producer_with_no_taskflow', 'dataset_s3_bucket_consumer_with_no_taskflow', 'dataset_alias_example_alias_consumer_with_no_taskflow', 'dataset_s3_bucket_producer_with_no_taskflow' retrieved from /home/airflow/.local/lib/python3.12/site-packages/airflow/example_dags/example_dataset_alias_with_no_taskflow.py
[2025-02-11T23:48:43.527+0000] {logging_mixin.py:190} INFO - [2025-02-11T23:48:43.526+0000] {dag.py:3239} INFO - Sync 4 DAGs
[2025-02-11T23:48:43.566+0000] {logging_mixin.py:190} INFO - [2025-02-11T23:48:43.565+0000] {dag.py:4180} INFO - Setting next_dagrun for dataset_alias_example_alias_consumer_with_no_taskflow to None, run_after=None
[2025-02-11T23:48:43.581+0000] {logging_mixin.py:190} INFO - [2025-02-11T23:48:43.581+0000] {dag.py:4180} INFO - Setting next_dagrun for dataset_alias_example_alias_producer_with_no_taskflow to None, run_after=None
[2025-02-11T23:48:43.584+0000] {logging_mixin.py:190} INFO - [2025-02-11T23:48:43.583+0000] {dag.py:4180} INFO - Setting next_dagrun for dataset_s3_bucket_consumer_with_no_taskflow to None, run_after=None
[2025-02-11T23:48:43.586+0000] {logging_mixin.py:190} INFO - [2025-02-11T23:48:43.586+0000] {dag.py:4180} INFO - Setting next_dagrun for dataset_s3_bucket_producer_with_no_taskflow to None, run_after=None
[2025-02-11T23:48:43.647+0000] {processor.py:208} INFO - Processing /home/airflow/.local/lib/python3.12/site-packages/airflow/example_dags/example_dataset_alias_with_no_taskflow.py took 1.095 seconds
[2025-02-11T23:49:13.933+0000] {processor.py:186} INFO - Started process (PID=919) to work on /home/airflow/.local/lib/python3.12/site-packages/airflow/example_dags/example_dataset_alias_with_no_taskflow.py
[2025-02-11T23:49:13.935+0000] {processor.py:914} INFO - Processing file /home/airflow/.local/lib/python3.12/site-packages/airflow/example_dags/example_dataset_alias_with_no_taskflow.py for tasks to queue
[2025-02-11T23:49:13.938+0000] {logging_mixin.py:190} INFO - [2025-02-11T23:49:13.938+0000] {dagbag.py:588} INFO - Filling up the DagBag from /home/airflow/.local/lib/python3.12/site-packages/airflow/example_dags/example_dataset_alias_with_no_taskflow.py
[2025-02-11T23:49:15.351+0000] {processor.py:925} INFO - DAG(s) 'dataset_alias_example_alias_producer_with_no_taskflow', 'dataset_s3_bucket_producer_with_no_taskflow', 'dataset_alias_example_alias_consumer_with_no_taskflow', 'dataset_s3_bucket_consumer_with_no_taskflow' retrieved from /home/airflow/.local/lib/python3.12/site-packages/airflow/example_dags/example_dataset_alias_with_no_taskflow.py
[2025-02-11T23:49:15.391+0000] {logging_mixin.py:190} INFO - [2025-02-11T23:49:15.390+0000] {dag.py:3239} INFO - Sync 4 DAGs
[2025-02-11T23:49:15.467+0000] {logging_mixin.py:190} INFO - [2025-02-11T23:49:15.466+0000] {dag.py:4180} INFO - Setting next_dagrun for dataset_alias_example_alias_consumer_with_no_taskflow to None, run_after=None
[2025-02-11T23:49:15.478+0000] {logging_mixin.py:190} INFO - [2025-02-11T23:49:15.473+0000] {dag.py:4180} INFO - Setting next_dagrun for dataset_alias_example_alias_producer_with_no_taskflow to None, run_after=None
[2025-02-11T23:49:15.482+0000] {logging_mixin.py:190} INFO - [2025-02-11T23:49:15.482+0000] {dag.py:4180} INFO - Setting next_dagrun for dataset_s3_bucket_consumer_with_no_taskflow to None, run_after=None
[2025-02-11T23:49:15.485+0000] {logging_mixin.py:190} INFO - [2025-02-11T23:49:15.485+0000] {dag.py:4180} INFO - Setting next_dagrun for dataset_s3_bucket_producer_with_no_taskflow to None, run_after=None
[2025-02-11T23:49:15.564+0000] {processor.py:208} INFO - Processing /home/airflow/.local/lib/python3.12/site-packages/airflow/example_dags/example_dataset_alias_with_no_taskflow.py took 1.638 seconds
[2025-02-11T23:49:46.143+0000] {processor.py:186} INFO - Started process (PID=986) to work on /home/airflow/.local/lib/python3.12/site-packages/airflow/example_dags/example_dataset_alias_with_no_taskflow.py
[2025-02-11T23:49:46.144+0000] {processor.py:914} INFO - Processing file /home/airflow/.local/lib/python3.12/site-packages/airflow/example_dags/example_dataset_alias_with_no_taskflow.py for tasks to queue
[2025-02-11T23:49:46.159+0000] {logging_mixin.py:190} INFO - [2025-02-11T23:49:46.149+0000] {dagbag.py:588} INFO - Filling up the DagBag from /home/airflow/.local/lib/python3.12/site-packages/airflow/example_dags/example_dataset_alias_with_no_taskflow.py
[2025-02-11T23:49:47.269+0000] {processor.py:925} INFO - DAG(s) 'dataset_s3_bucket_consumer_with_no_taskflow', 'dataset_s3_bucket_producer_with_no_taskflow', 'dataset_alias_example_alias_producer_with_no_taskflow', 'dataset_alias_example_alias_consumer_with_no_taskflow' retrieved from /home/airflow/.local/lib/python3.12/site-packages/airflow/example_dags/example_dataset_alias_with_no_taskflow.py
[2025-02-11T23:49:47.305+0000] {logging_mixin.py:190} INFO - [2025-02-11T23:49:47.304+0000] {dag.py:3239} INFO - Sync 4 DAGs
[2025-02-11T23:49:47.385+0000] {logging_mixin.py:190} INFO - [2025-02-11T23:49:47.384+0000] {dag.py:4180} INFO - Setting next_dagrun for dataset_alias_example_alias_consumer_with_no_taskflow to None, run_after=None
[2025-02-11T23:49:47.390+0000] {logging_mixin.py:190} INFO - [2025-02-11T23:49:47.389+0000] {dag.py:4180} INFO - Setting next_dagrun for dataset_alias_example_alias_producer_with_no_taskflow to None, run_after=None
[2025-02-11T23:49:47.393+0000] {logging_mixin.py:190} INFO - [2025-02-11T23:49:47.392+0000] {dag.py:4180} INFO - Setting next_dagrun for dataset_s3_bucket_consumer_with_no_taskflow to None, run_after=None
[2025-02-11T23:49:47.395+0000] {logging_mixin.py:190} INFO - [2025-02-11T23:49:47.395+0000] {dag.py:4180} INFO - Setting next_dagrun for dataset_s3_bucket_producer_with_no_taskflow to None, run_after=None
[2025-02-11T23:49:47.488+0000] {processor.py:208} INFO - Processing /home/airflow/.local/lib/python3.12/site-packages/airflow/example_dags/example_dataset_alias_with_no_taskflow.py took 1.355 seconds
[2025-02-11T23:50:17.634+0000] {processor.py:186} INFO - Started process (PID=1052) to work on /home/airflow/.local/lib/python3.12/site-packages/airflow/example_dags/example_dataset_alias_with_no_taskflow.py
[2025-02-11T23:50:17.635+0000] {processor.py:914} INFO - Processing file /home/airflow/.local/lib/python3.12/site-packages/airflow/example_dags/example_dataset_alias_with_no_taskflow.py for tasks to queue
[2025-02-11T23:50:17.638+0000] {logging_mixin.py:190} INFO - [2025-02-11T23:50:17.638+0000] {dagbag.py:588} INFO - Filling up the DagBag from /home/airflow/.local/lib/python3.12/site-packages/airflow/example_dags/example_dataset_alias_with_no_taskflow.py
[2025-02-11T23:50:18.424+0000] {processor.py:925} INFO - DAG(s) 'dataset_s3_bucket_producer_with_no_taskflow', 'dataset_alias_example_alias_producer_with_no_taskflow', 'dataset_s3_bucket_consumer_with_no_taskflow', 'dataset_alias_example_alias_consumer_with_no_taskflow' retrieved from /home/airflow/.local/lib/python3.12/site-packages/airflow/example_dags/example_dataset_alias_with_no_taskflow.py
[2025-02-11T23:50:18.465+0000] {logging_mixin.py:190} INFO - [2025-02-11T23:50:18.464+0000] {dag.py:3239} INFO - Sync 4 DAGs
[2025-02-11T23:50:18.517+0000] {logging_mixin.py:190} INFO - [2025-02-11T23:50:18.517+0000] {dag.py:4180} INFO - Setting next_dagrun for dataset_alias_example_alias_consumer_with_no_taskflow to None, run_after=None
[2025-02-11T23:50:18.531+0000] {logging_mixin.py:190} INFO - [2025-02-11T23:50:18.531+0000] {dag.py:4180} INFO - Setting next_dagrun for dataset_alias_example_alias_producer_with_no_taskflow to None, run_after=None
[2025-02-11T23:50:18.544+0000] {logging_mixin.py:190} INFO - [2025-02-11T23:50:18.544+0000] {dag.py:4180} INFO - Setting next_dagrun for dataset_s3_bucket_consumer_with_no_taskflow to None, run_after=None
[2025-02-11T23:50:18.547+0000] {logging_mixin.py:190} INFO - [2025-02-11T23:50:18.546+0000] {dag.py:4180} INFO - Setting next_dagrun for dataset_s3_bucket_producer_with_no_taskflow to None, run_after=None
[2025-02-11T23:50:18.600+0000] {processor.py:208} INFO - Processing /home/airflow/.local/lib/python3.12/site-packages/airflow/example_dags/example_dataset_alias_with_no_taskflow.py took 0.972 seconds
[2025-02-11T23:50:49.009+0000] {processor.py:186} INFO - Started process (PID=1124) to work on /home/airflow/.local/lib/python3.12/site-packages/airflow/example_dags/example_dataset_alias_with_no_taskflow.py
[2025-02-11T23:50:49.030+0000] {processor.py:914} INFO - Processing file /home/airflow/.local/lib/python3.12/site-packages/airflow/example_dags/example_dataset_alias_with_no_taskflow.py for tasks to queue
[2025-02-11T23:50:49.034+0000] {logging_mixin.py:190} INFO - [2025-02-11T23:50:49.033+0000] {dagbag.py:588} INFO - Filling up the DagBag from /home/airflow/.local/lib/python3.12/site-packages/airflow/example_dags/example_dataset_alias_with_no_taskflow.py
[2025-02-11T23:50:50.037+0000] {processor.py:925} INFO - DAG(s) 'dataset_s3_bucket_producer_with_no_taskflow', 'dataset_s3_bucket_consumer_with_no_taskflow', 'dataset_alias_example_alias_consumer_with_no_taskflow', 'dataset_alias_example_alias_producer_with_no_taskflow' retrieved from /home/airflow/.local/lib/python3.12/site-packages/airflow/example_dags/example_dataset_alias_with_no_taskflow.py
[2025-02-11T23:50:50.065+0000] {logging_mixin.py:190} INFO - [2025-02-11T23:50:50.064+0000] {dag.py:3239} INFO - Sync 4 DAGs
[2025-02-11T23:50:50.088+0000] {logging_mixin.py:190} INFO - [2025-02-11T23:50:50.088+0000] {dag.py:4180} INFO - Setting next_dagrun for dataset_alias_example_alias_consumer_with_no_taskflow to None, run_after=None
[2025-02-11T23:50:50.094+0000] {logging_mixin.py:190} INFO - [2025-02-11T23:50:50.093+0000] {dag.py:4180} INFO - Setting next_dagrun for dataset_alias_example_alias_producer_with_no_taskflow to None, run_after=None
[2025-02-11T23:50:50.096+0000] {logging_mixin.py:190} INFO - [2025-02-11T23:50:50.096+0000] {dag.py:4180} INFO - Setting next_dagrun for dataset_s3_bucket_consumer_with_no_taskflow to None, run_after=None
[2025-02-11T23:50:50.098+0000] {logging_mixin.py:190} INFO - [2025-02-11T23:50:50.098+0000] {dag.py:4180} INFO - Setting next_dagrun for dataset_s3_bucket_producer_with_no_taskflow to None, run_after=None
[2025-02-11T23:50:50.131+0000] {processor.py:208} INFO - Processing /home/airflow/.local/lib/python3.12/site-packages/airflow/example_dags/example_dataset_alias_with_no_taskflow.py took 1.130 seconds
[2025-02-11T23:51:20.892+0000] {processor.py:186} INFO - Started process (PID=1194) to work on /home/airflow/.local/lib/python3.12/site-packages/airflow/example_dags/example_dataset_alias_with_no_taskflow.py
[2025-02-11T23:51:20.894+0000] {processor.py:914} INFO - Processing file /home/airflow/.local/lib/python3.12/site-packages/airflow/example_dags/example_dataset_alias_with_no_taskflow.py for tasks to queue
[2025-02-11T23:51:20.896+0000] {logging_mixin.py:190} INFO - [2025-02-11T23:51:20.896+0000] {dagbag.py:588} INFO - Filling up the DagBag from /home/airflow/.local/lib/python3.12/site-packages/airflow/example_dags/example_dataset_alias_with_no_taskflow.py
[2025-02-11T23:51:21.833+0000] {processor.py:925} INFO - DAG(s) 'dataset_s3_bucket_consumer_with_no_taskflow', 'dataset_alias_example_alias_producer_with_no_taskflow', 'dataset_s3_bucket_producer_with_no_taskflow', 'dataset_alias_example_alias_consumer_with_no_taskflow' retrieved from /home/airflow/.local/lib/python3.12/site-packages/airflow/example_dags/example_dataset_alias_with_no_taskflow.py
[2025-02-11T23:51:21.862+0000] {logging_mixin.py:190} INFO - [2025-02-11T23:51:21.861+0000] {dag.py:3239} INFO - Sync 4 DAGs
[2025-02-11T23:51:21.896+0000] {logging_mixin.py:190} INFO - [2025-02-11T23:51:21.896+0000] {dag.py:4180} INFO - Setting next_dagrun for dataset_alias_example_alias_consumer_with_no_taskflow to None, run_after=None
[2025-02-11T23:51:21.900+0000] {logging_mixin.py:190} INFO - [2025-02-11T23:51:21.900+0000] {dag.py:4180} INFO - Setting next_dagrun for dataset_alias_example_alias_producer_with_no_taskflow to None, run_after=None
[2025-02-11T23:51:21.902+0000] {logging_mixin.py:190} INFO - [2025-02-11T23:51:21.902+0000] {dag.py:4180} INFO - Setting next_dagrun for dataset_s3_bucket_consumer_with_no_taskflow to None, run_after=None
[2025-02-11T23:51:21.904+0000] {logging_mixin.py:190} INFO - [2025-02-11T23:51:21.904+0000] {dag.py:4180} INFO - Setting next_dagrun for dataset_s3_bucket_producer_with_no_taskflow to None, run_after=None
[2025-02-11T23:51:21.936+0000] {processor.py:208} INFO - Processing /home/airflow/.local/lib/python3.12/site-packages/airflow/example_dags/example_dataset_alias_with_no_taskflow.py took 1.051 seconds
[2025-02-11T23:51:52.853+0000] {processor.py:186} INFO - Started process (PID=1264) to work on /home/airflow/.local/lib/python3.12/site-packages/airflow/example_dags/example_dataset_alias_with_no_taskflow.py
[2025-02-11T23:51:52.856+0000] {processor.py:914} INFO - Processing file /home/airflow/.local/lib/python3.12/site-packages/airflow/example_dags/example_dataset_alias_with_no_taskflow.py for tasks to queue
[2025-02-11T23:51:52.859+0000] {logging_mixin.py:190} INFO - [2025-02-11T23:51:52.859+0000] {dagbag.py:588} INFO - Filling up the DagBag from /home/airflow/.local/lib/python3.12/site-packages/airflow/example_dags/example_dataset_alias_with_no_taskflow.py
[2025-02-11T23:51:53.781+0000] {processor.py:925} INFO - DAG(s) 'dataset_s3_bucket_producer_with_no_taskflow', 'dataset_alias_example_alias_consumer_with_no_taskflow', 'dataset_s3_bucket_consumer_with_no_taskflow', 'dataset_alias_example_alias_producer_with_no_taskflow' retrieved from /home/airflow/.local/lib/python3.12/site-packages/airflow/example_dags/example_dataset_alias_with_no_taskflow.py
[2025-02-11T23:51:53.835+0000] {logging_mixin.py:190} INFO - [2025-02-11T23:51:53.829+0000] {dag.py:3239} INFO - Sync 4 DAGs
[2025-02-11T23:51:53.876+0000] {logging_mixin.py:190} INFO - [2025-02-11T23:51:53.876+0000] {dag.py:4180} INFO - Setting next_dagrun for dataset_alias_example_alias_consumer_with_no_taskflow to None, run_after=None
[2025-02-11T23:51:53.879+0000] {logging_mixin.py:190} INFO - [2025-02-11T23:51:53.879+0000] {dag.py:4180} INFO - Setting next_dagrun for dataset_alias_example_alias_producer_with_no_taskflow to None, run_after=None
[2025-02-11T23:51:53.881+0000] {logging_mixin.py:190} INFO - [2025-02-11T23:51:53.881+0000] {dag.py:4180} INFO - Setting next_dagrun for dataset_s3_bucket_consumer_with_no_taskflow to None, run_after=None
[2025-02-11T23:51:53.883+0000] {logging_mixin.py:190} INFO - [2025-02-11T23:51:53.882+0000] {dag.py:4180} INFO - Setting next_dagrun for dataset_s3_bucket_producer_with_no_taskflow to None, run_after=None
[2025-02-11T23:51:53.966+0000] {processor.py:208} INFO - Processing /home/airflow/.local/lib/python3.12/site-packages/airflow/example_dags/example_dataset_alias_with_no_taskflow.py took 1.121 seconds
[2025-02-11T23:52:24.349+0000] {processor.py:186} INFO - Started process (PID=1331) to work on /home/airflow/.local/lib/python3.12/site-packages/airflow/example_dags/example_dataset_alias_with_no_taskflow.py
[2025-02-11T23:52:24.351+0000] {processor.py:914} INFO - Processing file /home/airflow/.local/lib/python3.12/site-packages/airflow/example_dags/example_dataset_alias_with_no_taskflow.py for tasks to queue
[2025-02-11T23:52:24.355+0000] {logging_mixin.py:190} INFO - [2025-02-11T23:52:24.355+0000] {dagbag.py:588} INFO - Filling up the DagBag from /home/airflow/.local/lib/python3.12/site-packages/airflow/example_dags/example_dataset_alias_with_no_taskflow.py
[2025-02-11T23:52:25.333+0000] {processor.py:925} INFO - DAG(s) 'dataset_alias_example_alias_producer_with_no_taskflow', 'dataset_alias_example_alias_consumer_with_no_taskflow', 'dataset_s3_bucket_producer_with_no_taskflow', 'dataset_s3_bucket_consumer_with_no_taskflow' retrieved from /home/airflow/.local/lib/python3.12/site-packages/airflow/example_dags/example_dataset_alias_with_no_taskflow.py
[2025-02-11T23:52:25.366+0000] {logging_mixin.py:190} INFO - [2025-02-11T23:52:25.366+0000] {dag.py:3239} INFO - Sync 4 DAGs
[2025-02-11T23:52:25.402+0000] {logging_mixin.py:190} INFO - [2025-02-11T23:52:25.401+0000] {dag.py:4180} INFO - Setting next_dagrun for dataset_alias_example_alias_consumer_with_no_taskflow to None, run_after=None
[2025-02-11T23:52:25.408+0000] {logging_mixin.py:190} INFO - [2025-02-11T23:52:25.408+0000] {dag.py:4180} INFO - Setting next_dagrun for dataset_alias_example_alias_producer_with_no_taskflow to None, run_after=None
[2025-02-11T23:52:25.412+0000] {logging_mixin.py:190} INFO - [2025-02-11T23:52:25.412+0000] {dag.py:4180} INFO - Setting next_dagrun for dataset_s3_bucket_consumer_with_no_taskflow to None, run_after=None
[2025-02-11T23:52:25.414+0000] {logging_mixin.py:190} INFO - [2025-02-11T23:52:25.414+0000] {dag.py:4180} INFO - Setting next_dagrun for dataset_s3_bucket_producer_with_no_taskflow to None, run_after=None
[2025-02-11T23:52:25.450+0000] {processor.py:208} INFO - Processing /home/airflow/.local/lib/python3.12/site-packages/airflow/example_dags/example_dataset_alias_with_no_taskflow.py took 1.112 seconds
[2025-02-11T23:52:55.843+0000] {processor.py:186} INFO - Started process (PID=1399) to work on /home/airflow/.local/lib/python3.12/site-packages/airflow/example_dags/example_dataset_alias_with_no_taskflow.py
[2025-02-11T23:52:55.845+0000] {processor.py:914} INFO - Processing file /home/airflow/.local/lib/python3.12/site-packages/airflow/example_dags/example_dataset_alias_with_no_taskflow.py for tasks to queue
[2025-02-11T23:52:55.848+0000] {logging_mixin.py:190} INFO - [2025-02-11T23:52:55.847+0000] {dagbag.py:588} INFO - Filling up the DagBag from /home/airflow/.local/lib/python3.12/site-packages/airflow/example_dags/example_dataset_alias_with_no_taskflow.py
[2025-02-11T23:52:56.709+0000] {processor.py:925} INFO - DAG(s) 'dataset_s3_bucket_producer_with_no_taskflow', 'dataset_s3_bucket_consumer_with_no_taskflow', 'dataset_alias_example_alias_producer_with_no_taskflow', 'dataset_alias_example_alias_consumer_with_no_taskflow' retrieved from /home/airflow/.local/lib/python3.12/site-packages/airflow/example_dags/example_dataset_alias_with_no_taskflow.py
[2025-02-11T23:52:56.745+0000] {logging_mixin.py:190} INFO - [2025-02-11T23:52:56.744+0000] {dag.py:3239} INFO - Sync 4 DAGs
[2025-02-11T23:52:56.783+0000] {logging_mixin.py:190} INFO - [2025-02-11T23:52:56.783+0000] {dag.py:4180} INFO - Setting next_dagrun for dataset_alias_example_alias_consumer_with_no_taskflow to None, run_after=None
[2025-02-11T23:52:56.795+0000] {logging_mixin.py:190} INFO - [2025-02-11T23:52:56.795+0000] {dag.py:4180} INFO - Setting next_dagrun for dataset_alias_example_alias_producer_with_no_taskflow to None, run_after=None
[2025-02-11T23:52:56.817+0000] {logging_mixin.py:190} INFO - [2025-02-11T23:52:56.816+0000] {dag.py:4180} INFO - Setting next_dagrun for dataset_s3_bucket_consumer_with_no_taskflow to None, run_after=None
[2025-02-11T23:52:56.830+0000] {logging_mixin.py:190} INFO - [2025-02-11T23:52:56.830+0000] {dag.py:4180} INFO - Setting next_dagrun for dataset_s3_bucket_producer_with_no_taskflow to None, run_after=None
[2025-02-11T23:52:56.885+0000] {processor.py:208} INFO - Processing /home/airflow/.local/lib/python3.12/site-packages/airflow/example_dags/example_dataset_alias_with_no_taskflow.py took 1.050 seconds
[2025-02-11T23:53:27.112+0000] {processor.py:186} INFO - Started process (PID=1469) to work on /home/airflow/.local/lib/python3.12/site-packages/airflow/example_dags/example_dataset_alias_with_no_taskflow.py
[2025-02-11T23:53:27.114+0000] {processor.py:914} INFO - Processing file /home/airflow/.local/lib/python3.12/site-packages/airflow/example_dags/example_dataset_alias_with_no_taskflow.py for tasks to queue
[2025-02-11T23:53:27.117+0000] {logging_mixin.py:190} INFO - [2025-02-11T23:53:27.116+0000] {dagbag.py:588} INFO - Filling up the DagBag from /home/airflow/.local/lib/python3.12/site-packages/airflow/example_dags/example_dataset_alias_with_no_taskflow.py
[2025-02-11T23:53:28.007+0000] {processor.py:925} INFO - DAG(s) 'dataset_s3_bucket_consumer_with_no_taskflow', 'dataset_alias_example_alias_producer_with_no_taskflow', 'dataset_s3_bucket_producer_with_no_taskflow', 'dataset_alias_example_alias_consumer_with_no_taskflow' retrieved from /home/airflow/.local/lib/python3.12/site-packages/airflow/example_dags/example_dataset_alias_with_no_taskflow.py
[2025-02-11T23:53:28.039+0000] {logging_mixin.py:190} INFO - [2025-02-11T23:53:28.038+0000] {dag.py:3239} INFO - Sync 4 DAGs
[2025-02-11T23:53:28.084+0000] {logging_mixin.py:190} INFO - [2025-02-11T23:53:28.084+0000] {dag.py:4180} INFO - Setting next_dagrun for dataset_alias_example_alias_consumer_with_no_taskflow to None, run_after=None
[2025-02-11T23:53:28.090+0000] {logging_mixin.py:190} INFO - [2025-02-11T23:53:28.089+0000] {dag.py:4180} INFO - Setting next_dagrun for dataset_alias_example_alias_producer_with_no_taskflow to None, run_after=None
[2025-02-11T23:53:28.093+0000] {logging_mixin.py:190} INFO - [2025-02-11T23:53:28.093+0000] {dag.py:4180} INFO - Setting next_dagrun for dataset_s3_bucket_consumer_with_no_taskflow to None, run_after=None
[2025-02-11T23:53:28.096+0000] {logging_mixin.py:190} INFO - [2025-02-11T23:53:28.095+0000] {dag.py:4180} INFO - Setting next_dagrun for dataset_s3_bucket_producer_with_no_taskflow to None, run_after=None
[2025-02-11T23:53:28.125+0000] {processor.py:208} INFO - Processing /home/airflow/.local/lib/python3.12/site-packages/airflow/example_dags/example_dataset_alias_with_no_taskflow.py took 1.023 seconds
[2025-02-11T23:53:59.285+0000] {processor.py:186} INFO - Started process (PID=1540) to work on /home/airflow/.local/lib/python3.12/site-packages/airflow/example_dags/example_dataset_alias_with_no_taskflow.py
[2025-02-11T23:53:59.287+0000] {processor.py:914} INFO - Processing file /home/airflow/.local/lib/python3.12/site-packages/airflow/example_dags/example_dataset_alias_with_no_taskflow.py for tasks to queue
[2025-02-11T23:53:59.291+0000] {logging_mixin.py:190} INFO - [2025-02-11T23:53:59.290+0000] {dagbag.py:588} INFO - Filling up the DagBag from /home/airflow/.local/lib/python3.12/site-packages/airflow/example_dags/example_dataset_alias_with_no_taskflow.py
[2025-02-11T23:54:01.046+0000] {processor.py:925} INFO - DAG(s) 'dataset_alias_example_alias_consumer_with_no_taskflow', 'dataset_s3_bucket_producer_with_no_taskflow', 'dataset_alias_example_alias_producer_with_no_taskflow', 'dataset_s3_bucket_consumer_with_no_taskflow' retrieved from /home/airflow/.local/lib/python3.12/site-packages/airflow/example_dags/example_dataset_alias_with_no_taskflow.py
[2025-02-11T23:54:01.168+0000] {logging_mixin.py:190} INFO - [2025-02-11T23:54:01.167+0000] {dag.py:3239} INFO - Sync 4 DAGs
[2025-02-11T23:54:01.240+0000] {logging_mixin.py:190} INFO - [2025-02-11T23:54:01.239+0000] {dag.py:4180} INFO - Setting next_dagrun for dataset_alias_example_alias_consumer_with_no_taskflow to None, run_after=None
[2025-02-11T23:54:01.275+0000] {logging_mixin.py:190} INFO - [2025-02-11T23:54:01.275+0000] {dag.py:4180} INFO - Setting next_dagrun for dataset_alias_example_alias_producer_with_no_taskflow to None, run_after=None
[2025-02-11T23:54:01.294+0000] {logging_mixin.py:190} INFO - [2025-02-11T23:54:01.293+0000] {dag.py:4180} INFO - Setting next_dagrun for dataset_s3_bucket_consumer_with_no_taskflow to None, run_after=None
[2025-02-11T23:54:01.296+0000] {logging_mixin.py:190} INFO - [2025-02-11T23:54:01.296+0000] {dag.py:4180} INFO - Setting next_dagrun for dataset_s3_bucket_producer_with_no_taskflow to None, run_after=None
[2025-02-11T23:54:01.343+0000] {processor.py:208} INFO - Processing /home/airflow/.local/lib/python3.12/site-packages/airflow/example_dags/example_dataset_alias_with_no_taskflow.py took 2.076 seconds
[2025-02-11T23:54:31.613+0000] {processor.py:186} INFO - Started process (PID=1611) to work on /home/airflow/.local/lib/python3.12/site-packages/airflow/example_dags/example_dataset_alias_with_no_taskflow.py
[2025-02-11T23:54:31.615+0000] {processor.py:914} INFO - Processing file /home/airflow/.local/lib/python3.12/site-packages/airflow/example_dags/example_dataset_alias_with_no_taskflow.py for tasks to queue
[2025-02-11T23:54:31.619+0000] {logging_mixin.py:190} INFO - [2025-02-11T23:54:31.618+0000] {dagbag.py:588} INFO - Filling up the DagBag from /home/airflow/.local/lib/python3.12/site-packages/airflow/example_dags/example_dataset_alias_with_no_taskflow.py
[2025-02-11T23:54:33.346+0000] {processor.py:925} INFO - DAG(s) 'dataset_alias_example_alias_producer_with_no_taskflow', 'dataset_s3_bucket_consumer_with_no_taskflow', 'dataset_alias_example_alias_consumer_with_no_taskflow', 'dataset_s3_bucket_producer_with_no_taskflow' retrieved from /home/airflow/.local/lib/python3.12/site-packages/airflow/example_dags/example_dataset_alias_with_no_taskflow.py
[2025-02-11T23:54:33.423+0000] {logging_mixin.py:190} INFO - [2025-02-11T23:54:33.423+0000] {dag.py:3239} INFO - Sync 4 DAGs
[2025-02-11T23:54:33.531+0000] {logging_mixin.py:190} INFO - [2025-02-11T23:54:33.527+0000] {dag.py:4180} INFO - Setting next_dagrun for dataset_alias_example_alias_consumer_with_no_taskflow to None, run_after=None
[2025-02-11T23:54:33.536+0000] {logging_mixin.py:190} INFO - [2025-02-11T23:54:33.536+0000] {dag.py:4180} INFO - Setting next_dagrun for dataset_alias_example_alias_producer_with_no_taskflow to None, run_after=None
[2025-02-11T23:54:33.541+0000] {logging_mixin.py:190} INFO - [2025-02-11T23:54:33.541+0000] {dag.py:4180} INFO - Setting next_dagrun for dataset_s3_bucket_consumer_with_no_taskflow to None, run_after=None
[2025-02-11T23:54:33.562+0000] {logging_mixin.py:190} INFO - [2025-02-11T23:54:33.561+0000] {dag.py:4180} INFO - Setting next_dagrun for dataset_s3_bucket_producer_with_no_taskflow to None, run_after=None
[2025-02-11T23:54:33.636+0000] {processor.py:208} INFO - Processing /home/airflow/.local/lib/python3.12/site-packages/airflow/example_dags/example_dataset_alias_with_no_taskflow.py took 2.033 seconds
[2025-02-11T23:55:04.216+0000] {processor.py:186} INFO - Started process (PID=1681) to work on /home/airflow/.local/lib/python3.12/site-packages/airflow/example_dags/example_dataset_alias_with_no_taskflow.py
[2025-02-11T23:55:04.228+0000] {processor.py:914} INFO - Processing file /home/airflow/.local/lib/python3.12/site-packages/airflow/example_dags/example_dataset_alias_with_no_taskflow.py for tasks to queue
[2025-02-11T23:55:04.232+0000] {logging_mixin.py:190} INFO - [2025-02-11T23:55:04.231+0000] {dagbag.py:588} INFO - Filling up the DagBag from /home/airflow/.local/lib/python3.12/site-packages/airflow/example_dags/example_dataset_alias_with_no_taskflow.py
[2025-02-11T23:55:06.388+0000] {processor.py:925} INFO - DAG(s) 'dataset_s3_bucket_consumer_with_no_taskflow', 'dataset_s3_bucket_producer_with_no_taskflow', 'dataset_alias_example_alias_consumer_with_no_taskflow', 'dataset_alias_example_alias_producer_with_no_taskflow' retrieved from /home/airflow/.local/lib/python3.12/site-packages/airflow/example_dags/example_dataset_alias_with_no_taskflow.py
[2025-02-11T23:55:06.463+0000] {logging_mixin.py:190} INFO - [2025-02-11T23:55:06.462+0000] {dag.py:3239} INFO - Sync 4 DAGs
[2025-02-11T23:55:06.557+0000] {logging_mixin.py:190} INFO - [2025-02-11T23:55:06.556+0000] {dag.py:4180} INFO - Setting next_dagrun for dataset_alias_example_alias_consumer_with_no_taskflow to None, run_after=None
[2025-02-11T23:55:06.561+0000] {logging_mixin.py:190} INFO - [2025-02-11T23:55:06.561+0000] {dag.py:4180} INFO - Setting next_dagrun for dataset_alias_example_alias_producer_with_no_taskflow to None, run_after=None
[2025-02-11T23:55:06.577+0000] {logging_mixin.py:190} INFO - [2025-02-11T23:55:06.576+0000] {dag.py:4180} INFO - Setting next_dagrun for dataset_s3_bucket_consumer_with_no_taskflow to None, run_after=None
[2025-02-11T23:55:06.579+0000] {logging_mixin.py:190} INFO - [2025-02-11T23:55:06.579+0000] {dag.py:4180} INFO - Setting next_dagrun for dataset_s3_bucket_producer_with_no_taskflow to None, run_after=None
[2025-02-11T23:55:06.690+0000] {processor.py:208} INFO - Processing /home/airflow/.local/lib/python3.12/site-packages/airflow/example_dags/example_dataset_alias_with_no_taskflow.py took 2.479 seconds
[2025-02-11T23:55:37.387+0000] {processor.py:186} INFO - Started process (PID=1749) to work on /home/airflow/.local/lib/python3.12/site-packages/airflow/example_dags/example_dataset_alias_with_no_taskflow.py
[2025-02-11T23:55:37.388+0000] {processor.py:914} INFO - Processing file /home/airflow/.local/lib/python3.12/site-packages/airflow/example_dags/example_dataset_alias_with_no_taskflow.py for tasks to queue
[2025-02-11T23:55:37.392+0000] {logging_mixin.py:190} INFO - [2025-02-11T23:55:37.392+0000] {dagbag.py:588} INFO - Filling up the DagBag from /home/airflow/.local/lib/python3.12/site-packages/airflow/example_dags/example_dataset_alias_with_no_taskflow.py
[2025-02-11T23:55:38.084+0000] {processor.py:925} INFO - DAG(s) 'dataset_s3_bucket_consumer_with_no_taskflow', 'dataset_alias_example_alias_producer_with_no_taskflow', 'dataset_s3_bucket_producer_with_no_taskflow', 'dataset_alias_example_alias_consumer_with_no_taskflow' retrieved from /home/airflow/.local/lib/python3.12/site-packages/airflow/example_dags/example_dataset_alias_with_no_taskflow.py
[2025-02-11T23:55:38.107+0000] {logging_mixin.py:190} INFO - [2025-02-11T23:55:38.106+0000] {dag.py:3239} INFO - Sync 4 DAGs
[2025-02-11T23:55:38.130+0000] {logging_mixin.py:190} INFO - [2025-02-11T23:55:38.130+0000] {dag.py:4180} INFO - Setting next_dagrun for dataset_alias_example_alias_consumer_with_no_taskflow to None, run_after=None
[2025-02-11T23:55:38.133+0000] {logging_mixin.py:190} INFO - [2025-02-11T23:55:38.133+0000] {dag.py:4180} INFO - Setting next_dagrun for dataset_alias_example_alias_producer_with_no_taskflow to None, run_after=None
[2025-02-11T23:55:38.136+0000] {logging_mixin.py:190} INFO - [2025-02-11T23:55:38.135+0000] {dag.py:4180} INFO - Setting next_dagrun for dataset_s3_bucket_consumer_with_no_taskflow to None, run_after=None
[2025-02-11T23:55:38.137+0000] {logging_mixin.py:190} INFO - [2025-02-11T23:55:38.137+0000] {dag.py:4180} INFO - Setting next_dagrun for dataset_s3_bucket_producer_with_no_taskflow to None, run_after=None
[2025-02-11T23:55:38.160+0000] {processor.py:208} INFO - Processing /home/airflow/.local/lib/python3.12/site-packages/airflow/example_dags/example_dataset_alias_with_no_taskflow.py took 0.780 seconds
[2025-02-11T23:56:09.035+0000] {processor.py:186} INFO - Started process (PID=1819) to work on /home/airflow/.local/lib/python3.12/site-packages/airflow/example_dags/example_dataset_alias_with_no_taskflow.py
[2025-02-11T23:56:09.036+0000] {processor.py:914} INFO - Processing file /home/airflow/.local/lib/python3.12/site-packages/airflow/example_dags/example_dataset_alias_with_no_taskflow.py for tasks to queue
[2025-02-11T23:56:09.038+0000] {logging_mixin.py:190} INFO - [2025-02-11T23:56:09.038+0000] {dagbag.py:588} INFO - Filling up the DagBag from /home/airflow/.local/lib/python3.12/site-packages/airflow/example_dags/example_dataset_alias_with_no_taskflow.py
[2025-02-11T23:56:09.646+0000] {processor.py:925} INFO - DAG(s) 'dataset_s3_bucket_consumer_with_no_taskflow', 'dataset_alias_example_alias_producer_with_no_taskflow', 'dataset_alias_example_alias_consumer_with_no_taskflow', 'dataset_s3_bucket_producer_with_no_taskflow' retrieved from /home/airflow/.local/lib/python3.12/site-packages/airflow/example_dags/example_dataset_alias_with_no_taskflow.py
[2025-02-11T23:56:09.669+0000] {logging_mixin.py:190} INFO - [2025-02-11T23:56:09.668+0000] {dag.py:3239} INFO - Sync 4 DAGs
[2025-02-11T23:56:09.692+0000] {logging_mixin.py:190} INFO - [2025-02-11T23:56:09.692+0000] {dag.py:4180} INFO - Setting next_dagrun for dataset_alias_example_alias_consumer_with_no_taskflow to None, run_after=None
[2025-02-11T23:56:09.695+0000] {logging_mixin.py:190} INFO - [2025-02-11T23:56:09.695+0000] {dag.py:4180} INFO - Setting next_dagrun for dataset_alias_example_alias_producer_with_no_taskflow to None, run_after=None
[2025-02-11T23:56:09.697+0000] {logging_mixin.py:190} INFO - [2025-02-11T23:56:09.697+0000] {dag.py:4180} INFO - Setting next_dagrun for dataset_s3_bucket_consumer_with_no_taskflow to None, run_after=None
[2025-02-11T23:56:09.699+0000] {logging_mixin.py:190} INFO - [2025-02-11T23:56:09.699+0000] {dag.py:4180} INFO - Setting next_dagrun for dataset_s3_bucket_producer_with_no_taskflow to None, run_after=None
[2025-02-11T23:56:09.726+0000] {processor.py:208} INFO - Processing /home/airflow/.local/lib/python3.12/site-packages/airflow/example_dags/example_dataset_alias_with_no_taskflow.py took 0.697 seconds
[2025-02-11T23:56:39.821+0000] {processor.py:186} INFO - Started process (PID=1885) to work on /home/airflow/.local/lib/python3.12/site-packages/airflow/example_dags/example_dataset_alias_with_no_taskflow.py
[2025-02-11T23:56:39.822+0000] {processor.py:914} INFO - Processing file /home/airflow/.local/lib/python3.12/site-packages/airflow/example_dags/example_dataset_alias_with_no_taskflow.py for tasks to queue
[2025-02-11T23:56:39.824+0000] {logging_mixin.py:190} INFO - [2025-02-11T23:56:39.824+0000] {dagbag.py:588} INFO - Filling up the DagBag from /home/airflow/.local/lib/python3.12/site-packages/airflow/example_dags/example_dataset_alias_with_no_taskflow.py
[2025-02-11T23:56:40.394+0000] {processor.py:925} INFO - DAG(s) 'dataset_alias_example_alias_producer_with_no_taskflow', 'dataset_alias_example_alias_consumer_with_no_taskflow', 'dataset_s3_bucket_producer_with_no_taskflow', 'dataset_s3_bucket_consumer_with_no_taskflow' retrieved from /home/airflow/.local/lib/python3.12/site-packages/airflow/example_dags/example_dataset_alias_with_no_taskflow.py
[2025-02-11T23:56:40.417+0000] {logging_mixin.py:190} INFO - [2025-02-11T23:56:40.417+0000] {dag.py:3239} INFO - Sync 4 DAGs
[2025-02-11T23:56:40.440+0000] {logging_mixin.py:190} INFO - [2025-02-11T23:56:40.439+0000] {dag.py:4180} INFO - Setting next_dagrun for dataset_alias_example_alias_consumer_with_no_taskflow to None, run_after=None
[2025-02-11T23:56:40.443+0000] {logging_mixin.py:190} INFO - [2025-02-11T23:56:40.443+0000] {dag.py:4180} INFO - Setting next_dagrun for dataset_alias_example_alias_producer_with_no_taskflow to None, run_after=None
[2025-02-11T23:56:40.445+0000] {logging_mixin.py:190} INFO - [2025-02-11T23:56:40.445+0000] {dag.py:4180} INFO - Setting next_dagrun for dataset_s3_bucket_consumer_with_no_taskflow to None, run_after=None
[2025-02-11T23:56:40.447+0000] {logging_mixin.py:190} INFO - [2025-02-11T23:56:40.447+0000] {dag.py:4180} INFO - Setting next_dagrun for dataset_s3_bucket_producer_with_no_taskflow to None, run_after=None
[2025-02-11T23:56:40.468+0000] {processor.py:208} INFO - Processing /home/airflow/.local/lib/python3.12/site-packages/airflow/example_dags/example_dataset_alias_with_no_taskflow.py took 0.654 seconds
[2025-02-11T23:57:11.086+0000] {processor.py:186} INFO - Started process (PID=1952) to work on /home/airflow/.local/lib/python3.12/site-packages/airflow/example_dags/example_dataset_alias_with_no_taskflow.py
[2025-02-11T23:57:11.088+0000] {processor.py:914} INFO - Processing file /home/airflow/.local/lib/python3.12/site-packages/airflow/example_dags/example_dataset_alias_with_no_taskflow.py for tasks to queue
[2025-02-11T23:57:11.090+0000] {logging_mixin.py:190} INFO - [2025-02-11T23:57:11.090+0000] {dagbag.py:588} INFO - Filling up the DagBag from /home/airflow/.local/lib/python3.12/site-packages/airflow/example_dags/example_dataset_alias_with_no_taskflow.py
[2025-02-11T23:57:11.685+0000] {processor.py:925} INFO - DAG(s) 'dataset_s3_bucket_consumer_with_no_taskflow', 'dataset_s3_bucket_producer_with_no_taskflow', 'dataset_alias_example_alias_producer_with_no_taskflow', 'dataset_alias_example_alias_consumer_with_no_taskflow' retrieved from /home/airflow/.local/lib/python3.12/site-packages/airflow/example_dags/example_dataset_alias_with_no_taskflow.py
[2025-02-11T23:57:11.707+0000] {logging_mixin.py:190} INFO - [2025-02-11T23:57:11.707+0000] {dag.py:3239} INFO - Sync 4 DAGs
[2025-02-11T23:57:11.729+0000] {logging_mixin.py:190} INFO - [2025-02-11T23:57:11.729+0000] {dag.py:4180} INFO - Setting next_dagrun for dataset_alias_example_alias_consumer_with_no_taskflow to None, run_after=None
[2025-02-11T23:57:11.732+0000] {logging_mixin.py:190} INFO - [2025-02-11T23:57:11.732+0000] {dag.py:4180} INFO - Setting next_dagrun for dataset_alias_example_alias_producer_with_no_taskflow to None, run_after=None
[2025-02-11T23:57:11.735+0000] {logging_mixin.py:190} INFO - [2025-02-11T23:57:11.734+0000] {dag.py:4180} INFO - Setting next_dagrun for dataset_s3_bucket_consumer_with_no_taskflow to None, run_after=None
[2025-02-11T23:57:11.736+0000] {logging_mixin.py:190} INFO - [2025-02-11T23:57:11.736+0000] {dag.py:4180} INFO - Setting next_dagrun for dataset_s3_bucket_producer_with_no_taskflow to None, run_after=None
[2025-02-11T23:57:11.759+0000] {processor.py:208} INFO - Processing /home/airflow/.local/lib/python3.12/site-packages/airflow/example_dags/example_dataset_alias_with_no_taskflow.py took 0.680 seconds
[2025-02-11T23:57:42.469+0000] {processor.py:186} INFO - Started process (PID=2020) to work on /home/airflow/.local/lib/python3.12/site-packages/airflow/example_dags/example_dataset_alias_with_no_taskflow.py
[2025-02-11T23:57:42.470+0000] {processor.py:914} INFO - Processing file /home/airflow/.local/lib/python3.12/site-packages/airflow/example_dags/example_dataset_alias_with_no_taskflow.py for tasks to queue
[2025-02-11T23:57:42.472+0000] {logging_mixin.py:190} INFO - [2025-02-11T23:57:42.472+0000] {dagbag.py:588} INFO - Filling up the DagBag from /home/airflow/.local/lib/python3.12/site-packages/airflow/example_dags/example_dataset_alias_with_no_taskflow.py
[2025-02-11T23:57:43.081+0000] {processor.py:925} INFO - DAG(s) 'dataset_alias_example_alias_consumer_with_no_taskflow', 'dataset_s3_bucket_producer_with_no_taskflow', 'dataset_alias_example_alias_producer_with_no_taskflow', 'dataset_s3_bucket_consumer_with_no_taskflow' retrieved from /home/airflow/.local/lib/python3.12/site-packages/airflow/example_dags/example_dataset_alias_with_no_taskflow.py
[2025-02-11T23:57:43.111+0000] {logging_mixin.py:190} INFO - [2025-02-11T23:57:43.110+0000] {dag.py:3239} INFO - Sync 4 DAGs
[2025-02-11T23:57:43.148+0000] {logging_mixin.py:190} INFO - [2025-02-11T23:57:43.148+0000] {dag.py:4180} INFO - Setting next_dagrun for dataset_alias_example_alias_consumer_with_no_taskflow to None, run_after=None
[2025-02-11T23:57:43.155+0000] {logging_mixin.py:190} INFO - [2025-02-11T23:57:43.154+0000] {dag.py:4180} INFO - Setting next_dagrun for dataset_alias_example_alias_producer_with_no_taskflow to None, run_after=None
[2025-02-11T23:57:43.157+0000] {logging_mixin.py:190} INFO - [2025-02-11T23:57:43.157+0000] {dag.py:4180} INFO - Setting next_dagrun for dataset_s3_bucket_consumer_with_no_taskflow to None, run_after=None
[2025-02-11T23:57:43.160+0000] {logging_mixin.py:190} INFO - [2025-02-11T23:57:43.159+0000] {dag.py:4180} INFO - Setting next_dagrun for dataset_s3_bucket_producer_with_no_taskflow to None, run_after=None
[2025-02-11T23:57:43.216+0000] {processor.py:208} INFO - Processing /home/airflow/.local/lib/python3.12/site-packages/airflow/example_dags/example_dataset_alias_with_no_taskflow.py took 0.757 seconds
[2025-02-11T23:58:13.749+0000] {processor.py:186} INFO - Started process (PID=2086) to work on /home/airflow/.local/lib/python3.12/site-packages/airflow/example_dags/example_dataset_alias_with_no_taskflow.py
[2025-02-11T23:58:13.750+0000] {processor.py:914} INFO - Processing file /home/airflow/.local/lib/python3.12/site-packages/airflow/example_dags/example_dataset_alias_with_no_taskflow.py for tasks to queue
[2025-02-11T23:58:13.753+0000] {logging_mixin.py:190} INFO - [2025-02-11T23:58:13.753+0000] {dagbag.py:588} INFO - Filling up the DagBag from /home/airflow/.local/lib/python3.12/site-packages/airflow/example_dags/example_dataset_alias_with_no_taskflow.py
[2025-02-11T23:58:14.364+0000] {processor.py:925} INFO - DAG(s) 'dataset_s3_bucket_producer_with_no_taskflow', 'dataset_alias_example_alias_consumer_with_no_taskflow', 'dataset_s3_bucket_consumer_with_no_taskflow', 'dataset_alias_example_alias_producer_with_no_taskflow' retrieved from /home/airflow/.local/lib/python3.12/site-packages/airflow/example_dags/example_dataset_alias_with_no_taskflow.py
[2025-02-11T23:58:14.390+0000] {logging_mixin.py:190} INFO - [2025-02-11T23:58:14.389+0000] {dag.py:3239} INFO - Sync 4 DAGs
[2025-02-11T23:58:14.413+0000] {logging_mixin.py:190} INFO - [2025-02-11T23:58:14.413+0000] {dag.py:4180} INFO - Setting next_dagrun for dataset_alias_example_alias_consumer_with_no_taskflow to None, run_after=None
[2025-02-11T23:58:14.417+0000] {logging_mixin.py:190} INFO - [2025-02-11T23:58:14.417+0000] {dag.py:4180} INFO - Setting next_dagrun for dataset_alias_example_alias_producer_with_no_taskflow to None, run_after=None
[2025-02-11T23:58:14.419+0000] {logging_mixin.py:190} INFO - [2025-02-11T23:58:14.419+0000] {dag.py:4180} INFO - Setting next_dagrun for dataset_s3_bucket_consumer_with_no_taskflow to None, run_after=None
[2025-02-11T23:58:14.423+0000] {logging_mixin.py:190} INFO - [2025-02-11T23:58:14.423+0000] {dag.py:4180} INFO - Setting next_dagrun for dataset_s3_bucket_producer_with_no_taskflow to None, run_after=None
[2025-02-11T23:58:14.446+0000] {processor.py:208} INFO - Processing /home/airflow/.local/lib/python3.12/site-packages/airflow/example_dags/example_dataset_alias_with_no_taskflow.py took 0.704 seconds
[2025-02-11T23:58:44.636+0000] {processor.py:186} INFO - Started process (PID=2154) to work on /home/airflow/.local/lib/python3.12/site-packages/airflow/example_dags/example_dataset_alias_with_no_taskflow.py
[2025-02-11T23:58:44.637+0000] {processor.py:914} INFO - Processing file /home/airflow/.local/lib/python3.12/site-packages/airflow/example_dags/example_dataset_alias_with_no_taskflow.py for tasks to queue
[2025-02-11T23:58:44.640+0000] {logging_mixin.py:190} INFO - [2025-02-11T23:58:44.640+0000] {dagbag.py:588} INFO - Filling up the DagBag from /home/airflow/.local/lib/python3.12/site-packages/airflow/example_dags/example_dataset_alias_with_no_taskflow.py
[2025-02-11T23:58:45.158+0000] {processor.py:925} INFO - DAG(s) 'dataset_alias_example_alias_producer_with_no_taskflow', 'dataset_s3_bucket_consumer_with_no_taskflow', 'dataset_s3_bucket_producer_with_no_taskflow', 'dataset_alias_example_alias_consumer_with_no_taskflow' retrieved from /home/airflow/.local/lib/python3.12/site-packages/airflow/example_dags/example_dataset_alias_with_no_taskflow.py
[2025-02-11T23:58:45.184+0000] {logging_mixin.py:190} INFO - [2025-02-11T23:58:45.183+0000] {dag.py:3239} INFO - Sync 4 DAGs
[2025-02-11T23:58:45.206+0000] {logging_mixin.py:190} INFO - [2025-02-11T23:58:45.206+0000] {dag.py:4180} INFO - Setting next_dagrun for dataset_alias_example_alias_consumer_with_no_taskflow to None, run_after=None
[2025-02-11T23:58:45.209+0000] {logging_mixin.py:190} INFO - [2025-02-11T23:58:45.208+0000] {dag.py:4180} INFO - Setting next_dagrun for dataset_alias_example_alias_producer_with_no_taskflow to None, run_after=None
[2025-02-11T23:58:45.211+0000] {logging_mixin.py:190} INFO - [2025-02-11T23:58:45.210+0000] {dag.py:4180} INFO - Setting next_dagrun for dataset_s3_bucket_consumer_with_no_taskflow to None, run_after=None
[2025-02-11T23:58:45.213+0000] {logging_mixin.py:190} INFO - [2025-02-11T23:58:45.212+0000] {dag.py:4180} INFO - Setting next_dagrun for dataset_s3_bucket_producer_with_no_taskflow to None, run_after=None
[2025-02-11T23:58:45.235+0000] {processor.py:208} INFO - Processing /home/airflow/.local/lib/python3.12/site-packages/airflow/example_dags/example_dataset_alias_with_no_taskflow.py took 0.605 seconds
[2025-02-11T23:59:16.218+0000] {processor.py:186} INFO - Started process (PID=2221) to work on /home/airflow/.local/lib/python3.12/site-packages/airflow/example_dags/example_dataset_alias_with_no_taskflow.py
[2025-02-11T23:59:16.219+0000] {processor.py:914} INFO - Processing file /home/airflow/.local/lib/python3.12/site-packages/airflow/example_dags/example_dataset_alias_with_no_taskflow.py for tasks to queue
[2025-02-11T23:59:16.222+0000] {logging_mixin.py:190} INFO - [2025-02-11T23:59:16.221+0000] {dagbag.py:588} INFO - Filling up the DagBag from /home/airflow/.local/lib/python3.12/site-packages/airflow/example_dags/example_dataset_alias_with_no_taskflow.py
[2025-02-11T23:59:16.927+0000] {processor.py:925} INFO - DAG(s) 'dataset_s3_bucket_consumer_with_no_taskflow', 'dataset_alias_example_alias_consumer_with_no_taskflow', 'dataset_s3_bucket_producer_with_no_taskflow', 'dataset_alias_example_alias_producer_with_no_taskflow' retrieved from /home/airflow/.local/lib/python3.12/site-packages/airflow/example_dags/example_dataset_alias_with_no_taskflow.py
[2025-02-11T23:59:16.956+0000] {logging_mixin.py:190} INFO - [2025-02-11T23:59:16.955+0000] {dag.py:3239} INFO - Sync 4 DAGs
[2025-02-11T23:59:16.988+0000] {logging_mixin.py:190} INFO - [2025-02-11T23:59:16.987+0000] {dag.py:4180} INFO - Setting next_dagrun for dataset_alias_example_alias_consumer_with_no_taskflow to None, run_after=None
[2025-02-11T23:59:16.991+0000] {logging_mixin.py:190} INFO - [2025-02-11T23:59:16.990+0000] {dag.py:4180} INFO - Setting next_dagrun for dataset_alias_example_alias_producer_with_no_taskflow to None, run_after=None
[2025-02-11T23:59:16.992+0000] {logging_mixin.py:190} INFO - [2025-02-11T23:59:16.992+0000] {dag.py:4180} INFO - Setting next_dagrun for dataset_s3_bucket_consumer_with_no_taskflow to None, run_after=None
[2025-02-11T23:59:16.994+0000] {logging_mixin.py:190} INFO - [2025-02-11T23:59:16.994+0000] {dag.py:4180} INFO - Setting next_dagrun for dataset_s3_bucket_producer_with_no_taskflow to None, run_after=None
[2025-02-11T23:59:17.018+0000] {processor.py:208} INFO - Processing /home/airflow/.local/lib/python3.12/site-packages/airflow/example_dags/example_dataset_alias_with_no_taskflow.py took 0.808 seconds
[2025-02-11T23:59:47.317+0000] {processor.py:186} INFO - Started process (PID=2287) to work on /home/airflow/.local/lib/python3.12/site-packages/airflow/example_dags/example_dataset_alias_with_no_taskflow.py
[2025-02-11T23:59:47.320+0000] {processor.py:914} INFO - Processing file /home/airflow/.local/lib/python3.12/site-packages/airflow/example_dags/example_dataset_alias_with_no_taskflow.py for tasks to queue
[2025-02-11T23:59:47.328+0000] {logging_mixin.py:190} INFO - [2025-02-11T23:59:47.327+0000] {dagbag.py:588} INFO - Filling up the DagBag from /home/airflow/.local/lib/python3.12/site-packages/airflow/example_dags/example_dataset_alias_with_no_taskflow.py
[2025-02-11T23:59:48.368+0000] {processor.py:925} INFO - DAG(s) 'dataset_alias_example_alias_consumer_with_no_taskflow', 'dataset_s3_bucket_producer_with_no_taskflow', 'dataset_alias_example_alias_producer_with_no_taskflow', 'dataset_s3_bucket_consumer_with_no_taskflow' retrieved from /home/airflow/.local/lib/python3.12/site-packages/airflow/example_dags/example_dataset_alias_with_no_taskflow.py
[2025-02-11T23:59:48.398+0000] {logging_mixin.py:190} INFO - [2025-02-11T23:59:48.397+0000] {dag.py:3239} INFO - Sync 4 DAGs
[2025-02-11T23:59:48.427+0000] {logging_mixin.py:190} INFO - [2025-02-11T23:59:48.426+0000] {dag.py:4180} INFO - Setting next_dagrun for dataset_alias_example_alias_consumer_with_no_taskflow to None, run_after=None
[2025-02-11T23:59:48.430+0000] {logging_mixin.py:190} INFO - [2025-02-11T23:59:48.429+0000] {dag.py:4180} INFO - Setting next_dagrun for dataset_alias_example_alias_producer_with_no_taskflow to None, run_after=None
[2025-02-11T23:59:48.433+0000] {logging_mixin.py:190} INFO - [2025-02-11T23:59:48.433+0000] {dag.py:4180} INFO - Setting next_dagrun for dataset_s3_bucket_consumer_with_no_taskflow to None, run_after=None
[2025-02-11T23:59:48.435+0000] {logging_mixin.py:190} INFO - [2025-02-11T23:59:48.435+0000] {dag.py:4180} INFO - Setting next_dagrun for dataset_s3_bucket_producer_with_no_taskflow to None, run_after=None
[2025-02-11T23:59:48.465+0000] {processor.py:208} INFO - Processing /home/airflow/.local/lib/python3.12/site-packages/airflow/example_dags/example_dataset_alias_with_no_taskflow.py took 1.162 seconds
