[2025-02-11T23:35:45.646+0000] {processor.py:186} INFO - Started process (PID=95) to work on /home/airflow/.local/lib/python3.12/site-packages/airflow/example_dags/example_dataset_alias.py
[2025-02-11T23:35:45.650+0000] {processor.py:914} INFO - Processing file /home/airflow/.local/lib/python3.12/site-packages/airflow/example_dags/example_dataset_alias.py for tasks to queue
[2025-02-11T23:35:45.684+0000] {logging_mixin.py:190} INFO - [2025-02-11T23:35:45.683+0000] {dagbag.py:588} INFO - Filling up the DagBag from /home/airflow/.local/lib/python3.12/site-packages/airflow/example_dags/example_dataset_alias.py
[2025-02-11T23:35:47.851+0000] {processor.py:925} INFO - DAG(s) 'dataset_s3_bucket_producer', 'dataset_alias_example_alias_producer', 'dataset_s3_bucket_consumer', 'dataset_alias_example_alias_consumer' retrieved from /home/airflow/.local/lib/python3.12/site-packages/airflow/example_dags/example_dataset_alias.py
[2025-02-11T23:35:47.933+0000] {logging_mixin.py:190} INFO - [2025-02-11T23:35:47.932+0000] {dag.py:3239} INFO - Sync 4 DAGs
[2025-02-11T23:35:48.026+0000] {logging_mixin.py:190} INFO - [2025-02-11T23:35:48.025+0000] {dag.py:4180} INFO - Setting next_dagrun for dataset_alias_example_alias_consumer to None, run_after=None
[2025-02-11T23:35:48.040+0000] {logging_mixin.py:190} INFO - [2025-02-11T23:35:48.039+0000] {dag.py:4180} INFO - Setting next_dagrun for dataset_alias_example_alias_producer to None, run_after=None
[2025-02-11T23:35:48.054+0000] {logging_mixin.py:190} INFO - [2025-02-11T23:35:48.054+0000] {dag.py:4180} INFO - Setting next_dagrun for dataset_s3_bucket_consumer to None, run_after=None
[2025-02-11T23:35:48.067+0000] {logging_mixin.py:190} INFO - [2025-02-11T23:35:48.067+0000] {dag.py:4180} INFO - Setting next_dagrun for dataset_s3_bucket_producer to None, run_after=None
[2025-02-11T23:35:48.205+0000] {processor.py:208} INFO - Processing /home/airflow/.local/lib/python3.12/site-packages/airflow/example_dags/example_dataset_alias.py took 2.589 seconds
[2025-02-11T23:36:18.681+0000] {processor.py:186} INFO - Started process (PID=173) to work on /home/airflow/.local/lib/python3.12/site-packages/airflow/example_dags/example_dataset_alias.py
[2025-02-11T23:36:18.684+0000] {processor.py:914} INFO - Processing file /home/airflow/.local/lib/python3.12/site-packages/airflow/example_dags/example_dataset_alias.py for tasks to queue
[2025-02-11T23:36:18.697+0000] {logging_mixin.py:190} INFO - [2025-02-11T23:36:18.690+0000] {dagbag.py:588} INFO - Filling up the DagBag from /home/airflow/.local/lib/python3.12/site-packages/airflow/example_dags/example_dataset_alias.py
[2025-02-11T23:36:21.027+0000] {processor.py:925} INFO - DAG(s) 'dataset_alias_example_alias_consumer', 'dataset_s3_bucket_consumer', 'dataset_alias_example_alias_producer', 'dataset_s3_bucket_producer' retrieved from /home/airflow/.local/lib/python3.12/site-packages/airflow/example_dags/example_dataset_alias.py
[2025-02-11T23:36:21.109+0000] {logging_mixin.py:190} INFO - [2025-02-11T23:36:21.104+0000] {dag.py:3239} INFO - Sync 4 DAGs
[2025-02-11T23:36:21.195+0000] {logging_mixin.py:190} INFO - [2025-02-11T23:36:21.195+0000] {dag.py:4180} INFO - Setting next_dagrun for dataset_alias_example_alias_consumer to None, run_after=None
[2025-02-11T23:36:21.210+0000] {logging_mixin.py:190} INFO - [2025-02-11T23:36:21.209+0000] {dag.py:4180} INFO - Setting next_dagrun for dataset_alias_example_alias_producer to None, run_after=None
[2025-02-11T23:36:21.223+0000] {logging_mixin.py:190} INFO - [2025-02-11T23:36:21.223+0000] {dag.py:4180} INFO - Setting next_dagrun for dataset_s3_bucket_consumer to None, run_after=None
[2025-02-11T23:36:21.227+0000] {logging_mixin.py:190} INFO - [2025-02-11T23:36:21.227+0000] {dag.py:4180} INFO - Setting next_dagrun for dataset_s3_bucket_producer to None, run_after=None
[2025-02-11T23:36:21.323+0000] {processor.py:208} INFO - Processing /home/airflow/.local/lib/python3.12/site-packages/airflow/example_dags/example_dataset_alias.py took 2.661 seconds
[2025-02-11T23:36:51.671+0000] {processor.py:186} INFO - Started process (PID=246) to work on /home/airflow/.local/lib/python3.12/site-packages/airflow/example_dags/example_dataset_alias.py
[2025-02-11T23:36:51.672+0000] {processor.py:914} INFO - Processing file /home/airflow/.local/lib/python3.12/site-packages/airflow/example_dags/example_dataset_alias.py for tasks to queue
[2025-02-11T23:36:51.676+0000] {logging_mixin.py:190} INFO - [2025-02-11T23:36:51.675+0000] {dagbag.py:588} INFO - Filling up the DagBag from /home/airflow/.local/lib/python3.12/site-packages/airflow/example_dags/example_dataset_alias.py
[2025-02-11T23:36:52.481+0000] {processor.py:925} INFO - DAG(s) 'dataset_s3_bucket_producer', 'dataset_alias_example_alias_consumer', 'dataset_alias_example_alias_producer', 'dataset_s3_bucket_consumer' retrieved from /home/airflow/.local/lib/python3.12/site-packages/airflow/example_dags/example_dataset_alias.py
[2025-02-11T23:36:52.540+0000] {logging_mixin.py:190} INFO - [2025-02-11T23:36:52.538+0000] {dag.py:3239} INFO - Sync 4 DAGs
[2025-02-11T23:36:52.593+0000] {logging_mixin.py:190} INFO - [2025-02-11T23:36:52.593+0000] {dag.py:4180} INFO - Setting next_dagrun for dataset_alias_example_alias_consumer to None, run_after=None
[2025-02-11T23:36:52.597+0000] {logging_mixin.py:190} INFO - [2025-02-11T23:36:52.597+0000] {dag.py:4180} INFO - Setting next_dagrun for dataset_alias_example_alias_producer to None, run_after=None
[2025-02-11T23:36:52.600+0000] {logging_mixin.py:190} INFO - [2025-02-11T23:36:52.599+0000] {dag.py:4180} INFO - Setting next_dagrun for dataset_s3_bucket_consumer to None, run_after=None
[2025-02-11T23:36:52.603+0000] {logging_mixin.py:190} INFO - [2025-02-11T23:36:52.603+0000] {dag.py:4180} INFO - Setting next_dagrun for dataset_s3_bucket_producer to None, run_after=None
[2025-02-11T23:36:52.638+0000] {processor.py:208} INFO - Processing /home/airflow/.local/lib/python3.12/site-packages/airflow/example_dags/example_dataset_alias.py took 0.972 seconds
[2025-02-11T23:37:30.368+0000] {processor.py:186} INFO - Started process (PID=320) to work on /home/airflow/.local/lib/python3.12/site-packages/airflow/example_dags/example_dataset_alias.py
[2025-02-11T23:37:30.375+0000] {processor.py:914} INFO - Processing file /home/airflow/.local/lib/python3.12/site-packages/airflow/example_dags/example_dataset_alias.py for tasks to queue
[2025-02-11T23:37:30.395+0000] {logging_mixin.py:190} INFO - [2025-02-11T23:37:30.394+0000] {dagbag.py:588} INFO - Filling up the DagBag from /home/airflow/.local/lib/python3.12/site-packages/airflow/example_dags/example_dataset_alias.py
[2025-02-11T23:37:32.527+0000] {processor.py:925} INFO - DAG(s) 'dataset_alias_example_alias_producer', 'dataset_s3_bucket_consumer', 'dataset_alias_example_alias_consumer', 'dataset_s3_bucket_producer' retrieved from /home/airflow/.local/lib/python3.12/site-packages/airflow/example_dags/example_dataset_alias.py
[2025-02-11T23:37:32.612+0000] {logging_mixin.py:190} INFO - [2025-02-11T23:37:32.611+0000] {dag.py:3239} INFO - Sync 4 DAGs
[2025-02-11T23:37:32.695+0000] {logging_mixin.py:190} INFO - [2025-02-11T23:37:32.695+0000] {dag.py:4180} INFO - Setting next_dagrun for dataset_alias_example_alias_consumer to None, run_after=None
[2025-02-11T23:37:32.707+0000] {logging_mixin.py:190} INFO - [2025-02-11T23:37:32.707+0000] {dag.py:4180} INFO - Setting next_dagrun for dataset_alias_example_alias_producer to None, run_after=None
[2025-02-11T23:37:32.713+0000] {logging_mixin.py:190} INFO - [2025-02-11T23:37:32.713+0000] {dag.py:4180} INFO - Setting next_dagrun for dataset_s3_bucket_consumer to None, run_after=None
[2025-02-11T23:37:32.720+0000] {logging_mixin.py:190} INFO - [2025-02-11T23:37:32.718+0000] {dag.py:4180} INFO - Setting next_dagrun for dataset_s3_bucket_producer to None, run_after=None
[2025-02-11T23:37:32.807+0000] {processor.py:208} INFO - Processing /home/airflow/.local/lib/python3.12/site-packages/airflow/example_dags/example_dataset_alias.py took 2.447 seconds
[2025-02-11T23:38:03.026+0000] {processor.py:186} INFO - Started process (PID=386) to work on /home/airflow/.local/lib/python3.12/site-packages/airflow/example_dags/example_dataset_alias.py
[2025-02-11T23:38:03.038+0000] {processor.py:914} INFO - Processing file /home/airflow/.local/lib/python3.12/site-packages/airflow/example_dags/example_dataset_alias.py for tasks to queue
[2025-02-11T23:38:03.042+0000] {logging_mixin.py:190} INFO - [2025-02-11T23:38:03.041+0000] {dagbag.py:588} INFO - Filling up the DagBag from /home/airflow/.local/lib/python3.12/site-packages/airflow/example_dags/example_dataset_alias.py
[2025-02-11T23:38:05.857+0000] {processor.py:925} INFO - DAG(s) 'dataset_s3_bucket_consumer', 'dataset_s3_bucket_producer', 'dataset_alias_example_alias_producer', 'dataset_alias_example_alias_consumer' retrieved from /home/airflow/.local/lib/python3.12/site-packages/airflow/example_dags/example_dataset_alias.py
[2025-02-11T23:38:05.923+0000] {logging_mixin.py:190} INFO - [2025-02-11T23:38:05.922+0000] {dag.py:3239} INFO - Sync 4 DAGs
[2025-02-11T23:38:06.030+0000] {logging_mixin.py:190} INFO - [2025-02-11T23:38:06.030+0000] {dag.py:4180} INFO - Setting next_dagrun for dataset_alias_example_alias_consumer to None, run_after=None
[2025-02-11T23:38:06.064+0000] {logging_mixin.py:190} INFO - [2025-02-11T23:38:06.063+0000] {dag.py:4180} INFO - Setting next_dagrun for dataset_alias_example_alias_producer to None, run_after=None
[2025-02-11T23:38:06.110+0000] {logging_mixin.py:190} INFO - [2025-02-11T23:38:06.109+0000] {dag.py:4180} INFO - Setting next_dagrun for dataset_s3_bucket_consumer to None, run_after=None
[2025-02-11T23:38:06.127+0000] {logging_mixin.py:190} INFO - [2025-02-11T23:38:06.127+0000] {dag.py:4180} INFO - Setting next_dagrun for dataset_s3_bucket_producer to None, run_after=None
[2025-02-11T23:38:06.285+0000] {processor.py:208} INFO - Processing /home/airflow/.local/lib/python3.12/site-packages/airflow/example_dags/example_dataset_alias.py took 3.279 seconds
[2025-02-11T23:38:36.624+0000] {processor.py:186} INFO - Started process (PID=452) to work on /home/airflow/.local/lib/python3.12/site-packages/airflow/example_dags/example_dataset_alias.py
[2025-02-11T23:38:36.626+0000] {processor.py:914} INFO - Processing file /home/airflow/.local/lib/python3.12/site-packages/airflow/example_dags/example_dataset_alias.py for tasks to queue
[2025-02-11T23:38:36.639+0000] {logging_mixin.py:190} INFO - [2025-02-11T23:38:36.638+0000] {dagbag.py:588} INFO - Filling up the DagBag from /home/airflow/.local/lib/python3.12/site-packages/airflow/example_dags/example_dataset_alias.py
[2025-02-11T23:38:38.823+0000] {processor.py:925} INFO - DAG(s) 'dataset_alias_example_alias_producer', 'dataset_alias_example_alias_consumer', 'dataset_s3_bucket_producer', 'dataset_s3_bucket_consumer' retrieved from /home/airflow/.local/lib/python3.12/site-packages/airflow/example_dags/example_dataset_alias.py
[2025-02-11T23:38:38.972+0000] {logging_mixin.py:190} INFO - [2025-02-11T23:38:38.972+0000] {dag.py:3239} INFO - Sync 4 DAGs
[2025-02-11T23:38:39.108+0000] {logging_mixin.py:190} INFO - [2025-02-11T23:38:39.107+0000] {dag.py:4180} INFO - Setting next_dagrun for dataset_alias_example_alias_consumer to None, run_after=None
[2025-02-11T23:38:39.124+0000] {logging_mixin.py:190} INFO - [2025-02-11T23:38:39.124+0000] {dag.py:4180} INFO - Setting next_dagrun for dataset_alias_example_alias_producer to None, run_after=None
[2025-02-11T23:38:39.138+0000] {logging_mixin.py:190} INFO - [2025-02-11T23:38:39.135+0000] {dag.py:4180} INFO - Setting next_dagrun for dataset_s3_bucket_consumer to None, run_after=None
[2025-02-11T23:38:39.140+0000] {logging_mixin.py:190} INFO - [2025-02-11T23:38:39.140+0000] {dag.py:4180} INFO - Setting next_dagrun for dataset_s3_bucket_producer to None, run_after=None
[2025-02-11T23:38:39.294+0000] {processor.py:208} INFO - Processing /home/airflow/.local/lib/python3.12/site-packages/airflow/example_dags/example_dataset_alias.py took 2.718 seconds
[2025-02-11T23:39:10.053+0000] {processor.py:186} INFO - Started process (PID=518) to work on /home/airflow/.local/lib/python3.12/site-packages/airflow/example_dags/example_dataset_alias.py
[2025-02-11T23:39:10.063+0000] {processor.py:914} INFO - Processing file /home/airflow/.local/lib/python3.12/site-packages/airflow/example_dags/example_dataset_alias.py for tasks to queue
[2025-02-11T23:39:10.072+0000] {logging_mixin.py:190} INFO - [2025-02-11T23:39:10.071+0000] {dagbag.py:588} INFO - Filling up the DagBag from /home/airflow/.local/lib/python3.12/site-packages/airflow/example_dags/example_dataset_alias.py
[2025-02-11T23:39:11.846+0000] {processor.py:925} INFO - DAG(s) 'dataset_alias_example_alias_producer', 'dataset_s3_bucket_producer', 'dataset_alias_example_alias_consumer', 'dataset_s3_bucket_consumer' retrieved from /home/airflow/.local/lib/python3.12/site-packages/airflow/example_dags/example_dataset_alias.py
[2025-02-11T23:39:11.913+0000] {logging_mixin.py:190} INFO - [2025-02-11T23:39:11.912+0000] {dag.py:3239} INFO - Sync 4 DAGs
[2025-02-11T23:39:12.003+0000] {logging_mixin.py:190} INFO - [2025-02-11T23:39:12.003+0000] {dag.py:4180} INFO - Setting next_dagrun for dataset_alias_example_alias_consumer to None, run_after=None
[2025-02-11T23:39:12.017+0000] {logging_mixin.py:190} INFO - [2025-02-11T23:39:12.017+0000] {dag.py:4180} INFO - Setting next_dagrun for dataset_alias_example_alias_producer to None, run_after=None
[2025-02-11T23:39:12.020+0000] {logging_mixin.py:190} INFO - [2025-02-11T23:39:12.020+0000] {dag.py:4180} INFO - Setting next_dagrun for dataset_s3_bucket_consumer to None, run_after=None
[2025-02-11T23:39:12.033+0000] {logging_mixin.py:190} INFO - [2025-02-11T23:39:12.033+0000] {dag.py:4180} INFO - Setting next_dagrun for dataset_s3_bucket_producer to None, run_after=None
[2025-02-11T23:39:12.123+0000] {processor.py:208} INFO - Processing /home/airflow/.local/lib/python3.12/site-packages/airflow/example_dags/example_dataset_alias.py took 2.078 seconds
[2025-02-11T23:39:42.266+0000] {processor.py:186} INFO - Started process (PID=590) to work on /home/airflow/.local/lib/python3.12/site-packages/airflow/example_dags/example_dataset_alias.py
[2025-02-11T23:39:42.270+0000] {processor.py:914} INFO - Processing file /home/airflow/.local/lib/python3.12/site-packages/airflow/example_dags/example_dataset_alias.py for tasks to queue
[2025-02-11T23:39:42.292+0000] {logging_mixin.py:190} INFO - [2025-02-11T23:39:42.292+0000] {dagbag.py:588} INFO - Filling up the DagBag from /home/airflow/.local/lib/python3.12/site-packages/airflow/example_dags/example_dataset_alias.py
[2025-02-11T23:39:44.331+0000] {processor.py:925} INFO - DAG(s) 'dataset_s3_bucket_producer', 'dataset_s3_bucket_consumer', 'dataset_alias_example_alias_consumer', 'dataset_alias_example_alias_producer' retrieved from /home/airflow/.local/lib/python3.12/site-packages/airflow/example_dags/example_dataset_alias.py
[2025-02-11T23:39:44.414+0000] {logging_mixin.py:190} INFO - [2025-02-11T23:39:44.413+0000] {dag.py:3239} INFO - Sync 4 DAGs
[2025-02-11T23:39:44.492+0000] {logging_mixin.py:190} INFO - [2025-02-11T23:39:44.492+0000] {dag.py:4180} INFO - Setting next_dagrun for dataset_alias_example_alias_consumer to None, run_after=None
[2025-02-11T23:39:44.505+0000] {logging_mixin.py:190} INFO - [2025-02-11T23:39:44.504+0000] {dag.py:4180} INFO - Setting next_dagrun for dataset_alias_example_alias_producer to None, run_after=None
[2025-02-11T23:39:44.509+0000] {logging_mixin.py:190} INFO - [2025-02-11T23:39:44.508+0000] {dag.py:4180} INFO - Setting next_dagrun for dataset_s3_bucket_consumer to None, run_after=None
[2025-02-11T23:39:44.511+0000] {logging_mixin.py:190} INFO - [2025-02-11T23:39:44.511+0000] {dag.py:4180} INFO - Setting next_dagrun for dataset_s3_bucket_producer to None, run_after=None
[2025-02-11T23:39:44.592+0000] {processor.py:208} INFO - Processing /home/airflow/.local/lib/python3.12/site-packages/airflow/example_dags/example_dataset_alias.py took 2.345 seconds
[2025-02-11T23:40:15.405+0000] {processor.py:186} INFO - Started process (PID=657) to work on /home/airflow/.local/lib/python3.12/site-packages/airflow/example_dags/example_dataset_alias.py
[2025-02-11T23:40:15.406+0000] {processor.py:914} INFO - Processing file /home/airflow/.local/lib/python3.12/site-packages/airflow/example_dags/example_dataset_alias.py for tasks to queue
[2025-02-11T23:40:15.421+0000] {logging_mixin.py:190} INFO - [2025-02-11T23:40:15.420+0000] {dagbag.py:588} INFO - Filling up the DagBag from /home/airflow/.local/lib/python3.12/site-packages/airflow/example_dags/example_dataset_alias.py
[2025-02-11T23:40:17.111+0000] {processor.py:925} INFO - DAG(s) 'dataset_s3_bucket_producer', 'dataset_alias_example_alias_producer', 'dataset_alias_example_alias_consumer', 'dataset_s3_bucket_consumer' retrieved from /home/airflow/.local/lib/python3.12/site-packages/airflow/example_dags/example_dataset_alias.py
[2025-02-11T23:40:17.146+0000] {logging_mixin.py:190} INFO - [2025-02-11T23:40:17.146+0000] {dag.py:3239} INFO - Sync 4 DAGs
[2025-02-11T23:40:17.189+0000] {logging_mixin.py:190} INFO - [2025-02-11T23:40:17.188+0000] {dag.py:4180} INFO - Setting next_dagrun for dataset_alias_example_alias_consumer to None, run_after=None
[2025-02-11T23:40:17.194+0000] {logging_mixin.py:190} INFO - [2025-02-11T23:40:17.193+0000] {dag.py:4180} INFO - Setting next_dagrun for dataset_alias_example_alias_producer to None, run_after=None
[2025-02-11T23:40:17.196+0000] {logging_mixin.py:190} INFO - [2025-02-11T23:40:17.196+0000] {dag.py:4180} INFO - Setting next_dagrun for dataset_s3_bucket_consumer to None, run_after=None
[2025-02-11T23:40:17.199+0000] {logging_mixin.py:190} INFO - [2025-02-11T23:40:17.198+0000] {dag.py:4180} INFO - Setting next_dagrun for dataset_s3_bucket_producer to None, run_after=None
[2025-02-11T23:40:17.236+0000] {processor.py:208} INFO - Processing /home/airflow/.local/lib/python3.12/site-packages/airflow/example_dags/example_dataset_alias.py took 1.849 seconds
[2025-02-11T23:42:25.564+0000] {processor.py:186} INFO - Started process (PID=90) to work on /home/airflow/.local/lib/python3.12/site-packages/airflow/example_dags/example_dataset_alias.py
[2025-02-11T23:42:25.581+0000] {processor.py:914} INFO - Processing file /home/airflow/.local/lib/python3.12/site-packages/airflow/example_dags/example_dataset_alias.py for tasks to queue
[2025-02-11T23:42:25.591+0000] {logging_mixin.py:190} INFO - [2025-02-11T23:42:25.590+0000] {dagbag.py:588} INFO - Filling up the DagBag from /home/airflow/.local/lib/python3.12/site-packages/airflow/example_dags/example_dataset_alias.py
[2025-02-11T23:42:27.888+0000] {processor.py:925} INFO - DAG(s) 'dataset_alias_example_alias_producer', 'dataset_s3_bucket_consumer', 'dataset_s3_bucket_producer', 'dataset_alias_example_alias_consumer' retrieved from /home/airflow/.local/lib/python3.12/site-packages/airflow/example_dags/example_dataset_alias.py
[2025-02-11T23:42:27.942+0000] {logging_mixin.py:190} INFO - [2025-02-11T23:42:27.941+0000] {dag.py:3239} INFO - Sync 4 DAGs
[2025-02-11T23:42:28.017+0000] {logging_mixin.py:190} INFO - [2025-02-11T23:42:28.017+0000] {dag.py:4180} INFO - Setting next_dagrun for dataset_alias_example_alias_consumer to None, run_after=None
[2025-02-11T23:42:28.047+0000] {logging_mixin.py:190} INFO - [2025-02-11T23:42:28.047+0000] {dag.py:4180} INFO - Setting next_dagrun for dataset_alias_example_alias_producer to None, run_after=None
[2025-02-11T23:42:28.062+0000] {logging_mixin.py:190} INFO - [2025-02-11T23:42:28.062+0000] {dag.py:4180} INFO - Setting next_dagrun for dataset_s3_bucket_consumer to None, run_after=None
[2025-02-11T23:42:28.080+0000] {logging_mixin.py:190} INFO - [2025-02-11T23:42:28.079+0000] {dag.py:4180} INFO - Setting next_dagrun for dataset_s3_bucket_producer to None, run_after=None
[2025-02-11T23:42:28.214+0000] {processor.py:208} INFO - Processing /home/airflow/.local/lib/python3.12/site-packages/airflow/example_dags/example_dataset_alias.py took 2.660 seconds
[2025-02-11T23:42:58.854+0000] {processor.py:186} INFO - Started process (PID=156) to work on /home/airflow/.local/lib/python3.12/site-packages/airflow/example_dags/example_dataset_alias.py
[2025-02-11T23:42:58.856+0000] {processor.py:914} INFO - Processing file /home/airflow/.local/lib/python3.12/site-packages/airflow/example_dags/example_dataset_alias.py for tasks to queue
[2025-02-11T23:42:58.861+0000] {logging_mixin.py:190} INFO - [2025-02-11T23:42:58.860+0000] {dagbag.py:588} INFO - Filling up the DagBag from /home/airflow/.local/lib/python3.12/site-packages/airflow/example_dags/example_dataset_alias.py
[2025-02-11T23:42:59.984+0000] {processor.py:925} INFO - DAG(s) 'dataset_alias_example_alias_consumer', 'dataset_s3_bucket_consumer', 'dataset_s3_bucket_producer', 'dataset_alias_example_alias_producer' retrieved from /home/airflow/.local/lib/python3.12/site-packages/airflow/example_dags/example_dataset_alias.py
[2025-02-11T23:43:00.040+0000] {logging_mixin.py:190} INFO - [2025-02-11T23:43:00.039+0000] {dag.py:3239} INFO - Sync 4 DAGs
[2025-02-11T23:43:00.076+0000] {logging_mixin.py:190} INFO - [2025-02-11T23:43:00.076+0000] {dag.py:4180} INFO - Setting next_dagrun for dataset_alias_example_alias_consumer to None, run_after=None
[2025-02-11T23:43:00.082+0000] {logging_mixin.py:190} INFO - [2025-02-11T23:43:00.082+0000] {dag.py:4180} INFO - Setting next_dagrun for dataset_alias_example_alias_producer to None, run_after=None
[2025-02-11T23:43:00.086+0000] {logging_mixin.py:190} INFO - [2025-02-11T23:43:00.085+0000] {dag.py:4180} INFO - Setting next_dagrun for dataset_s3_bucket_consumer to None, run_after=None
[2025-02-11T23:43:00.088+0000] {logging_mixin.py:190} INFO - [2025-02-11T23:43:00.088+0000] {dag.py:4180} INFO - Setting next_dagrun for dataset_s3_bucket_producer to None, run_after=None
[2025-02-11T23:43:00.159+0000] {processor.py:208} INFO - Processing /home/airflow/.local/lib/python3.12/site-packages/airflow/example_dags/example_dataset_alias.py took 1.318 seconds
[2025-02-11T23:43:30.674+0000] {processor.py:186} INFO - Started process (PID=222) to work on /home/airflow/.local/lib/python3.12/site-packages/airflow/example_dags/example_dataset_alias.py
[2025-02-11T23:43:30.675+0000] {processor.py:914} INFO - Processing file /home/airflow/.local/lib/python3.12/site-packages/airflow/example_dags/example_dataset_alias.py for tasks to queue
[2025-02-11T23:43:30.679+0000] {logging_mixin.py:190} INFO - [2025-02-11T23:43:30.678+0000] {dagbag.py:588} INFO - Filling up the DagBag from /home/airflow/.local/lib/python3.12/site-packages/airflow/example_dags/example_dataset_alias.py
[2025-02-11T23:43:31.812+0000] {processor.py:925} INFO - DAG(s) 'dataset_alias_example_alias_consumer', 'dataset_s3_bucket_consumer', 'dataset_s3_bucket_producer', 'dataset_alias_example_alias_producer' retrieved from /home/airflow/.local/lib/python3.12/site-packages/airflow/example_dags/example_dataset_alias.py
[2025-02-11T23:43:31.867+0000] {logging_mixin.py:190} INFO - [2025-02-11T23:43:31.867+0000] {dag.py:3239} INFO - Sync 4 DAGs
[2025-02-11T23:43:31.922+0000] {logging_mixin.py:190} INFO - [2025-02-11T23:43:31.922+0000] {dag.py:4180} INFO - Setting next_dagrun for dataset_alias_example_alias_consumer to None, run_after=None
[2025-02-11T23:43:31.939+0000] {logging_mixin.py:190} INFO - [2025-02-11T23:43:31.938+0000] {dag.py:4180} INFO - Setting next_dagrun for dataset_alias_example_alias_producer to None, run_after=None
[2025-02-11T23:43:31.943+0000] {logging_mixin.py:190} INFO - [2025-02-11T23:43:31.943+0000] {dag.py:4180} INFO - Setting next_dagrun for dataset_s3_bucket_consumer to None, run_after=None
[2025-02-11T23:43:31.946+0000] {logging_mixin.py:190} INFO - [2025-02-11T23:43:31.945+0000] {dag.py:4180} INFO - Setting next_dagrun for dataset_s3_bucket_producer to None, run_after=None
[2025-02-11T23:43:32.016+0000] {processor.py:208} INFO - Processing /home/airflow/.local/lib/python3.12/site-packages/airflow/example_dags/example_dataset_alias.py took 1.351 seconds
[2025-02-11T23:44:02.213+0000] {processor.py:186} INFO - Started process (PID=287) to work on /home/airflow/.local/lib/python3.12/site-packages/airflow/example_dags/example_dataset_alias.py
[2025-02-11T23:44:02.214+0000] {processor.py:914} INFO - Processing file /home/airflow/.local/lib/python3.12/site-packages/airflow/example_dags/example_dataset_alias.py for tasks to queue
[2025-02-11T23:44:02.218+0000] {logging_mixin.py:190} INFO - [2025-02-11T23:44:02.217+0000] {dagbag.py:588} INFO - Filling up the DagBag from /home/airflow/.local/lib/python3.12/site-packages/airflow/example_dags/example_dataset_alias.py
[2025-02-11T23:44:03.881+0000] {processor.py:925} INFO - DAG(s) 'dataset_alias_example_alias_consumer', 'dataset_s3_bucket_consumer', 'dataset_alias_example_alias_producer', 'dataset_s3_bucket_producer' retrieved from /home/airflow/.local/lib/python3.12/site-packages/airflow/example_dags/example_dataset_alias.py
[2025-02-11T23:44:03.954+0000] {logging_mixin.py:190} INFO - [2025-02-11T23:44:03.953+0000] {dag.py:3239} INFO - Sync 4 DAGs
[2025-02-11T23:44:04.043+0000] {logging_mixin.py:190} INFO - [2025-02-11T23:44:04.043+0000] {dag.py:4180} INFO - Setting next_dagrun for dataset_alias_example_alias_consumer to None, run_after=None
[2025-02-11T23:44:04.056+0000] {logging_mixin.py:190} INFO - [2025-02-11T23:44:04.056+0000] {dag.py:4180} INFO - Setting next_dagrun for dataset_alias_example_alias_producer to None, run_after=None
[2025-02-11T23:44:04.063+0000] {logging_mixin.py:190} INFO - [2025-02-11T23:44:04.063+0000] {dag.py:4180} INFO - Setting next_dagrun for dataset_s3_bucket_consumer to None, run_after=None
[2025-02-11T23:44:04.076+0000] {logging_mixin.py:190} INFO - [2025-02-11T23:44:04.075+0000] {dag.py:4180} INFO - Setting next_dagrun for dataset_s3_bucket_producer to None, run_after=None
[2025-02-11T23:44:04.152+0000] {processor.py:208} INFO - Processing /home/airflow/.local/lib/python3.12/site-packages/airflow/example_dags/example_dataset_alias.py took 1.949 seconds
[2025-02-11T23:44:36.032+0000] {processor.py:186} INFO - Started process (PID=353) to work on /home/airflow/.local/lib/python3.12/site-packages/airflow/example_dags/example_dataset_alias.py
[2025-02-11T23:44:36.035+0000] {processor.py:914} INFO - Processing file /home/airflow/.local/lib/python3.12/site-packages/airflow/example_dags/example_dataset_alias.py for tasks to queue
[2025-02-11T23:44:36.039+0000] {logging_mixin.py:190} INFO - [2025-02-11T23:44:36.039+0000] {dagbag.py:588} INFO - Filling up the DagBag from /home/airflow/.local/lib/python3.12/site-packages/airflow/example_dags/example_dataset_alias.py
[2025-02-11T23:44:37.460+0000] {processor.py:925} INFO - DAG(s) 'dataset_s3_bucket_consumer', 'dataset_alias_example_alias_consumer', 'dataset_s3_bucket_producer', 'dataset_alias_example_alias_producer' retrieved from /home/airflow/.local/lib/python3.12/site-packages/airflow/example_dags/example_dataset_alias.py
[2025-02-11T23:44:37.560+0000] {logging_mixin.py:190} INFO - [2025-02-11T23:44:37.559+0000] {dag.py:3239} INFO - Sync 4 DAGs
[2025-02-11T23:44:37.659+0000] {logging_mixin.py:190} INFO - [2025-02-11T23:44:37.658+0000] {dag.py:4180} INFO - Setting next_dagrun for dataset_alias_example_alias_consumer to None, run_after=None
[2025-02-11T23:44:37.674+0000] {logging_mixin.py:190} INFO - [2025-02-11T23:44:37.673+0000] {dag.py:4180} INFO - Setting next_dagrun for dataset_alias_example_alias_producer to None, run_after=None
[2025-02-11T23:44:37.678+0000] {logging_mixin.py:190} INFO - [2025-02-11T23:44:37.678+0000] {dag.py:4180} INFO - Setting next_dagrun for dataset_s3_bucket_consumer to None, run_after=None
[2025-02-11T23:44:37.690+0000] {logging_mixin.py:190} INFO - [2025-02-11T23:44:37.690+0000] {dag.py:4180} INFO - Setting next_dagrun for dataset_s3_bucket_producer to None, run_after=None
[2025-02-11T23:44:37.772+0000] {processor.py:208} INFO - Processing /home/airflow/.local/lib/python3.12/site-packages/airflow/example_dags/example_dataset_alias.py took 1.748 seconds
[2025-02-11T23:45:08.280+0000] {processor.py:186} INFO - Started process (PID=420) to work on /home/airflow/.local/lib/python3.12/site-packages/airflow/example_dags/example_dataset_alias.py
[2025-02-11T23:45:08.282+0000] {processor.py:914} INFO - Processing file /home/airflow/.local/lib/python3.12/site-packages/airflow/example_dags/example_dataset_alias.py for tasks to queue
[2025-02-11T23:45:08.285+0000] {logging_mixin.py:190} INFO - [2025-02-11T23:45:08.285+0000] {dagbag.py:588} INFO - Filling up the DagBag from /home/airflow/.local/lib/python3.12/site-packages/airflow/example_dags/example_dataset_alias.py
[2025-02-11T23:45:09.182+0000] {processor.py:925} INFO - DAG(s) 'dataset_s3_bucket_consumer', 'dataset_alias_example_alias_producer', 'dataset_alias_example_alias_consumer', 'dataset_s3_bucket_producer' retrieved from /home/airflow/.local/lib/python3.12/site-packages/airflow/example_dags/example_dataset_alias.py
[2025-02-11T23:45:09.212+0000] {logging_mixin.py:190} INFO - [2025-02-11T23:45:09.211+0000] {dag.py:3239} INFO - Sync 4 DAGs
[2025-02-11T23:45:09.246+0000] {logging_mixin.py:190} INFO - [2025-02-11T23:45:09.245+0000] {dag.py:4180} INFO - Setting next_dagrun for dataset_alias_example_alias_consumer to None, run_after=None
[2025-02-11T23:45:09.250+0000] {logging_mixin.py:190} INFO - [2025-02-11T23:45:09.250+0000] {dag.py:4180} INFO - Setting next_dagrun for dataset_alias_example_alias_producer to None, run_after=None
[2025-02-11T23:45:09.253+0000] {logging_mixin.py:190} INFO - [2025-02-11T23:45:09.253+0000] {dag.py:4180} INFO - Setting next_dagrun for dataset_s3_bucket_consumer to None, run_after=None
[2025-02-11T23:45:09.257+0000] {logging_mixin.py:190} INFO - [2025-02-11T23:45:09.257+0000] {dag.py:4180} INFO - Setting next_dagrun for dataset_s3_bucket_producer to None, run_after=None
[2025-02-11T23:45:09.320+0000] {processor.py:208} INFO - Processing /home/airflow/.local/lib/python3.12/site-packages/airflow/example_dags/example_dataset_alias.py took 1.048 seconds
[2025-02-11T23:45:41.329+0000] {processor.py:186} INFO - Started process (PID=485) to work on /home/airflow/.local/lib/python3.12/site-packages/airflow/example_dags/example_dataset_alias.py
[2025-02-11T23:45:41.331+0000] {processor.py:914} INFO - Processing file /home/airflow/.local/lib/python3.12/site-packages/airflow/example_dags/example_dataset_alias.py for tasks to queue
[2025-02-11T23:45:41.336+0000] {logging_mixin.py:190} INFO - [2025-02-11T23:45:41.336+0000] {dagbag.py:588} INFO - Filling up the DagBag from /home/airflow/.local/lib/python3.12/site-packages/airflow/example_dags/example_dataset_alias.py
[2025-02-11T23:45:43.241+0000] {processor.py:925} INFO - DAG(s) 'dataset_alias_example_alias_consumer', 'dataset_s3_bucket_consumer', 'dataset_s3_bucket_producer', 'dataset_alias_example_alias_producer' retrieved from /home/airflow/.local/lib/python3.12/site-packages/airflow/example_dags/example_dataset_alias.py
[2025-02-11T23:45:43.374+0000] {logging_mixin.py:190} INFO - [2025-02-11T23:45:43.364+0000] {dag.py:3239} INFO - Sync 4 DAGs
[2025-02-11T23:45:43.467+0000] {logging_mixin.py:190} INFO - [2025-02-11T23:45:43.466+0000] {dag.py:4180} INFO - Setting next_dagrun for dataset_alias_example_alias_consumer to None, run_after=None
[2025-02-11T23:45:43.487+0000] {logging_mixin.py:190} INFO - [2025-02-11T23:45:43.487+0000] {dag.py:4180} INFO - Setting next_dagrun for dataset_alias_example_alias_producer to None, run_after=None
[2025-02-11T23:45:43.492+0000] {logging_mixin.py:190} INFO - [2025-02-11T23:45:43.492+0000] {dag.py:4180} INFO - Setting next_dagrun for dataset_s3_bucket_consumer to None, run_after=None
[2025-02-11T23:45:43.500+0000] {logging_mixin.py:190} INFO - [2025-02-11T23:45:43.500+0000] {dag.py:4180} INFO - Setting next_dagrun for dataset_s3_bucket_producer to None, run_after=None
[2025-02-11T23:45:43.596+0000] {processor.py:208} INFO - Processing /home/airflow/.local/lib/python3.12/site-packages/airflow/example_dags/example_dataset_alias.py took 2.275 seconds
[2025-02-11T23:46:13.967+0000] {processor.py:186} INFO - Started process (PID=552) to work on /home/airflow/.local/lib/python3.12/site-packages/airflow/example_dags/example_dataset_alias.py
[2025-02-11T23:46:13.970+0000] {processor.py:914} INFO - Processing file /home/airflow/.local/lib/python3.12/site-packages/airflow/example_dags/example_dataset_alias.py for tasks to queue
[2025-02-11T23:46:13.983+0000] {logging_mixin.py:190} INFO - [2025-02-11T23:46:13.983+0000] {dagbag.py:588} INFO - Filling up the DagBag from /home/airflow/.local/lib/python3.12/site-packages/airflow/example_dags/example_dataset_alias.py
[2025-02-11T23:46:16.274+0000] {processor.py:925} INFO - DAG(s) 'dataset_s3_bucket_consumer', 'dataset_alias_example_alias_consumer', 'dataset_alias_example_alias_producer', 'dataset_s3_bucket_producer' retrieved from /home/airflow/.local/lib/python3.12/site-packages/airflow/example_dags/example_dataset_alias.py
[2025-02-11T23:46:16.475+0000] {logging_mixin.py:190} INFO - [2025-02-11T23:46:16.474+0000] {dag.py:3239} INFO - Sync 4 DAGs
[2025-02-11T23:46:16.629+0000] {logging_mixin.py:190} INFO - [2025-02-11T23:46:16.628+0000] {dag.py:4180} INFO - Setting next_dagrun for dataset_alias_example_alias_consumer to None, run_after=None
[2025-02-11T23:46:16.634+0000] {logging_mixin.py:190} INFO - [2025-02-11T23:46:16.634+0000] {dag.py:4180} INFO - Setting next_dagrun for dataset_alias_example_alias_producer to None, run_after=None
[2025-02-11T23:46:16.646+0000] {logging_mixin.py:190} INFO - [2025-02-11T23:46:16.646+0000] {dag.py:4180} INFO - Setting next_dagrun for dataset_s3_bucket_consumer to None, run_after=None
[2025-02-11T23:46:16.650+0000] {logging_mixin.py:190} INFO - [2025-02-11T23:46:16.650+0000] {dag.py:4180} INFO - Setting next_dagrun for dataset_s3_bucket_producer to None, run_after=None
[2025-02-11T23:46:16.724+0000] {processor.py:208} INFO - Processing /home/airflow/.local/lib/python3.12/site-packages/airflow/example_dags/example_dataset_alias.py took 2.777 seconds
[2025-02-11T23:46:47.375+0000] {processor.py:186} INFO - Started process (PID=624) to work on /home/airflow/.local/lib/python3.12/site-packages/airflow/example_dags/example_dataset_alias.py
[2025-02-11T23:46:48.237+0000] {processor.py:914} INFO - Processing file /home/airflow/.local/lib/python3.12/site-packages/airflow/example_dags/example_dataset_alias.py for tasks to queue
[2025-02-11T23:46:48.249+0000] {logging_mixin.py:190} INFO - [2025-02-11T23:46:48.248+0000] {dagbag.py:588} INFO - Filling up the DagBag from /home/airflow/.local/lib/python3.12/site-packages/airflow/example_dags/example_dataset_alias.py
[2025-02-11T23:46:49.523+0000] {processor.py:925} INFO - DAG(s) 'dataset_alias_example_alias_consumer', 'dataset_s3_bucket_consumer', 'dataset_alias_example_alias_producer', 'dataset_s3_bucket_producer' retrieved from /home/airflow/.local/lib/python3.12/site-packages/airflow/example_dags/example_dataset_alias.py
[2025-02-11T23:46:49.573+0000] {logging_mixin.py:190} INFO - [2025-02-11T23:46:49.572+0000] {dag.py:3239} INFO - Sync 4 DAGs
[2025-02-11T23:46:49.616+0000] {logging_mixin.py:190} INFO - [2025-02-11T23:46:49.615+0000] {dag.py:4180} INFO - Setting next_dagrun for dataset_alias_example_alias_consumer to None, run_after=None
[2025-02-11T23:46:49.623+0000] {logging_mixin.py:190} INFO - [2025-02-11T23:46:49.622+0000] {dag.py:4180} INFO - Setting next_dagrun for dataset_alias_example_alias_producer to None, run_after=None
[2025-02-11T23:46:49.628+0000] {logging_mixin.py:190} INFO - [2025-02-11T23:46:49.628+0000] {dag.py:4180} INFO - Setting next_dagrun for dataset_s3_bucket_consumer to None, run_after=None
[2025-02-11T23:46:49.631+0000] {logging_mixin.py:190} INFO - [2025-02-11T23:46:49.631+0000] {dag.py:4180} INFO - Setting next_dagrun for dataset_s3_bucket_producer to None, run_after=None
[2025-02-11T23:46:49.669+0000] {processor.py:208} INFO - Processing /home/airflow/.local/lib/python3.12/site-packages/airflow/example_dags/example_dataset_alias.py took 2.302 seconds
[2025-02-11T23:47:20.028+0000] {processor.py:186} INFO - Started process (PID=694) to work on /home/airflow/.local/lib/python3.12/site-packages/airflow/example_dags/example_dataset_alias.py
[2025-02-11T23:47:20.029+0000] {processor.py:914} INFO - Processing file /home/airflow/.local/lib/python3.12/site-packages/airflow/example_dags/example_dataset_alias.py for tasks to queue
[2025-02-11T23:47:20.033+0000] {logging_mixin.py:190} INFO - [2025-02-11T23:47:20.032+0000] {dagbag.py:588} INFO - Filling up the DagBag from /home/airflow/.local/lib/python3.12/site-packages/airflow/example_dags/example_dataset_alias.py
[2025-02-11T23:47:21.036+0000] {processor.py:925} INFO - DAG(s) 'dataset_alias_example_alias_consumer', 'dataset_alias_example_alias_producer', 'dataset_s3_bucket_producer', 'dataset_s3_bucket_consumer' retrieved from /home/airflow/.local/lib/python3.12/site-packages/airflow/example_dags/example_dataset_alias.py
[2025-02-11T23:47:21.065+0000] {logging_mixin.py:190} INFO - [2025-02-11T23:47:21.064+0000] {dag.py:3239} INFO - Sync 4 DAGs
[2025-02-11T23:47:21.086+0000] {logging_mixin.py:190} INFO - [2025-02-11T23:47:21.086+0000] {dag.py:4180} INFO - Setting next_dagrun for dataset_alias_example_alias_consumer to None, run_after=None
[2025-02-11T23:47:21.089+0000] {logging_mixin.py:190} INFO - [2025-02-11T23:47:21.089+0000] {dag.py:4180} INFO - Setting next_dagrun for dataset_alias_example_alias_producer to None, run_after=None
[2025-02-11T23:47:21.090+0000] {logging_mixin.py:190} INFO - [2025-02-11T23:47:21.090+0000] {dag.py:4180} INFO - Setting next_dagrun for dataset_s3_bucket_consumer to None, run_after=None
[2025-02-11T23:47:21.093+0000] {logging_mixin.py:190} INFO - [2025-02-11T23:47:21.093+0000] {dag.py:4180} INFO - Setting next_dagrun for dataset_s3_bucket_producer to None, run_after=None
[2025-02-11T23:47:21.280+0000] {processor.py:208} INFO - Processing /home/airflow/.local/lib/python3.12/site-packages/airflow/example_dags/example_dataset_alias.py took 1.263 seconds
[2025-02-11T23:47:51.359+0000] {processor.py:186} INFO - Started process (PID=768) to work on /home/airflow/.local/lib/python3.12/site-packages/airflow/example_dags/example_dataset_alias.py
[2025-02-11T23:47:51.362+0000] {processor.py:914} INFO - Processing file /home/airflow/.local/lib/python3.12/site-packages/airflow/example_dags/example_dataset_alias.py for tasks to queue
[2025-02-11T23:47:51.365+0000] {logging_mixin.py:190} INFO - [2025-02-11T23:47:51.365+0000] {dagbag.py:588} INFO - Filling up the DagBag from /home/airflow/.local/lib/python3.12/site-packages/airflow/example_dags/example_dataset_alias.py
[2025-02-11T23:47:53.407+0000] {processor.py:925} INFO - DAG(s) 'dataset_s3_bucket_producer', 'dataset_s3_bucket_consumer', 'dataset_alias_example_alias_producer', 'dataset_alias_example_alias_consumer' retrieved from /home/airflow/.local/lib/python3.12/site-packages/airflow/example_dags/example_dataset_alias.py
[2025-02-11T23:47:53.490+0000] {logging_mixin.py:190} INFO - [2025-02-11T23:47:53.489+0000] {dag.py:3239} INFO - Sync 4 DAGs
[2025-02-11T23:47:53.580+0000] {logging_mixin.py:190} INFO - [2025-02-11T23:47:53.580+0000] {dag.py:4180} INFO - Setting next_dagrun for dataset_alias_example_alias_consumer to None, run_after=None
[2025-02-11T23:47:53.583+0000] {logging_mixin.py:190} INFO - [2025-02-11T23:47:53.583+0000] {dag.py:4180} INFO - Setting next_dagrun for dataset_alias_example_alias_producer to None, run_after=None
[2025-02-11T23:47:53.586+0000] {logging_mixin.py:190} INFO - [2025-02-11T23:47:53.586+0000] {dag.py:4180} INFO - Setting next_dagrun for dataset_s3_bucket_consumer to None, run_after=None
[2025-02-11T23:47:53.588+0000] {logging_mixin.py:190} INFO - [2025-02-11T23:47:53.588+0000] {dag.py:4180} INFO - Setting next_dagrun for dataset_s3_bucket_producer to None, run_after=None
[2025-02-11T23:47:53.627+0000] {processor.py:208} INFO - Processing /home/airflow/.local/lib/python3.12/site-packages/airflow/example_dags/example_dataset_alias.py took 2.278 seconds
[2025-02-11T23:48:23.879+0000] {processor.py:186} INFO - Started process (PID=833) to work on /home/airflow/.local/lib/python3.12/site-packages/airflow/example_dags/example_dataset_alias.py
[2025-02-11T23:48:23.881+0000] {processor.py:914} INFO - Processing file /home/airflow/.local/lib/python3.12/site-packages/airflow/example_dags/example_dataset_alias.py for tasks to queue
[2025-02-11T23:48:23.893+0000] {logging_mixin.py:190} INFO - [2025-02-11T23:48:23.893+0000] {dagbag.py:588} INFO - Filling up the DagBag from /home/airflow/.local/lib/python3.12/site-packages/airflow/example_dags/example_dataset_alias.py
[2025-02-11T23:48:24.612+0000] {processor.py:925} INFO - DAG(s) 'dataset_s3_bucket_consumer', 'dataset_alias_example_alias_consumer', 'dataset_s3_bucket_producer', 'dataset_alias_example_alias_producer' retrieved from /home/airflow/.local/lib/python3.12/site-packages/airflow/example_dags/example_dataset_alias.py
[2025-02-11T23:48:24.638+0000] {logging_mixin.py:190} INFO - [2025-02-11T23:48:24.638+0000] {dag.py:3239} INFO - Sync 4 DAGs
[2025-02-11T23:48:24.673+0000] {logging_mixin.py:190} INFO - [2025-02-11T23:48:24.672+0000] {dag.py:4180} INFO - Setting next_dagrun for dataset_alias_example_alias_consumer to None, run_after=None
[2025-02-11T23:48:24.681+0000] {logging_mixin.py:190} INFO - [2025-02-11T23:48:24.680+0000] {dag.py:4180} INFO - Setting next_dagrun for dataset_alias_example_alias_producer to None, run_after=None
[2025-02-11T23:48:24.683+0000] {logging_mixin.py:190} INFO - [2025-02-11T23:48:24.683+0000] {dag.py:4180} INFO - Setting next_dagrun for dataset_s3_bucket_consumer to None, run_after=None
[2025-02-11T23:48:24.685+0000] {logging_mixin.py:190} INFO - [2025-02-11T23:48:24.684+0000] {dag.py:4180} INFO - Setting next_dagrun for dataset_s3_bucket_producer to None, run_after=None
[2025-02-11T23:48:24.715+0000] {processor.py:208} INFO - Processing /home/airflow/.local/lib/python3.12/site-packages/airflow/example_dags/example_dataset_alias.py took 0.850 seconds
[2025-02-11T23:48:55.238+0000] {processor.py:186} INFO - Started process (PID=898) to work on /home/airflow/.local/lib/python3.12/site-packages/airflow/example_dags/example_dataset_alias.py
[2025-02-11T23:48:55.240+0000] {processor.py:914} INFO - Processing file /home/airflow/.local/lib/python3.12/site-packages/airflow/example_dags/example_dataset_alias.py for tasks to queue
[2025-02-11T23:48:55.243+0000] {logging_mixin.py:190} INFO - [2025-02-11T23:48:55.242+0000] {dagbag.py:588} INFO - Filling up the DagBag from /home/airflow/.local/lib/python3.12/site-packages/airflow/example_dags/example_dataset_alias.py
[2025-02-11T23:48:55.954+0000] {processor.py:925} INFO - DAG(s) 'dataset_s3_bucket_producer', 'dataset_alias_example_alias_producer', 'dataset_s3_bucket_consumer', 'dataset_alias_example_alias_consumer' retrieved from /home/airflow/.local/lib/python3.12/site-packages/airflow/example_dags/example_dataset_alias.py
[2025-02-11T23:48:55.996+0000] {logging_mixin.py:190} INFO - [2025-02-11T23:48:55.995+0000] {dag.py:3239} INFO - Sync 4 DAGs
[2025-02-11T23:48:56.018+0000] {logging_mixin.py:190} INFO - [2025-02-11T23:48:56.018+0000] {dag.py:4180} INFO - Setting next_dagrun for dataset_alias_example_alias_consumer to None, run_after=None
[2025-02-11T23:48:56.021+0000] {logging_mixin.py:190} INFO - [2025-02-11T23:48:56.021+0000] {dag.py:4180} INFO - Setting next_dagrun for dataset_alias_example_alias_producer to None, run_after=None
[2025-02-11T23:48:56.024+0000] {logging_mixin.py:190} INFO - [2025-02-11T23:48:56.023+0000] {dag.py:4180} INFO - Setting next_dagrun for dataset_s3_bucket_consumer to None, run_after=None
[2025-02-11T23:48:56.026+0000] {logging_mixin.py:190} INFO - [2025-02-11T23:48:56.026+0000] {dag.py:4180} INFO - Setting next_dagrun for dataset_s3_bucket_producer to None, run_after=None
[2025-02-11T23:48:56.048+0000] {processor.py:208} INFO - Processing /home/airflow/.local/lib/python3.12/site-packages/airflow/example_dags/example_dataset_alias.py took 0.818 seconds
[2025-02-11T23:49:26.149+0000] {processor.py:186} INFO - Started process (PID=964) to work on /home/airflow/.local/lib/python3.12/site-packages/airflow/example_dags/example_dataset_alias.py
[2025-02-11T23:49:26.151+0000] {processor.py:914} INFO - Processing file /home/airflow/.local/lib/python3.12/site-packages/airflow/example_dags/example_dataset_alias.py for tasks to queue
[2025-02-11T23:49:26.154+0000] {logging_mixin.py:190} INFO - [2025-02-11T23:49:26.154+0000] {dagbag.py:588} INFO - Filling up the DagBag from /home/airflow/.local/lib/python3.12/site-packages/airflow/example_dags/example_dataset_alias.py
[2025-02-11T23:49:26.797+0000] {processor.py:925} INFO - DAG(s) 'dataset_alias_example_alias_consumer', 'dataset_s3_bucket_producer', 'dataset_s3_bucket_consumer', 'dataset_alias_example_alias_producer' retrieved from /home/airflow/.local/lib/python3.12/site-packages/airflow/example_dags/example_dataset_alias.py
[2025-02-11T23:49:26.824+0000] {logging_mixin.py:190} INFO - [2025-02-11T23:49:26.822+0000] {dag.py:3239} INFO - Sync 4 DAGs
[2025-02-11T23:49:26.853+0000] {logging_mixin.py:190} INFO - [2025-02-11T23:49:26.853+0000] {dag.py:4180} INFO - Setting next_dagrun for dataset_alias_example_alias_consumer to None, run_after=None
[2025-02-11T23:49:26.856+0000] {logging_mixin.py:190} INFO - [2025-02-11T23:49:26.856+0000] {dag.py:4180} INFO - Setting next_dagrun for dataset_alias_example_alias_producer to None, run_after=None
[2025-02-11T23:49:26.858+0000] {logging_mixin.py:190} INFO - [2025-02-11T23:49:26.858+0000] {dag.py:4180} INFO - Setting next_dagrun for dataset_s3_bucket_consumer to None, run_after=None
[2025-02-11T23:49:26.860+0000] {logging_mixin.py:190} INFO - [2025-02-11T23:49:26.860+0000] {dag.py:4180} INFO - Setting next_dagrun for dataset_s3_bucket_producer to None, run_after=None
[2025-02-11T23:49:26.891+0000] {processor.py:208} INFO - Processing /home/airflow/.local/lib/python3.12/site-packages/airflow/example_dags/example_dataset_alias.py took 0.749 seconds
[2025-02-11T23:49:57.523+0000] {processor.py:186} INFO - Started process (PID=1032) to work on /home/airflow/.local/lib/python3.12/site-packages/airflow/example_dags/example_dataset_alias.py
[2025-02-11T23:49:57.524+0000] {processor.py:914} INFO - Processing file /home/airflow/.local/lib/python3.12/site-packages/airflow/example_dags/example_dataset_alias.py for tasks to queue
[2025-02-11T23:49:57.531+0000] {logging_mixin.py:190} INFO - [2025-02-11T23:49:57.531+0000] {dagbag.py:588} INFO - Filling up the DagBag from /home/airflow/.local/lib/python3.12/site-packages/airflow/example_dags/example_dataset_alias.py
[2025-02-11T23:49:58.797+0000] {processor.py:925} INFO - DAG(s) 'dataset_alias_example_alias_consumer', 'dataset_s3_bucket_consumer', 'dataset_s3_bucket_producer', 'dataset_alias_example_alias_producer' retrieved from /home/airflow/.local/lib/python3.12/site-packages/airflow/example_dags/example_dataset_alias.py
[2025-02-11T23:49:58.882+0000] {logging_mixin.py:190} INFO - [2025-02-11T23:49:58.881+0000] {dag.py:3239} INFO - Sync 4 DAGs
[2025-02-11T23:49:58.930+0000] {logging_mixin.py:190} INFO - [2025-02-11T23:49:58.929+0000] {dag.py:4180} INFO - Setting next_dagrun for dataset_alias_example_alias_consumer to None, run_after=None
[2025-02-11T23:49:58.934+0000] {logging_mixin.py:190} INFO - [2025-02-11T23:49:58.934+0000] {dag.py:4180} INFO - Setting next_dagrun for dataset_alias_example_alias_producer to None, run_after=None
[2025-02-11T23:49:58.936+0000] {logging_mixin.py:190} INFO - [2025-02-11T23:49:58.936+0000] {dag.py:4180} INFO - Setting next_dagrun for dataset_s3_bucket_consumer to None, run_after=None
[2025-02-11T23:49:58.938+0000] {logging_mixin.py:190} INFO - [2025-02-11T23:49:58.938+0000] {dag.py:4180} INFO - Setting next_dagrun for dataset_s3_bucket_producer to None, run_after=None
[2025-02-11T23:49:58.992+0000] {processor.py:208} INFO - Processing /home/airflow/.local/lib/python3.12/site-packages/airflow/example_dags/example_dataset_alias.py took 1.477 seconds
[2025-02-11T23:50:29.444+0000] {processor.py:186} INFO - Started process (PID=1100) to work on /home/airflow/.local/lib/python3.12/site-packages/airflow/example_dags/example_dataset_alias.py
[2025-02-11T23:50:29.445+0000] {processor.py:914} INFO - Processing file /home/airflow/.local/lib/python3.12/site-packages/airflow/example_dags/example_dataset_alias.py for tasks to queue
[2025-02-11T23:50:29.449+0000] {logging_mixin.py:190} INFO - [2025-02-11T23:50:29.448+0000] {dagbag.py:588} INFO - Filling up the DagBag from /home/airflow/.local/lib/python3.12/site-packages/airflow/example_dags/example_dataset_alias.py
[2025-02-11T23:50:30.360+0000] {processor.py:925} INFO - DAG(s) 'dataset_alias_example_alias_consumer', 'dataset_alias_example_alias_producer', 'dataset_s3_bucket_consumer', 'dataset_s3_bucket_producer' retrieved from /home/airflow/.local/lib/python3.12/site-packages/airflow/example_dags/example_dataset_alias.py
[2025-02-11T23:50:30.409+0000] {logging_mixin.py:190} INFO - [2025-02-11T23:50:30.409+0000] {dag.py:3239} INFO - Sync 4 DAGs
[2025-02-11T23:50:30.463+0000] {logging_mixin.py:190} INFO - [2025-02-11T23:50:30.462+0000] {dag.py:4180} INFO - Setting next_dagrun for dataset_alias_example_alias_consumer to None, run_after=None
[2025-02-11T23:50:30.467+0000] {logging_mixin.py:190} INFO - [2025-02-11T23:50:30.467+0000] {dag.py:4180} INFO - Setting next_dagrun for dataset_alias_example_alias_producer to None, run_after=None
[2025-02-11T23:50:30.469+0000] {logging_mixin.py:190} INFO - [2025-02-11T23:50:30.469+0000] {dag.py:4180} INFO - Setting next_dagrun for dataset_s3_bucket_consumer to None, run_after=None
[2025-02-11T23:50:30.475+0000] {logging_mixin.py:190} INFO - [2025-02-11T23:50:30.474+0000] {dag.py:4180} INFO - Setting next_dagrun for dataset_s3_bucket_producer to None, run_after=None
[2025-02-11T23:50:30.516+0000] {processor.py:208} INFO - Processing /home/airflow/.local/lib/python3.12/site-packages/airflow/example_dags/example_dataset_alias.py took 1.081 seconds
[2025-02-11T23:51:00.926+0000] {processor.py:186} INFO - Started process (PID=1167) to work on /home/airflow/.local/lib/python3.12/site-packages/airflow/example_dags/example_dataset_alias.py
[2025-02-11T23:51:00.928+0000] {processor.py:914} INFO - Processing file /home/airflow/.local/lib/python3.12/site-packages/airflow/example_dags/example_dataset_alias.py for tasks to queue
[2025-02-11T23:51:00.941+0000] {logging_mixin.py:190} INFO - [2025-02-11T23:51:00.940+0000] {dagbag.py:588} INFO - Filling up the DagBag from /home/airflow/.local/lib/python3.12/site-packages/airflow/example_dags/example_dataset_alias.py
[2025-02-11T23:51:02.017+0000] {processor.py:925} INFO - DAG(s) 'dataset_alias_example_alias_consumer', 'dataset_alias_example_alias_producer', 'dataset_s3_bucket_producer', 'dataset_s3_bucket_consumer' retrieved from /home/airflow/.local/lib/python3.12/site-packages/airflow/example_dags/example_dataset_alias.py
[2025-02-11T23:51:02.055+0000] {logging_mixin.py:190} INFO - [2025-02-11T23:51:02.055+0000] {dag.py:3239} INFO - Sync 4 DAGs
[2025-02-11T23:51:02.100+0000] {logging_mixin.py:190} INFO - [2025-02-11T23:51:02.100+0000] {dag.py:4180} INFO - Setting next_dagrun for dataset_alias_example_alias_consumer to None, run_after=None
[2025-02-11T23:51:02.107+0000] {logging_mixin.py:190} INFO - [2025-02-11T23:51:02.106+0000] {dag.py:4180} INFO - Setting next_dagrun for dataset_alias_example_alias_producer to None, run_after=None
[2025-02-11T23:51:02.113+0000] {logging_mixin.py:190} INFO - [2025-02-11T23:51:02.112+0000] {dag.py:4180} INFO - Setting next_dagrun for dataset_s3_bucket_consumer to None, run_after=None
[2025-02-11T23:51:02.116+0000] {logging_mixin.py:190} INFO - [2025-02-11T23:51:02.115+0000] {dag.py:4180} INFO - Setting next_dagrun for dataset_s3_bucket_producer to None, run_after=None
[2025-02-11T23:51:02.159+0000] {processor.py:208} INFO - Processing /home/airflow/.local/lib/python3.12/site-packages/airflow/example_dags/example_dataset_alias.py took 1.242 seconds
[2025-02-11T23:51:32.420+0000] {processor.py:186} INFO - Started process (PID=1234) to work on /home/airflow/.local/lib/python3.12/site-packages/airflow/example_dags/example_dataset_alias.py
[2025-02-11T23:51:32.426+0000] {processor.py:914} INFO - Processing file /home/airflow/.local/lib/python3.12/site-packages/airflow/example_dags/example_dataset_alias.py for tasks to queue
[2025-02-11T23:51:32.429+0000] {logging_mixin.py:190} INFO - [2025-02-11T23:51:32.429+0000] {dagbag.py:588} INFO - Filling up the DagBag from /home/airflow/.local/lib/python3.12/site-packages/airflow/example_dags/example_dataset_alias.py
[2025-02-11T23:51:33.469+0000] {processor.py:925} INFO - DAG(s) 'dataset_alias_example_alias_producer', 'dataset_s3_bucket_producer', 'dataset_s3_bucket_consumer', 'dataset_alias_example_alias_consumer' retrieved from /home/airflow/.local/lib/python3.12/site-packages/airflow/example_dags/example_dataset_alias.py
[2025-02-11T23:51:33.510+0000] {logging_mixin.py:190} INFO - [2025-02-11T23:51:33.510+0000] {dag.py:3239} INFO - Sync 4 DAGs
[2025-02-11T23:51:33.561+0000] {logging_mixin.py:190} INFO - [2025-02-11T23:51:33.554+0000] {dag.py:4180} INFO - Setting next_dagrun for dataset_alias_example_alias_consumer to None, run_after=None
[2025-02-11T23:51:33.566+0000] {logging_mixin.py:190} INFO - [2025-02-11T23:51:33.566+0000] {dag.py:4180} INFO - Setting next_dagrun for dataset_alias_example_alias_producer to None, run_after=None
[2025-02-11T23:51:33.569+0000] {logging_mixin.py:190} INFO - [2025-02-11T23:51:33.569+0000] {dag.py:4180} INFO - Setting next_dagrun for dataset_s3_bucket_consumer to None, run_after=None
[2025-02-11T23:51:33.579+0000] {logging_mixin.py:190} INFO - [2025-02-11T23:51:33.578+0000] {dag.py:4180} INFO - Setting next_dagrun for dataset_s3_bucket_producer to None, run_after=None
[2025-02-11T23:51:33.649+0000] {processor.py:208} INFO - Processing /home/airflow/.local/lib/python3.12/site-packages/airflow/example_dags/example_dataset_alias.py took 1.245 seconds
[2025-02-11T23:52:04.489+0000] {processor.py:186} INFO - Started process (PID=1304) to work on /home/airflow/.local/lib/python3.12/site-packages/airflow/example_dags/example_dataset_alias.py
[2025-02-11T23:52:04.490+0000] {processor.py:914} INFO - Processing file /home/airflow/.local/lib/python3.12/site-packages/airflow/example_dags/example_dataset_alias.py for tasks to queue
[2025-02-11T23:52:04.494+0000] {logging_mixin.py:190} INFO - [2025-02-11T23:52:04.493+0000] {dagbag.py:588} INFO - Filling up the DagBag from /home/airflow/.local/lib/python3.12/site-packages/airflow/example_dags/example_dataset_alias.py
[2025-02-11T23:52:05.393+0000] {processor.py:925} INFO - DAG(s) 'dataset_s3_bucket_producer', 'dataset_alias_example_alias_consumer', 'dataset_s3_bucket_consumer', 'dataset_alias_example_alias_producer' retrieved from /home/airflow/.local/lib/python3.12/site-packages/airflow/example_dags/example_dataset_alias.py
[2025-02-11T23:52:05.426+0000] {logging_mixin.py:190} INFO - [2025-02-11T23:52:05.425+0000] {dag.py:3239} INFO - Sync 4 DAGs
[2025-02-11T23:52:05.463+0000] {logging_mixin.py:190} INFO - [2025-02-11T23:52:05.463+0000] {dag.py:4180} INFO - Setting next_dagrun for dataset_alias_example_alias_consumer to None, run_after=None
[2025-02-11T23:52:05.468+0000] {logging_mixin.py:190} INFO - [2025-02-11T23:52:05.468+0000] {dag.py:4180} INFO - Setting next_dagrun for dataset_alias_example_alias_producer to None, run_after=None
[2025-02-11T23:52:05.471+0000] {logging_mixin.py:190} INFO - [2025-02-11T23:52:05.470+0000] {dag.py:4180} INFO - Setting next_dagrun for dataset_s3_bucket_consumer to None, run_after=None
[2025-02-11T23:52:05.473+0000] {logging_mixin.py:190} INFO - [2025-02-11T23:52:05.473+0000] {dag.py:4180} INFO - Setting next_dagrun for dataset_s3_bucket_producer to None, run_after=None
[2025-02-11T23:52:05.506+0000] {processor.py:208} INFO - Processing /home/airflow/.local/lib/python3.12/site-packages/airflow/example_dags/example_dataset_alias.py took 1.025 seconds
[2025-02-11T23:52:36.177+0000] {processor.py:186} INFO - Started process (PID=1375) to work on /home/airflow/.local/lib/python3.12/site-packages/airflow/example_dags/example_dataset_alias.py
[2025-02-11T23:52:36.178+0000] {processor.py:914} INFO - Processing file /home/airflow/.local/lib/python3.12/site-packages/airflow/example_dags/example_dataset_alias.py for tasks to queue
[2025-02-11T23:52:36.183+0000] {logging_mixin.py:190} INFO - [2025-02-11T23:52:36.182+0000] {dagbag.py:588} INFO - Filling up the DagBag from /home/airflow/.local/lib/python3.12/site-packages/airflow/example_dags/example_dataset_alias.py
[2025-02-11T23:52:36.871+0000] {processor.py:925} INFO - DAG(s) 'dataset_s3_bucket_producer', 'dataset_s3_bucket_consumer', 'dataset_alias_example_alias_producer', 'dataset_alias_example_alias_consumer' retrieved from /home/airflow/.local/lib/python3.12/site-packages/airflow/example_dags/example_dataset_alias.py
[2025-02-11T23:52:36.907+0000] {logging_mixin.py:190} INFO - [2025-02-11T23:52:36.907+0000] {dag.py:3239} INFO - Sync 4 DAGs
[2025-02-11T23:52:36.943+0000] {logging_mixin.py:190} INFO - [2025-02-11T23:52:36.943+0000] {dag.py:4180} INFO - Setting next_dagrun for dataset_alias_example_alias_consumer to None, run_after=None
[2025-02-11T23:52:36.948+0000] {logging_mixin.py:190} INFO - [2025-02-11T23:52:36.947+0000] {dag.py:4180} INFO - Setting next_dagrun for dataset_alias_example_alias_producer to None, run_after=None
[2025-02-11T23:52:36.950+0000] {logging_mixin.py:190} INFO - [2025-02-11T23:52:36.950+0000] {dag.py:4180} INFO - Setting next_dagrun for dataset_s3_bucket_consumer to None, run_after=None
[2025-02-11T23:52:36.953+0000] {logging_mixin.py:190} INFO - [2025-02-11T23:52:36.953+0000] {dag.py:4180} INFO - Setting next_dagrun for dataset_s3_bucket_producer to None, run_after=None
[2025-02-11T23:52:36.983+0000] {processor.py:208} INFO - Processing /home/airflow/.local/lib/python3.12/site-packages/airflow/example_dags/example_dataset_alias.py took 0.813 seconds
[2025-02-11T23:53:07.146+0000] {processor.py:186} INFO - Started process (PID=1441) to work on /home/airflow/.local/lib/python3.12/site-packages/airflow/example_dags/example_dataset_alias.py
[2025-02-11T23:53:07.147+0000] {processor.py:914} INFO - Processing file /home/airflow/.local/lib/python3.12/site-packages/airflow/example_dags/example_dataset_alias.py for tasks to queue
[2025-02-11T23:53:07.151+0000] {logging_mixin.py:190} INFO - [2025-02-11T23:53:07.150+0000] {dagbag.py:588} INFO - Filling up the DagBag from /home/airflow/.local/lib/python3.12/site-packages/airflow/example_dags/example_dataset_alias.py
[2025-02-11T23:53:08.179+0000] {processor.py:925} INFO - DAG(s) 'dataset_alias_example_alias_consumer', 'dataset_alias_example_alias_producer', 'dataset_s3_bucket_producer', 'dataset_s3_bucket_consumer' retrieved from /home/airflow/.local/lib/python3.12/site-packages/airflow/example_dags/example_dataset_alias.py
[2025-02-11T23:53:08.211+0000] {logging_mixin.py:190} INFO - [2025-02-11T23:53:08.210+0000] {dag.py:3239} INFO - Sync 4 DAGs
[2025-02-11T23:53:08.253+0000] {logging_mixin.py:190} INFO - [2025-02-11T23:53:08.252+0000] {dag.py:4180} INFO - Setting next_dagrun for dataset_alias_example_alias_consumer to None, run_after=None
[2025-02-11T23:53:08.257+0000] {logging_mixin.py:190} INFO - [2025-02-11T23:53:08.257+0000] {dag.py:4180} INFO - Setting next_dagrun for dataset_alias_example_alias_producer to None, run_after=None
[2025-02-11T23:53:08.260+0000] {logging_mixin.py:190} INFO - [2025-02-11T23:53:08.260+0000] {dag.py:4180} INFO - Setting next_dagrun for dataset_s3_bucket_consumer to None, run_after=None
[2025-02-11T23:53:08.264+0000] {logging_mixin.py:190} INFO - [2025-02-11T23:53:08.264+0000] {dag.py:4180} INFO - Setting next_dagrun for dataset_s3_bucket_producer to None, run_after=None
[2025-02-11T23:53:08.299+0000] {processor.py:208} INFO - Processing /home/airflow/.local/lib/python3.12/site-packages/airflow/example_dags/example_dataset_alias.py took 1.165 seconds
[2025-02-11T23:53:38.720+0000] {processor.py:186} INFO - Started process (PID=1507) to work on /home/airflow/.local/lib/python3.12/site-packages/airflow/example_dags/example_dataset_alias.py
[2025-02-11T23:53:38.722+0000] {processor.py:914} INFO - Processing file /home/airflow/.local/lib/python3.12/site-packages/airflow/example_dags/example_dataset_alias.py for tasks to queue
[2025-02-11T23:53:38.725+0000] {logging_mixin.py:190} INFO - [2025-02-11T23:53:38.725+0000] {dagbag.py:588} INFO - Filling up the DagBag from /home/airflow/.local/lib/python3.12/site-packages/airflow/example_dags/example_dataset_alias.py
[2025-02-11T23:53:39.364+0000] {processor.py:925} INFO - DAG(s) 'dataset_s3_bucket_producer', 'dataset_alias_example_alias_producer', 'dataset_s3_bucket_consumer', 'dataset_alias_example_alias_consumer' retrieved from /home/airflow/.local/lib/python3.12/site-packages/airflow/example_dags/example_dataset_alias.py
[2025-02-11T23:53:39.393+0000] {logging_mixin.py:190} INFO - [2025-02-11T23:53:39.392+0000] {dag.py:3239} INFO - Sync 4 DAGs
[2025-02-11T23:53:39.419+0000] {logging_mixin.py:190} INFO - [2025-02-11T23:53:39.419+0000] {dag.py:4180} INFO - Setting next_dagrun for dataset_alias_example_alias_consumer to None, run_after=None
[2025-02-11T23:53:39.424+0000] {logging_mixin.py:190} INFO - [2025-02-11T23:53:39.424+0000] {dag.py:4180} INFO - Setting next_dagrun for dataset_alias_example_alias_producer to None, run_after=None
[2025-02-11T23:53:39.426+0000] {logging_mixin.py:190} INFO - [2025-02-11T23:53:39.426+0000] {dag.py:4180} INFO - Setting next_dagrun for dataset_s3_bucket_consumer to None, run_after=None
[2025-02-11T23:53:39.428+0000] {logging_mixin.py:190} INFO - [2025-02-11T23:53:39.428+0000] {dag.py:4180} INFO - Setting next_dagrun for dataset_s3_bucket_producer to None, run_after=None
[2025-02-11T23:53:39.455+0000] {processor.py:208} INFO - Processing /home/airflow/.local/lib/python3.12/site-packages/airflow/example_dags/example_dataset_alias.py took 0.748 seconds
[2025-02-11T23:54:10.008+0000] {processor.py:186} INFO - Started process (PID=1574) to work on /home/airflow/.local/lib/python3.12/site-packages/airflow/example_dags/example_dataset_alias.py
[2025-02-11T23:54:10.009+0000] {processor.py:914} INFO - Processing file /home/airflow/.local/lib/python3.12/site-packages/airflow/example_dags/example_dataset_alias.py for tasks to queue
[2025-02-11T23:54:10.012+0000] {logging_mixin.py:190} INFO - [2025-02-11T23:54:10.012+0000] {dagbag.py:588} INFO - Filling up the DagBag from /home/airflow/.local/lib/python3.12/site-packages/airflow/example_dags/example_dataset_alias.py
[2025-02-11T23:54:10.666+0000] {processor.py:925} INFO - DAG(s) 'dataset_alias_example_alias_consumer', 'dataset_s3_bucket_consumer', 'dataset_s3_bucket_producer', 'dataset_alias_example_alias_producer' retrieved from /home/airflow/.local/lib/python3.12/site-packages/airflow/example_dags/example_dataset_alias.py
[2025-02-11T23:54:10.694+0000] {logging_mixin.py:190} INFO - [2025-02-11T23:54:10.694+0000] {dag.py:3239} INFO - Sync 4 DAGs
[2025-02-11T23:54:10.717+0000] {logging_mixin.py:190} INFO - [2025-02-11T23:54:10.716+0000] {dag.py:4180} INFO - Setting next_dagrun for dataset_alias_example_alias_consumer to None, run_after=None
[2025-02-11T23:54:10.720+0000] {logging_mixin.py:190} INFO - [2025-02-11T23:54:10.720+0000] {dag.py:4180} INFO - Setting next_dagrun for dataset_alias_example_alias_producer to None, run_after=None
[2025-02-11T23:54:10.723+0000] {logging_mixin.py:190} INFO - [2025-02-11T23:54:10.723+0000] {dag.py:4180} INFO - Setting next_dagrun for dataset_s3_bucket_consumer to None, run_after=None
[2025-02-11T23:54:10.725+0000] {logging_mixin.py:190} INFO - [2025-02-11T23:54:10.724+0000] {dag.py:4180} INFO - Setting next_dagrun for dataset_s3_bucket_producer to None, run_after=None
[2025-02-11T23:54:10.749+0000] {processor.py:208} INFO - Processing /home/airflow/.local/lib/python3.12/site-packages/airflow/example_dags/example_dataset_alias.py took 0.749 seconds
[2025-02-11T23:54:41.288+0000] {processor.py:186} INFO - Started process (PID=1640) to work on /home/airflow/.local/lib/python3.12/site-packages/airflow/example_dags/example_dataset_alias.py
[2025-02-11T23:54:41.290+0000] {processor.py:914} INFO - Processing file /home/airflow/.local/lib/python3.12/site-packages/airflow/example_dags/example_dataset_alias.py for tasks to queue
[2025-02-11T23:54:41.292+0000] {logging_mixin.py:190} INFO - [2025-02-11T23:54:41.292+0000] {dagbag.py:588} INFO - Filling up the DagBag from /home/airflow/.local/lib/python3.12/site-packages/airflow/example_dags/example_dataset_alias.py
[2025-02-11T23:54:41.964+0000] {processor.py:925} INFO - DAG(s) 'dataset_alias_example_alias_producer', 'dataset_alias_example_alias_consumer', 'dataset_s3_bucket_producer', 'dataset_s3_bucket_consumer' retrieved from /home/airflow/.local/lib/python3.12/site-packages/airflow/example_dags/example_dataset_alias.py
[2025-02-11T23:54:41.992+0000] {logging_mixin.py:190} INFO - [2025-02-11T23:54:41.991+0000] {dag.py:3239} INFO - Sync 4 DAGs
[2025-02-11T23:54:42.016+0000] {logging_mixin.py:190} INFO - [2025-02-11T23:54:42.016+0000] {dag.py:4180} INFO - Setting next_dagrun for dataset_alias_example_alias_consumer to None, run_after=None
[2025-02-11T23:54:42.020+0000] {logging_mixin.py:190} INFO - [2025-02-11T23:54:42.019+0000] {dag.py:4180} INFO - Setting next_dagrun for dataset_alias_example_alias_producer to None, run_after=None
[2025-02-11T23:54:42.022+0000] {logging_mixin.py:190} INFO - [2025-02-11T23:54:42.021+0000] {dag.py:4180} INFO - Setting next_dagrun for dataset_s3_bucket_consumer to None, run_after=None
[2025-02-11T23:54:42.023+0000] {logging_mixin.py:190} INFO - [2025-02-11T23:54:42.023+0000] {dag.py:4180} INFO - Setting next_dagrun for dataset_s3_bucket_producer to None, run_after=None
[2025-02-11T23:54:42.049+0000] {processor.py:208} INFO - Processing /home/airflow/.local/lib/python3.12/site-packages/airflow/example_dags/example_dataset_alias.py took 0.769 seconds
[2025-02-11T23:55:13.994+0000] {processor.py:186} INFO - Started process (PID=1707) to work on /home/airflow/.local/lib/python3.12/site-packages/airflow/example_dags/example_dataset_alias.py
[2025-02-11T23:55:13.995+0000] {processor.py:914} INFO - Processing file /home/airflow/.local/lib/python3.12/site-packages/airflow/example_dags/example_dataset_alias.py for tasks to queue
[2025-02-11T23:55:13.998+0000] {logging_mixin.py:190} INFO - [2025-02-11T23:55:13.998+0000] {dagbag.py:588} INFO - Filling up the DagBag from /home/airflow/.local/lib/python3.12/site-packages/airflow/example_dags/example_dataset_alias.py
[2025-02-11T23:55:15.752+0000] {processor.py:925} INFO - DAG(s) 'dataset_s3_bucket_consumer', 'dataset_alias_example_alias_consumer', 'dataset_alias_example_alias_producer', 'dataset_s3_bucket_producer' retrieved from /home/airflow/.local/lib/python3.12/site-packages/airflow/example_dags/example_dataset_alias.py
[2025-02-11T23:55:15.831+0000] {logging_mixin.py:190} INFO - [2025-02-11T23:55:15.830+0000] {dag.py:3239} INFO - Sync 4 DAGs
[2025-02-11T23:55:15.901+0000] {logging_mixin.py:190} INFO - [2025-02-11T23:55:15.900+0000] {dag.py:4180} INFO - Setting next_dagrun for dataset_alias_example_alias_consumer to None, run_after=None
[2025-02-11T23:55:15.921+0000] {logging_mixin.py:190} INFO - [2025-02-11T23:55:15.921+0000] {dag.py:4180} INFO - Setting next_dagrun for dataset_alias_example_alias_producer to None, run_after=None
[2025-02-11T23:55:15.935+0000] {logging_mixin.py:190} INFO - [2025-02-11T23:55:15.935+0000] {dag.py:4180} INFO - Setting next_dagrun for dataset_s3_bucket_consumer to None, run_after=None
[2025-02-11T23:55:15.938+0000] {logging_mixin.py:190} INFO - [2025-02-11T23:55:15.938+0000] {dag.py:4180} INFO - Setting next_dagrun for dataset_s3_bucket_producer to None, run_after=None
[2025-02-11T23:55:16.024+0000] {processor.py:208} INFO - Processing /home/airflow/.local/lib/python3.12/site-packages/airflow/example_dags/example_dataset_alias.py took 2.046 seconds
[2025-02-11T23:55:46.860+0000] {processor.py:186} INFO - Started process (PID=1775) to work on /home/airflow/.local/lib/python3.12/site-packages/airflow/example_dags/example_dataset_alias.py
[2025-02-11T23:55:46.862+0000] {processor.py:914} INFO - Processing file /home/airflow/.local/lib/python3.12/site-packages/airflow/example_dags/example_dataset_alias.py for tasks to queue
[2025-02-11T23:55:46.865+0000] {logging_mixin.py:190} INFO - [2025-02-11T23:55:46.864+0000] {dagbag.py:588} INFO - Filling up the DagBag from /home/airflow/.local/lib/python3.12/site-packages/airflow/example_dags/example_dataset_alias.py
[2025-02-11T23:55:48.127+0000] {processor.py:925} INFO - DAG(s) 'dataset_s3_bucket_producer', 'dataset_alias_example_alias_consumer', 'dataset_s3_bucket_consumer', 'dataset_alias_example_alias_producer' retrieved from /home/airflow/.local/lib/python3.12/site-packages/airflow/example_dags/example_dataset_alias.py
[2025-02-11T23:55:48.165+0000] {logging_mixin.py:190} INFO - [2025-02-11T23:55:48.164+0000] {dag.py:3239} INFO - Sync 4 DAGs
[2025-02-11T23:55:48.205+0000] {logging_mixin.py:190} INFO - [2025-02-11T23:55:48.205+0000] {dag.py:4180} INFO - Setting next_dagrun for dataset_alias_example_alias_consumer to None, run_after=None
[2025-02-11T23:55:48.210+0000] {logging_mixin.py:190} INFO - [2025-02-11T23:55:48.210+0000] {dag.py:4180} INFO - Setting next_dagrun for dataset_alias_example_alias_producer to None, run_after=None
[2025-02-11T23:55:48.213+0000] {logging_mixin.py:190} INFO - [2025-02-11T23:55:48.212+0000] {dag.py:4180} INFO - Setting next_dagrun for dataset_s3_bucket_consumer to None, run_after=None
[2025-02-11T23:55:48.215+0000] {logging_mixin.py:190} INFO - [2025-02-11T23:55:48.215+0000] {dag.py:4180} INFO - Setting next_dagrun for dataset_s3_bucket_producer to None, run_after=None
[2025-02-11T23:55:48.258+0000] {processor.py:208} INFO - Processing /home/airflow/.local/lib/python3.12/site-packages/airflow/example_dags/example_dataset_alias.py took 1.405 seconds
[2025-02-11T23:56:18.345+0000] {processor.py:186} INFO - Started process (PID=1841) to work on /home/airflow/.local/lib/python3.12/site-packages/airflow/example_dags/example_dataset_alias.py
[2025-02-11T23:56:18.346+0000] {processor.py:914} INFO - Processing file /home/airflow/.local/lib/python3.12/site-packages/airflow/example_dags/example_dataset_alias.py for tasks to queue
[2025-02-11T23:56:18.349+0000] {logging_mixin.py:190} INFO - [2025-02-11T23:56:18.349+0000] {dagbag.py:588} INFO - Filling up the DagBag from /home/airflow/.local/lib/python3.12/site-packages/airflow/example_dags/example_dataset_alias.py
[2025-02-11T23:56:19.164+0000] {processor.py:925} INFO - DAG(s) 'dataset_s3_bucket_producer', 'dataset_s3_bucket_consumer', 'dataset_alias_example_alias_producer', 'dataset_alias_example_alias_consumer' retrieved from /home/airflow/.local/lib/python3.12/site-packages/airflow/example_dags/example_dataset_alias.py
[2025-02-11T23:56:19.217+0000] {logging_mixin.py:190} INFO - [2025-02-11T23:56:19.216+0000] {dag.py:3239} INFO - Sync 4 DAGs
[2025-02-11T23:56:19.260+0000] {logging_mixin.py:190} INFO - [2025-02-11T23:56:19.259+0000] {dag.py:4180} INFO - Setting next_dagrun for dataset_alias_example_alias_consumer to None, run_after=None
[2025-02-11T23:56:19.264+0000] {logging_mixin.py:190} INFO - [2025-02-11T23:56:19.264+0000] {dag.py:4180} INFO - Setting next_dagrun for dataset_alias_example_alias_producer to None, run_after=None
[2025-02-11T23:56:19.266+0000] {logging_mixin.py:190} INFO - [2025-02-11T23:56:19.266+0000] {dag.py:4180} INFO - Setting next_dagrun for dataset_s3_bucket_consumer to None, run_after=None
[2025-02-11T23:56:19.271+0000] {logging_mixin.py:190} INFO - [2025-02-11T23:56:19.271+0000] {dag.py:4180} INFO - Setting next_dagrun for dataset_s3_bucket_producer to None, run_after=None
[2025-02-11T23:56:19.311+0000] {processor.py:208} INFO - Processing /home/airflow/.local/lib/python3.12/site-packages/airflow/example_dags/example_dataset_alias.py took 0.972 seconds
[2025-02-11T23:56:49.486+0000] {processor.py:186} INFO - Started process (PID=1913) to work on /home/airflow/.local/lib/python3.12/site-packages/airflow/example_dags/example_dataset_alias.py
[2025-02-11T23:56:49.488+0000] {processor.py:914} INFO - Processing file /home/airflow/.local/lib/python3.12/site-packages/airflow/example_dags/example_dataset_alias.py for tasks to queue
[2025-02-11T23:56:49.491+0000] {logging_mixin.py:190} INFO - [2025-02-11T23:56:49.490+0000] {dagbag.py:588} INFO - Filling up the DagBag from /home/airflow/.local/lib/python3.12/site-packages/airflow/example_dags/example_dataset_alias.py
[2025-02-11T23:56:50.275+0000] {processor.py:925} INFO - DAG(s) 'dataset_s3_bucket_producer', 'dataset_s3_bucket_consumer', 'dataset_alias_example_alias_consumer', 'dataset_alias_example_alias_producer' retrieved from /home/airflow/.local/lib/python3.12/site-packages/airflow/example_dags/example_dataset_alias.py
[2025-02-11T23:56:50.323+0000] {logging_mixin.py:190} INFO - [2025-02-11T23:56:50.322+0000] {dag.py:3239} INFO - Sync 4 DAGs
[2025-02-11T23:56:50.371+0000] {logging_mixin.py:190} INFO - [2025-02-11T23:56:50.370+0000] {dag.py:4180} INFO - Setting next_dagrun for dataset_alias_example_alias_consumer to None, run_after=None
[2025-02-11T23:56:50.375+0000] {logging_mixin.py:190} INFO - [2025-02-11T23:56:50.375+0000] {dag.py:4180} INFO - Setting next_dagrun for dataset_alias_example_alias_producer to None, run_after=None
[2025-02-11T23:56:50.377+0000] {logging_mixin.py:190} INFO - [2025-02-11T23:56:50.377+0000] {dag.py:4180} INFO - Setting next_dagrun for dataset_s3_bucket_consumer to None, run_after=None
[2025-02-11T23:56:50.379+0000] {logging_mixin.py:190} INFO - [2025-02-11T23:56:50.379+0000] {dag.py:4180} INFO - Setting next_dagrun for dataset_s3_bucket_producer to None, run_after=None
[2025-02-11T23:56:50.409+0000] {processor.py:208} INFO - Processing /home/airflow/.local/lib/python3.12/site-packages/airflow/example_dags/example_dataset_alias.py took 0.930 seconds
[2025-02-11T23:57:21.547+0000] {processor.py:186} INFO - Started process (PID=1982) to work on /home/airflow/.local/lib/python3.12/site-packages/airflow/example_dags/example_dataset_alias.py
[2025-02-11T23:57:21.548+0000] {processor.py:914} INFO - Processing file /home/airflow/.local/lib/python3.12/site-packages/airflow/example_dags/example_dataset_alias.py for tasks to queue
[2025-02-11T23:57:21.552+0000] {logging_mixin.py:190} INFO - [2025-02-11T23:57:21.551+0000] {dagbag.py:588} INFO - Filling up the DagBag from /home/airflow/.local/lib/python3.12/site-packages/airflow/example_dags/example_dataset_alias.py
[2025-02-11T23:57:22.224+0000] {processor.py:925} INFO - DAG(s) 'dataset_alias_example_alias_producer', 'dataset_s3_bucket_consumer', 'dataset_alias_example_alias_consumer', 'dataset_s3_bucket_producer' retrieved from /home/airflow/.local/lib/python3.12/site-packages/airflow/example_dags/example_dataset_alias.py
[2025-02-11T23:57:22.245+0000] {logging_mixin.py:190} INFO - [2025-02-11T23:57:22.245+0000] {dag.py:3239} INFO - Sync 4 DAGs
[2025-02-11T23:57:22.272+0000] {logging_mixin.py:190} INFO - [2025-02-11T23:57:22.272+0000] {dag.py:4180} INFO - Setting next_dagrun for dataset_alias_example_alias_consumer to None, run_after=None
[2025-02-11T23:57:22.275+0000] {logging_mixin.py:190} INFO - [2025-02-11T23:57:22.275+0000] {dag.py:4180} INFO - Setting next_dagrun for dataset_alias_example_alias_producer to None, run_after=None
[2025-02-11T23:57:22.276+0000] {logging_mixin.py:190} INFO - [2025-02-11T23:57:22.276+0000] {dag.py:4180} INFO - Setting next_dagrun for dataset_s3_bucket_consumer to None, run_after=None
[2025-02-11T23:57:22.278+0000] {logging_mixin.py:190} INFO - [2025-02-11T23:57:22.278+0000] {dag.py:4180} INFO - Setting next_dagrun for dataset_s3_bucket_producer to None, run_after=None
[2025-02-11T23:57:22.302+0000] {processor.py:208} INFO - Processing /home/airflow/.local/lib/python3.12/site-packages/airflow/example_dags/example_dataset_alias.py took 0.760 seconds
[2025-02-11T23:57:52.688+0000] {processor.py:186} INFO - Started process (PID=2050) to work on /home/airflow/.local/lib/python3.12/site-packages/airflow/example_dags/example_dataset_alias.py
[2025-02-11T23:57:52.689+0000] {processor.py:914} INFO - Processing file /home/airflow/.local/lib/python3.12/site-packages/airflow/example_dags/example_dataset_alias.py for tasks to queue
[2025-02-11T23:57:52.692+0000] {logging_mixin.py:190} INFO - [2025-02-11T23:57:52.692+0000] {dagbag.py:588} INFO - Filling up the DagBag from /home/airflow/.local/lib/python3.12/site-packages/airflow/example_dags/example_dataset_alias.py
[2025-02-11T23:57:53.363+0000] {processor.py:925} INFO - DAG(s) 'dataset_alias_example_alias_consumer', 'dataset_s3_bucket_consumer', 'dataset_s3_bucket_producer', 'dataset_alias_example_alias_producer' retrieved from /home/airflow/.local/lib/python3.12/site-packages/airflow/example_dags/example_dataset_alias.py
[2025-02-11T23:57:53.389+0000] {logging_mixin.py:190} INFO - [2025-02-11T23:57:53.388+0000] {dag.py:3239} INFO - Sync 4 DAGs
[2025-02-11T23:57:53.418+0000] {logging_mixin.py:190} INFO - [2025-02-11T23:57:53.417+0000] {dag.py:4180} INFO - Setting next_dagrun for dataset_alias_example_alias_consumer to None, run_after=None
[2025-02-11T23:57:53.421+0000] {logging_mixin.py:190} INFO - [2025-02-11T23:57:53.420+0000] {dag.py:4180} INFO - Setting next_dagrun for dataset_alias_example_alias_producer to None, run_after=None
[2025-02-11T23:57:53.423+0000] {logging_mixin.py:190} INFO - [2025-02-11T23:57:53.423+0000] {dag.py:4180} INFO - Setting next_dagrun for dataset_s3_bucket_consumer to None, run_after=None
[2025-02-11T23:57:53.425+0000] {logging_mixin.py:190} INFO - [2025-02-11T23:57:53.425+0000] {dag.py:4180} INFO - Setting next_dagrun for dataset_s3_bucket_producer to None, run_after=None
[2025-02-11T23:57:53.447+0000] {processor.py:208} INFO - Processing /home/airflow/.local/lib/python3.12/site-packages/airflow/example_dags/example_dataset_alias.py took 0.768 seconds
[2025-02-11T23:58:24.349+0000] {processor.py:186} INFO - Started process (PID=2116) to work on /home/airflow/.local/lib/python3.12/site-packages/airflow/example_dags/example_dataset_alias.py
[2025-02-11T23:58:24.350+0000] {processor.py:914} INFO - Processing file /home/airflow/.local/lib/python3.12/site-packages/airflow/example_dags/example_dataset_alias.py for tasks to queue
[2025-02-11T23:58:24.353+0000] {logging_mixin.py:190} INFO - [2025-02-11T23:58:24.352+0000] {dagbag.py:588} INFO - Filling up the DagBag from /home/airflow/.local/lib/python3.12/site-packages/airflow/example_dags/example_dataset_alias.py
[2025-02-11T23:58:25.002+0000] {processor.py:925} INFO - DAG(s) 'dataset_alias_example_alias_producer', 'dataset_alias_example_alias_consumer', 'dataset_s3_bucket_consumer', 'dataset_s3_bucket_producer' retrieved from /home/airflow/.local/lib/python3.12/site-packages/airflow/example_dags/example_dataset_alias.py
[2025-02-11T23:58:25.026+0000] {logging_mixin.py:190} INFO - [2025-02-11T23:58:25.025+0000] {dag.py:3239} INFO - Sync 4 DAGs
[2025-02-11T23:58:25.066+0000] {logging_mixin.py:190} INFO - [2025-02-11T23:58:25.066+0000] {dag.py:4180} INFO - Setting next_dagrun for dataset_alias_example_alias_consumer to None, run_after=None
[2025-02-11T23:58:25.069+0000] {logging_mixin.py:190} INFO - [2025-02-11T23:58:25.069+0000] {dag.py:4180} INFO - Setting next_dagrun for dataset_alias_example_alias_producer to None, run_after=None
[2025-02-11T23:58:25.071+0000] {logging_mixin.py:190} INFO - [2025-02-11T23:58:25.071+0000] {dag.py:4180} INFO - Setting next_dagrun for dataset_s3_bucket_consumer to None, run_after=None
[2025-02-11T23:58:25.073+0000] {logging_mixin.py:190} INFO - [2025-02-11T23:58:25.072+0000] {dag.py:4180} INFO - Setting next_dagrun for dataset_s3_bucket_producer to None, run_after=None
[2025-02-11T23:58:25.096+0000] {processor.py:208} INFO - Processing /home/airflow/.local/lib/python3.12/site-packages/airflow/example_dags/example_dataset_alias.py took 0.753 seconds
[2025-02-11T23:58:55.852+0000] {processor.py:186} INFO - Started process (PID=2183) to work on /home/airflow/.local/lib/python3.12/site-packages/airflow/example_dags/example_dataset_alias.py
[2025-02-11T23:58:55.853+0000] {processor.py:914} INFO - Processing file /home/airflow/.local/lib/python3.12/site-packages/airflow/example_dags/example_dataset_alias.py for tasks to queue
[2025-02-11T23:58:55.856+0000] {logging_mixin.py:190} INFO - [2025-02-11T23:58:55.856+0000] {dagbag.py:588} INFO - Filling up the DagBag from /home/airflow/.local/lib/python3.12/site-packages/airflow/example_dags/example_dataset_alias.py
[2025-02-11T23:58:56.596+0000] {processor.py:925} INFO - DAG(s) 'dataset_s3_bucket_producer', 'dataset_s3_bucket_consumer', 'dataset_alias_example_alias_consumer', 'dataset_alias_example_alias_producer' retrieved from /home/airflow/.local/lib/python3.12/site-packages/airflow/example_dags/example_dataset_alias.py
[2025-02-11T23:58:56.620+0000] {logging_mixin.py:190} INFO - [2025-02-11T23:58:56.620+0000] {dag.py:3239} INFO - Sync 4 DAGs
[2025-02-11T23:58:56.645+0000] {logging_mixin.py:190} INFO - [2025-02-11T23:58:56.645+0000] {dag.py:4180} INFO - Setting next_dagrun for dataset_alias_example_alias_consumer to None, run_after=None
[2025-02-11T23:58:56.648+0000] {logging_mixin.py:190} INFO - [2025-02-11T23:58:56.647+0000] {dag.py:4180} INFO - Setting next_dagrun for dataset_alias_example_alias_producer to None, run_after=None
[2025-02-11T23:58:56.650+0000] {logging_mixin.py:190} INFO - [2025-02-11T23:58:56.650+0000] {dag.py:4180} INFO - Setting next_dagrun for dataset_s3_bucket_consumer to None, run_after=None
[2025-02-11T23:58:56.652+0000] {logging_mixin.py:190} INFO - [2025-02-11T23:58:56.651+0000] {dag.py:4180} INFO - Setting next_dagrun for dataset_s3_bucket_producer to None, run_after=None
[2025-02-11T23:58:56.672+0000] {processor.py:208} INFO - Processing /home/airflow/.local/lib/python3.12/site-packages/airflow/example_dags/example_dataset_alias.py took 0.826 seconds
[2025-02-11T23:59:27.382+0000] {processor.py:186} INFO - Started process (PID=2249) to work on /home/airflow/.local/lib/python3.12/site-packages/airflow/example_dags/example_dataset_alias.py
[2025-02-11T23:59:27.383+0000] {processor.py:914} INFO - Processing file /home/airflow/.local/lib/python3.12/site-packages/airflow/example_dags/example_dataset_alias.py for tasks to queue
[2025-02-11T23:59:27.387+0000] {logging_mixin.py:190} INFO - [2025-02-11T23:59:27.386+0000] {dagbag.py:588} INFO - Filling up the DagBag from /home/airflow/.local/lib/python3.12/site-packages/airflow/example_dags/example_dataset_alias.py
[2025-02-11T23:59:28.155+0000] {processor.py:925} INFO - DAG(s) 'dataset_alias_example_alias_consumer', 'dataset_alias_example_alias_producer', 'dataset_s3_bucket_consumer', 'dataset_s3_bucket_producer' retrieved from /home/airflow/.local/lib/python3.12/site-packages/airflow/example_dags/example_dataset_alias.py
[2025-02-11T23:59:28.180+0000] {logging_mixin.py:190} INFO - [2025-02-11T23:59:28.180+0000] {dag.py:3239} INFO - Sync 4 DAGs
[2025-02-11T23:59:28.210+0000] {logging_mixin.py:190} INFO - [2025-02-11T23:59:28.210+0000] {dag.py:4180} INFO - Setting next_dagrun for dataset_alias_example_alias_consumer to None, run_after=None
[2025-02-11T23:59:28.213+0000] {logging_mixin.py:190} INFO - [2025-02-11T23:59:28.213+0000] {dag.py:4180} INFO - Setting next_dagrun for dataset_alias_example_alias_producer to None, run_after=None
[2025-02-11T23:59:28.217+0000] {logging_mixin.py:190} INFO - [2025-02-11T23:59:28.217+0000] {dag.py:4180} INFO - Setting next_dagrun for dataset_s3_bucket_consumer to None, run_after=None
[2025-02-11T23:59:28.219+0000] {logging_mixin.py:190} INFO - [2025-02-11T23:59:28.219+0000] {dag.py:4180} INFO - Setting next_dagrun for dataset_s3_bucket_producer to None, run_after=None
[2025-02-11T23:59:28.245+0000] {processor.py:208} INFO - Processing /home/airflow/.local/lib/python3.12/site-packages/airflow/example_dags/example_dataset_alias.py took 0.871 seconds
[2025-02-11T23:59:59.044+0000] {processor.py:186} INFO - Started process (PID=2319) to work on /home/airflow/.local/lib/python3.12/site-packages/airflow/example_dags/example_dataset_alias.py
[2025-02-11T23:59:59.045+0000] {processor.py:914} INFO - Processing file /home/airflow/.local/lib/python3.12/site-packages/airflow/example_dags/example_dataset_alias.py for tasks to queue
[2025-02-11T23:59:59.047+0000] {logging_mixin.py:190} INFO - [2025-02-11T23:59:59.047+0000] {dagbag.py:588} INFO - Filling up the DagBag from /home/airflow/.local/lib/python3.12/site-packages/airflow/example_dags/example_dataset_alias.py
[2025-02-11T23:59:59.782+0000] {processor.py:925} INFO - DAG(s) 'dataset_s3_bucket_producer', 'dataset_alias_example_alias_consumer', 'dataset_alias_example_alias_producer', 'dataset_s3_bucket_consumer' retrieved from /home/airflow/.local/lib/python3.12/site-packages/airflow/example_dags/example_dataset_alias.py
[2025-02-11T23:59:59.808+0000] {logging_mixin.py:190} INFO - [2025-02-11T23:59:59.808+0000] {dag.py:3239} INFO - Sync 4 DAGs
[2025-02-11T23:59:59.834+0000] {logging_mixin.py:190} INFO - [2025-02-11T23:59:59.834+0000] {dag.py:4180} INFO - Setting next_dagrun for dataset_alias_example_alias_consumer to None, run_after=None
[2025-02-11T23:59:59.837+0000] {logging_mixin.py:190} INFO - [2025-02-11T23:59:59.837+0000] {dag.py:4180} INFO - Setting next_dagrun for dataset_alias_example_alias_producer to None, run_after=None
[2025-02-11T23:59:59.839+0000] {logging_mixin.py:190} INFO - [2025-02-11T23:59:59.839+0000] {dag.py:4180} INFO - Setting next_dagrun for dataset_s3_bucket_consumer to None, run_after=None
[2025-02-11T23:59:59.841+0000] {logging_mixin.py:190} INFO - [2025-02-11T23:59:59.840+0000] {dag.py:4180} INFO - Setting next_dagrun for dataset_s3_bucket_producer to None, run_after=None
[2025-02-11T23:59:59.861+0000] {processor.py:208} INFO - Processing /home/airflow/.local/lib/python3.12/site-packages/airflow/example_dags/example_dataset_alias.py took 0.826 seconds
