[2025-02-11T23:35:45.322+0000] {processor.py:186} INFO - Started process (PID=94) to work on /home/airflow/.local/lib/python3.12/site-packages/airflow/example_dags/example_inlet_event_extra.py
[2025-02-11T23:35:45.323+0000] {processor.py:914} INFO - Processing file /home/airflow/.local/lib/python3.12/site-packages/airflow/example_dags/example_inlet_event_extra.py for tasks to queue
[2025-02-11T23:35:45.327+0000] {logging_mixin.py:190} INFO - [2025-02-11T23:35:45.326+0000] {dagbag.py:588} INFO - Filling up the DagBag from /home/airflow/.local/lib/python3.12/site-packages/airflow/example_dags/example_inlet_event_extra.py
[2025-02-11T23:35:47.513+0000] {processor.py:925} INFO - DAG(s) 'read_dataset_event', 'read_dataset_event_from_classic' retrieved from /home/airflow/.local/lib/python3.12/site-packages/airflow/example_dags/example_inlet_event_extra.py
[2025-02-11T23:35:47.566+0000] {logging_mixin.py:190} INFO - [2025-02-11T23:35:47.566+0000] {dag.py:3239} INFO - Sync 2 DAGs
[2025-02-11T23:35:47.659+0000] {logging_mixin.py:190} INFO - [2025-02-11T23:35:47.658+0000] {dag.py:4180} INFO - Setting next_dagrun for read_dataset_event to 2025-02-10 00:00:00+00:00, run_after=2025-02-11 00:00:00+00:00
[2025-02-11T23:35:47.695+0000] {logging_mixin.py:190} INFO - [2025-02-11T23:35:47.685+0000] {dag.py:4180} INFO - Setting next_dagrun for read_dataset_event_from_classic to 2025-02-10 00:00:00+00:00, run_after=2025-02-11 00:00:00+00:00
[2025-02-11T23:35:47.749+0000] {processor.py:208} INFO - Processing /home/airflow/.local/lib/python3.12/site-packages/airflow/example_dags/example_inlet_event_extra.py took 2.450 seconds
[2025-02-11T23:36:18.593+0000] {processor.py:186} INFO - Started process (PID=172) to work on /home/airflow/.local/lib/python3.12/site-packages/airflow/example_dags/example_inlet_event_extra.py
[2025-02-11T23:36:18.596+0000] {processor.py:914} INFO - Processing file /home/airflow/.local/lib/python3.12/site-packages/airflow/example_dags/example_inlet_event_extra.py for tasks to queue
[2025-02-11T23:36:18.599+0000] {logging_mixin.py:190} INFO - [2025-02-11T23:36:18.599+0000] {dagbag.py:588} INFO - Filling up the DagBag from /home/airflow/.local/lib/python3.12/site-packages/airflow/example_dags/example_inlet_event_extra.py
[2025-02-11T23:36:20.848+0000] {processor.py:925} INFO - DAG(s) 'read_dataset_event', 'read_dataset_event_from_classic' retrieved from /home/airflow/.local/lib/python3.12/site-packages/airflow/example_dags/example_inlet_event_extra.py
[2025-02-11T23:36:20.942+0000] {logging_mixin.py:190} INFO - [2025-02-11T23:36:20.941+0000] {dag.py:3239} INFO - Sync 2 DAGs
[2025-02-11T23:36:21.027+0000] {logging_mixin.py:190} INFO - [2025-02-11T23:36:21.017+0000] {dag.py:4180} INFO - Setting next_dagrun for read_dataset_event to 2025-02-10 00:00:00+00:00, run_after=2025-02-11 00:00:00+00:00
[2025-02-11T23:36:21.046+0000] {logging_mixin.py:190} INFO - [2025-02-11T23:36:21.046+0000] {dag.py:4180} INFO - Setting next_dagrun for read_dataset_event_from_classic to 2025-02-10 00:00:00+00:00, run_after=2025-02-11 00:00:00+00:00
[2025-02-11T23:36:21.101+0000] {processor.py:208} INFO - Processing /home/airflow/.local/lib/python3.12/site-packages/airflow/example_dags/example_inlet_event_extra.py took 2.523 seconds
[2025-02-11T23:36:51.672+0000] {processor.py:186} INFO - Started process (PID=245) to work on /home/airflow/.local/lib/python3.12/site-packages/airflow/example_dags/example_inlet_event_extra.py
[2025-02-11T23:36:51.674+0000] {processor.py:914} INFO - Processing file /home/airflow/.local/lib/python3.12/site-packages/airflow/example_dags/example_inlet_event_extra.py for tasks to queue
[2025-02-11T23:36:51.678+0000] {logging_mixin.py:190} INFO - [2025-02-11T23:36:51.677+0000] {dagbag.py:588} INFO - Filling up the DagBag from /home/airflow/.local/lib/python3.12/site-packages/airflow/example_dags/example_inlet_event_extra.py
[2025-02-11T23:36:52.437+0000] {processor.py:925} INFO - DAG(s) 'read_dataset_event', 'read_dataset_event_from_classic' retrieved from /home/airflow/.local/lib/python3.12/site-packages/airflow/example_dags/example_inlet_event_extra.py
[2025-02-11T23:36:52.496+0000] {logging_mixin.py:190} INFO - [2025-02-11T23:36:52.489+0000] {dag.py:3239} INFO - Sync 2 DAGs
[2025-02-11T23:36:52.560+0000] {logging_mixin.py:190} INFO - [2025-02-11T23:36:52.560+0000] {dag.py:4180} INFO - Setting next_dagrun for read_dataset_event to 2025-02-10 00:00:00+00:00, run_after=2025-02-11 00:00:00+00:00
[2025-02-11T23:36:52.571+0000] {logging_mixin.py:190} INFO - [2025-02-11T23:36:52.571+0000] {dag.py:4180} INFO - Setting next_dagrun for read_dataset_event_from_classic to 2025-02-10 00:00:00+00:00, run_after=2025-02-11 00:00:00+00:00
[2025-02-11T23:36:52.604+0000] {processor.py:208} INFO - Processing /home/airflow/.local/lib/python3.12/site-packages/airflow/example_dags/example_inlet_event_extra.py took 0.938 seconds
[2025-02-11T23:37:30.139+0000] {processor.py:186} INFO - Started process (PID=319) to work on /home/airflow/.local/lib/python3.12/site-packages/airflow/example_dags/example_inlet_event_extra.py
[2025-02-11T23:37:30.154+0000] {processor.py:914} INFO - Processing file /home/airflow/.local/lib/python3.12/site-packages/airflow/example_dags/example_inlet_event_extra.py for tasks to queue
[2025-02-11T23:37:30.158+0000] {logging_mixin.py:190} INFO - [2025-02-11T23:37:30.157+0000] {dagbag.py:588} INFO - Filling up the DagBag from /home/airflow/.local/lib/python3.12/site-packages/airflow/example_dags/example_inlet_event_extra.py
[2025-02-11T23:37:32.237+0000] {processor.py:925} INFO - DAG(s) 'read_dataset_event', 'read_dataset_event_from_classic' retrieved from /home/airflow/.local/lib/python3.12/site-packages/airflow/example_dags/example_inlet_event_extra.py
[2025-02-11T23:37:32.302+0000] {logging_mixin.py:190} INFO - [2025-02-11T23:37:32.301+0000] {dag.py:3239} INFO - Sync 2 DAGs
[2025-02-11T23:37:32.395+0000] {logging_mixin.py:190} INFO - [2025-02-11T23:37:32.395+0000] {dag.py:4180} INFO - Setting next_dagrun for read_dataset_event to 2025-02-10 00:00:00+00:00, run_after=2025-02-11 00:00:00+00:00
[2025-02-11T23:37:32.414+0000] {logging_mixin.py:190} INFO - [2025-02-11T23:37:32.413+0000] {dag.py:4180} INFO - Setting next_dagrun for read_dataset_event_from_classic to 2025-02-10 00:00:00+00:00, run_after=2025-02-11 00:00:00+00:00
[2025-02-11T23:37:32.476+0000] {processor.py:208} INFO - Processing /home/airflow/.local/lib/python3.12/site-packages/airflow/example_dags/example_inlet_event_extra.py took 2.349 seconds
[2025-02-11T23:38:03.024+0000] {processor.py:186} INFO - Started process (PID=385) to work on /home/airflow/.local/lib/python3.12/site-packages/airflow/example_dags/example_inlet_event_extra.py
[2025-02-11T23:38:03.038+0000] {processor.py:914} INFO - Processing file /home/airflow/.local/lib/python3.12/site-packages/airflow/example_dags/example_inlet_event_extra.py for tasks to queue
[2025-02-11T23:38:03.042+0000] {logging_mixin.py:190} INFO - [2025-02-11T23:38:03.041+0000] {dagbag.py:588} INFO - Filling up the DagBag from /home/airflow/.local/lib/python3.12/site-packages/airflow/example_dags/example_inlet_event_extra.py
[2025-02-11T23:38:05.868+0000] {processor.py:925} INFO - DAG(s) 'read_dataset_event', 'read_dataset_event_from_classic' retrieved from /home/airflow/.local/lib/python3.12/site-packages/airflow/example_dags/example_inlet_event_extra.py
[2025-02-11T23:38:05.949+0000] {logging_mixin.py:190} INFO - [2025-02-11T23:38:05.949+0000] {dag.py:3239} INFO - Sync 2 DAGs
[2025-02-11T23:38:06.082+0000] {logging_mixin.py:190} INFO - [2025-02-11T23:38:06.082+0000] {dag.py:4180} INFO - Setting next_dagrun for read_dataset_event to 2025-02-10 00:00:00+00:00, run_after=2025-02-11 00:00:00+00:00
[2025-02-11T23:38:06.108+0000] {logging_mixin.py:190} INFO - [2025-02-11T23:38:06.108+0000] {dag.py:4180} INFO - Setting next_dagrun for read_dataset_event_from_classic to 2025-02-10 00:00:00+00:00, run_after=2025-02-11 00:00:00+00:00
[2025-02-11T23:38:06.296+0000] {processor.py:208} INFO - Processing /home/airflow/.local/lib/python3.12/site-packages/airflow/example_dags/example_inlet_event_extra.py took 3.290 seconds
[2025-02-11T23:38:36.633+0000] {processor.py:186} INFO - Started process (PID=451) to work on /home/airflow/.local/lib/python3.12/site-packages/airflow/example_dags/example_inlet_event_extra.py
[2025-02-11T23:38:36.652+0000] {processor.py:914} INFO - Processing file /home/airflow/.local/lib/python3.12/site-packages/airflow/example_dags/example_inlet_event_extra.py for tasks to queue
[2025-02-11T23:38:36.668+0000] {logging_mixin.py:190} INFO - [2025-02-11T23:38:36.664+0000] {dagbag.py:588} INFO - Filling up the DagBag from /home/airflow/.local/lib/python3.12/site-packages/airflow/example_dags/example_inlet_event_extra.py
[2025-02-11T23:38:38.782+0000] {processor.py:925} INFO - DAG(s) 'read_dataset_event_from_classic', 'read_dataset_event' retrieved from /home/airflow/.local/lib/python3.12/site-packages/airflow/example_dags/example_inlet_event_extra.py
[2025-02-11T23:38:38.957+0000] {logging_mixin.py:190} INFO - [2025-02-11T23:38:38.956+0000] {dag.py:3239} INFO - Sync 2 DAGs
[2025-02-11T23:38:39.076+0000] {logging_mixin.py:190} INFO - [2025-02-11T23:38:39.076+0000] {dag.py:4180} INFO - Setting next_dagrun for read_dataset_event to 2025-02-10 00:00:00+00:00, run_after=2025-02-11 00:00:00+00:00
[2025-02-11T23:38:39.102+0000] {logging_mixin.py:190} INFO - [2025-02-11T23:38:39.101+0000] {dag.py:4180} INFO - Setting next_dagrun for read_dataset_event_from_classic to 2025-02-10 00:00:00+00:00, run_after=2025-02-11 00:00:00+00:00
[2025-02-11T23:38:39.181+0000] {processor.py:208} INFO - Processing /home/airflow/.local/lib/python3.12/site-packages/airflow/example_dags/example_inlet_event_extra.py took 2.605 seconds
[2025-02-11T23:39:10.005+0000] {processor.py:186} INFO - Started process (PID=517) to work on /home/airflow/.local/lib/python3.12/site-packages/airflow/example_dags/example_inlet_event_extra.py
[2025-02-11T23:39:10.006+0000] {processor.py:914} INFO - Processing file /home/airflow/.local/lib/python3.12/site-packages/airflow/example_dags/example_inlet_event_extra.py for tasks to queue
[2025-02-11T23:39:10.018+0000] {logging_mixin.py:190} INFO - [2025-02-11T23:39:10.017+0000] {dagbag.py:588} INFO - Filling up the DagBag from /home/airflow/.local/lib/python3.12/site-packages/airflow/example_dags/example_inlet_event_extra.py
[2025-02-11T23:39:11.711+0000] {processor.py:925} INFO - DAG(s) 'read_dataset_event_from_classic', 'read_dataset_event' retrieved from /home/airflow/.local/lib/python3.12/site-packages/airflow/example_dags/example_inlet_event_extra.py
[2025-02-11T23:39:11.776+0000] {logging_mixin.py:190} INFO - [2025-02-11T23:39:11.775+0000] {dag.py:3239} INFO - Sync 2 DAGs
[2025-02-11T23:39:11.870+0000] {logging_mixin.py:190} INFO - [2025-02-11T23:39:11.870+0000] {dag.py:4180} INFO - Setting next_dagrun for read_dataset_event to 2025-02-10 00:00:00+00:00, run_after=2025-02-11 00:00:00+00:00
[2025-02-11T23:39:11.889+0000] {logging_mixin.py:190} INFO - [2025-02-11T23:39:11.889+0000] {dag.py:4180} INFO - Setting next_dagrun for read_dataset_event_from_classic to 2025-02-10 00:00:00+00:00, run_after=2025-02-11 00:00:00+00:00
[2025-02-11T23:39:11.941+0000] {processor.py:208} INFO - Processing /home/airflow/.local/lib/python3.12/site-packages/airflow/example_dags/example_inlet_event_extra.py took 1.945 seconds
[2025-02-11T23:39:42.080+0000] {processor.py:186} INFO - Started process (PID=589) to work on /home/airflow/.local/lib/python3.12/site-packages/airflow/example_dags/example_inlet_event_extra.py
[2025-02-11T23:39:42.082+0000] {processor.py:914} INFO - Processing file /home/airflow/.local/lib/python3.12/site-packages/airflow/example_dags/example_inlet_event_extra.py for tasks to queue
[2025-02-11T23:39:42.094+0000] {logging_mixin.py:190} INFO - [2025-02-11T23:39:42.093+0000] {dagbag.py:588} INFO - Filling up the DagBag from /home/airflow/.local/lib/python3.12/site-packages/airflow/example_dags/example_inlet_event_extra.py
[2025-02-11T23:39:44.015+0000] {processor.py:925} INFO - DAG(s) 'read_dataset_event', 'read_dataset_event_from_classic' retrieved from /home/airflow/.local/lib/python3.12/site-packages/airflow/example_dags/example_inlet_event_extra.py
[2025-02-11T23:39:44.081+0000] {logging_mixin.py:190} INFO - [2025-02-11T23:39:44.081+0000] {dag.py:3239} INFO - Sync 2 DAGs
[2025-02-11T23:39:44.174+0000] {logging_mixin.py:190} INFO - [2025-02-11T23:39:44.174+0000] {dag.py:4180} INFO - Setting next_dagrun for read_dataset_event to 2025-02-10 00:00:00+00:00, run_after=2025-02-11 00:00:00+00:00
[2025-02-11T23:39:44.191+0000] {logging_mixin.py:190} INFO - [2025-02-11T23:39:44.191+0000] {dag.py:4180} INFO - Setting next_dagrun for read_dataset_event_from_classic to 2025-02-10 00:00:00+00:00, run_after=2025-02-11 00:00:00+00:00
[2025-02-11T23:39:44.248+0000] {processor.py:208} INFO - Processing /home/airflow/.local/lib/python3.12/site-packages/airflow/example_dags/example_inlet_event_extra.py took 2.176 seconds
[2025-02-11T23:40:14.980+0000] {processor.py:186} INFO - Started process (PID=656) to work on /home/airflow/.local/lib/python3.12/site-packages/airflow/example_dags/example_inlet_event_extra.py
[2025-02-11T23:40:14.995+0000] {processor.py:914} INFO - Processing file /home/airflow/.local/lib/python3.12/site-packages/airflow/example_dags/example_inlet_event_extra.py for tasks to queue
[2025-02-11T23:40:15.004+0000] {logging_mixin.py:190} INFO - [2025-02-11T23:40:15.003+0000] {dagbag.py:588} INFO - Filling up the DagBag from /home/airflow/.local/lib/python3.12/site-packages/airflow/example_dags/example_inlet_event_extra.py
[2025-02-11T23:40:16.914+0000] {processor.py:925} INFO - DAG(s) 'read_dataset_event', 'read_dataset_event_from_classic' retrieved from /home/airflow/.local/lib/python3.12/site-packages/airflow/example_dags/example_inlet_event_extra.py
[2025-02-11T23:40:16.959+0000] {logging_mixin.py:190} INFO - [2025-02-11T23:40:16.958+0000] {dag.py:3239} INFO - Sync 2 DAGs
[2025-02-11T23:40:17.007+0000] {logging_mixin.py:190} INFO - [2025-02-11T23:40:17.006+0000] {dag.py:4180} INFO - Setting next_dagrun for read_dataset_event to 2025-02-10 00:00:00+00:00, run_after=2025-02-11 00:00:00+00:00
[2025-02-11T23:40:17.015+0000] {logging_mixin.py:190} INFO - [2025-02-11T23:40:17.014+0000] {dag.py:4180} INFO - Setting next_dagrun for read_dataset_event_from_classic to 2025-02-10 00:00:00+00:00, run_after=2025-02-11 00:00:00+00:00
[2025-02-11T23:40:17.056+0000] {processor.py:208} INFO - Processing /home/airflow/.local/lib/python3.12/site-packages/airflow/example_dags/example_inlet_event_extra.py took 2.092 seconds
[2025-02-11T23:42:24.971+0000] {processor.py:186} INFO - Started process (PID=89) to work on /home/airflow/.local/lib/python3.12/site-packages/airflow/example_dags/example_inlet_event_extra.py
[2025-02-11T23:42:24.980+0000] {processor.py:914} INFO - Processing file /home/airflow/.local/lib/python3.12/site-packages/airflow/example_dags/example_inlet_event_extra.py for tasks to queue
[2025-02-11T23:42:24.984+0000] {logging_mixin.py:190} INFO - [2025-02-11T23:42:24.984+0000] {dagbag.py:588} INFO - Filling up the DagBag from /home/airflow/.local/lib/python3.12/site-packages/airflow/example_dags/example_inlet_event_extra.py
[2025-02-11T23:42:27.556+0000] {processor.py:925} INFO - DAG(s) 'read_dataset_event', 'read_dataset_event_from_classic' retrieved from /home/airflow/.local/lib/python3.12/site-packages/airflow/example_dags/example_inlet_event_extra.py
[2025-02-11T23:42:27.632+0000] {logging_mixin.py:190} INFO - [2025-02-11T23:42:27.632+0000] {dag.py:3239} INFO - Sync 2 DAGs
[2025-02-11T23:42:27.729+0000] {logging_mixin.py:190} INFO - [2025-02-11T23:42:27.729+0000] {dag.py:4180} INFO - Setting next_dagrun for read_dataset_event to 2025-02-10 00:00:00+00:00, run_after=2025-02-11 00:00:00+00:00
[2025-02-11T23:42:27.750+0000] {logging_mixin.py:190} INFO - [2025-02-11T23:42:27.749+0000] {dag.py:4180} INFO - Setting next_dagrun for read_dataset_event_from_classic to 2025-02-10 00:00:00+00:00, run_after=2025-02-11 00:00:00+00:00
[2025-02-11T23:42:27.823+0000] {processor.py:208} INFO - Processing /home/airflow/.local/lib/python3.12/site-packages/airflow/example_dags/example_inlet_event_extra.py took 2.870 seconds
[2025-02-11T23:42:57.935+0000] {processor.py:186} INFO - Started process (PID=155) to work on /home/airflow/.local/lib/python3.12/site-packages/airflow/example_dags/example_inlet_event_extra.py
[2025-02-11T23:42:57.937+0000] {processor.py:914} INFO - Processing file /home/airflow/.local/lib/python3.12/site-packages/airflow/example_dags/example_inlet_event_extra.py for tasks to queue
[2025-02-11T23:42:57.942+0000] {logging_mixin.py:190} INFO - [2025-02-11T23:42:57.941+0000] {dagbag.py:588} INFO - Filling up the DagBag from /home/airflow/.local/lib/python3.12/site-packages/airflow/example_dags/example_inlet_event_extra.py
[2025-02-11T23:42:58.829+0000] {processor.py:925} INFO - DAG(s) 'read_dataset_event_from_classic', 'read_dataset_event' retrieved from /home/airflow/.local/lib/python3.12/site-packages/airflow/example_dags/example_inlet_event_extra.py
[2025-02-11T23:42:58.878+0000] {logging_mixin.py:190} INFO - [2025-02-11T23:42:58.878+0000] {dag.py:3239} INFO - Sync 2 DAGs
[2025-02-11T23:42:58.938+0000] {logging_mixin.py:190} INFO - [2025-02-11T23:42:58.937+0000] {dag.py:4180} INFO - Setting next_dagrun for read_dataset_event to 2025-02-10 00:00:00+00:00, run_after=2025-02-11 00:00:00+00:00
[2025-02-11T23:42:58.950+0000] {logging_mixin.py:190} INFO - [2025-02-11T23:42:58.949+0000] {dag.py:4180} INFO - Setting next_dagrun for read_dataset_event_from_classic to 2025-02-10 00:00:00+00:00, run_after=2025-02-11 00:00:00+00:00
[2025-02-11T23:42:58.978+0000] {processor.py:208} INFO - Processing /home/airflow/.local/lib/python3.12/site-packages/airflow/example_dags/example_inlet_event_extra.py took 1.053 seconds
[2025-02-11T23:43:30.496+0000] {processor.py:186} INFO - Started process (PID=221) to work on /home/airflow/.local/lib/python3.12/site-packages/airflow/example_dags/example_inlet_event_extra.py
[2025-02-11T23:43:30.498+0000] {processor.py:914} INFO - Processing file /home/airflow/.local/lib/python3.12/site-packages/airflow/example_dags/example_inlet_event_extra.py for tasks to queue
[2025-02-11T23:43:30.501+0000] {logging_mixin.py:190} INFO - [2025-02-11T23:43:30.500+0000] {dagbag.py:588} INFO - Filling up the DagBag from /home/airflow/.local/lib/python3.12/site-packages/airflow/example_dags/example_inlet_event_extra.py
[2025-02-11T23:43:31.521+0000] {processor.py:925} INFO - DAG(s) 'read_dataset_event', 'read_dataset_event_from_classic' retrieved from /home/airflow/.local/lib/python3.12/site-packages/airflow/example_dags/example_inlet_event_extra.py
[2025-02-11T23:43:31.564+0000] {logging_mixin.py:190} INFO - [2025-02-11T23:43:31.563+0000] {dag.py:3239} INFO - Sync 2 DAGs
[2025-02-11T23:43:31.641+0000] {logging_mixin.py:190} INFO - [2025-02-11T23:43:31.641+0000] {dag.py:4180} INFO - Setting next_dagrun for read_dataset_event to 2025-02-10 00:00:00+00:00, run_after=2025-02-11 00:00:00+00:00
[2025-02-11T23:43:31.655+0000] {logging_mixin.py:190} INFO - [2025-02-11T23:43:31.655+0000] {dag.py:4180} INFO - Setting next_dagrun for read_dataset_event_from_classic to 2025-02-10 00:00:00+00:00, run_after=2025-02-11 00:00:00+00:00
[2025-02-11T23:43:31.693+0000] {processor.py:208} INFO - Processing /home/airflow/.local/lib/python3.12/site-packages/airflow/example_dags/example_inlet_event_extra.py took 1.205 seconds
[2025-02-11T23:44:02.213+0000] {processor.py:186} INFO - Started process (PID=286) to work on /home/airflow/.local/lib/python3.12/site-packages/airflow/example_dags/example_inlet_event_extra.py
[2025-02-11T23:44:02.215+0000] {processor.py:914} INFO - Processing file /home/airflow/.local/lib/python3.12/site-packages/airflow/example_dags/example_inlet_event_extra.py for tasks to queue
[2025-02-11T23:44:02.219+0000] {logging_mixin.py:190} INFO - [2025-02-11T23:44:02.218+0000] {dagbag.py:588} INFO - Filling up the DagBag from /home/airflow/.local/lib/python3.12/site-packages/airflow/example_dags/example_inlet_event_extra.py
[2025-02-11T23:44:03.862+0000] {processor.py:925} INFO - DAG(s) 'read_dataset_event_from_classic', 'read_dataset_event' retrieved from /home/airflow/.local/lib/python3.12/site-packages/airflow/example_dags/example_inlet_event_extra.py
[2025-02-11T23:44:03.927+0000] {logging_mixin.py:190} INFO - [2025-02-11T23:44:03.927+0000] {dag.py:3239} INFO - Sync 2 DAGs
[2025-02-11T23:44:04.010+0000] {logging_mixin.py:190} INFO - [2025-02-11T23:44:04.009+0000] {dag.py:4180} INFO - Setting next_dagrun for read_dataset_event to 2025-02-10 00:00:00+00:00, run_after=2025-02-11 00:00:00+00:00
[2025-02-11T23:44:04.038+0000] {logging_mixin.py:190} INFO - [2025-02-11T23:44:04.037+0000] {dag.py:4180} INFO - Setting next_dagrun for read_dataset_event_from_classic to 2025-02-10 00:00:00+00:00, run_after=2025-02-11 00:00:00+00:00
[2025-02-11T23:44:04.083+0000] {processor.py:208} INFO - Processing /home/airflow/.local/lib/python3.12/site-packages/airflow/example_dags/example_inlet_event_extra.py took 1.880 seconds
[2025-02-11T23:44:35.350+0000] {processor.py:186} INFO - Started process (PID=352) to work on /home/airflow/.local/lib/python3.12/site-packages/airflow/example_dags/example_inlet_event_extra.py
[2025-02-11T23:44:35.352+0000] {processor.py:914} INFO - Processing file /home/airflow/.local/lib/python3.12/site-packages/airflow/example_dags/example_inlet_event_extra.py for tasks to queue
[2025-02-11T23:44:35.356+0000] {logging_mixin.py:190} INFO - [2025-02-11T23:44:35.355+0000] {dagbag.py:588} INFO - Filling up the DagBag from /home/airflow/.local/lib/python3.12/site-packages/airflow/example_dags/example_inlet_event_extra.py
[2025-02-11T23:44:36.470+0000] {processor.py:925} INFO - DAG(s) 'read_dataset_event_from_classic', 'read_dataset_event' retrieved from /home/airflow/.local/lib/python3.12/site-packages/airflow/example_dags/example_inlet_event_extra.py
[2025-02-11T23:44:36.519+0000] {logging_mixin.py:190} INFO - [2025-02-11T23:44:36.518+0000] {dag.py:3239} INFO - Sync 2 DAGs
[2025-02-11T23:44:36.570+0000] {logging_mixin.py:190} INFO - [2025-02-11T23:44:36.570+0000] {dag.py:4180} INFO - Setting next_dagrun for read_dataset_event to 2025-02-10 00:00:00+00:00, run_after=2025-02-11 00:00:00+00:00
[2025-02-11T23:44:36.587+0000] {logging_mixin.py:190} INFO - [2025-02-11T23:44:36.586+0000] {dag.py:4180} INFO - Setting next_dagrun for read_dataset_event_from_classic to 2025-02-10 00:00:00+00:00, run_after=2025-02-11 00:00:00+00:00
[2025-02-11T23:44:36.672+0000] {processor.py:208} INFO - Processing /home/airflow/.local/lib/python3.12/site-packages/airflow/example_dags/example_inlet_event_extra.py took 1.335 seconds
[2025-02-11T23:45:07.274+0000] {processor.py:186} INFO - Started process (PID=418) to work on /home/airflow/.local/lib/python3.12/site-packages/airflow/example_dags/example_inlet_event_extra.py
[2025-02-11T23:45:07.275+0000] {processor.py:914} INFO - Processing file /home/airflow/.local/lib/python3.12/site-packages/airflow/example_dags/example_inlet_event_extra.py for tasks to queue
[2025-02-11T23:45:07.279+0000] {logging_mixin.py:190} INFO - [2025-02-11T23:45:07.279+0000] {dagbag.py:588} INFO - Filling up the DagBag from /home/airflow/.local/lib/python3.12/site-packages/airflow/example_dags/example_inlet_event_extra.py
[2025-02-11T23:45:08.142+0000] {processor.py:925} INFO - DAG(s) 'read_dataset_event_from_classic', 'read_dataset_event' retrieved from /home/airflow/.local/lib/python3.12/site-packages/airflow/example_dags/example_inlet_event_extra.py
[2025-02-11T23:45:08.166+0000] {logging_mixin.py:190} INFO - [2025-02-11T23:45:08.165+0000] {dag.py:3239} INFO - Sync 2 DAGs
[2025-02-11T23:45:08.191+0000] {logging_mixin.py:190} INFO - [2025-02-11T23:45:08.190+0000] {dag.py:4180} INFO - Setting next_dagrun for read_dataset_event to 2025-02-10 00:00:00+00:00, run_after=2025-02-11 00:00:00+00:00
[2025-02-11T23:45:08.198+0000] {logging_mixin.py:190} INFO - [2025-02-11T23:45:08.197+0000] {dag.py:4180} INFO - Setting next_dagrun for read_dataset_event_from_classic to 2025-02-10 00:00:00+00:00, run_after=2025-02-11 00:00:00+00:00
[2025-02-11T23:45:08.223+0000] {processor.py:208} INFO - Processing /home/airflow/.local/lib/python3.12/site-packages/airflow/example_dags/example_inlet_event_extra.py took 0.956 seconds
[2025-02-11T23:45:41.086+0000] {processor.py:186} INFO - Started process (PID=484) to work on /home/airflow/.local/lib/python3.12/site-packages/airflow/example_dags/example_inlet_event_extra.py
[2025-02-11T23:45:41.087+0000] {processor.py:914} INFO - Processing file /home/airflow/.local/lib/python3.12/site-packages/airflow/example_dags/example_inlet_event_extra.py for tasks to queue
[2025-02-11T23:45:41.091+0000] {logging_mixin.py:190} INFO - [2025-02-11T23:45:41.090+0000] {dagbag.py:588} INFO - Filling up the DagBag from /home/airflow/.local/lib/python3.12/site-packages/airflow/example_dags/example_inlet_event_extra.py
[2025-02-11T23:45:42.379+0000] {processor.py:925} INFO - DAG(s) 'read_dataset_event', 'read_dataset_event_from_classic' retrieved from /home/airflow/.local/lib/python3.12/site-packages/airflow/example_dags/example_inlet_event_extra.py
[2025-02-11T23:45:42.480+0000] {logging_mixin.py:190} INFO - [2025-02-11T23:45:42.479+0000] {dag.py:3239} INFO - Sync 2 DAGs
[2025-02-11T23:45:42.603+0000] {logging_mixin.py:190} INFO - [2025-02-11T23:45:42.603+0000] {dag.py:4180} INFO - Setting next_dagrun for read_dataset_event to 2025-02-10 00:00:00+00:00, run_after=2025-02-11 00:00:00+00:00
[2025-02-11T23:45:42.633+0000] {logging_mixin.py:190} INFO - [2025-02-11T23:45:42.633+0000] {dag.py:4180} INFO - Setting next_dagrun for read_dataset_event_from_classic to 2025-02-10 00:00:00+00:00, run_after=2025-02-11 00:00:00+00:00
[2025-02-11T23:45:42.692+0000] {processor.py:208} INFO - Processing /home/airflow/.local/lib/python3.12/site-packages/airflow/example_dags/example_inlet_event_extra.py took 1.613 seconds
[2025-02-11T23:46:13.484+0000] {processor.py:186} INFO - Started process (PID=550) to work on /home/airflow/.local/lib/python3.12/site-packages/airflow/example_dags/example_inlet_event_extra.py
[2025-02-11T23:46:13.485+0000] {processor.py:914} INFO - Processing file /home/airflow/.local/lib/python3.12/site-packages/airflow/example_dags/example_inlet_event_extra.py for tasks to queue
[2025-02-11T23:46:13.495+0000] {logging_mixin.py:190} INFO - [2025-02-11T23:46:13.493+0000] {dagbag.py:588} INFO - Filling up the DagBag from /home/airflow/.local/lib/python3.12/site-packages/airflow/example_dags/example_inlet_event_extra.py
[2025-02-11T23:46:15.568+0000] {processor.py:925} INFO - DAG(s) 'read_dataset_event', 'read_dataset_event_from_classic' retrieved from /home/airflow/.local/lib/python3.12/site-packages/airflow/example_dags/example_inlet_event_extra.py
[2025-02-11T23:46:15.848+0000] {logging_mixin.py:190} INFO - [2025-02-11T23:46:15.848+0000] {dag.py:3239} INFO - Sync 2 DAGs
[2025-02-11T23:46:15.998+0000] {logging_mixin.py:190} INFO - [2025-02-11T23:46:15.997+0000] {dag.py:4180} INFO - Setting next_dagrun for read_dataset_event to 2025-02-10 00:00:00+00:00, run_after=2025-02-11 00:00:00+00:00
[2025-02-11T23:46:16.021+0000] {logging_mixin.py:190} INFO - [2025-02-11T23:46:16.021+0000] {dag.py:4180} INFO - Setting next_dagrun for read_dataset_event_from_classic to 2025-02-10 00:00:00+00:00, run_after=2025-02-11 00:00:00+00:00
[2025-02-11T23:46:16.141+0000] {processor.py:208} INFO - Processing /home/airflow/.local/lib/python3.12/site-packages/airflow/example_dags/example_inlet_event_extra.py took 2.674 seconds
[2025-02-11T23:46:46.386+0000] {processor.py:186} INFO - Started process (PID=617) to work on /home/airflow/.local/lib/python3.12/site-packages/airflow/example_dags/example_inlet_event_extra.py
[2025-02-11T23:46:46.388+0000] {processor.py:914} INFO - Processing file /home/airflow/.local/lib/python3.12/site-packages/airflow/example_dags/example_inlet_event_extra.py for tasks to queue
[2025-02-11T23:46:46.397+0000] {logging_mixin.py:190} INFO - [2025-02-11T23:46:46.397+0000] {dagbag.py:588} INFO - Filling up the DagBag from /home/airflow/.local/lib/python3.12/site-packages/airflow/example_dags/example_inlet_event_extra.py
[2025-02-11T23:46:47.483+0000] {processor.py:925} INFO - DAG(s) 'read_dataset_event', 'read_dataset_event_from_classic' retrieved from /home/airflow/.local/lib/python3.12/site-packages/airflow/example_dags/example_inlet_event_extra.py
[2025-02-11T23:46:48.284+0000] {logging_mixin.py:190} INFO - [2025-02-11T23:46:48.284+0000] {dag.py:3239} INFO - Sync 2 DAGs
[2025-02-11T23:46:48.374+0000] {logging_mixin.py:190} INFO - [2025-02-11T23:46:48.374+0000] {dag.py:4180} INFO - Setting next_dagrun for read_dataset_event to 2025-02-10 00:00:00+00:00, run_after=2025-02-11 00:00:00+00:00
[2025-02-11T23:46:48.401+0000] {logging_mixin.py:190} INFO - [2025-02-11T23:46:48.401+0000] {dag.py:4180} INFO - Setting next_dagrun for read_dataset_event_from_classic to 2025-02-10 00:00:00+00:00, run_after=2025-02-11 00:00:00+00:00
[2025-02-11T23:46:48.446+0000] {processor.py:208} INFO - Processing /home/airflow/.local/lib/python3.12/site-packages/airflow/example_dags/example_inlet_event_extra.py took 2.076 seconds
[2025-02-11T23:47:18.566+0000] {processor.py:186} INFO - Started process (PID=689) to work on /home/airflow/.local/lib/python3.12/site-packages/airflow/example_dags/example_inlet_event_extra.py
[2025-02-11T23:47:18.568+0000] {processor.py:914} INFO - Processing file /home/airflow/.local/lib/python3.12/site-packages/airflow/example_dags/example_inlet_event_extra.py for tasks to queue
[2025-02-11T23:47:18.570+0000] {logging_mixin.py:190} INFO - [2025-02-11T23:47:18.570+0000] {dagbag.py:588} INFO - Filling up the DagBag from /home/airflow/.local/lib/python3.12/site-packages/airflow/example_dags/example_inlet_event_extra.py
[2025-02-11T23:47:19.488+0000] {processor.py:925} INFO - DAG(s) 'read_dataset_event', 'read_dataset_event_from_classic' retrieved from /home/airflow/.local/lib/python3.12/site-packages/airflow/example_dags/example_inlet_event_extra.py
[2025-02-11T23:47:19.516+0000] {logging_mixin.py:190} INFO - [2025-02-11T23:47:19.516+0000] {dag.py:3239} INFO - Sync 2 DAGs
[2025-02-11T23:47:19.564+0000] {logging_mixin.py:190} INFO - [2025-02-11T23:47:19.564+0000] {dag.py:4180} INFO - Setting next_dagrun for read_dataset_event to 2025-02-10 00:00:00+00:00, run_after=2025-02-11 00:00:00+00:00
[2025-02-11T23:47:19.578+0000] {logging_mixin.py:190} INFO - [2025-02-11T23:47:19.577+0000] {dag.py:4180} INFO - Setting next_dagrun for read_dataset_event_from_classic to 2025-02-10 00:00:00+00:00, run_after=2025-02-11 00:00:00+00:00
[2025-02-11T23:47:19.619+0000] {processor.py:208} INFO - Processing /home/airflow/.local/lib/python3.12/site-packages/airflow/example_dags/example_inlet_event_extra.py took 1.069 seconds
[2025-02-11T23:47:49.955+0000] {processor.py:186} INFO - Started process (PID=756) to work on /home/airflow/.local/lib/python3.12/site-packages/airflow/example_dags/example_inlet_event_extra.py
[2025-02-11T23:47:49.956+0000] {processor.py:914} INFO - Processing file /home/airflow/.local/lib/python3.12/site-packages/airflow/example_dags/example_inlet_event_extra.py for tasks to queue
[2025-02-11T23:47:49.960+0000] {logging_mixin.py:190} INFO - [2025-02-11T23:47:49.959+0000] {dagbag.py:588} INFO - Filling up the DagBag from /home/airflow/.local/lib/python3.12/site-packages/airflow/example_dags/example_inlet_event_extra.py
[2025-02-11T23:47:50.965+0000] {processor.py:925} INFO - DAG(s) 'read_dataset_event', 'read_dataset_event_from_classic' retrieved from /home/airflow/.local/lib/python3.12/site-packages/airflow/example_dags/example_inlet_event_extra.py
[2025-02-11T23:47:50.999+0000] {logging_mixin.py:190} INFO - [2025-02-11T23:47:50.998+0000] {dag.py:3239} INFO - Sync 2 DAGs
[2025-02-11T23:47:51.075+0000] {logging_mixin.py:190} INFO - [2025-02-11T23:47:51.074+0000] {dag.py:4180} INFO - Setting next_dagrun for read_dataset_event to 2025-02-10 00:00:00+00:00, run_after=2025-02-11 00:00:00+00:00
[2025-02-11T23:47:51.087+0000] {logging_mixin.py:190} INFO - [2025-02-11T23:47:51.087+0000] {dag.py:4180} INFO - Setting next_dagrun for read_dataset_event_from_classic to 2025-02-10 00:00:00+00:00, run_after=2025-02-11 00:00:00+00:00
[2025-02-11T23:47:51.122+0000] {processor.py:208} INFO - Processing /home/airflow/.local/lib/python3.12/site-packages/airflow/example_dags/example_inlet_event_extra.py took 1.175 seconds
[2025-02-11T23:48:21.230+0000] {processor.py:186} INFO - Started process (PID=826) to work on /home/airflow/.local/lib/python3.12/site-packages/airflow/example_dags/example_inlet_event_extra.py
[2025-02-11T23:48:21.231+0000] {processor.py:914} INFO - Processing file /home/airflow/.local/lib/python3.12/site-packages/airflow/example_dags/example_inlet_event_extra.py for tasks to queue
[2025-02-11T23:48:21.234+0000] {logging_mixin.py:190} INFO - [2025-02-11T23:48:21.234+0000] {dagbag.py:588} INFO - Filling up the DagBag from /home/airflow/.local/lib/python3.12/site-packages/airflow/example_dags/example_inlet_event_extra.py
[2025-02-11T23:48:22.117+0000] {processor.py:925} INFO - DAG(s) 'read_dataset_event_from_classic', 'read_dataset_event' retrieved from /home/airflow/.local/lib/python3.12/site-packages/airflow/example_dags/example_inlet_event_extra.py
[2025-02-11T23:48:22.164+0000] {logging_mixin.py:190} INFO - [2025-02-11T23:48:22.164+0000] {dag.py:3239} INFO - Sync 2 DAGs
[2025-02-11T23:48:22.219+0000] {logging_mixin.py:190} INFO - [2025-02-11T23:48:22.219+0000] {dag.py:4180} INFO - Setting next_dagrun for read_dataset_event to 2025-02-10 00:00:00+00:00, run_after=2025-02-11 00:00:00+00:00
[2025-02-11T23:48:22.230+0000] {logging_mixin.py:190} INFO - [2025-02-11T23:48:22.229+0000] {dag.py:4180} INFO - Setting next_dagrun for read_dataset_event_from_classic to 2025-02-10 00:00:00+00:00, run_after=2025-02-11 00:00:00+00:00
[2025-02-11T23:48:22.256+0000] {processor.py:208} INFO - Processing /home/airflow/.local/lib/python3.12/site-packages/airflow/example_dags/example_inlet_event_extra.py took 1.034 seconds
[2025-02-11T23:48:53.152+0000] {processor.py:186} INFO - Started process (PID=897) to work on /home/airflow/.local/lib/python3.12/site-packages/airflow/example_dags/example_inlet_event_extra.py
[2025-02-11T23:48:53.153+0000] {processor.py:914} INFO - Processing file /home/airflow/.local/lib/python3.12/site-packages/airflow/example_dags/example_inlet_event_extra.py for tasks to queue
[2025-02-11T23:48:53.155+0000] {logging_mixin.py:190} INFO - [2025-02-11T23:48:53.155+0000] {dagbag.py:588} INFO - Filling up the DagBag from /home/airflow/.local/lib/python3.12/site-packages/airflow/example_dags/example_inlet_event_extra.py
[2025-02-11T23:48:54.128+0000] {processor.py:925} INFO - DAG(s) 'read_dataset_event', 'read_dataset_event_from_classic' retrieved from /home/airflow/.local/lib/python3.12/site-packages/airflow/example_dags/example_inlet_event_extra.py
[2025-02-11T23:48:54.197+0000] {logging_mixin.py:190} INFO - [2025-02-11T23:48:54.197+0000] {dag.py:3239} INFO - Sync 2 DAGs
[2025-02-11T23:48:54.263+0000] {logging_mixin.py:190} INFO - [2025-02-11T23:48:54.262+0000] {dag.py:4180} INFO - Setting next_dagrun for read_dataset_event to 2025-02-10 00:00:00+00:00, run_after=2025-02-11 00:00:00+00:00
[2025-02-11T23:48:54.272+0000] {logging_mixin.py:190} INFO - [2025-02-11T23:48:54.271+0000] {dag.py:4180} INFO - Setting next_dagrun for read_dataset_event_from_classic to 2025-02-10 00:00:00+00:00, run_after=2025-02-11 00:00:00+00:00
[2025-02-11T23:48:54.298+0000] {processor.py:208} INFO - Processing /home/airflow/.local/lib/python3.12/site-packages/airflow/example_dags/example_inlet_event_extra.py took 1.153 seconds
[2025-02-11T23:49:25.079+0000] {processor.py:186} INFO - Started process (PID=963) to work on /home/airflow/.local/lib/python3.12/site-packages/airflow/example_dags/example_inlet_event_extra.py
[2025-02-11T23:49:25.080+0000] {processor.py:914} INFO - Processing file /home/airflow/.local/lib/python3.12/site-packages/airflow/example_dags/example_inlet_event_extra.py for tasks to queue
[2025-02-11T23:49:25.086+0000] {logging_mixin.py:190} INFO - [2025-02-11T23:49:25.085+0000] {dagbag.py:588} INFO - Filling up the DagBag from /home/airflow/.local/lib/python3.12/site-packages/airflow/example_dags/example_inlet_event_extra.py
[2025-02-11T23:49:25.712+0000] {processor.py:925} INFO - DAG(s) 'read_dataset_event_from_classic', 'read_dataset_event' retrieved from /home/airflow/.local/lib/python3.12/site-packages/airflow/example_dags/example_inlet_event_extra.py
[2025-02-11T23:49:25.738+0000] {logging_mixin.py:190} INFO - [2025-02-11T23:49:25.738+0000] {dag.py:3239} INFO - Sync 2 DAGs
[2025-02-11T23:49:25.771+0000] {logging_mixin.py:190} INFO - [2025-02-11T23:49:25.771+0000] {dag.py:4180} INFO - Setting next_dagrun for read_dataset_event to 2025-02-10 00:00:00+00:00, run_after=2025-02-11 00:00:00+00:00
[2025-02-11T23:49:25.782+0000] {logging_mixin.py:190} INFO - [2025-02-11T23:49:25.782+0000] {dag.py:4180} INFO - Setting next_dagrun for read_dataset_event_from_classic to 2025-02-10 00:00:00+00:00, run_after=2025-02-11 00:00:00+00:00
[2025-02-11T23:49:25.822+0000] {processor.py:208} INFO - Processing /home/airflow/.local/lib/python3.12/site-packages/airflow/example_dags/example_inlet_event_extra.py took 0.750 seconds
[2025-02-11T23:49:56.163+0000] {processor.py:186} INFO - Started process (PID=1029) to work on /home/airflow/.local/lib/python3.12/site-packages/airflow/example_dags/example_inlet_event_extra.py
[2025-02-11T23:49:56.164+0000] {processor.py:914} INFO - Processing file /home/airflow/.local/lib/python3.12/site-packages/airflow/example_dags/example_inlet_event_extra.py for tasks to queue
[2025-02-11T23:49:56.168+0000] {logging_mixin.py:190} INFO - [2025-02-11T23:49:56.168+0000] {dagbag.py:588} INFO - Filling up the DagBag from /home/airflow/.local/lib/python3.12/site-packages/airflow/example_dags/example_inlet_event_extra.py
[2025-02-11T23:49:57.076+0000] {processor.py:925} INFO - DAG(s) 'read_dataset_event_from_classic', 'read_dataset_event' retrieved from /home/airflow/.local/lib/python3.12/site-packages/airflow/example_dags/example_inlet_event_extra.py
[2025-02-11T23:49:57.118+0000] {logging_mixin.py:190} INFO - [2025-02-11T23:49:57.118+0000] {dag.py:3239} INFO - Sync 2 DAGs
[2025-02-11T23:49:57.169+0000] {logging_mixin.py:190} INFO - [2025-02-11T23:49:57.169+0000] {dag.py:4180} INFO - Setting next_dagrun for read_dataset_event to 2025-02-10 00:00:00+00:00, run_after=2025-02-11 00:00:00+00:00
[2025-02-11T23:49:57.189+0000] {logging_mixin.py:190} INFO - [2025-02-11T23:49:57.188+0000] {dag.py:4180} INFO - Setting next_dagrun for read_dataset_event_from_classic to 2025-02-10 00:00:00+00:00, run_after=2025-02-11 00:00:00+00:00
[2025-02-11T23:49:57.242+0000] {processor.py:208} INFO - Processing /home/airflow/.local/lib/python3.12/site-packages/airflow/example_dags/example_inlet_event_extra.py took 1.089 seconds
[2025-02-11T23:50:27.540+0000] {processor.py:186} INFO - Started process (PID=1096) to work on /home/airflow/.local/lib/python3.12/site-packages/airflow/example_dags/example_inlet_event_extra.py
[2025-02-11T23:50:27.542+0000] {processor.py:914} INFO - Processing file /home/airflow/.local/lib/python3.12/site-packages/airflow/example_dags/example_inlet_event_extra.py for tasks to queue
[2025-02-11T23:50:27.545+0000] {logging_mixin.py:190} INFO - [2025-02-11T23:50:27.544+0000] {dagbag.py:588} INFO - Filling up the DagBag from /home/airflow/.local/lib/python3.12/site-packages/airflow/example_dags/example_inlet_event_extra.py
[2025-02-11T23:50:28.288+0000] {processor.py:925} INFO - DAG(s) 'read_dataset_event', 'read_dataset_event_from_classic' retrieved from /home/airflow/.local/lib/python3.12/site-packages/airflow/example_dags/example_inlet_event_extra.py
[2025-02-11T23:50:28.314+0000] {logging_mixin.py:190} INFO - [2025-02-11T23:50:28.314+0000] {dag.py:3239} INFO - Sync 2 DAGs
[2025-02-11T23:50:28.344+0000] {logging_mixin.py:190} INFO - [2025-02-11T23:50:28.344+0000] {dag.py:4180} INFO - Setting next_dagrun for read_dataset_event to 2025-02-10 00:00:00+00:00, run_after=2025-02-11 00:00:00+00:00
[2025-02-11T23:50:28.350+0000] {logging_mixin.py:190} INFO - [2025-02-11T23:50:28.350+0000] {dag.py:4180} INFO - Setting next_dagrun for read_dataset_event_from_classic to 2025-02-10 00:00:00+00:00, run_after=2025-02-11 00:00:00+00:00
[2025-02-11T23:50:28.371+0000] {processor.py:208} INFO - Processing /home/airflow/.local/lib/python3.12/site-packages/airflow/example_dags/example_inlet_event_extra.py took 0.840 seconds
[2025-02-11T23:50:58.511+0000] {processor.py:186} INFO - Started process (PID=1164) to work on /home/airflow/.local/lib/python3.12/site-packages/airflow/example_dags/example_inlet_event_extra.py
[2025-02-11T23:50:58.518+0000] {processor.py:914} INFO - Processing file /home/airflow/.local/lib/python3.12/site-packages/airflow/example_dags/example_inlet_event_extra.py for tasks to queue
[2025-02-11T23:50:58.524+0000] {logging_mixin.py:190} INFO - [2025-02-11T23:50:58.523+0000] {dagbag.py:588} INFO - Filling up the DagBag from /home/airflow/.local/lib/python3.12/site-packages/airflow/example_dags/example_inlet_event_extra.py
[2025-02-11T23:50:59.528+0000] {processor.py:925} INFO - DAG(s) 'read_dataset_event', 'read_dataset_event_from_classic' retrieved from /home/airflow/.local/lib/python3.12/site-packages/airflow/example_dags/example_inlet_event_extra.py
[2025-02-11T23:50:59.568+0000] {logging_mixin.py:190} INFO - [2025-02-11T23:50:59.568+0000] {dag.py:3239} INFO - Sync 2 DAGs
[2025-02-11T23:50:59.605+0000] {logging_mixin.py:190} INFO - [2025-02-11T23:50:59.604+0000] {dag.py:4180} INFO - Setting next_dagrun for read_dataset_event to 2025-02-10 00:00:00+00:00, run_after=2025-02-11 00:00:00+00:00
[2025-02-11T23:50:59.614+0000] {logging_mixin.py:190} INFO - [2025-02-11T23:50:59.614+0000] {dag.py:4180} INFO - Setting next_dagrun for read_dataset_event_from_classic to 2025-02-10 00:00:00+00:00, run_after=2025-02-11 00:00:00+00:00
[2025-02-11T23:50:59.637+0000] {processor.py:208} INFO - Processing /home/airflow/.local/lib/python3.12/site-packages/airflow/example_dags/example_inlet_event_extra.py took 1.135 seconds
[2025-02-11T23:51:29.763+0000] {processor.py:186} INFO - Started process (PID=1230) to work on /home/airflow/.local/lib/python3.12/site-packages/airflow/example_dags/example_inlet_event_extra.py
[2025-02-11T23:51:29.764+0000] {processor.py:914} INFO - Processing file /home/airflow/.local/lib/python3.12/site-packages/airflow/example_dags/example_inlet_event_extra.py for tasks to queue
[2025-02-11T23:51:29.767+0000] {logging_mixin.py:190} INFO - [2025-02-11T23:51:29.767+0000] {dagbag.py:588} INFO - Filling up the DagBag from /home/airflow/.local/lib/python3.12/site-packages/airflow/example_dags/example_inlet_event_extra.py
[2025-02-11T23:51:30.389+0000] {processor.py:925} INFO - DAG(s) 'read_dataset_event', 'read_dataset_event_from_classic' retrieved from /home/airflow/.local/lib/python3.12/site-packages/airflow/example_dags/example_inlet_event_extra.py
[2025-02-11T23:51:30.415+0000] {logging_mixin.py:190} INFO - [2025-02-11T23:51:30.415+0000] {dag.py:3239} INFO - Sync 2 DAGs
[2025-02-11T23:51:30.461+0000] {logging_mixin.py:190} INFO - [2025-02-11T23:51:30.461+0000] {dag.py:4180} INFO - Setting next_dagrun for read_dataset_event to 2025-02-10 00:00:00+00:00, run_after=2025-02-11 00:00:00+00:00
[2025-02-11T23:51:30.467+0000] {logging_mixin.py:190} INFO - [2025-02-11T23:51:30.466+0000] {dag.py:4180} INFO - Setting next_dagrun for read_dataset_event_from_classic to 2025-02-10 00:00:00+00:00, run_after=2025-02-11 00:00:00+00:00
[2025-02-11T23:51:30.493+0000] {processor.py:208} INFO - Processing /home/airflow/.local/lib/python3.12/site-packages/airflow/example_dags/example_inlet_event_extra.py took 0.737 seconds
[2025-02-11T23:52:01.015+0000] {processor.py:186} INFO - Started process (PID=1296) to work on /home/airflow/.local/lib/python3.12/site-packages/airflow/example_dags/example_inlet_event_extra.py
[2025-02-11T23:52:01.016+0000] {processor.py:914} INFO - Processing file /home/airflow/.local/lib/python3.12/site-packages/airflow/example_dags/example_inlet_event_extra.py for tasks to queue
[2025-02-11T23:52:01.019+0000] {logging_mixin.py:190} INFO - [2025-02-11T23:52:01.018+0000] {dagbag.py:588} INFO - Filling up the DagBag from /home/airflow/.local/lib/python3.12/site-packages/airflow/example_dags/example_inlet_event_extra.py
[2025-02-11T23:52:01.680+0000] {processor.py:925} INFO - DAG(s) 'read_dataset_event', 'read_dataset_event_from_classic' retrieved from /home/airflow/.local/lib/python3.12/site-packages/airflow/example_dags/example_inlet_event_extra.py
[2025-02-11T23:52:01.703+0000] {logging_mixin.py:190} INFO - [2025-02-11T23:52:01.702+0000] {dag.py:3239} INFO - Sync 2 DAGs
[2025-02-11T23:52:01.733+0000] {logging_mixin.py:190} INFO - [2025-02-11T23:52:01.732+0000] {dag.py:4180} INFO - Setting next_dagrun for read_dataset_event to 2025-02-10 00:00:00+00:00, run_after=2025-02-11 00:00:00+00:00
[2025-02-11T23:52:01.746+0000] {logging_mixin.py:190} INFO - [2025-02-11T23:52:01.745+0000] {dag.py:4180} INFO - Setting next_dagrun for read_dataset_event_from_classic to 2025-02-10 00:00:00+00:00, run_after=2025-02-11 00:00:00+00:00
[2025-02-11T23:52:01.778+0000] {processor.py:208} INFO - Processing /home/airflow/.local/lib/python3.12/site-packages/airflow/example_dags/example_inlet_event_extra.py took 0.770 seconds
[2025-02-11T23:52:32.628+0000] {processor.py:186} INFO - Started process (PID=1365) to work on /home/airflow/.local/lib/python3.12/site-packages/airflow/example_dags/example_inlet_event_extra.py
[2025-02-11T23:52:32.629+0000] {processor.py:914} INFO - Processing file /home/airflow/.local/lib/python3.12/site-packages/airflow/example_dags/example_inlet_event_extra.py for tasks to queue
[2025-02-11T23:52:32.632+0000] {logging_mixin.py:190} INFO - [2025-02-11T23:52:32.632+0000] {dagbag.py:588} INFO - Filling up the DagBag from /home/airflow/.local/lib/python3.12/site-packages/airflow/example_dags/example_inlet_event_extra.py
[2025-02-11T23:52:33.426+0000] {processor.py:925} INFO - DAG(s) 'read_dataset_event', 'read_dataset_event_from_classic' retrieved from /home/airflow/.local/lib/python3.12/site-packages/airflow/example_dags/example_inlet_event_extra.py
[2025-02-11T23:52:33.456+0000] {logging_mixin.py:190} INFO - [2025-02-11T23:52:33.456+0000] {dag.py:3239} INFO - Sync 2 DAGs
[2025-02-11T23:52:33.493+0000] {logging_mixin.py:190} INFO - [2025-02-11T23:52:33.493+0000] {dag.py:4180} INFO - Setting next_dagrun for read_dataset_event to 2025-02-10 00:00:00+00:00, run_after=2025-02-11 00:00:00+00:00
[2025-02-11T23:52:33.501+0000] {logging_mixin.py:190} INFO - [2025-02-11T23:52:33.500+0000] {dag.py:4180} INFO - Setting next_dagrun for read_dataset_event_from_classic to 2025-02-10 00:00:00+00:00, run_after=2025-02-11 00:00:00+00:00
[2025-02-11T23:52:33.526+0000] {processor.py:208} INFO - Processing /home/airflow/.local/lib/python3.12/site-packages/airflow/example_dags/example_inlet_event_extra.py took 0.905 seconds
[2025-02-11T23:53:04.446+0000] {processor.py:186} INFO - Started process (PID=1432) to work on /home/airflow/.local/lib/python3.12/site-packages/airflow/example_dags/example_inlet_event_extra.py
[2025-02-11T23:53:04.447+0000] {processor.py:914} INFO - Processing file /home/airflow/.local/lib/python3.12/site-packages/airflow/example_dags/example_inlet_event_extra.py for tasks to queue
[2025-02-11T23:53:04.450+0000] {logging_mixin.py:190} INFO - [2025-02-11T23:53:04.449+0000] {dagbag.py:588} INFO - Filling up the DagBag from /home/airflow/.local/lib/python3.12/site-packages/airflow/example_dags/example_inlet_event_extra.py
[2025-02-11T23:53:05.139+0000] {processor.py:925} INFO - DAG(s) 'read_dataset_event_from_classic', 'read_dataset_event' retrieved from /home/airflow/.local/lib/python3.12/site-packages/airflow/example_dags/example_inlet_event_extra.py
[2025-02-11T23:53:05.165+0000] {logging_mixin.py:190} INFO - [2025-02-11T23:53:05.165+0000] {dag.py:3239} INFO - Sync 2 DAGs
[2025-02-11T23:53:05.194+0000] {logging_mixin.py:190} INFO - [2025-02-11T23:53:05.193+0000] {dag.py:4180} INFO - Setting next_dagrun for read_dataset_event to 2025-02-10 00:00:00+00:00, run_after=2025-02-11 00:00:00+00:00
[2025-02-11T23:53:05.202+0000] {logging_mixin.py:190} INFO - [2025-02-11T23:53:05.201+0000] {dag.py:4180} INFO - Setting next_dagrun for read_dataset_event_from_classic to 2025-02-10 00:00:00+00:00, run_after=2025-02-11 00:00:00+00:00
[2025-02-11T23:53:05.223+0000] {processor.py:208} INFO - Processing /home/airflow/.local/lib/python3.12/site-packages/airflow/example_dags/example_inlet_event_extra.py took 0.799 seconds
[2025-02-11T23:53:36.423+0000] {processor.py:186} INFO - Started process (PID=1502) to work on /home/airflow/.local/lib/python3.12/site-packages/airflow/example_dags/example_inlet_event_extra.py
[2025-02-11T23:53:36.424+0000] {processor.py:914} INFO - Processing file /home/airflow/.local/lib/python3.12/site-packages/airflow/example_dags/example_inlet_event_extra.py for tasks to queue
[2025-02-11T23:53:36.427+0000] {logging_mixin.py:190} INFO - [2025-02-11T23:53:36.427+0000] {dagbag.py:588} INFO - Filling up the DagBag from /home/airflow/.local/lib/python3.12/site-packages/airflow/example_dags/example_inlet_event_extra.py
[2025-02-11T23:53:37.116+0000] {processor.py:925} INFO - DAG(s) 'read_dataset_event_from_classic', 'read_dataset_event' retrieved from /home/airflow/.local/lib/python3.12/site-packages/airflow/example_dags/example_inlet_event_extra.py
[2025-02-11T23:53:37.142+0000] {logging_mixin.py:190} INFO - [2025-02-11T23:53:37.141+0000] {dag.py:3239} INFO - Sync 2 DAGs
[2025-02-11T23:53:37.168+0000] {logging_mixin.py:190} INFO - [2025-02-11T23:53:37.168+0000] {dag.py:4180} INFO - Setting next_dagrun for read_dataset_event to 2025-02-10 00:00:00+00:00, run_after=2025-02-11 00:00:00+00:00
[2025-02-11T23:53:37.174+0000] {logging_mixin.py:190} INFO - [2025-02-11T23:53:37.174+0000] {dag.py:4180} INFO - Setting next_dagrun for read_dataset_event_from_classic to 2025-02-10 00:00:00+00:00, run_after=2025-02-11 00:00:00+00:00
[2025-02-11T23:53:37.195+0000] {processor.py:208} INFO - Processing /home/airflow/.local/lib/python3.12/site-packages/airflow/example_dags/example_inlet_event_extra.py took 0.781 seconds
[2025-02-11T23:54:08.137+0000] {processor.py:186} INFO - Started process (PID=1573) to work on /home/airflow/.local/lib/python3.12/site-packages/airflow/example_dags/example_inlet_event_extra.py
[2025-02-11T23:54:08.138+0000] {processor.py:914} INFO - Processing file /home/airflow/.local/lib/python3.12/site-packages/airflow/example_dags/example_inlet_event_extra.py for tasks to queue
[2025-02-11T23:54:08.141+0000] {logging_mixin.py:190} INFO - [2025-02-11T23:54:08.140+0000] {dagbag.py:588} INFO - Filling up the DagBag from /home/airflow/.local/lib/python3.12/site-packages/airflow/example_dags/example_inlet_event_extra.py
[2025-02-11T23:54:08.872+0000] {processor.py:925} INFO - DAG(s) 'read_dataset_event_from_classic', 'read_dataset_event' retrieved from /home/airflow/.local/lib/python3.12/site-packages/airflow/example_dags/example_inlet_event_extra.py
[2025-02-11T23:54:08.899+0000] {logging_mixin.py:190} INFO - [2025-02-11T23:54:08.898+0000] {dag.py:3239} INFO - Sync 2 DAGs
[2025-02-11T23:54:08.925+0000] {logging_mixin.py:190} INFO - [2025-02-11T23:54:08.925+0000] {dag.py:4180} INFO - Setting next_dagrun for read_dataset_event to 2025-02-10 00:00:00+00:00, run_after=2025-02-11 00:00:00+00:00
[2025-02-11T23:54:08.931+0000] {logging_mixin.py:190} INFO - [2025-02-11T23:54:08.931+0000] {dag.py:4180} INFO - Setting next_dagrun for read_dataset_event_from_classic to 2025-02-10 00:00:00+00:00, run_after=2025-02-11 00:00:00+00:00
[2025-02-11T23:54:08.949+0000] {processor.py:208} INFO - Processing /home/airflow/.local/lib/python3.12/site-packages/airflow/example_dags/example_inlet_event_extra.py took 0.820 seconds
[2025-02-11T23:54:40.438+0000] {processor.py:186} INFO - Started process (PID=1639) to work on /home/airflow/.local/lib/python3.12/site-packages/airflow/example_dags/example_inlet_event_extra.py
[2025-02-11T23:54:40.440+0000] {processor.py:914} INFO - Processing file /home/airflow/.local/lib/python3.12/site-packages/airflow/example_dags/example_inlet_event_extra.py for tasks to queue
[2025-02-11T23:54:40.444+0000] {logging_mixin.py:190} INFO - [2025-02-11T23:54:40.443+0000] {dagbag.py:588} INFO - Filling up the DagBag from /home/airflow/.local/lib/python3.12/site-packages/airflow/example_dags/example_inlet_event_extra.py
[2025-02-11T23:54:41.159+0000] {processor.py:925} INFO - DAG(s) 'read_dataset_event_from_classic', 'read_dataset_event' retrieved from /home/airflow/.local/lib/python3.12/site-packages/airflow/example_dags/example_inlet_event_extra.py
[2025-02-11T23:54:41.182+0000] {logging_mixin.py:190} INFO - [2025-02-11T23:54:41.182+0000] {dag.py:3239} INFO - Sync 2 DAGs
[2025-02-11T23:54:41.213+0000] {logging_mixin.py:190} INFO - [2025-02-11T23:54:41.213+0000] {dag.py:4180} INFO - Setting next_dagrun for read_dataset_event to 2025-02-10 00:00:00+00:00, run_after=2025-02-11 00:00:00+00:00
[2025-02-11T23:54:41.221+0000] {logging_mixin.py:190} INFO - [2025-02-11T23:54:41.221+0000] {dag.py:4180} INFO - Setting next_dagrun for read_dataset_event_from_classic to 2025-02-10 00:00:00+00:00, run_after=2025-02-11 00:00:00+00:00
[2025-02-11T23:54:41.240+0000] {processor.py:208} INFO - Processing /home/airflow/.local/lib/python3.12/site-packages/airflow/example_dags/example_inlet_event_extra.py took 0.813 seconds
[2025-02-11T23:55:13.832+0000] {processor.py:186} INFO - Started process (PID=1706) to work on /home/airflow/.local/lib/python3.12/site-packages/airflow/example_dags/example_inlet_event_extra.py
[2025-02-11T23:55:13.834+0000] {processor.py:914} INFO - Processing file /home/airflow/.local/lib/python3.12/site-packages/airflow/example_dags/example_inlet_event_extra.py for tasks to queue
[2025-02-11T23:55:13.846+0000] {logging_mixin.py:190} INFO - [2025-02-11T23:55:13.845+0000] {dagbag.py:588} INFO - Filling up the DagBag from /home/airflow/.local/lib/python3.12/site-packages/airflow/example_dags/example_inlet_event_extra.py
[2025-02-11T23:55:15.693+0000] {processor.py:925} INFO - DAG(s) 'read_dataset_event', 'read_dataset_event_from_classic' retrieved from /home/airflow/.local/lib/python3.12/site-packages/airflow/example_dags/example_inlet_event_extra.py
[2025-02-11T23:55:15.739+0000] {logging_mixin.py:190} INFO - [2025-02-11T23:55:15.739+0000] {dag.py:3239} INFO - Sync 2 DAGs
[2025-02-11T23:55:15.814+0000] {logging_mixin.py:190} INFO - [2025-02-11T23:55:15.814+0000] {dag.py:4180} INFO - Setting next_dagrun for read_dataset_event to 2025-02-10 00:00:00+00:00, run_after=2025-02-11 00:00:00+00:00
[2025-02-11T23:55:15.831+0000] {logging_mixin.py:190} INFO - [2025-02-11T23:55:15.830+0000] {dag.py:4180} INFO - Setting next_dagrun for read_dataset_event_from_classic to 2025-02-10 00:00:00+00:00, run_after=2025-02-11 00:00:00+00:00
[2025-02-11T23:55:15.901+0000] {processor.py:208} INFO - Processing /home/airflow/.local/lib/python3.12/site-packages/airflow/example_dags/example_inlet_event_extra.py took 2.087 seconds
[2025-02-11T23:55:46.706+0000] {processor.py:186} INFO - Started process (PID=1774) to work on /home/airflow/.local/lib/python3.12/site-packages/airflow/example_dags/example_inlet_event_extra.py
[2025-02-11T23:55:46.707+0000] {processor.py:914} INFO - Processing file /home/airflow/.local/lib/python3.12/site-packages/airflow/example_dags/example_inlet_event_extra.py for tasks to queue
[2025-02-11T23:55:46.709+0000] {logging_mixin.py:190} INFO - [2025-02-11T23:55:46.709+0000] {dagbag.py:588} INFO - Filling up the DagBag from /home/airflow/.local/lib/python3.12/site-packages/airflow/example_dags/example_inlet_event_extra.py
[2025-02-11T23:55:47.791+0000] {processor.py:925} INFO - DAG(s) 'read_dataset_event_from_classic', 'read_dataset_event' retrieved from /home/airflow/.local/lib/python3.12/site-packages/airflow/example_dags/example_inlet_event_extra.py
[2025-02-11T23:55:47.840+0000] {logging_mixin.py:190} INFO - [2025-02-11T23:55:47.839+0000] {dag.py:3239} INFO - Sync 2 DAGs
[2025-02-11T23:55:47.939+0000] {logging_mixin.py:190} INFO - [2025-02-11T23:55:47.939+0000] {dag.py:4180} INFO - Setting next_dagrun for read_dataset_event to 2025-02-10 00:00:00+00:00, run_after=2025-02-11 00:00:00+00:00
[2025-02-11T23:55:47.947+0000] {logging_mixin.py:190} INFO - [2025-02-11T23:55:47.947+0000] {dag.py:4180} INFO - Setting next_dagrun for read_dataset_event_from_classic to 2025-02-10 00:00:00+00:00, run_after=2025-02-11 00:00:00+00:00
[2025-02-11T23:55:48.048+0000] {processor.py:208} INFO - Processing /home/airflow/.local/lib/python3.12/site-packages/airflow/example_dags/example_inlet_event_extra.py took 1.351 seconds
[2025-02-11T23:56:18.346+0000] {processor.py:186} INFO - Started process (PID=1840) to work on /home/airflow/.local/lib/python3.12/site-packages/airflow/example_dags/example_inlet_event_extra.py
[2025-02-11T23:56:18.347+0000] {processor.py:914} INFO - Processing file /home/airflow/.local/lib/python3.12/site-packages/airflow/example_dags/example_inlet_event_extra.py for tasks to queue
[2025-02-11T23:56:18.352+0000] {logging_mixin.py:190} INFO - [2025-02-11T23:56:18.350+0000] {dagbag.py:588} INFO - Filling up the DagBag from /home/airflow/.local/lib/python3.12/site-packages/airflow/example_dags/example_inlet_event_extra.py
[2025-02-11T23:56:19.163+0000] {processor.py:925} INFO - DAG(s) 'read_dataset_event_from_classic', 'read_dataset_event' retrieved from /home/airflow/.local/lib/python3.12/site-packages/airflow/example_dags/example_inlet_event_extra.py
[2025-02-11T23:56:19.207+0000] {logging_mixin.py:190} INFO - [2025-02-11T23:56:19.206+0000] {dag.py:3239} INFO - Sync 2 DAGs
[2025-02-11T23:56:19.263+0000] {logging_mixin.py:190} INFO - [2025-02-11T23:56:19.263+0000] {dag.py:4180} INFO - Setting next_dagrun for read_dataset_event to 2025-02-10 00:00:00+00:00, run_after=2025-02-11 00:00:00+00:00
[2025-02-11T23:56:19.272+0000] {logging_mixin.py:190} INFO - [2025-02-11T23:56:19.272+0000] {dag.py:4180} INFO - Setting next_dagrun for read_dataset_event_from_classic to 2025-02-10 00:00:00+00:00, run_after=2025-02-11 00:00:00+00:00
[2025-02-11T23:56:19.310+0000] {processor.py:208} INFO - Processing /home/airflow/.local/lib/python3.12/site-packages/airflow/example_dags/example_inlet_event_extra.py took 0.972 seconds
[2025-02-11T23:56:49.486+0000] {processor.py:186} INFO - Started process (PID=1912) to work on /home/airflow/.local/lib/python3.12/site-packages/airflow/example_dags/example_inlet_event_extra.py
[2025-02-11T23:56:49.487+0000] {processor.py:914} INFO - Processing file /home/airflow/.local/lib/python3.12/site-packages/airflow/example_dags/example_inlet_event_extra.py for tasks to queue
[2025-02-11T23:56:49.491+0000] {logging_mixin.py:190} INFO - [2025-02-11T23:56:49.490+0000] {dagbag.py:588} INFO - Filling up the DagBag from /home/airflow/.local/lib/python3.12/site-packages/airflow/example_dags/example_inlet_event_extra.py
[2025-02-11T23:56:50.231+0000] {processor.py:925} INFO - DAG(s) 'read_dataset_event', 'read_dataset_event_from_classic' retrieved from /home/airflow/.local/lib/python3.12/site-packages/airflow/example_dags/example_inlet_event_extra.py
[2025-02-11T23:56:50.275+0000] {logging_mixin.py:190} INFO - [2025-02-11T23:56:50.275+0000] {dag.py:3239} INFO - Sync 2 DAGs
[2025-02-11T23:56:50.332+0000] {logging_mixin.py:190} INFO - [2025-02-11T23:56:50.332+0000] {dag.py:4180} INFO - Setting next_dagrun for read_dataset_event to 2025-02-10 00:00:00+00:00, run_after=2025-02-11 00:00:00+00:00
[2025-02-11T23:56:50.343+0000] {logging_mixin.py:190} INFO - [2025-02-11T23:56:50.343+0000] {dag.py:4180} INFO - Setting next_dagrun for read_dataset_event_from_classic to 2025-02-10 00:00:00+00:00, run_after=2025-02-11 00:00:00+00:00
[2025-02-11T23:56:50.372+0000] {processor.py:208} INFO - Processing /home/airflow/.local/lib/python3.12/site-packages/airflow/example_dags/example_inlet_event_extra.py took 0.895 seconds
[2025-02-11T23:57:20.810+0000] {processor.py:186} INFO - Started process (PID=1981) to work on /home/airflow/.local/lib/python3.12/site-packages/airflow/example_dags/example_inlet_event_extra.py
[2025-02-11T23:57:20.810+0000] {processor.py:914} INFO - Processing file /home/airflow/.local/lib/python3.12/site-packages/airflow/example_dags/example_inlet_event_extra.py for tasks to queue
[2025-02-11T23:57:20.813+0000] {logging_mixin.py:190} INFO - [2025-02-11T23:57:20.812+0000] {dagbag.py:588} INFO - Filling up the DagBag from /home/airflow/.local/lib/python3.12/site-packages/airflow/example_dags/example_inlet_event_extra.py
[2025-02-11T23:57:21.434+0000] {processor.py:925} INFO - DAG(s) 'read_dataset_event_from_classic', 'read_dataset_event' retrieved from /home/airflow/.local/lib/python3.12/site-packages/airflow/example_dags/example_inlet_event_extra.py
[2025-02-11T23:57:21.454+0000] {logging_mixin.py:190} INFO - [2025-02-11T23:57:21.454+0000] {dag.py:3239} INFO - Sync 2 DAGs
[2025-02-11T23:57:21.480+0000] {logging_mixin.py:190} INFO - [2025-02-11T23:57:21.479+0000] {dag.py:4180} INFO - Setting next_dagrun for read_dataset_event to 2025-02-10 00:00:00+00:00, run_after=2025-02-11 00:00:00+00:00
[2025-02-11T23:57:21.486+0000] {logging_mixin.py:190} INFO - [2025-02-11T23:57:21.486+0000] {dag.py:4180} INFO - Setting next_dagrun for read_dataset_event_from_classic to 2025-02-10 00:00:00+00:00, run_after=2025-02-11 00:00:00+00:00
[2025-02-11T23:57:21.506+0000] {processor.py:208} INFO - Processing /home/airflow/.local/lib/python3.12/site-packages/airflow/example_dags/example_inlet_event_extra.py took 0.702 seconds
[2025-02-11T23:57:52.673+0000] {processor.py:186} INFO - Started process (PID=2049) to work on /home/airflow/.local/lib/python3.12/site-packages/airflow/example_dags/example_inlet_event_extra.py
[2025-02-11T23:57:52.675+0000] {processor.py:914} INFO - Processing file /home/airflow/.local/lib/python3.12/site-packages/airflow/example_dags/example_inlet_event_extra.py for tasks to queue
[2025-02-11T23:57:52.678+0000] {logging_mixin.py:190} INFO - [2025-02-11T23:57:52.677+0000] {dagbag.py:588} INFO - Filling up the DagBag from /home/airflow/.local/lib/python3.12/site-packages/airflow/example_dags/example_inlet_event_extra.py
[2025-02-11T23:57:53.343+0000] {processor.py:925} INFO - DAG(s) 'read_dataset_event', 'read_dataset_event_from_classic' retrieved from /home/airflow/.local/lib/python3.12/site-packages/airflow/example_dags/example_inlet_event_extra.py
[2025-02-11T23:57:53.368+0000] {logging_mixin.py:190} INFO - [2025-02-11T23:57:53.367+0000] {dag.py:3239} INFO - Sync 2 DAGs
[2025-02-11T23:57:53.396+0000] {logging_mixin.py:190} INFO - [2025-02-11T23:57:53.396+0000] {dag.py:4180} INFO - Setting next_dagrun for read_dataset_event to 2025-02-10 00:00:00+00:00, run_after=2025-02-11 00:00:00+00:00
[2025-02-11T23:57:53.402+0000] {logging_mixin.py:190} INFO - [2025-02-11T23:57:53.401+0000] {dag.py:4180} INFO - Setting next_dagrun for read_dataset_event_from_classic to 2025-02-10 00:00:00+00:00, run_after=2025-02-11 00:00:00+00:00
[2025-02-11T23:57:53.421+0000] {processor.py:208} INFO - Processing /home/airflow/.local/lib/python3.12/site-packages/airflow/example_dags/example_inlet_event_extra.py took 0.755 seconds
[2025-02-11T23:58:24.348+0000] {processor.py:186} INFO - Started process (PID=2115) to work on /home/airflow/.local/lib/python3.12/site-packages/airflow/example_dags/example_inlet_event_extra.py
[2025-02-11T23:58:24.349+0000] {processor.py:914} INFO - Processing file /home/airflow/.local/lib/python3.12/site-packages/airflow/example_dags/example_inlet_event_extra.py for tasks to queue
[2025-02-11T23:58:24.351+0000] {logging_mixin.py:190} INFO - [2025-02-11T23:58:24.351+0000] {dagbag.py:588} INFO - Filling up the DagBag from /home/airflow/.local/lib/python3.12/site-packages/airflow/example_dags/example_inlet_event_extra.py
[2025-02-11T23:58:24.994+0000] {processor.py:925} INFO - DAG(s) 'read_dataset_event', 'read_dataset_event_from_classic' retrieved from /home/airflow/.local/lib/python3.12/site-packages/airflow/example_dags/example_inlet_event_extra.py
[2025-02-11T23:58:25.018+0000] {logging_mixin.py:190} INFO - [2025-02-11T23:58:25.018+0000] {dag.py:3239} INFO - Sync 2 DAGs
[2025-02-11T23:58:25.059+0000] {logging_mixin.py:190} INFO - [2025-02-11T23:58:25.058+0000] {dag.py:4180} INFO - Setting next_dagrun for read_dataset_event to 2025-02-10 00:00:00+00:00, run_after=2025-02-11 00:00:00+00:00
[2025-02-11T23:58:25.065+0000] {logging_mixin.py:190} INFO - [2025-02-11T23:58:25.065+0000] {dag.py:4180} INFO - Setting next_dagrun for read_dataset_event_from_classic to 2025-02-10 00:00:00+00:00, run_after=2025-02-11 00:00:00+00:00
[2025-02-11T23:58:25.086+0000] {processor.py:208} INFO - Processing /home/airflow/.local/lib/python3.12/site-packages/airflow/example_dags/example_inlet_event_extra.py took 0.745 seconds
[2025-02-11T23:58:55.694+0000] {processor.py:186} INFO - Started process (PID=2182) to work on /home/airflow/.local/lib/python3.12/site-packages/airflow/example_dags/example_inlet_event_extra.py
[2025-02-11T23:58:55.695+0000] {processor.py:914} INFO - Processing file /home/airflow/.local/lib/python3.12/site-packages/airflow/example_dags/example_inlet_event_extra.py for tasks to queue
[2025-02-11T23:58:55.700+0000] {logging_mixin.py:190} INFO - [2025-02-11T23:58:55.698+0000] {dagbag.py:588} INFO - Filling up the DagBag from /home/airflow/.local/lib/python3.12/site-packages/airflow/example_dags/example_inlet_event_extra.py
[2025-02-11T23:58:56.340+0000] {processor.py:925} INFO - DAG(s) 'read_dataset_event', 'read_dataset_event_from_classic' retrieved from /home/airflow/.local/lib/python3.12/site-packages/airflow/example_dags/example_inlet_event_extra.py
[2025-02-11T23:58:56.368+0000] {logging_mixin.py:190} INFO - [2025-02-11T23:58:56.368+0000] {dag.py:3239} INFO - Sync 2 DAGs
[2025-02-11T23:58:56.408+0000] {logging_mixin.py:190} INFO - [2025-02-11T23:58:56.407+0000] {dag.py:4180} INFO - Setting next_dagrun for read_dataset_event to 2025-02-10 00:00:00+00:00, run_after=2025-02-11 00:00:00+00:00
[2025-02-11T23:58:56.415+0000] {logging_mixin.py:190} INFO - [2025-02-11T23:58:56.415+0000] {dag.py:4180} INFO - Setting next_dagrun for read_dataset_event_from_classic to 2025-02-10 00:00:00+00:00, run_after=2025-02-11 00:00:00+00:00
[2025-02-11T23:58:56.452+0000] {processor.py:208} INFO - Processing /home/airflow/.local/lib/python3.12/site-packages/airflow/example_dags/example_inlet_event_extra.py took 0.765 seconds
[2025-02-11T23:59:27.381+0000] {processor.py:186} INFO - Started process (PID=2248) to work on /home/airflow/.local/lib/python3.12/site-packages/airflow/example_dags/example_inlet_event_extra.py
[2025-02-11T23:59:27.383+0000] {processor.py:914} INFO - Processing file /home/airflow/.local/lib/python3.12/site-packages/airflow/example_dags/example_inlet_event_extra.py for tasks to queue
[2025-02-11T23:59:27.386+0000] {logging_mixin.py:190} INFO - [2025-02-11T23:59:27.386+0000] {dagbag.py:588} INFO - Filling up the DagBag from /home/airflow/.local/lib/python3.12/site-packages/airflow/example_dags/example_inlet_event_extra.py
[2025-02-11T23:59:28.141+0000] {processor.py:925} INFO - DAG(s) 'read_dataset_event_from_classic', 'read_dataset_event' retrieved from /home/airflow/.local/lib/python3.12/site-packages/airflow/example_dags/example_inlet_event_extra.py
[2025-02-11T23:59:28.163+0000] {logging_mixin.py:190} INFO - [2025-02-11T23:59:28.162+0000] {dag.py:3239} INFO - Sync 2 DAGs
[2025-02-11T23:59:28.194+0000] {logging_mixin.py:190} INFO - [2025-02-11T23:59:28.194+0000] {dag.py:4180} INFO - Setting next_dagrun for read_dataset_event to 2025-02-10 00:00:00+00:00, run_after=2025-02-11 00:00:00+00:00
[2025-02-11T23:59:28.201+0000] {logging_mixin.py:190} INFO - [2025-02-11T23:59:28.200+0000] {dag.py:4180} INFO - Setting next_dagrun for read_dataset_event_from_classic to 2025-02-10 00:00:00+00:00, run_after=2025-02-11 00:00:00+00:00
[2025-02-11T23:59:28.221+0000] {processor.py:208} INFO - Processing /home/airflow/.local/lib/python3.12/site-packages/airflow/example_dags/example_inlet_event_extra.py took 0.846 seconds
[2025-02-11T23:59:58.984+0000] {processor.py:186} INFO - Started process (PID=2318) to work on /home/airflow/.local/lib/python3.12/site-packages/airflow/example_dags/example_inlet_event_extra.py
[2025-02-11T23:59:58.985+0000] {processor.py:914} INFO - Processing file /home/airflow/.local/lib/python3.12/site-packages/airflow/example_dags/example_inlet_event_extra.py for tasks to queue
[2025-02-11T23:59:58.989+0000] {logging_mixin.py:190} INFO - [2025-02-11T23:59:58.988+0000] {dagbag.py:588} INFO - Filling up the DagBag from /home/airflow/.local/lib/python3.12/site-packages/airflow/example_dags/example_inlet_event_extra.py
[2025-02-11T23:59:59.727+0000] {processor.py:925} INFO - DAG(s) 'read_dataset_event_from_classic', 'read_dataset_event' retrieved from /home/airflow/.local/lib/python3.12/site-packages/airflow/example_dags/example_inlet_event_extra.py
[2025-02-11T23:59:59.748+0000] {logging_mixin.py:190} INFO - [2025-02-11T23:59:59.747+0000] {dag.py:3239} INFO - Sync 2 DAGs
[2025-02-11T23:59:59.778+0000] {logging_mixin.py:190} INFO - [2025-02-11T23:59:59.778+0000] {dag.py:4180} INFO - Setting next_dagrun for read_dataset_event to 2025-02-10 00:00:00+00:00, run_after=2025-02-11 00:00:00+00:00
[2025-02-11T23:59:59.785+0000] {logging_mixin.py:190} INFO - [2025-02-11T23:59:59.784+0000] {dag.py:4180} INFO - Setting next_dagrun for read_dataset_event_from_classic to 2025-02-10 00:00:00+00:00, run_after=2025-02-11 00:00:00+00:00
[2025-02-11T23:59:59.802+0000] {processor.py:208} INFO - Processing /home/airflow/.local/lib/python3.12/site-packages/airflow/example_dags/example_inlet_event_extra.py took 0.837 seconds
