[2025-02-11T23:35:29.506+0000] {processor.py:186} INFO - Started process (PID=54) to work on /home/airflow/.local/lib/python3.12/site-packages/airflow/example_dags/example_branch_labels.py
[2025-02-11T23:35:29.521+0000] {processor.py:914} INFO - Processing file /home/airflow/.local/lib/python3.12/site-packages/airflow/example_dags/example_branch_labels.py for tasks to queue
[2025-02-11T23:35:29.539+0000] {logging_mixin.py:190} INFO - [2025-02-11T23:35:29.538+0000] {dagbag.py:588} INFO - Filling up the DagBag from /home/airflow/.local/lib/python3.12/site-packages/airflow/example_dags/example_branch_labels.py
[2025-02-11T23:35:29.640+0000] {processor.py:925} INFO - DAG(s) 'example_branch_labels' retrieved from /home/airflow/.local/lib/python3.12/site-packages/airflow/example_dags/example_branch_labels.py
[2025-02-11T23:35:29.967+0000] {logging_mixin.py:190} INFO - [2025-02-11T23:35:29.966+0000] {dag.py:3239} INFO - Sync 1 DAGs
[2025-02-11T23:35:30.143+0000] {logging_mixin.py:190} INFO - [2025-02-11T23:35:30.142+0000] {dag.py:4180} INFO - Setting next_dagrun for example_branch_labels to 2025-02-10 00:00:00+00:00, run_after=2025-02-11 00:00:00+00:00
[2025-02-11T23:35:30.291+0000] {processor.py:208} INFO - Processing /home/airflow/.local/lib/python3.12/site-packages/airflow/example_dags/example_branch_labels.py took 0.835 seconds
[2025-02-11T23:36:00.846+0000] {processor.py:186} INFO - Started process (PID=125) to work on /home/airflow/.local/lib/python3.12/site-packages/airflow/example_dags/example_branch_labels.py
[2025-02-11T23:36:00.848+0000] {processor.py:914} INFO - Processing file /home/airflow/.local/lib/python3.12/site-packages/airflow/example_dags/example_branch_labels.py for tasks to queue
[2025-02-11T23:36:00.861+0000] {logging_mixin.py:190} INFO - [2025-02-11T23:36:00.861+0000] {dagbag.py:588} INFO - Filling up the DagBag from /home/airflow/.local/lib/python3.12/site-packages/airflow/example_dags/example_branch_labels.py
[2025-02-11T23:36:00.908+0000] {processor.py:925} INFO - DAG(s) 'example_branch_labels' retrieved from /home/airflow/.local/lib/python3.12/site-packages/airflow/example_dags/example_branch_labels.py
[2025-02-11T23:36:00.974+0000] {logging_mixin.py:190} INFO - [2025-02-11T23:36:00.974+0000] {dag.py:3239} INFO - Sync 1 DAGs
[2025-02-11T23:36:01.085+0000] {logging_mixin.py:190} INFO - [2025-02-11T23:36:01.085+0000] {dag.py:4180} INFO - Setting next_dagrun for example_branch_labels to 2025-02-10 00:00:00+00:00, run_after=2025-02-11 00:00:00+00:00
[2025-02-11T23:36:01.185+0000] {processor.py:208} INFO - Processing /home/airflow/.local/lib/python3.12/site-packages/airflow/example_dags/example_branch_labels.py took 0.357 seconds
[2025-02-11T23:36:32.092+0000] {processor.py:186} INFO - Started process (PID=203) to work on /home/airflow/.local/lib/python3.12/site-packages/airflow/example_dags/example_branch_labels.py
[2025-02-11T23:36:32.093+0000] {processor.py:914} INFO - Processing file /home/airflow/.local/lib/python3.12/site-packages/airflow/example_dags/example_branch_labels.py for tasks to queue
[2025-02-11T23:36:32.097+0000] {logging_mixin.py:190} INFO - [2025-02-11T23:36:32.096+0000] {dagbag.py:588} INFO - Filling up the DagBag from /home/airflow/.local/lib/python3.12/site-packages/airflow/example_dags/example_branch_labels.py
[2025-02-11T23:36:32.110+0000] {processor.py:925} INFO - DAG(s) 'example_branch_labels' retrieved from /home/airflow/.local/lib/python3.12/site-packages/airflow/example_dags/example_branch_labels.py
[2025-02-11T23:36:32.152+0000] {logging_mixin.py:190} INFO - [2025-02-11T23:36:32.152+0000] {dag.py:3239} INFO - Sync 1 DAGs
[2025-02-11T23:36:32.186+0000] {logging_mixin.py:190} INFO - [2025-02-11T23:36:32.186+0000] {dag.py:4180} INFO - Setting next_dagrun for example_branch_labels to 2025-02-10 00:00:00+00:00, run_after=2025-02-11 00:00:00+00:00
[2025-02-11T23:36:32.230+0000] {processor.py:208} INFO - Processing /home/airflow/.local/lib/python3.12/site-packages/airflow/example_dags/example_branch_labels.py took 0.148 seconds
[2025-02-11T23:37:02.598+0000] {processor.py:186} INFO - Started process (PID=272) to work on /home/airflow/.local/lib/python3.12/site-packages/airflow/example_dags/example_branch_labels.py
[2025-02-11T23:37:02.600+0000] {processor.py:914} INFO - Processing file /home/airflow/.local/lib/python3.12/site-packages/airflow/example_dags/example_branch_labels.py for tasks to queue
[2025-02-11T23:37:02.605+0000] {logging_mixin.py:190} INFO - [2025-02-11T23:37:02.604+0000] {dagbag.py:588} INFO - Filling up the DagBag from /home/airflow/.local/lib/python3.12/site-packages/airflow/example_dags/example_branch_labels.py
[2025-02-11T23:37:02.635+0000] {processor.py:925} INFO - DAG(s) 'example_branch_labels' retrieved from /home/airflow/.local/lib/python3.12/site-packages/airflow/example_dags/example_branch_labels.py
[2025-02-11T23:37:02.704+0000] {logging_mixin.py:190} INFO - [2025-02-11T23:37:02.703+0000] {dag.py:3239} INFO - Sync 1 DAGs
[2025-02-11T23:37:02.778+0000] {logging_mixin.py:190} INFO - [2025-02-11T23:37:02.777+0000] {dag.py:4180} INFO - Setting next_dagrun for example_branch_labels to 2025-02-10 00:00:00+00:00, run_after=2025-02-11 00:00:00+00:00
[2025-02-11T23:37:02.831+0000] {processor.py:208} INFO - Processing /home/airflow/.local/lib/python3.12/site-packages/airflow/example_dags/example_branch_labels.py took 0.249 seconds
[2025-02-11T23:37:35.987+0000] {processor.py:186} INFO - Started process (PID=337) to work on /home/airflow/.local/lib/python3.12/site-packages/airflow/example_dags/example_branch_labels.py
[2025-02-11T23:37:35.993+0000] {processor.py:914} INFO - Processing file /home/airflow/.local/lib/python3.12/site-packages/airflow/example_dags/example_branch_labels.py for tasks to queue
[2025-02-11T23:37:35.996+0000] {logging_mixin.py:190} INFO - [2025-02-11T23:37:35.996+0000] {dagbag.py:588} INFO - Filling up the DagBag from /home/airflow/.local/lib/python3.12/site-packages/airflow/example_dags/example_branch_labels.py
[2025-02-11T23:37:36.035+0000] {processor.py:925} INFO - DAG(s) 'example_branch_labels' retrieved from /home/airflow/.local/lib/python3.12/site-packages/airflow/example_dags/example_branch_labels.py
[2025-02-11T23:37:36.115+0000] {logging_mixin.py:190} INFO - [2025-02-11T23:37:36.115+0000] {dag.py:3239} INFO - Sync 1 DAGs
[2025-02-11T23:37:36.200+0000] {logging_mixin.py:190} INFO - [2025-02-11T23:37:36.199+0000] {dag.py:4180} INFO - Setting next_dagrun for example_branch_labels to 2025-02-10 00:00:00+00:00, run_after=2025-02-11 00:00:00+00:00
[2025-02-11T23:37:36.245+0000] {processor.py:208} INFO - Processing /home/airflow/.local/lib/python3.12/site-packages/airflow/example_dags/example_branch_labels.py took 0.282 seconds
[2025-02-11T23:38:07.257+0000] {processor.py:186} INFO - Started process (PID=392) to work on /home/airflow/.local/lib/python3.12/site-packages/airflow/example_dags/example_branch_labels.py
[2025-02-11T23:38:07.258+0000] {processor.py:914} INFO - Processing file /home/airflow/.local/lib/python3.12/site-packages/airflow/example_dags/example_branch_labels.py for tasks to queue
[2025-02-11T23:38:07.261+0000] {logging_mixin.py:190} INFO - [2025-02-11T23:38:07.261+0000] {dagbag.py:588} INFO - Filling up the DagBag from /home/airflow/.local/lib/python3.12/site-packages/airflow/example_dags/example_branch_labels.py
[2025-02-11T23:38:07.277+0000] {processor.py:925} INFO - DAG(s) 'example_branch_labels' retrieved from /home/airflow/.local/lib/python3.12/site-packages/airflow/example_dags/example_branch_labels.py
[2025-02-11T23:38:07.321+0000] {logging_mixin.py:190} INFO - [2025-02-11T23:38:07.321+0000] {dag.py:3239} INFO - Sync 1 DAGs
[2025-02-11T23:38:07.389+0000] {logging_mixin.py:190} INFO - [2025-02-11T23:38:07.389+0000] {dag.py:4180} INFO - Setting next_dagrun for example_branch_labels to 2025-02-10 00:00:00+00:00, run_after=2025-02-11 00:00:00+00:00
[2025-02-11T23:38:07.437+0000] {processor.py:208} INFO - Processing /home/airflow/.local/lib/python3.12/site-packages/airflow/example_dags/example_branch_labels.py took 0.192 seconds
[2025-02-11T23:38:41.023+0000] {processor.py:186} INFO - Started process (PID=463) to work on /home/airflow/.local/lib/python3.12/site-packages/airflow/example_dags/example_branch_labels.py
[2025-02-11T23:38:41.027+0000] {processor.py:914} INFO - Processing file /home/airflow/.local/lib/python3.12/site-packages/airflow/example_dags/example_branch_labels.py for tasks to queue
[2025-02-11T23:38:41.041+0000] {logging_mixin.py:190} INFO - [2025-02-11T23:38:41.040+0000] {dagbag.py:588} INFO - Filling up the DagBag from /home/airflow/.local/lib/python3.12/site-packages/airflow/example_dags/example_branch_labels.py
[2025-02-11T23:38:41.088+0000] {processor.py:925} INFO - DAG(s) 'example_branch_labels' retrieved from /home/airflow/.local/lib/python3.12/site-packages/airflow/example_dags/example_branch_labels.py
[2025-02-11T23:38:41.202+0000] {logging_mixin.py:190} INFO - [2025-02-11T23:38:41.201+0000] {dag.py:3239} INFO - Sync 1 DAGs
[2025-02-11T23:38:41.326+0000] {logging_mixin.py:190} INFO - [2025-02-11T23:38:41.326+0000] {dag.py:4180} INFO - Setting next_dagrun for example_branch_labels to 2025-02-10 00:00:00+00:00, run_after=2025-02-11 00:00:00+00:00
[2025-02-11T23:38:41.422+0000] {processor.py:208} INFO - Processing /home/airflow/.local/lib/python3.12/site-packages/airflow/example_dags/example_branch_labels.py took 0.418 seconds
[2025-02-11T23:39:12.849+0000] {processor.py:186} INFO - Started process (PID=528) to work on /home/airflow/.local/lib/python3.12/site-packages/airflow/example_dags/example_branch_labels.py
[2025-02-11T23:39:12.851+0000] {processor.py:914} INFO - Processing file /home/airflow/.local/lib/python3.12/site-packages/airflow/example_dags/example_branch_labels.py for tasks to queue
[2025-02-11T23:39:12.854+0000] {logging_mixin.py:190} INFO - [2025-02-11T23:39:12.854+0000] {dagbag.py:588} INFO - Filling up the DagBag from /home/airflow/.local/lib/python3.12/site-packages/airflow/example_dags/example_branch_labels.py
[2025-02-11T23:39:12.881+0000] {processor.py:925} INFO - DAG(s) 'example_branch_labels' retrieved from /home/airflow/.local/lib/python3.12/site-packages/airflow/example_dags/example_branch_labels.py
[2025-02-11T23:39:12.912+0000] {logging_mixin.py:190} INFO - [2025-02-11T23:39:12.912+0000] {dag.py:3239} INFO - Sync 1 DAGs
[2025-02-11T23:39:12.957+0000] {logging_mixin.py:190} INFO - [2025-02-11T23:39:12.956+0000] {dag.py:4180} INFO - Setting next_dagrun for example_branch_labels to 2025-02-10 00:00:00+00:00, run_after=2025-02-11 00:00:00+00:00
[2025-02-11T23:39:12.992+0000] {processor.py:208} INFO - Processing /home/airflow/.local/lib/python3.12/site-packages/airflow/example_dags/example_branch_labels.py took 0.152 seconds
[2025-02-11T23:39:45.025+0000] {processor.py:186} INFO - Started process (PID=594) to work on /home/airflow/.local/lib/python3.12/site-packages/airflow/example_dags/example_branch_labels.py
[2025-02-11T23:39:45.029+0000] {processor.py:914} INFO - Processing file /home/airflow/.local/lib/python3.12/site-packages/airflow/example_dags/example_branch_labels.py for tasks to queue
[2025-02-11T23:39:45.040+0000] {logging_mixin.py:190} INFO - [2025-02-11T23:39:45.040+0000] {dagbag.py:588} INFO - Filling up the DagBag from /home/airflow/.local/lib/python3.12/site-packages/airflow/example_dags/example_branch_labels.py
[2025-02-11T23:39:45.075+0000] {processor.py:925} INFO - DAG(s) 'example_branch_labels' retrieved from /home/airflow/.local/lib/python3.12/site-packages/airflow/example_dags/example_branch_labels.py
[2025-02-11T23:39:45.139+0000] {logging_mixin.py:190} INFO - [2025-02-11T23:39:45.129+0000] {dag.py:3239} INFO - Sync 1 DAGs
[2025-02-11T23:39:45.224+0000] {logging_mixin.py:190} INFO - [2025-02-11T23:39:45.224+0000] {dag.py:4180} INFO - Setting next_dagrun for example_branch_labels to 2025-02-10 00:00:00+00:00, run_after=2025-02-11 00:00:00+00:00
[2025-02-11T23:39:45.307+0000] {processor.py:208} INFO - Processing /home/airflow/.local/lib/python3.12/site-packages/airflow/example_dags/example_branch_labels.py took 0.302 seconds
[2025-02-11T23:40:17.390+0000] {processor.py:186} INFO - Started process (PID=660) to work on /home/airflow/.local/lib/python3.12/site-packages/airflow/example_dags/example_branch_labels.py
[2025-02-11T23:40:17.393+0000] {processor.py:914} INFO - Processing file /home/airflow/.local/lib/python3.12/site-packages/airflow/example_dags/example_branch_labels.py for tasks to queue
[2025-02-11T23:40:17.403+0000] {logging_mixin.py:190} INFO - [2025-02-11T23:40:17.403+0000] {dagbag.py:588} INFO - Filling up the DagBag from /home/airflow/.local/lib/python3.12/site-packages/airflow/example_dags/example_branch_labels.py
[2025-02-11T23:40:17.427+0000] {processor.py:925} INFO - DAG(s) 'example_branch_labels' retrieved from /home/airflow/.local/lib/python3.12/site-packages/airflow/example_dags/example_branch_labels.py
[2025-02-11T23:40:17.511+0000] {logging_mixin.py:190} INFO - [2025-02-11T23:40:17.511+0000] {dag.py:3239} INFO - Sync 1 DAGs
[2025-02-11T23:40:17.565+0000] {logging_mixin.py:190} INFO - [2025-02-11T23:40:17.565+0000] {dag.py:4180} INFO - Setting next_dagrun for example_branch_labels to 2025-02-10 00:00:00+00:00, run_after=2025-02-11 00:00:00+00:00
[2025-02-11T23:40:17.595+0000] {processor.py:208} INFO - Processing /home/airflow/.local/lib/python3.12/site-packages/airflow/example_dags/example_branch_labels.py took 0.223 seconds
[2025-02-11T23:42:18.635+0000] {processor.py:186} INFO - Started process (PID=55) to work on /home/airflow/.local/lib/python3.12/site-packages/airflow/example_dags/example_branch_labels.py
[2025-02-11T23:42:18.637+0000] {processor.py:914} INFO - Processing file /home/airflow/.local/lib/python3.12/site-packages/airflow/example_dags/example_branch_labels.py for tasks to queue
[2025-02-11T23:42:18.640+0000] {logging_mixin.py:190} INFO - [2025-02-11T23:42:18.640+0000] {dagbag.py:588} INFO - Filling up the DagBag from /home/airflow/.local/lib/python3.12/site-packages/airflow/example_dags/example_branch_labels.py
[2025-02-11T23:42:18.692+0000] {processor.py:925} INFO - DAG(s) 'example_branch_labels' retrieved from /home/airflow/.local/lib/python3.12/site-packages/airflow/example_dags/example_branch_labels.py
[2025-02-11T23:42:18.758+0000] {logging_mixin.py:190} INFO - [2025-02-11T23:42:18.757+0000] {dag.py:3239} INFO - Sync 1 DAGs
[2025-02-11T23:42:18.829+0000] {logging_mixin.py:190} INFO - [2025-02-11T23:42:18.828+0000] {dag.py:4180} INFO - Setting next_dagrun for example_branch_labels to 2025-02-10 00:00:00+00:00, run_after=2025-02-11 00:00:00+00:00
[2025-02-11T23:42:18.864+0000] {processor.py:208} INFO - Processing /home/airflow/.local/lib/python3.12/site-packages/airflow/example_dags/example_branch_labels.py took 0.242 seconds
[2025-02-11T23:42:49.795+0000] {processor.py:186} INFO - Started process (PID=121) to work on /home/airflow/.local/lib/python3.12/site-packages/airflow/example_dags/example_branch_labels.py
[2025-02-11T23:42:49.803+0000] {processor.py:914} INFO - Processing file /home/airflow/.local/lib/python3.12/site-packages/airflow/example_dags/example_branch_labels.py for tasks to queue
[2025-02-11T23:42:49.814+0000] {logging_mixin.py:190} INFO - [2025-02-11T23:42:49.813+0000] {dagbag.py:588} INFO - Filling up the DagBag from /home/airflow/.local/lib/python3.12/site-packages/airflow/example_dags/example_branch_labels.py
[2025-02-11T23:42:49.845+0000] {processor.py:925} INFO - DAG(s) 'example_branch_labels' retrieved from /home/airflow/.local/lib/python3.12/site-packages/airflow/example_dags/example_branch_labels.py
[2025-02-11T23:42:49.902+0000] {logging_mixin.py:190} INFO - [2025-02-11T23:42:49.902+0000] {dag.py:3239} INFO - Sync 1 DAGs
[2025-02-11T23:42:50.013+0000] {logging_mixin.py:190} INFO - [2025-02-11T23:42:50.013+0000] {dag.py:4180} INFO - Setting next_dagrun for example_branch_labels to 2025-02-10 00:00:00+00:00, run_after=2025-02-11 00:00:00+00:00
[2025-02-11T23:42:50.077+0000] {processor.py:208} INFO - Processing /home/airflow/.local/lib/python3.12/site-packages/airflow/example_dags/example_branch_labels.py took 0.290 seconds
[2025-02-11T23:43:20.900+0000] {processor.py:186} INFO - Started process (PID=186) to work on /home/airflow/.local/lib/python3.12/site-packages/airflow/example_dags/example_branch_labels.py
[2025-02-11T23:43:20.901+0000] {processor.py:914} INFO - Processing file /home/airflow/.local/lib/python3.12/site-packages/airflow/example_dags/example_branch_labels.py for tasks to queue
[2025-02-11T23:43:20.904+0000] {logging_mixin.py:190} INFO - [2025-02-11T23:43:20.904+0000] {dagbag.py:588} INFO - Filling up the DagBag from /home/airflow/.local/lib/python3.12/site-packages/airflow/example_dags/example_branch_labels.py
[2025-02-11T23:43:20.918+0000] {processor.py:925} INFO - DAG(s) 'example_branch_labels' retrieved from /home/airflow/.local/lib/python3.12/site-packages/airflow/example_dags/example_branch_labels.py
[2025-02-11T23:43:20.939+0000] {logging_mixin.py:190} INFO - [2025-02-11T23:43:20.938+0000] {dag.py:3239} INFO - Sync 1 DAGs
[2025-02-11T23:43:20.964+0000] {logging_mixin.py:190} INFO - [2025-02-11T23:43:20.964+0000] {dag.py:4180} INFO - Setting next_dagrun for example_branch_labels to 2025-02-10 00:00:00+00:00, run_after=2025-02-11 00:00:00+00:00
[2025-02-11T23:43:20.994+0000] {processor.py:208} INFO - Processing /home/airflow/.local/lib/python3.12/site-packages/airflow/example_dags/example_branch_labels.py took 0.101 seconds
[2025-02-11T23:43:51.102+0000] {processor.py:186} INFO - Started process (PID=251) to work on /home/airflow/.local/lib/python3.12/site-packages/airflow/example_dags/example_branch_labels.py
[2025-02-11T23:43:51.105+0000] {processor.py:914} INFO - Processing file /home/airflow/.local/lib/python3.12/site-packages/airflow/example_dags/example_branch_labels.py for tasks to queue
[2025-02-11T23:43:51.116+0000] {logging_mixin.py:190} INFO - [2025-02-11T23:43:51.116+0000] {dagbag.py:588} INFO - Filling up the DagBag from /home/airflow/.local/lib/python3.12/site-packages/airflow/example_dags/example_branch_labels.py
[2025-02-11T23:43:51.151+0000] {processor.py:925} INFO - DAG(s) 'example_branch_labels' retrieved from /home/airflow/.local/lib/python3.12/site-packages/airflow/example_dags/example_branch_labels.py
[2025-02-11T23:43:51.220+0000] {logging_mixin.py:190} INFO - [2025-02-11T23:43:51.220+0000] {dag.py:3239} INFO - Sync 1 DAGs
[2025-02-11T23:43:51.302+0000] {logging_mixin.py:190} INFO - [2025-02-11T23:43:51.301+0000] {dag.py:4180} INFO - Setting next_dagrun for example_branch_labels to 2025-02-10 00:00:00+00:00, run_after=2025-02-11 00:00:00+00:00
[2025-02-11T23:43:51.364+0000] {processor.py:208} INFO - Processing /home/airflow/.local/lib/python3.12/site-packages/airflow/example_dags/example_branch_labels.py took 0.271 seconds
[2025-02-11T23:44:23.620+0000] {processor.py:186} INFO - Started process (PID=317) to work on /home/airflow/.local/lib/python3.12/site-packages/airflow/example_dags/example_branch_labels.py
[2025-02-11T23:44:23.621+0000] {processor.py:914} INFO - Processing file /home/airflow/.local/lib/python3.12/site-packages/airflow/example_dags/example_branch_labels.py for tasks to queue
[2025-02-11T23:44:23.625+0000] {logging_mixin.py:190} INFO - [2025-02-11T23:44:23.624+0000] {dagbag.py:588} INFO - Filling up the DagBag from /home/airflow/.local/lib/python3.12/site-packages/airflow/example_dags/example_branch_labels.py
[2025-02-11T23:44:23.661+0000] {processor.py:925} INFO - DAG(s) 'example_branch_labels' retrieved from /home/airflow/.local/lib/python3.12/site-packages/airflow/example_dags/example_branch_labels.py
[2025-02-11T23:44:23.747+0000] {logging_mixin.py:190} INFO - [2025-02-11T23:44:23.747+0000] {dag.py:3239} INFO - Sync 1 DAGs
[2025-02-11T23:44:23.883+0000] {logging_mixin.py:190} INFO - [2025-02-11T23:44:23.873+0000] {dag.py:4180} INFO - Setting next_dagrun for example_branch_labels to 2025-02-10 00:00:00+00:00, run_after=2025-02-11 00:00:00+00:00
[2025-02-11T23:44:23.952+0000] {processor.py:208} INFO - Processing /home/airflow/.local/lib/python3.12/site-packages/airflow/example_dags/example_branch_labels.py took 0.351 seconds
[2025-02-11T23:44:54.594+0000] {processor.py:186} INFO - Started process (PID=383) to work on /home/airflow/.local/lib/python3.12/site-packages/airflow/example_dags/example_branch_labels.py
[2025-02-11T23:44:54.597+0000] {processor.py:914} INFO - Processing file /home/airflow/.local/lib/python3.12/site-packages/airflow/example_dags/example_branch_labels.py for tasks to queue
[2025-02-11T23:44:54.602+0000] {logging_mixin.py:190} INFO - [2025-02-11T23:44:54.601+0000] {dagbag.py:588} INFO - Filling up the DagBag from /home/airflow/.local/lib/python3.12/site-packages/airflow/example_dags/example_branch_labels.py
[2025-02-11T23:44:54.624+0000] {processor.py:925} INFO - DAG(s) 'example_branch_labels' retrieved from /home/airflow/.local/lib/python3.12/site-packages/airflow/example_dags/example_branch_labels.py
[2025-02-11T23:44:54.703+0000] {logging_mixin.py:190} INFO - [2025-02-11T23:44:54.703+0000] {dag.py:3239} INFO - Sync 1 DAGs
[2025-02-11T23:44:54.763+0000] {logging_mixin.py:190} INFO - [2025-02-11T23:44:54.763+0000] {dag.py:4180} INFO - Setting next_dagrun for example_branch_labels to 2025-02-10 00:00:00+00:00, run_after=2025-02-11 00:00:00+00:00
[2025-02-11T23:44:54.804+0000] {processor.py:208} INFO - Processing /home/airflow/.local/lib/python3.12/site-packages/airflow/example_dags/example_branch_labels.py took 0.226 seconds
[2025-02-11T23:45:25.124+0000] {processor.py:186} INFO - Started process (PID=449) to work on /home/airflow/.local/lib/python3.12/site-packages/airflow/example_dags/example_branch_labels.py
[2025-02-11T23:45:25.125+0000] {processor.py:914} INFO - Processing file /home/airflow/.local/lib/python3.12/site-packages/airflow/example_dags/example_branch_labels.py for tasks to queue
[2025-02-11T23:45:25.130+0000] {logging_mixin.py:190} INFO - [2025-02-11T23:45:25.129+0000] {dagbag.py:588} INFO - Filling up the DagBag from /home/airflow/.local/lib/python3.12/site-packages/airflow/example_dags/example_branch_labels.py
[2025-02-11T23:45:25.143+0000] {processor.py:925} INFO - DAG(s) 'example_branch_labels' retrieved from /home/airflow/.local/lib/python3.12/site-packages/airflow/example_dags/example_branch_labels.py
[2025-02-11T23:45:25.172+0000] {logging_mixin.py:190} INFO - [2025-02-11T23:45:25.172+0000] {dag.py:3239} INFO - Sync 1 DAGs
[2025-02-11T23:45:25.215+0000] {logging_mixin.py:190} INFO - [2025-02-11T23:45:25.214+0000] {dag.py:4180} INFO - Setting next_dagrun for example_branch_labels to 2025-02-10 00:00:00+00:00, run_after=2025-02-11 00:00:00+00:00
[2025-02-11T23:45:25.257+0000] {processor.py:208} INFO - Processing /home/airflow/.local/lib/python3.12/site-packages/airflow/example_dags/example_branch_labels.py took 0.141 seconds
[2025-02-11T23:45:55.540+0000] {processor.py:186} INFO - Started process (PID=515) to work on /home/airflow/.local/lib/python3.12/site-packages/airflow/example_dags/example_branch_labels.py
[2025-02-11T23:45:55.541+0000] {processor.py:914} INFO - Processing file /home/airflow/.local/lib/python3.12/site-packages/airflow/example_dags/example_branch_labels.py for tasks to queue
[2025-02-11T23:45:55.544+0000] {logging_mixin.py:190} INFO - [2025-02-11T23:45:55.544+0000] {dagbag.py:588} INFO - Filling up the DagBag from /home/airflow/.local/lib/python3.12/site-packages/airflow/example_dags/example_branch_labels.py
[2025-02-11T23:45:55.555+0000] {processor.py:925} INFO - DAG(s) 'example_branch_labels' retrieved from /home/airflow/.local/lib/python3.12/site-packages/airflow/example_dags/example_branch_labels.py
[2025-02-11T23:45:55.583+0000] {logging_mixin.py:190} INFO - [2025-02-11T23:45:55.583+0000] {dag.py:3239} INFO - Sync 1 DAGs
[2025-02-11T23:45:55.615+0000] {logging_mixin.py:190} INFO - [2025-02-11T23:45:55.614+0000] {dag.py:4180} INFO - Setting next_dagrun for example_branch_labels to 2025-02-10 00:00:00+00:00, run_after=2025-02-11 00:00:00+00:00
[2025-02-11T23:45:55.642+0000] {processor.py:208} INFO - Processing /home/airflow/.local/lib/python3.12/site-packages/airflow/example_dags/example_branch_labels.py took 0.110 seconds
[2025-02-11T23:46:26.235+0000] {processor.py:186} INFO - Started process (PID=581) to work on /home/airflow/.local/lib/python3.12/site-packages/airflow/example_dags/example_branch_labels.py
[2025-02-11T23:46:26.236+0000] {processor.py:914} INFO - Processing file /home/airflow/.local/lib/python3.12/site-packages/airflow/example_dags/example_branch_labels.py for tasks to queue
[2025-02-11T23:46:26.251+0000] {logging_mixin.py:190} INFO - [2025-02-11T23:46:26.250+0000] {dagbag.py:588} INFO - Filling up the DagBag from /home/airflow/.local/lib/python3.12/site-packages/airflow/example_dags/example_branch_labels.py
[2025-02-11T23:46:26.285+0000] {processor.py:925} INFO - DAG(s) 'example_branch_labels' retrieved from /home/airflow/.local/lib/python3.12/site-packages/airflow/example_dags/example_branch_labels.py
[2025-02-11T23:46:26.343+0000] {logging_mixin.py:190} INFO - [2025-02-11T23:46:26.342+0000] {dag.py:3239} INFO - Sync 1 DAGs
[2025-02-11T23:46:26.439+0000] {logging_mixin.py:190} INFO - [2025-02-11T23:46:26.439+0000] {dag.py:4180} INFO - Setting next_dagrun for example_branch_labels to 2025-02-10 00:00:00+00:00, run_after=2025-02-11 00:00:00+00:00
[2025-02-11T23:46:26.525+0000] {processor.py:208} INFO - Processing /home/airflow/.local/lib/python3.12/site-packages/airflow/example_dags/example_branch_labels.py took 0.307 seconds
[2025-02-11T23:46:57.056+0000] {processor.py:186} INFO - Started process (PID=647) to work on /home/airflow/.local/lib/python3.12/site-packages/airflow/example_dags/example_branch_labels.py
[2025-02-11T23:46:57.058+0000] {processor.py:914} INFO - Processing file /home/airflow/.local/lib/python3.12/site-packages/airflow/example_dags/example_branch_labels.py for tasks to queue
[2025-02-11T23:46:57.061+0000] {logging_mixin.py:190} INFO - [2025-02-11T23:46:57.061+0000] {dagbag.py:588} INFO - Filling up the DagBag from /home/airflow/.local/lib/python3.12/site-packages/airflow/example_dags/example_branch_labels.py
[2025-02-11T23:46:57.081+0000] {processor.py:925} INFO - DAG(s) 'example_branch_labels' retrieved from /home/airflow/.local/lib/python3.12/site-packages/airflow/example_dags/example_branch_labels.py
[2025-02-11T23:46:57.135+0000] {logging_mixin.py:190} INFO - [2025-02-11T23:46:57.135+0000] {dag.py:3239} INFO - Sync 1 DAGs
[2025-02-11T23:46:57.199+0000] {logging_mixin.py:190} INFO - [2025-02-11T23:46:57.199+0000] {dag.py:4180} INFO - Setting next_dagrun for example_branch_labels to 2025-02-10 00:00:00+00:00, run_after=2025-02-11 00:00:00+00:00
[2025-02-11T23:46:57.247+0000] {processor.py:208} INFO - Processing /home/airflow/.local/lib/python3.12/site-packages/airflow/example_dags/example_branch_labels.py took 0.200 seconds
[2025-02-11T23:47:27.750+0000] {processor.py:186} INFO - Started process (PID=712) to work on /home/airflow/.local/lib/python3.12/site-packages/airflow/example_dags/example_branch_labels.py
[2025-02-11T23:47:27.760+0000] {processor.py:914} INFO - Processing file /home/airflow/.local/lib/python3.12/site-packages/airflow/example_dags/example_branch_labels.py for tasks to queue
[2025-02-11T23:47:27.765+0000] {logging_mixin.py:190} INFO - [2025-02-11T23:47:27.764+0000] {dagbag.py:588} INFO - Filling up the DagBag from /home/airflow/.local/lib/python3.12/site-packages/airflow/example_dags/example_branch_labels.py
[2025-02-11T23:47:27.794+0000] {processor.py:925} INFO - DAG(s) 'example_branch_labels' retrieved from /home/airflow/.local/lib/python3.12/site-packages/airflow/example_dags/example_branch_labels.py
[2025-02-11T23:47:27.844+0000] {logging_mixin.py:190} INFO - [2025-02-11T23:47:27.843+0000] {dag.py:3239} INFO - Sync 1 DAGs
[2025-02-11T23:47:27.904+0000] {logging_mixin.py:190} INFO - [2025-02-11T23:47:27.904+0000] {dag.py:4180} INFO - Setting next_dagrun for example_branch_labels to 2025-02-10 00:00:00+00:00, run_after=2025-02-11 00:00:00+00:00
[2025-02-11T23:47:27.952+0000] {processor.py:208} INFO - Processing /home/airflow/.local/lib/python3.12/site-packages/airflow/example_dags/example_branch_labels.py took 0.221 seconds
[2025-02-11T23:47:58.631+0000] {processor.py:186} INFO - Started process (PID=779) to work on /home/airflow/.local/lib/python3.12/site-packages/airflow/example_dags/example_branch_labels.py
[2025-02-11T23:47:58.649+0000] {processor.py:914} INFO - Processing file /home/airflow/.local/lib/python3.12/site-packages/airflow/example_dags/example_branch_labels.py for tasks to queue
[2025-02-11T23:47:58.658+0000] {logging_mixin.py:190} INFO - [2025-02-11T23:47:58.657+0000] {dagbag.py:588} INFO - Filling up the DagBag from /home/airflow/.local/lib/python3.12/site-packages/airflow/example_dags/example_branch_labels.py
[2025-02-11T23:47:58.698+0000] {processor.py:925} INFO - DAG(s) 'example_branch_labels' retrieved from /home/airflow/.local/lib/python3.12/site-packages/airflow/example_dags/example_branch_labels.py
[2025-02-11T23:47:58.763+0000] {logging_mixin.py:190} INFO - [2025-02-11T23:47:58.762+0000] {dag.py:3239} INFO - Sync 1 DAGs
[2025-02-11T23:47:58.859+0000] {logging_mixin.py:190} INFO - [2025-02-11T23:47:58.858+0000] {dag.py:4180} INFO - Setting next_dagrun for example_branch_labels to 2025-02-10 00:00:00+00:00, run_after=2025-02-11 00:00:00+00:00
[2025-02-11T23:47:58.940+0000] {processor.py:208} INFO - Processing /home/airflow/.local/lib/python3.12/site-packages/airflow/example_dags/example_branch_labels.py took 0.326 seconds
[2025-02-11T23:48:29.235+0000] {processor.py:186} INFO - Started process (PID=844) to work on /home/airflow/.local/lib/python3.12/site-packages/airflow/example_dags/example_branch_labels.py
[2025-02-11T23:48:29.236+0000] {processor.py:914} INFO - Processing file /home/airflow/.local/lib/python3.12/site-packages/airflow/example_dags/example_branch_labels.py for tasks to queue
[2025-02-11T23:48:29.239+0000] {logging_mixin.py:190} INFO - [2025-02-11T23:48:29.239+0000] {dagbag.py:588} INFO - Filling up the DagBag from /home/airflow/.local/lib/python3.12/site-packages/airflow/example_dags/example_branch_labels.py
[2025-02-11T23:48:29.253+0000] {processor.py:925} INFO - DAG(s) 'example_branch_labels' retrieved from /home/airflow/.local/lib/python3.12/site-packages/airflow/example_dags/example_branch_labels.py
[2025-02-11T23:48:29.286+0000] {logging_mixin.py:190} INFO - [2025-02-11T23:48:29.285+0000] {dag.py:3239} INFO - Sync 1 DAGs
[2025-02-11T23:48:29.326+0000] {logging_mixin.py:190} INFO - [2025-02-11T23:48:29.326+0000] {dag.py:4180} INFO - Setting next_dagrun for example_branch_labels to 2025-02-10 00:00:00+00:00, run_after=2025-02-11 00:00:00+00:00
[2025-02-11T23:48:29.355+0000] {processor.py:208} INFO - Processing /home/airflow/.local/lib/python3.12/site-packages/airflow/example_dags/example_branch_labels.py took 0.136 seconds
[2025-02-11T23:49:00.560+0000] {processor.py:186} INFO - Started process (PID=909) to work on /home/airflow/.local/lib/python3.12/site-packages/airflow/example_dags/example_branch_labels.py
[2025-02-11T23:49:00.570+0000] {processor.py:914} INFO - Processing file /home/airflow/.local/lib/python3.12/site-packages/airflow/example_dags/example_branch_labels.py for tasks to queue
[2025-02-11T23:49:00.574+0000] {logging_mixin.py:190} INFO - [2025-02-11T23:49:00.573+0000] {dagbag.py:588} INFO - Filling up the DagBag from /home/airflow/.local/lib/python3.12/site-packages/airflow/example_dags/example_branch_labels.py
[2025-02-11T23:49:00.607+0000] {processor.py:925} INFO - DAG(s) 'example_branch_labels' retrieved from /home/airflow/.local/lib/python3.12/site-packages/airflow/example_dags/example_branch_labels.py
[2025-02-11T23:49:00.671+0000] {logging_mixin.py:190} INFO - [2025-02-11T23:49:00.670+0000] {dag.py:3239} INFO - Sync 1 DAGs
[2025-02-11T23:49:00.767+0000] {logging_mixin.py:190} INFO - [2025-02-11T23:49:00.767+0000] {dag.py:4180} INFO - Setting next_dagrun for example_branch_labels to 2025-02-10 00:00:00+00:00, run_after=2025-02-11 00:00:00+00:00
[2025-02-11T23:49:00.831+0000] {processor.py:208} INFO - Processing /home/airflow/.local/lib/python3.12/site-packages/airflow/example_dags/example_branch_labels.py took 0.280 seconds
[2025-02-11T23:49:30.927+0000] {processor.py:186} INFO - Started process (PID=975) to work on /home/airflow/.local/lib/python3.12/site-packages/airflow/example_dags/example_branch_labels.py
[2025-02-11T23:49:30.928+0000] {processor.py:914} INFO - Processing file /home/airflow/.local/lib/python3.12/site-packages/airflow/example_dags/example_branch_labels.py for tasks to queue
[2025-02-11T23:49:30.931+0000] {logging_mixin.py:190} INFO - [2025-02-11T23:49:30.930+0000] {dagbag.py:588} INFO - Filling up the DagBag from /home/airflow/.local/lib/python3.12/site-packages/airflow/example_dags/example_branch_labels.py
[2025-02-11T23:49:30.943+0000] {processor.py:925} INFO - DAG(s) 'example_branch_labels' retrieved from /home/airflow/.local/lib/python3.12/site-packages/airflow/example_dags/example_branch_labels.py
[2025-02-11T23:49:30.966+0000] {logging_mixin.py:190} INFO - [2025-02-11T23:49:30.966+0000] {dag.py:3239} INFO - Sync 1 DAGs
[2025-02-11T23:49:30.995+0000] {logging_mixin.py:190} INFO - [2025-02-11T23:49:30.994+0000] {dag.py:4180} INFO - Setting next_dagrun for example_branch_labels to 2025-02-10 00:00:00+00:00, run_after=2025-02-11 00:00:00+00:00
[2025-02-11T23:49:31.019+0000] {processor.py:208} INFO - Processing /home/airflow/.local/lib/python3.12/site-packages/airflow/example_dags/example_branch_labels.py took 0.100 seconds
[2025-02-11T23:50:01.609+0000] {processor.py:186} INFO - Started process (PID=1041) to work on /home/airflow/.local/lib/python3.12/site-packages/airflow/example_dags/example_branch_labels.py
[2025-02-11T23:50:01.610+0000] {processor.py:914} INFO - Processing file /home/airflow/.local/lib/python3.12/site-packages/airflow/example_dags/example_branch_labels.py for tasks to queue
[2025-02-11T23:50:01.613+0000] {logging_mixin.py:190} INFO - [2025-02-11T23:50:01.613+0000] {dagbag.py:588} INFO - Filling up the DagBag from /home/airflow/.local/lib/python3.12/site-packages/airflow/example_dags/example_branch_labels.py
[2025-02-11T23:50:01.628+0000] {processor.py:925} INFO - DAG(s) 'example_branch_labels' retrieved from /home/airflow/.local/lib/python3.12/site-packages/airflow/example_dags/example_branch_labels.py
[2025-02-11T23:50:01.651+0000] {logging_mixin.py:190} INFO - [2025-02-11T23:50:01.651+0000] {dag.py:3239} INFO - Sync 1 DAGs
[2025-02-11T23:50:01.678+0000] {logging_mixin.py:190} INFO - [2025-02-11T23:50:01.678+0000] {dag.py:4180} INFO - Setting next_dagrun for example_branch_labels to 2025-02-10 00:00:00+00:00, run_after=2025-02-11 00:00:00+00:00
[2025-02-11T23:50:01.701+0000] {processor.py:208} INFO - Processing /home/airflow/.local/lib/python3.12/site-packages/airflow/example_dags/example_branch_labels.py took 0.100 seconds
[2025-02-11T23:50:32.301+0000] {processor.py:186} INFO - Started process (PID=1107) to work on /home/airflow/.local/lib/python3.12/site-packages/airflow/example_dags/example_branch_labels.py
[2025-02-11T23:50:32.303+0000] {processor.py:914} INFO - Processing file /home/airflow/.local/lib/python3.12/site-packages/airflow/example_dags/example_branch_labels.py for tasks to queue
[2025-02-11T23:50:32.309+0000] {logging_mixin.py:190} INFO - [2025-02-11T23:50:32.308+0000] {dagbag.py:588} INFO - Filling up the DagBag from /home/airflow/.local/lib/python3.12/site-packages/airflow/example_dags/example_branch_labels.py
[2025-02-11T23:50:32.325+0000] {processor.py:925} INFO - DAG(s) 'example_branch_labels' retrieved from /home/airflow/.local/lib/python3.12/site-packages/airflow/example_dags/example_branch_labels.py
[2025-02-11T23:50:32.380+0000] {logging_mixin.py:190} INFO - [2025-02-11T23:50:32.380+0000] {dag.py:3239} INFO - Sync 1 DAGs
[2025-02-11T23:50:32.448+0000] {logging_mixin.py:190} INFO - [2025-02-11T23:50:32.448+0000] {dag.py:4180} INFO - Setting next_dagrun for example_branch_labels to 2025-02-10 00:00:00+00:00, run_after=2025-02-11 00:00:00+00:00
[2025-02-11T23:50:32.496+0000] {processor.py:208} INFO - Processing /home/airflow/.local/lib/python3.12/site-packages/airflow/example_dags/example_branch_labels.py took 0.203 seconds
[2025-02-11T23:51:02.818+0000] {processor.py:186} INFO - Started process (PID=1173) to work on /home/airflow/.local/lib/python3.12/site-packages/airflow/example_dags/example_branch_labels.py
[2025-02-11T23:51:02.819+0000] {processor.py:914} INFO - Processing file /home/airflow/.local/lib/python3.12/site-packages/airflow/example_dags/example_branch_labels.py for tasks to queue
[2025-02-11T23:51:02.824+0000] {logging_mixin.py:190} INFO - [2025-02-11T23:51:02.823+0000] {dagbag.py:588} INFO - Filling up the DagBag from /home/airflow/.local/lib/python3.12/site-packages/airflow/example_dags/example_branch_labels.py
[2025-02-11T23:51:02.841+0000] {processor.py:925} INFO - DAG(s) 'example_branch_labels' retrieved from /home/airflow/.local/lib/python3.12/site-packages/airflow/example_dags/example_branch_labels.py
[2025-02-11T23:51:02.880+0000] {logging_mixin.py:190} INFO - [2025-02-11T23:51:02.880+0000] {dag.py:3239} INFO - Sync 1 DAGs
[2025-02-11T23:51:02.927+0000] {logging_mixin.py:190} INFO - [2025-02-11T23:51:02.927+0000] {dag.py:4180} INFO - Setting next_dagrun for example_branch_labels to 2025-02-10 00:00:00+00:00, run_after=2025-02-11 00:00:00+00:00
[2025-02-11T23:51:02.954+0000] {processor.py:208} INFO - Processing /home/airflow/.local/lib/python3.12/site-packages/airflow/example_dags/example_branch_labels.py took 0.147 seconds
[2025-02-11T23:51:33.985+0000] {processor.py:186} INFO - Started process (PID=1239) to work on /home/airflow/.local/lib/python3.12/site-packages/airflow/example_dags/example_branch_labels.py
[2025-02-11T23:51:33.987+0000] {processor.py:914} INFO - Processing file /home/airflow/.local/lib/python3.12/site-packages/airflow/example_dags/example_branch_labels.py for tasks to queue
[2025-02-11T23:51:33.992+0000] {logging_mixin.py:190} INFO - [2025-02-11T23:51:33.991+0000] {dagbag.py:588} INFO - Filling up the DagBag from /home/airflow/.local/lib/python3.12/site-packages/airflow/example_dags/example_branch_labels.py
[2025-02-11T23:51:34.009+0000] {processor.py:925} INFO - DAG(s) 'example_branch_labels' retrieved from /home/airflow/.local/lib/python3.12/site-packages/airflow/example_dags/example_branch_labels.py
[2025-02-11T23:51:34.061+0000] {logging_mixin.py:190} INFO - [2025-02-11T23:51:34.061+0000] {dag.py:3239} INFO - Sync 1 DAGs
[2025-02-11T23:51:34.111+0000] {logging_mixin.py:190} INFO - [2025-02-11T23:51:34.111+0000] {dag.py:4180} INFO - Setting next_dagrun for example_branch_labels to 2025-02-10 00:00:00+00:00, run_after=2025-02-11 00:00:00+00:00
[2025-02-11T23:51:34.151+0000] {processor.py:208} INFO - Processing /home/airflow/.local/lib/python3.12/site-packages/airflow/example_dags/example_branch_labels.py took 0.175 seconds
[2025-02-11T23:52:04.633+0000] {processor.py:186} INFO - Started process (PID=1305) to work on /home/airflow/.local/lib/python3.12/site-packages/airflow/example_dags/example_branch_labels.py
[2025-02-11T23:52:04.634+0000] {processor.py:914} INFO - Processing file /home/airflow/.local/lib/python3.12/site-packages/airflow/example_dags/example_branch_labels.py for tasks to queue
[2025-02-11T23:52:04.637+0000] {logging_mixin.py:190} INFO - [2025-02-11T23:52:04.637+0000] {dagbag.py:588} INFO - Filling up the DagBag from /home/airflow/.local/lib/python3.12/site-packages/airflow/example_dags/example_branch_labels.py
[2025-02-11T23:52:04.650+0000] {processor.py:925} INFO - DAG(s) 'example_branch_labels' retrieved from /home/airflow/.local/lib/python3.12/site-packages/airflow/example_dags/example_branch_labels.py
[2025-02-11T23:52:04.676+0000] {logging_mixin.py:190} INFO - [2025-02-11T23:52:04.675+0000] {dag.py:3239} INFO - Sync 1 DAGs
[2025-02-11T23:52:04.711+0000] {logging_mixin.py:190} INFO - [2025-02-11T23:52:04.711+0000] {dag.py:4180} INFO - Setting next_dagrun for example_branch_labels to 2025-02-10 00:00:00+00:00, run_after=2025-02-11 00:00:00+00:00
[2025-02-11T23:52:04.739+0000] {processor.py:208} INFO - Processing /home/airflow/.local/lib/python3.12/site-packages/airflow/example_dags/example_branch_labels.py took 0.112 seconds
[2025-02-11T23:52:35.012+0000] {processor.py:186} INFO - Started process (PID=1371) to work on /home/airflow/.local/lib/python3.12/site-packages/airflow/example_dags/example_branch_labels.py
[2025-02-11T23:52:35.013+0000] {processor.py:914} INFO - Processing file /home/airflow/.local/lib/python3.12/site-packages/airflow/example_dags/example_branch_labels.py for tasks to queue
[2025-02-11T23:52:35.016+0000] {logging_mixin.py:190} INFO - [2025-02-11T23:52:35.016+0000] {dagbag.py:588} INFO - Filling up the DagBag from /home/airflow/.local/lib/python3.12/site-packages/airflow/example_dags/example_branch_labels.py
[2025-02-11T23:52:35.030+0000] {processor.py:925} INFO - DAG(s) 'example_branch_labels' retrieved from /home/airflow/.local/lib/python3.12/site-packages/airflow/example_dags/example_branch_labels.py
[2025-02-11T23:52:35.054+0000] {logging_mixin.py:190} INFO - [2025-02-11T23:52:35.053+0000] {dag.py:3239} INFO - Sync 1 DAGs
[2025-02-11T23:52:35.081+0000] {logging_mixin.py:190} INFO - [2025-02-11T23:52:35.080+0000] {dag.py:4180} INFO - Setting next_dagrun for example_branch_labels to 2025-02-10 00:00:00+00:00, run_after=2025-02-11 00:00:00+00:00
[2025-02-11T23:52:35.102+0000] {processor.py:208} INFO - Processing /home/airflow/.local/lib/python3.12/site-packages/airflow/example_dags/example_branch_labels.py took 0.098 seconds
[2025-02-11T23:53:05.797+0000] {processor.py:186} INFO - Started process (PID=1437) to work on /home/airflow/.local/lib/python3.12/site-packages/airflow/example_dags/example_branch_labels.py
[2025-02-11T23:53:05.799+0000] {processor.py:914} INFO - Processing file /home/airflow/.local/lib/python3.12/site-packages/airflow/example_dags/example_branch_labels.py for tasks to queue
[2025-02-11T23:53:05.802+0000] {logging_mixin.py:190} INFO - [2025-02-11T23:53:05.801+0000] {dagbag.py:588} INFO - Filling up the DagBag from /home/airflow/.local/lib/python3.12/site-packages/airflow/example_dags/example_branch_labels.py
[2025-02-11T23:53:05.819+0000] {processor.py:925} INFO - DAG(s) 'example_branch_labels' retrieved from /home/airflow/.local/lib/python3.12/site-packages/airflow/example_dags/example_branch_labels.py
[2025-02-11T23:53:05.842+0000] {logging_mixin.py:190} INFO - [2025-02-11T23:53:05.842+0000] {dag.py:3239} INFO - Sync 1 DAGs
[2025-02-11T23:53:05.870+0000] {logging_mixin.py:190} INFO - [2025-02-11T23:53:05.870+0000] {dag.py:4180} INFO - Setting next_dagrun for example_branch_labels to 2025-02-10 00:00:00+00:00, run_after=2025-02-11 00:00:00+00:00
[2025-02-11T23:53:05.909+0000] {processor.py:208} INFO - Processing /home/airflow/.local/lib/python3.12/site-packages/airflow/example_dags/example_branch_labels.py took 0.127 seconds
[2025-02-11T23:53:37.253+0000] {processor.py:186} INFO - Started process (PID=1503) to work on /home/airflow/.local/lib/python3.12/site-packages/airflow/example_dags/example_branch_labels.py
[2025-02-11T23:53:37.254+0000] {processor.py:914} INFO - Processing file /home/airflow/.local/lib/python3.12/site-packages/airflow/example_dags/example_branch_labels.py for tasks to queue
[2025-02-11T23:53:37.258+0000] {logging_mixin.py:190} INFO - [2025-02-11T23:53:37.258+0000] {dagbag.py:588} INFO - Filling up the DagBag from /home/airflow/.local/lib/python3.12/site-packages/airflow/example_dags/example_branch_labels.py
[2025-02-11T23:53:37.273+0000] {processor.py:925} INFO - DAG(s) 'example_branch_labels' retrieved from /home/airflow/.local/lib/python3.12/site-packages/airflow/example_dags/example_branch_labels.py
[2025-02-11T23:53:37.299+0000] {logging_mixin.py:190} INFO - [2025-02-11T23:53:37.299+0000] {dag.py:3239} INFO - Sync 1 DAGs
[2025-02-11T23:53:37.330+0000] {logging_mixin.py:190} INFO - [2025-02-11T23:53:37.330+0000] {dag.py:4180} INFO - Setting next_dagrun for example_branch_labels to 2025-02-10 00:00:00+00:00, run_after=2025-02-11 00:00:00+00:00
[2025-02-11T23:53:37.383+0000] {processor.py:208} INFO - Processing /home/airflow/.local/lib/python3.12/site-packages/airflow/example_dags/example_branch_labels.py took 0.139 seconds
[2025-02-11T23:54:07.821+0000] {processor.py:186} INFO - Started process (PID=1569) to work on /home/airflow/.local/lib/python3.12/site-packages/airflow/example_dags/example_branch_labels.py
[2025-02-11T23:54:07.823+0000] {processor.py:914} INFO - Processing file /home/airflow/.local/lib/python3.12/site-packages/airflow/example_dags/example_branch_labels.py for tasks to queue
[2025-02-11T23:54:07.826+0000] {logging_mixin.py:190} INFO - [2025-02-11T23:54:07.826+0000] {dagbag.py:588} INFO - Filling up the DagBag from /home/airflow/.local/lib/python3.12/site-packages/airflow/example_dags/example_branch_labels.py
[2025-02-11T23:54:07.844+0000] {processor.py:925} INFO - DAG(s) 'example_branch_labels' retrieved from /home/airflow/.local/lib/python3.12/site-packages/airflow/example_dags/example_branch_labels.py
[2025-02-11T23:54:07.886+0000] {logging_mixin.py:190} INFO - [2025-02-11T23:54:07.885+0000] {dag.py:3239} INFO - Sync 1 DAGs
[2025-02-11T23:54:07.924+0000] {logging_mixin.py:190} INFO - [2025-02-11T23:54:07.924+0000] {dag.py:4180} INFO - Setting next_dagrun for example_branch_labels to 2025-02-10 00:00:00+00:00, run_after=2025-02-11 00:00:00+00:00
[2025-02-11T23:54:07.947+0000] {processor.py:208} INFO - Processing /home/airflow/.local/lib/python3.12/site-packages/airflow/example_dags/example_branch_labels.py took 0.134 seconds
[2025-02-11T23:54:39.295+0000] {processor.py:186} INFO - Started process (PID=1629) to work on /home/airflow/.local/lib/python3.12/site-packages/airflow/example_dags/example_branch_labels.py
[2025-02-11T23:54:39.298+0000] {processor.py:914} INFO - Processing file /home/airflow/.local/lib/python3.12/site-packages/airflow/example_dags/example_branch_labels.py for tasks to queue
[2025-02-11T23:54:39.320+0000] {logging_mixin.py:190} INFO - [2025-02-11T23:54:39.320+0000] {dagbag.py:588} INFO - Filling up the DagBag from /home/airflow/.local/lib/python3.12/site-packages/airflow/example_dags/example_branch_labels.py
[2025-02-11T23:54:39.337+0000] {processor.py:925} INFO - DAG(s) 'example_branch_labels' retrieved from /home/airflow/.local/lib/python3.12/site-packages/airflow/example_dags/example_branch_labels.py
[2025-02-11T23:54:39.382+0000] {logging_mixin.py:190} INFO - [2025-02-11T23:54:39.381+0000] {dag.py:3239} INFO - Sync 1 DAGs
[2025-02-11T23:54:39.424+0000] {logging_mixin.py:190} INFO - [2025-02-11T23:54:39.424+0000] {dag.py:4180} INFO - Setting next_dagrun for example_branch_labels to 2025-02-10 00:00:00+00:00, run_after=2025-02-11 00:00:00+00:00
[2025-02-11T23:54:39.455+0000] {processor.py:208} INFO - Processing /home/airflow/.local/lib/python3.12/site-packages/airflow/example_dags/example_branch_labels.py took 0.169 seconds
[2025-02-11T23:55:11.544+0000] {processor.py:186} INFO - Started process (PID=1696) to work on /home/airflow/.local/lib/python3.12/site-packages/airflow/example_dags/example_branch_labels.py
[2025-02-11T23:55:11.546+0000] {processor.py:914} INFO - Processing file /home/airflow/.local/lib/python3.12/site-packages/airflow/example_dags/example_branch_labels.py for tasks to queue
[2025-02-11T23:55:11.559+0000] {logging_mixin.py:190} INFO - [2025-02-11T23:55:11.559+0000] {dagbag.py:588} INFO - Filling up the DagBag from /home/airflow/.local/lib/python3.12/site-packages/airflow/example_dags/example_branch_labels.py
[2025-02-11T23:55:11.581+0000] {processor.py:925} INFO - DAG(s) 'example_branch_labels' retrieved from /home/airflow/.local/lib/python3.12/site-packages/airflow/example_dags/example_branch_labels.py
[2025-02-11T23:55:11.663+0000] {logging_mixin.py:190} INFO - [2025-02-11T23:55:11.662+0000] {dag.py:3239} INFO - Sync 1 DAGs
[2025-02-11T23:55:11.753+0000] {logging_mixin.py:190} INFO - [2025-02-11T23:55:11.753+0000] {dag.py:4180} INFO - Setting next_dagrun for example_branch_labels to 2025-02-10 00:00:00+00:00, run_after=2025-02-11 00:00:00+00:00
[2025-02-11T23:55:11.810+0000] {processor.py:208} INFO - Processing /home/airflow/.local/lib/python3.12/site-packages/airflow/example_dags/example_branch_labels.py took 0.292 seconds
[2025-02-11T23:55:42.254+0000] {processor.py:186} INFO - Started process (PID=1762) to work on /home/airflow/.local/lib/python3.12/site-packages/airflow/example_dags/example_branch_labels.py
[2025-02-11T23:55:42.255+0000] {processor.py:914} INFO - Processing file /home/airflow/.local/lib/python3.12/site-packages/airflow/example_dags/example_branch_labels.py for tasks to queue
[2025-02-11T23:55:42.259+0000] {logging_mixin.py:190} INFO - [2025-02-11T23:55:42.258+0000] {dagbag.py:588} INFO - Filling up the DagBag from /home/airflow/.local/lib/python3.12/site-packages/airflow/example_dags/example_branch_labels.py
[2025-02-11T23:55:42.280+0000] {processor.py:925} INFO - DAG(s) 'example_branch_labels' retrieved from /home/airflow/.local/lib/python3.12/site-packages/airflow/example_dags/example_branch_labels.py
[2025-02-11T23:55:42.319+0000] {logging_mixin.py:190} INFO - [2025-02-11T23:55:42.318+0000] {dag.py:3239} INFO - Sync 1 DAGs
[2025-02-11T23:55:42.357+0000] {logging_mixin.py:190} INFO - [2025-02-11T23:55:42.357+0000] {dag.py:4180} INFO - Setting next_dagrun for example_branch_labels to 2025-02-10 00:00:00+00:00, run_after=2025-02-11 00:00:00+00:00
[2025-02-11T23:55:42.391+0000] {processor.py:208} INFO - Processing /home/airflow/.local/lib/python3.12/site-packages/airflow/example_dags/example_branch_labels.py took 0.144 seconds
[2025-02-11T23:56:13.064+0000] {processor.py:186} INFO - Started process (PID=1828) to work on /home/airflow/.local/lib/python3.12/site-packages/airflow/example_dags/example_branch_labels.py
[2025-02-11T23:56:13.065+0000] {processor.py:914} INFO - Processing file /home/airflow/.local/lib/python3.12/site-packages/airflow/example_dags/example_branch_labels.py for tasks to queue
[2025-02-11T23:56:13.068+0000] {logging_mixin.py:190} INFO - [2025-02-11T23:56:13.067+0000] {dagbag.py:588} INFO - Filling up the DagBag from /home/airflow/.local/lib/python3.12/site-packages/airflow/example_dags/example_branch_labels.py
[2025-02-11T23:56:13.079+0000] {processor.py:925} INFO - DAG(s) 'example_branch_labels' retrieved from /home/airflow/.local/lib/python3.12/site-packages/airflow/example_dags/example_branch_labels.py
[2025-02-11T23:56:13.100+0000] {logging_mixin.py:190} INFO - [2025-02-11T23:56:13.099+0000] {dag.py:3239} INFO - Sync 1 DAGs
[2025-02-11T23:56:13.131+0000] {logging_mixin.py:190} INFO - [2025-02-11T23:56:13.131+0000] {dag.py:4180} INFO - Setting next_dagrun for example_branch_labels to 2025-02-10 00:00:00+00:00, run_after=2025-02-11 00:00:00+00:00
[2025-02-11T23:56:13.155+0000] {processor.py:208} INFO - Processing /home/airflow/.local/lib/python3.12/site-packages/airflow/example_dags/example_branch_labels.py took 0.097 seconds
[2025-02-11T23:56:44.008+0000] {processor.py:186} INFO - Started process (PID=1894) to work on /home/airflow/.local/lib/python3.12/site-packages/airflow/example_dags/example_branch_labels.py
[2025-02-11T23:56:44.010+0000] {processor.py:914} INFO - Processing file /home/airflow/.local/lib/python3.12/site-packages/airflow/example_dags/example_branch_labels.py for tasks to queue
[2025-02-11T23:56:44.013+0000] {logging_mixin.py:190} INFO - [2025-02-11T23:56:44.013+0000] {dagbag.py:588} INFO - Filling up the DagBag from /home/airflow/.local/lib/python3.12/site-packages/airflow/example_dags/example_branch_labels.py
[2025-02-11T23:56:44.026+0000] {processor.py:925} INFO - DAG(s) 'example_branch_labels' retrieved from /home/airflow/.local/lib/python3.12/site-packages/airflow/example_dags/example_branch_labels.py
[2025-02-11T23:56:44.054+0000] {logging_mixin.py:190} INFO - [2025-02-11T23:56:44.054+0000] {dag.py:3239} INFO - Sync 1 DAGs
[2025-02-11T23:56:44.085+0000] {logging_mixin.py:190} INFO - [2025-02-11T23:56:44.085+0000] {dag.py:4180} INFO - Setting next_dagrun for example_branch_labels to 2025-02-10 00:00:00+00:00, run_after=2025-02-11 00:00:00+00:00
[2025-02-11T23:56:44.108+0000] {processor.py:208} INFO - Processing /home/airflow/.local/lib/python3.12/site-packages/airflow/example_dags/example_branch_labels.py took 0.109 seconds
[2025-02-11T23:57:14.488+0000] {processor.py:186} INFO - Started process (PID=1961) to work on /home/airflow/.local/lib/python3.12/site-packages/airflow/example_dags/example_branch_labels.py
[2025-02-11T23:57:14.489+0000] {processor.py:914} INFO - Processing file /home/airflow/.local/lib/python3.12/site-packages/airflow/example_dags/example_branch_labels.py for tasks to queue
[2025-02-11T23:57:14.495+0000] {logging_mixin.py:190} INFO - [2025-02-11T23:57:14.494+0000] {dagbag.py:588} INFO - Filling up the DagBag from /home/airflow/.local/lib/python3.12/site-packages/airflow/example_dags/example_branch_labels.py
[2025-02-11T23:57:14.508+0000] {processor.py:925} INFO - DAG(s) 'example_branch_labels' retrieved from /home/airflow/.local/lib/python3.12/site-packages/airflow/example_dags/example_branch_labels.py
[2025-02-11T23:57:14.540+0000] {logging_mixin.py:190} INFO - [2025-02-11T23:57:14.540+0000] {dag.py:3239} INFO - Sync 1 DAGs
[2025-02-11T23:57:14.577+0000] {logging_mixin.py:190} INFO - [2025-02-11T23:57:14.577+0000] {dag.py:4180} INFO - Setting next_dagrun for example_branch_labels to 2025-02-10 00:00:00+00:00, run_after=2025-02-11 00:00:00+00:00
[2025-02-11T23:57:14.604+0000] {processor.py:208} INFO - Processing /home/airflow/.local/lib/python3.12/site-packages/airflow/example_dags/example_branch_labels.py took 0.123 seconds
[2025-02-11T23:57:45.194+0000] {processor.py:186} INFO - Started process (PID=2026) to work on /home/airflow/.local/lib/python3.12/site-packages/airflow/example_dags/example_branch_labels.py
[2025-02-11T23:57:45.195+0000] {processor.py:914} INFO - Processing file /home/airflow/.local/lib/python3.12/site-packages/airflow/example_dags/example_branch_labels.py for tasks to queue
[2025-02-11T23:57:45.198+0000] {logging_mixin.py:190} INFO - [2025-02-11T23:57:45.197+0000] {dagbag.py:588} INFO - Filling up the DagBag from /home/airflow/.local/lib/python3.12/site-packages/airflow/example_dags/example_branch_labels.py
[2025-02-11T23:57:45.214+0000] {processor.py:925} INFO - DAG(s) 'example_branch_labels' retrieved from /home/airflow/.local/lib/python3.12/site-packages/airflow/example_dags/example_branch_labels.py
[2025-02-11T23:57:45.245+0000] {logging_mixin.py:190} INFO - [2025-02-11T23:57:45.245+0000] {dag.py:3239} INFO - Sync 1 DAGs
[2025-02-11T23:57:45.292+0000] {logging_mixin.py:190} INFO - [2025-02-11T23:57:45.292+0000] {dag.py:4180} INFO - Setting next_dagrun for example_branch_labels to 2025-02-10 00:00:00+00:00, run_after=2025-02-11 00:00:00+00:00
[2025-02-11T23:57:45.325+0000] {processor.py:208} INFO - Processing /home/airflow/.local/lib/python3.12/site-packages/airflow/example_dags/example_branch_labels.py took 0.139 seconds
[2025-02-11T23:58:15.702+0000] {processor.py:186} INFO - Started process (PID=2092) to work on /home/airflow/.local/lib/python3.12/site-packages/airflow/example_dags/example_branch_labels.py
[2025-02-11T23:58:15.703+0000] {processor.py:914} INFO - Processing file /home/airflow/.local/lib/python3.12/site-packages/airflow/example_dags/example_branch_labels.py for tasks to queue
[2025-02-11T23:58:15.705+0000] {logging_mixin.py:190} INFO - [2025-02-11T23:58:15.705+0000] {dagbag.py:588} INFO - Filling up the DagBag from /home/airflow/.local/lib/python3.12/site-packages/airflow/example_dags/example_branch_labels.py
[2025-02-11T23:58:15.715+0000] {processor.py:925} INFO - DAG(s) 'example_branch_labels' retrieved from /home/airflow/.local/lib/python3.12/site-packages/airflow/example_dags/example_branch_labels.py
[2025-02-11T23:58:15.738+0000] {logging_mixin.py:190} INFO - [2025-02-11T23:58:15.738+0000] {dag.py:3239} INFO - Sync 1 DAGs
[2025-02-11T23:58:15.766+0000] {logging_mixin.py:190} INFO - [2025-02-11T23:58:15.766+0000] {dag.py:4180} INFO - Setting next_dagrun for example_branch_labels to 2025-02-10 00:00:00+00:00, run_after=2025-02-11 00:00:00+00:00
[2025-02-11T23:58:15.792+0000] {processor.py:208} INFO - Processing /home/airflow/.local/lib/python3.12/site-packages/airflow/example_dags/example_branch_labels.py took 0.096 seconds
[2025-02-11T23:58:46.569+0000] {processor.py:186} INFO - Started process (PID=2158) to work on /home/airflow/.local/lib/python3.12/site-packages/airflow/example_dags/example_branch_labels.py
[2025-02-11T23:58:46.570+0000] {processor.py:914} INFO - Processing file /home/airflow/.local/lib/python3.12/site-packages/airflow/example_dags/example_branch_labels.py for tasks to queue
[2025-02-11T23:58:46.575+0000] {logging_mixin.py:190} INFO - [2025-02-11T23:58:46.574+0000] {dagbag.py:588} INFO - Filling up the DagBag from /home/airflow/.local/lib/python3.12/site-packages/airflow/example_dags/example_branch_labels.py
[2025-02-11T23:58:46.592+0000] {processor.py:925} INFO - DAG(s) 'example_branch_labels' retrieved from /home/airflow/.local/lib/python3.12/site-packages/airflow/example_dags/example_branch_labels.py
[2025-02-11T23:58:46.620+0000] {logging_mixin.py:190} INFO - [2025-02-11T23:58:46.620+0000] {dag.py:3239} INFO - Sync 1 DAGs
[2025-02-11T23:58:46.657+0000] {logging_mixin.py:190} INFO - [2025-02-11T23:58:46.657+0000] {dag.py:4180} INFO - Setting next_dagrun for example_branch_labels to 2025-02-10 00:00:00+00:00, run_after=2025-02-11 00:00:00+00:00
[2025-02-11T23:58:46.683+0000] {processor.py:208} INFO - Processing /home/airflow/.local/lib/python3.12/site-packages/airflow/example_dags/example_branch_labels.py took 0.124 seconds
[2025-02-11T23:59:16.949+0000] {processor.py:186} INFO - Started process (PID=2224) to work on /home/airflow/.local/lib/python3.12/site-packages/airflow/example_dags/example_branch_labels.py
[2025-02-11T23:59:16.951+0000] {processor.py:914} INFO - Processing file /home/airflow/.local/lib/python3.12/site-packages/airflow/example_dags/example_branch_labels.py for tasks to queue
[2025-02-11T23:59:16.957+0000] {logging_mixin.py:190} INFO - [2025-02-11T23:59:16.953+0000] {dagbag.py:588} INFO - Filling up the DagBag from /home/airflow/.local/lib/python3.12/site-packages/airflow/example_dags/example_branch_labels.py
[2025-02-11T23:59:16.971+0000] {processor.py:925} INFO - DAG(s) 'example_branch_labels' retrieved from /home/airflow/.local/lib/python3.12/site-packages/airflow/example_dags/example_branch_labels.py
[2025-02-11T23:59:16.992+0000] {logging_mixin.py:190} INFO - [2025-02-11T23:59:16.992+0000] {dag.py:3239} INFO - Sync 1 DAGs
[2025-02-11T23:59:17.019+0000] {logging_mixin.py:190} INFO - [2025-02-11T23:59:17.019+0000] {dag.py:4180} INFO - Setting next_dagrun for example_branch_labels to 2025-02-10 00:00:00+00:00, run_after=2025-02-11 00:00:00+00:00
[2025-02-11T23:59:17.041+0000] {processor.py:208} INFO - Processing /home/airflow/.local/lib/python3.12/site-packages/airflow/example_dags/example_branch_labels.py took 0.098 seconds
[2025-02-11T23:59:48.376+0000] {processor.py:186} INFO - Started process (PID=2290) to work on /home/airflow/.local/lib/python3.12/site-packages/airflow/example_dags/example_branch_labels.py
[2025-02-11T23:59:48.377+0000] {processor.py:914} INFO - Processing file /home/airflow/.local/lib/python3.12/site-packages/airflow/example_dags/example_branch_labels.py for tasks to queue
[2025-02-11T23:59:48.380+0000] {logging_mixin.py:190} INFO - [2025-02-11T23:59:48.380+0000] {dagbag.py:588} INFO - Filling up the DagBag from /home/airflow/.local/lib/python3.12/site-packages/airflow/example_dags/example_branch_labels.py
[2025-02-11T23:59:48.391+0000] {processor.py:925} INFO - DAG(s) 'example_branch_labels' retrieved from /home/airflow/.local/lib/python3.12/site-packages/airflow/example_dags/example_branch_labels.py
[2025-02-11T23:59:48.421+0000] {logging_mixin.py:190} INFO - [2025-02-11T23:59:48.420+0000] {dag.py:3239} INFO - Sync 1 DAGs
[2025-02-11T23:59:48.456+0000] {logging_mixin.py:190} INFO - [2025-02-11T23:59:48.456+0000] {dag.py:4180} INFO - Setting next_dagrun for example_branch_labels to 2025-02-10 00:00:00+00:00, run_after=2025-02-11 00:00:00+00:00
[2025-02-11T23:59:48.490+0000] {processor.py:208} INFO - Processing /home/airflow/.local/lib/python3.12/site-packages/airflow/example_dags/example_branch_labels.py took 0.122 seconds
