[2025-02-11T23:35:19.627+0000] {processor.py:186} INFO - Started process (PID=46) to work on /home/airflow/.local/lib/python3.12/site-packages/airflow/example_dags/example_task_group.py
[2025-02-11T23:35:19.645+0000] {processor.py:914} INFO - Processing file /home/airflow/.local/lib/python3.12/site-packages/airflow/example_dags/example_task_group.py for tasks to queue
[2025-02-11T23:35:19.655+0000] {logging_mixin.py:190} INFO - [2025-02-11T23:35:19.654+0000] {dagbag.py:588} INFO - Filling up the DagBag from /home/airflow/.local/lib/python3.12/site-packages/airflow/example_dags/example_task_group.py
[2025-02-11T23:35:19.696+0000] {processor.py:925} INFO - DAG(s) 'example_task_group' retrieved from /home/airflow/.local/lib/python3.12/site-packages/airflow/example_dags/example_task_group.py
[2025-02-11T23:35:19.818+0000] {logging_mixin.py:190} INFO - [2025-02-11T23:35:19.817+0000] {dag.py:3239} INFO - Sync 1 DAGs
[2025-02-11T23:35:19.945+0000] {logging_mixin.py:190} INFO - [2025-02-11T23:35:19.944+0000] {dag.py:4180} INFO - Setting next_dagrun for example_task_group to None, run_after=None
[2025-02-11T23:35:20.102+0000] {processor.py:208} INFO - Processing /home/airflow/.local/lib/python3.12/site-packages/airflow/example_dags/example_task_group.py took 0.485 seconds
[2025-02-11T23:35:53.209+0000] {processor.py:186} INFO - Started process (PID=115) to work on /home/airflow/.local/lib/python3.12/site-packages/airflow/example_dags/example_task_group.py
[2025-02-11T23:35:53.210+0000] {processor.py:914} INFO - Processing file /home/airflow/.local/lib/python3.12/site-packages/airflow/example_dags/example_task_group.py for tasks to queue
[2025-02-11T23:35:53.229+0000] {logging_mixin.py:190} INFO - [2025-02-11T23:35:53.229+0000] {dagbag.py:588} INFO - Filling up the DagBag from /home/airflow/.local/lib/python3.12/site-packages/airflow/example_dags/example_task_group.py
[2025-02-11T23:35:53.274+0000] {processor.py:925} INFO - DAG(s) 'example_task_group' retrieved from /home/airflow/.local/lib/python3.12/site-packages/airflow/example_dags/example_task_group.py
[2025-02-11T23:35:53.358+0000] {logging_mixin.py:190} INFO - [2025-02-11T23:35:53.357+0000] {dag.py:3239} INFO - Sync 1 DAGs
[2025-02-11T23:35:53.422+0000] {logging_mixin.py:190} INFO - [2025-02-11T23:35:53.422+0000] {dag.py:4180} INFO - Setting next_dagrun for example_task_group to None, run_after=None
[2025-02-11T23:35:53.500+0000] {processor.py:208} INFO - Processing /home/airflow/.local/lib/python3.12/site-packages/airflow/example_dags/example_task_group.py took 0.322 seconds
[2025-02-11T23:36:24.417+0000] {processor.py:186} INFO - Started process (PID=189) to work on /home/airflow/.local/lib/python3.12/site-packages/airflow/example_dags/example_task_group.py
[2025-02-11T23:36:24.419+0000] {processor.py:914} INFO - Processing file /home/airflow/.local/lib/python3.12/site-packages/airflow/example_dags/example_task_group.py for tasks to queue
[2025-02-11T23:36:24.425+0000] {logging_mixin.py:190} INFO - [2025-02-11T23:36:24.425+0000] {dagbag.py:588} INFO - Filling up the DagBag from /home/airflow/.local/lib/python3.12/site-packages/airflow/example_dags/example_task_group.py
[2025-02-11T23:36:24.451+0000] {processor.py:925} INFO - DAG(s) 'example_task_group' retrieved from /home/airflow/.local/lib/python3.12/site-packages/airflow/example_dags/example_task_group.py
[2025-02-11T23:36:24.506+0000] {logging_mixin.py:190} INFO - [2025-02-11T23:36:24.506+0000] {dag.py:3239} INFO - Sync 1 DAGs
[2025-02-11T23:36:24.544+0000] {logging_mixin.py:190} INFO - [2025-02-11T23:36:24.544+0000] {dag.py:4180} INFO - Setting next_dagrun for example_task_group to None, run_after=None
[2025-02-11T23:36:24.635+0000] {processor.py:208} INFO - Processing /home/airflow/.local/lib/python3.12/site-packages/airflow/example_dags/example_task_group.py took 0.226 seconds
[2025-02-11T23:36:55.295+0000] {processor.py:186} INFO - Started process (PID=263) to work on /home/airflow/.local/lib/python3.12/site-packages/airflow/example_dags/example_task_group.py
[2025-02-11T23:36:55.297+0000] {processor.py:914} INFO - Processing file /home/airflow/.local/lib/python3.12/site-packages/airflow/example_dags/example_task_group.py for tasks to queue
[2025-02-11T23:36:55.300+0000] {logging_mixin.py:190} INFO - [2025-02-11T23:36:55.299+0000] {dagbag.py:588} INFO - Filling up the DagBag from /home/airflow/.local/lib/python3.12/site-packages/airflow/example_dags/example_task_group.py
[2025-02-11T23:36:55.315+0000] {processor.py:925} INFO - DAG(s) 'example_task_group' retrieved from /home/airflow/.local/lib/python3.12/site-packages/airflow/example_dags/example_task_group.py
[2025-02-11T23:36:55.347+0000] {logging_mixin.py:190} INFO - [2025-02-11T23:36:55.347+0000] {dag.py:3239} INFO - Sync 1 DAGs
[2025-02-11T23:36:55.375+0000] {logging_mixin.py:190} INFO - [2025-02-11T23:36:55.374+0000] {dag.py:4180} INFO - Setting next_dagrun for example_task_group to None, run_after=None
[2025-02-11T23:36:55.404+0000] {processor.py:208} INFO - Processing /home/airflow/.local/lib/python3.12/site-packages/airflow/example_dags/example_task_group.py took 0.120 seconds
[2025-02-11T23:37:29.343+0000] {processor.py:186} INFO - Started process (PID=314) to work on /home/airflow/.local/lib/python3.12/site-packages/airflow/example_dags/example_task_group.py
[2025-02-11T23:37:29.348+0000] {processor.py:914} INFO - Processing file /home/airflow/.local/lib/python3.12/site-packages/airflow/example_dags/example_task_group.py for tasks to queue
[2025-02-11T23:37:29.380+0000] {logging_mixin.py:190} INFO - [2025-02-11T23:37:29.380+0000] {dagbag.py:588} INFO - Filling up the DagBag from /home/airflow/.local/lib/python3.12/site-packages/airflow/example_dags/example_task_group.py
[2025-02-11T23:37:29.410+0000] {processor.py:925} INFO - DAG(s) 'example_task_group' retrieved from /home/airflow/.local/lib/python3.12/site-packages/airflow/example_dags/example_task_group.py
[2025-02-11T23:37:29.462+0000] {logging_mixin.py:190} INFO - [2025-02-11T23:37:29.462+0000] {dag.py:3239} INFO - Sync 1 DAGs
[2025-02-11T23:37:29.510+0000] {logging_mixin.py:190} INFO - [2025-02-11T23:37:29.509+0000] {dag.py:4180} INFO - Setting next_dagrun for example_task_group to None, run_after=None
[2025-02-11T23:37:29.591+0000] {processor.py:208} INFO - Processing /home/airflow/.local/lib/python3.12/site-packages/airflow/example_dags/example_task_group.py took 0.272 seconds
[2025-02-11T23:38:00.780+0000] {processor.py:186} INFO - Started process (PID=380) to work on /home/airflow/.local/lib/python3.12/site-packages/airflow/example_dags/example_task_group.py
[2025-02-11T23:38:00.792+0000] {processor.py:914} INFO - Processing file /home/airflow/.local/lib/python3.12/site-packages/airflow/example_dags/example_task_group.py for tasks to queue
[2025-02-11T23:38:00.795+0000] {logging_mixin.py:190} INFO - [2025-02-11T23:38:00.795+0000] {dagbag.py:588} INFO - Filling up the DagBag from /home/airflow/.local/lib/python3.12/site-packages/airflow/example_dags/example_task_group.py
[2025-02-11T23:38:00.829+0000] {processor.py:925} INFO - DAG(s) 'example_task_group' retrieved from /home/airflow/.local/lib/python3.12/site-packages/airflow/example_dags/example_task_group.py
[2025-02-11T23:38:00.907+0000] {logging_mixin.py:190} INFO - [2025-02-11T23:38:00.906+0000] {dag.py:3239} INFO - Sync 1 DAGs
[2025-02-11T23:38:00.951+0000] {logging_mixin.py:190} INFO - [2025-02-11T23:38:00.951+0000] {dag.py:4180} INFO - Setting next_dagrun for example_task_group to None, run_after=None
[2025-02-11T23:38:01.015+0000] {processor.py:208} INFO - Processing /home/airflow/.local/lib/python3.12/site-packages/airflow/example_dags/example_task_group.py took 0.250 seconds
[2025-02-11T23:38:31.830+0000] {processor.py:186} INFO - Started process (PID=445) to work on /home/airflow/.local/lib/python3.12/site-packages/airflow/example_dags/example_task_group.py
[2025-02-11T23:38:31.831+0000] {processor.py:914} INFO - Processing file /home/airflow/.local/lib/python3.12/site-packages/airflow/example_dags/example_task_group.py for tasks to queue
[2025-02-11T23:38:31.834+0000] {logging_mixin.py:190} INFO - [2025-02-11T23:38:31.834+0000] {dagbag.py:588} INFO - Filling up the DagBag from /home/airflow/.local/lib/python3.12/site-packages/airflow/example_dags/example_task_group.py
[2025-02-11T23:38:31.846+0000] {processor.py:925} INFO - DAG(s) 'example_task_group' retrieved from /home/airflow/.local/lib/python3.12/site-packages/airflow/example_dags/example_task_group.py
[2025-02-11T23:38:31.876+0000] {logging_mixin.py:190} INFO - [2025-02-11T23:38:31.876+0000] {dag.py:3239} INFO - Sync 1 DAGs
[2025-02-11T23:38:31.897+0000] {logging_mixin.py:190} INFO - [2025-02-11T23:38:31.897+0000] {dag.py:4180} INFO - Setting next_dagrun for example_task_group to None, run_after=None
[2025-02-11T23:38:31.922+0000] {processor.py:208} INFO - Processing /home/airflow/.local/lib/python3.12/site-packages/airflow/example_dags/example_task_group.py took 0.100 seconds
[2025-02-11T23:39:03.883+0000] {processor.py:186} INFO - Started process (PID=511) to work on /home/airflow/.local/lib/python3.12/site-packages/airflow/example_dags/example_task_group.py
[2025-02-11T23:39:03.908+0000] {processor.py:914} INFO - Processing file /home/airflow/.local/lib/python3.12/site-packages/airflow/example_dags/example_task_group.py for tasks to queue
[2025-02-11T23:39:03.912+0000] {logging_mixin.py:190} INFO - [2025-02-11T23:39:03.912+0000] {dagbag.py:588} INFO - Filling up the DagBag from /home/airflow/.local/lib/python3.12/site-packages/airflow/example_dags/example_task_group.py
[2025-02-11T23:39:03.948+0000] {processor.py:925} INFO - DAG(s) 'example_task_group' retrieved from /home/airflow/.local/lib/python3.12/site-packages/airflow/example_dags/example_task_group.py
[2025-02-11T23:39:04.008+0000] {logging_mixin.py:190} INFO - [2025-02-11T23:39:04.007+0000] {dag.py:3239} INFO - Sync 1 DAGs
[2025-02-11T23:39:04.069+0000] {logging_mixin.py:190} INFO - [2025-02-11T23:39:04.069+0000] {dag.py:4180} INFO - Setting next_dagrun for example_task_group to None, run_after=None
[2025-02-11T23:39:04.134+0000] {processor.py:208} INFO - Processing /home/airflow/.local/lib/python3.12/site-packages/airflow/example_dags/example_task_group.py took 0.269 seconds
[2025-02-11T23:39:34.966+0000] {processor.py:186} INFO - Started process (PID=576) to work on /home/airflow/.local/lib/python3.12/site-packages/airflow/example_dags/example_task_group.py
[2025-02-11T23:39:34.972+0000] {processor.py:914} INFO - Processing file /home/airflow/.local/lib/python3.12/site-packages/airflow/example_dags/example_task_group.py for tasks to queue
[2025-02-11T23:39:34.975+0000] {logging_mixin.py:190} INFO - [2025-02-11T23:39:34.975+0000] {dagbag.py:588} INFO - Filling up the DagBag from /home/airflow/.local/lib/python3.12/site-packages/airflow/example_dags/example_task_group.py
[2025-02-11T23:39:35.009+0000] {processor.py:925} INFO - DAG(s) 'example_task_group' retrieved from /home/airflow/.local/lib/python3.12/site-packages/airflow/example_dags/example_task_group.py
[2025-02-11T23:39:35.075+0000] {logging_mixin.py:190} INFO - [2025-02-11T23:39:35.074+0000] {dag.py:3239} INFO - Sync 1 DAGs
[2025-02-11T23:39:35.131+0000] {logging_mixin.py:190} INFO - [2025-02-11T23:39:35.131+0000] {dag.py:4180} INFO - Setting next_dagrun for example_task_group to None, run_after=None
[2025-02-11T23:39:35.195+0000] {processor.py:208} INFO - Processing /home/airflow/.local/lib/python3.12/site-packages/airflow/example_dags/example_task_group.py took 0.246 seconds
[2025-02-11T23:40:06.096+0000] {processor.py:186} INFO - Started process (PID=643) to work on /home/airflow/.local/lib/python3.12/site-packages/airflow/example_dags/example_task_group.py
[2025-02-11T23:40:06.098+0000] {processor.py:914} INFO - Processing file /home/airflow/.local/lib/python3.12/site-packages/airflow/example_dags/example_task_group.py for tasks to queue
[2025-02-11T23:40:06.101+0000] {logging_mixin.py:190} INFO - [2025-02-11T23:40:06.100+0000] {dagbag.py:588} INFO - Filling up the DagBag from /home/airflow/.local/lib/python3.12/site-packages/airflow/example_dags/example_task_group.py
[2025-02-11T23:40:06.114+0000] {processor.py:925} INFO - DAG(s) 'example_task_group' retrieved from /home/airflow/.local/lib/python3.12/site-packages/airflow/example_dags/example_task_group.py
[2025-02-11T23:40:06.146+0000] {logging_mixin.py:190} INFO - [2025-02-11T23:40:06.145+0000] {dag.py:3239} INFO - Sync 1 DAGs
[2025-02-11T23:40:06.170+0000] {logging_mixin.py:190} INFO - [2025-02-11T23:40:06.169+0000] {dag.py:4180} INFO - Setting next_dagrun for example_task_group to None, run_after=None
[2025-02-11T23:40:06.219+0000] {processor.py:208} INFO - Processing /home/airflow/.local/lib/python3.12/site-packages/airflow/example_dags/example_task_group.py took 0.131 seconds
[2025-02-11T23:42:15.903+0000] {processor.py:186} INFO - Started process (PID=47) to work on /home/airflow/.local/lib/python3.12/site-packages/airflow/example_dags/example_task_group.py
[2025-02-11T23:42:15.907+0000] {processor.py:914} INFO - Processing file /home/airflow/.local/lib/python3.12/site-packages/airflow/example_dags/example_task_group.py for tasks to queue
[2025-02-11T23:42:15.919+0000] {logging_mixin.py:190} INFO - [2025-02-11T23:42:15.919+0000] {dagbag.py:588} INFO - Filling up the DagBag from /home/airflow/.local/lib/python3.12/site-packages/airflow/example_dags/example_task_group.py
[2025-02-11T23:42:15.962+0000] {processor.py:925} INFO - DAG(s) 'example_task_group' retrieved from /home/airflow/.local/lib/python3.12/site-packages/airflow/example_dags/example_task_group.py
[2025-02-11T23:42:16.112+0000] {logging_mixin.py:190} INFO - [2025-02-11T23:42:16.112+0000] {dag.py:3239} INFO - Sync 1 DAGs
[2025-02-11T23:42:16.167+0000] {logging_mixin.py:190} INFO - [2025-02-11T23:42:16.167+0000] {dag.py:4180} INFO - Setting next_dagrun for example_task_group to None, run_after=None
[2025-02-11T23:42:16.209+0000] {processor.py:208} INFO - Processing /home/airflow/.local/lib/python3.12/site-packages/airflow/example_dags/example_task_group.py took 0.321 seconds
[2025-02-11T23:42:47.453+0000] {processor.py:186} INFO - Started process (PID=112) to work on /home/airflow/.local/lib/python3.12/site-packages/airflow/example_dags/example_task_group.py
[2025-02-11T23:42:47.456+0000] {processor.py:914} INFO - Processing file /home/airflow/.local/lib/python3.12/site-packages/airflow/example_dags/example_task_group.py for tasks to queue
[2025-02-11T23:42:47.471+0000] {logging_mixin.py:190} INFO - [2025-02-11T23:42:47.471+0000] {dagbag.py:588} INFO - Filling up the DagBag from /home/airflow/.local/lib/python3.12/site-packages/airflow/example_dags/example_task_group.py
[2025-02-11T23:42:47.509+0000] {processor.py:925} INFO - DAG(s) 'example_task_group' retrieved from /home/airflow/.local/lib/python3.12/site-packages/airflow/example_dags/example_task_group.py
[2025-02-11T23:42:47.585+0000] {logging_mixin.py:190} INFO - [2025-02-11T23:42:47.585+0000] {dag.py:3239} INFO - Sync 1 DAGs
[2025-02-11T23:42:47.639+0000] {logging_mixin.py:190} INFO - [2025-02-11T23:42:47.638+0000] {dag.py:4180} INFO - Setting next_dagrun for example_task_group to None, run_after=None
[2025-02-11T23:42:47.704+0000] {processor.py:208} INFO - Processing /home/airflow/.local/lib/python3.12/site-packages/airflow/example_dags/example_task_group.py took 0.259 seconds
[2025-02-11T23:43:18.615+0000] {processor.py:186} INFO - Started process (PID=178) to work on /home/airflow/.local/lib/python3.12/site-packages/airflow/example_dags/example_task_group.py
[2025-02-11T23:43:18.625+0000] {processor.py:914} INFO - Processing file /home/airflow/.local/lib/python3.12/site-packages/airflow/example_dags/example_task_group.py for tasks to queue
[2025-02-11T23:43:18.629+0000] {logging_mixin.py:190} INFO - [2025-02-11T23:43:18.628+0000] {dagbag.py:588} INFO - Filling up the DagBag from /home/airflow/.local/lib/python3.12/site-packages/airflow/example_dags/example_task_group.py
[2025-02-11T23:43:18.650+0000] {processor.py:925} INFO - DAG(s) 'example_task_group' retrieved from /home/airflow/.local/lib/python3.12/site-packages/airflow/example_dags/example_task_group.py
[2025-02-11T23:43:18.713+0000] {logging_mixin.py:190} INFO - [2025-02-11T23:43:18.702+0000] {dag.py:3239} INFO - Sync 1 DAGs
[2025-02-11T23:43:18.780+0000] {logging_mixin.py:190} INFO - [2025-02-11T23:43:18.779+0000] {dag.py:4180} INFO - Setting next_dagrun for example_task_group to None, run_after=None
[2025-02-11T23:43:18.830+0000] {processor.py:208} INFO - Processing /home/airflow/.local/lib/python3.12/site-packages/airflow/example_dags/example_task_group.py took 0.223 seconds
[2025-02-11T23:43:49.451+0000] {processor.py:186} INFO - Started process (PID=243) to work on /home/airflow/.local/lib/python3.12/site-packages/airflow/example_dags/example_task_group.py
[2025-02-11T23:43:49.452+0000] {processor.py:914} INFO - Processing file /home/airflow/.local/lib/python3.12/site-packages/airflow/example_dags/example_task_group.py for tasks to queue
[2025-02-11T23:43:49.466+0000] {logging_mixin.py:190} INFO - [2025-02-11T23:43:49.466+0000] {dagbag.py:588} INFO - Filling up the DagBag from /home/airflow/.local/lib/python3.12/site-packages/airflow/example_dags/example_task_group.py
[2025-02-11T23:43:49.499+0000] {processor.py:925} INFO - DAG(s) 'example_task_group' retrieved from /home/airflow/.local/lib/python3.12/site-packages/airflow/example_dags/example_task_group.py
[2025-02-11T23:43:49.565+0000] {logging_mixin.py:190} INFO - [2025-02-11T23:43:49.564+0000] {dag.py:3239} INFO - Sync 1 DAGs
[2025-02-11T23:43:49.626+0000] {logging_mixin.py:190} INFO - [2025-02-11T23:43:49.626+0000] {dag.py:4180} INFO - Setting next_dagrun for example_task_group to None, run_after=None
[2025-02-11T23:43:49.689+0000] {processor.py:208} INFO - Processing /home/airflow/.local/lib/python3.12/site-packages/airflow/example_dags/example_task_group.py took 0.256 seconds
[2025-02-11T23:44:20.548+0000] {processor.py:186} INFO - Started process (PID=309) to work on /home/airflow/.local/lib/python3.12/site-packages/airflow/example_dags/example_task_group.py
[2025-02-11T23:44:20.567+0000] {processor.py:914} INFO - Processing file /home/airflow/.local/lib/python3.12/site-packages/airflow/example_dags/example_task_group.py for tasks to queue
[2025-02-11T23:44:20.571+0000] {logging_mixin.py:190} INFO - [2025-02-11T23:44:20.570+0000] {dagbag.py:588} INFO - Filling up the DagBag from /home/airflow/.local/lib/python3.12/site-packages/airflow/example_dags/example_task_group.py
[2025-02-11T23:44:20.617+0000] {processor.py:925} INFO - DAG(s) 'example_task_group' retrieved from /home/airflow/.local/lib/python3.12/site-packages/airflow/example_dags/example_task_group.py
[2025-02-11T23:44:20.716+0000] {logging_mixin.py:190} INFO - [2025-02-11T23:44:20.715+0000] {dag.py:3239} INFO - Sync 1 DAGs
[2025-02-11T23:44:20.794+0000] {logging_mixin.py:190} INFO - [2025-02-11T23:44:20.794+0000] {dag.py:4180} INFO - Setting next_dagrun for example_task_group to None, run_after=None
[2025-02-11T23:44:20.906+0000] {processor.py:208} INFO - Processing /home/airflow/.local/lib/python3.12/site-packages/airflow/example_dags/example_task_group.py took 0.377 seconds
[2025-02-11T23:44:51.151+0000] {processor.py:186} INFO - Started process (PID=374) to work on /home/airflow/.local/lib/python3.12/site-packages/airflow/example_dags/example_task_group.py
[2025-02-11T23:44:51.152+0000] {processor.py:914} INFO - Processing file /home/airflow/.local/lib/python3.12/site-packages/airflow/example_dags/example_task_group.py for tasks to queue
[2025-02-11T23:44:51.157+0000] {logging_mixin.py:190} INFO - [2025-02-11T23:44:51.156+0000] {dagbag.py:588} INFO - Filling up the DagBag from /home/airflow/.local/lib/python3.12/site-packages/airflow/example_dags/example_task_group.py
[2025-02-11T23:44:51.180+0000] {processor.py:925} INFO - DAG(s) 'example_task_group' retrieved from /home/airflow/.local/lib/python3.12/site-packages/airflow/example_dags/example_task_group.py
[2025-02-11T23:44:51.229+0000] {logging_mixin.py:190} INFO - [2025-02-11T23:44:51.228+0000] {dag.py:3239} INFO - Sync 1 DAGs
[2025-02-11T23:44:51.261+0000] {logging_mixin.py:190} INFO - [2025-02-11T23:44:51.260+0000] {dag.py:4180} INFO - Setting next_dagrun for example_task_group to None, run_after=None
[2025-02-11T23:44:51.317+0000] {processor.py:208} INFO - Processing /home/airflow/.local/lib/python3.12/site-packages/airflow/example_dags/example_task_group.py took 0.175 seconds
[2025-02-11T23:45:21.917+0000] {processor.py:186} INFO - Started process (PID=440) to work on /home/airflow/.local/lib/python3.12/site-packages/airflow/example_dags/example_task_group.py
[2025-02-11T23:45:21.922+0000] {processor.py:914} INFO - Processing file /home/airflow/.local/lib/python3.12/site-packages/airflow/example_dags/example_task_group.py for tasks to queue
[2025-02-11T23:45:21.930+0000] {logging_mixin.py:190} INFO - [2025-02-11T23:45:21.930+0000] {dagbag.py:588} INFO - Filling up the DagBag from /home/airflow/.local/lib/python3.12/site-packages/airflow/example_dags/example_task_group.py
[2025-02-11T23:45:21.947+0000] {processor.py:925} INFO - DAG(s) 'example_task_group' retrieved from /home/airflow/.local/lib/python3.12/site-packages/airflow/example_dags/example_task_group.py
[2025-02-11T23:45:22.003+0000] {logging_mixin.py:190} INFO - [2025-02-11T23:45:22.003+0000] {dag.py:3239} INFO - Sync 1 DAGs
[2025-02-11T23:45:22.029+0000] {logging_mixin.py:190} INFO - [2025-02-11T23:45:22.029+0000] {dag.py:4180} INFO - Setting next_dagrun for example_task_group to None, run_after=None
[2025-02-11T23:45:22.064+0000] {processor.py:208} INFO - Processing /home/airflow/.local/lib/python3.12/site-packages/airflow/example_dags/example_task_group.py took 0.162 seconds
[2025-02-11T23:45:52.301+0000] {processor.py:186} INFO - Started process (PID=506) to work on /home/airflow/.local/lib/python3.12/site-packages/airflow/example_dags/example_task_group.py
[2025-02-11T23:45:52.302+0000] {processor.py:914} INFO - Processing file /home/airflow/.local/lib/python3.12/site-packages/airflow/example_dags/example_task_group.py for tasks to queue
[2025-02-11T23:45:52.307+0000] {logging_mixin.py:190} INFO - [2025-02-11T23:45:52.307+0000] {dagbag.py:588} INFO - Filling up the DagBag from /home/airflow/.local/lib/python3.12/site-packages/airflow/example_dags/example_task_group.py
[2025-02-11T23:45:52.331+0000] {processor.py:925} INFO - DAG(s) 'example_task_group' retrieved from /home/airflow/.local/lib/python3.12/site-packages/airflow/example_dags/example_task_group.py
[2025-02-11T23:45:52.381+0000] {logging_mixin.py:190} INFO - [2025-02-11T23:45:52.380+0000] {dag.py:3239} INFO - Sync 1 DAGs
[2025-02-11T23:45:52.430+0000] {logging_mixin.py:190} INFO - [2025-02-11T23:45:52.430+0000] {dag.py:4180} INFO - Setting next_dagrun for example_task_group to None, run_after=None
[2025-02-11T23:45:52.470+0000] {processor.py:208} INFO - Processing /home/airflow/.local/lib/python3.12/site-packages/airflow/example_dags/example_task_group.py took 0.178 seconds
[2025-02-11T23:46:23.199+0000] {processor.py:186} INFO - Started process (PID=572) to work on /home/airflow/.local/lib/python3.12/site-packages/airflow/example_dags/example_task_group.py
[2025-02-11T23:46:23.201+0000] {processor.py:914} INFO - Processing file /home/airflow/.local/lib/python3.12/site-packages/airflow/example_dags/example_task_group.py for tasks to queue
[2025-02-11T23:46:23.206+0000] {logging_mixin.py:190} INFO - [2025-02-11T23:46:23.205+0000] {dagbag.py:588} INFO - Filling up the DagBag from /home/airflow/.local/lib/python3.12/site-packages/airflow/example_dags/example_task_group.py
[2025-02-11T23:46:23.236+0000] {processor.py:925} INFO - DAG(s) 'example_task_group' retrieved from /home/airflow/.local/lib/python3.12/site-packages/airflow/example_dags/example_task_group.py
[2025-02-11T23:46:23.301+0000] {logging_mixin.py:190} INFO - [2025-02-11T23:46:23.300+0000] {dag.py:3239} INFO - Sync 1 DAGs
[2025-02-11T23:46:23.375+0000] {logging_mixin.py:190} INFO - [2025-02-11T23:46:23.375+0000] {dag.py:4180} INFO - Setting next_dagrun for example_task_group to None, run_after=None
[2025-02-11T23:46:23.434+0000] {processor.py:208} INFO - Processing /home/airflow/.local/lib/python3.12/site-packages/airflow/example_dags/example_task_group.py took 0.253 seconds
[2025-02-11T23:46:54.692+0000] {processor.py:186} INFO - Started process (PID=638) to work on /home/airflow/.local/lib/python3.12/site-packages/airflow/example_dags/example_task_group.py
[2025-02-11T23:46:54.695+0000] {processor.py:914} INFO - Processing file /home/airflow/.local/lib/python3.12/site-packages/airflow/example_dags/example_task_group.py for tasks to queue
[2025-02-11T23:46:54.706+0000] {logging_mixin.py:190} INFO - [2025-02-11T23:46:54.705+0000] {dagbag.py:588} INFO - Filling up the DagBag from /home/airflow/.local/lib/python3.12/site-packages/airflow/example_dags/example_task_group.py
[2025-02-11T23:46:54.722+0000] {processor.py:925} INFO - DAG(s) 'example_task_group' retrieved from /home/airflow/.local/lib/python3.12/site-packages/airflow/example_dags/example_task_group.py
[2025-02-11T23:46:54.796+0000] {logging_mixin.py:190} INFO - [2025-02-11T23:46:54.796+0000] {dag.py:3239} INFO - Sync 1 DAGs
[2025-02-11T23:46:54.833+0000] {logging_mixin.py:190} INFO - [2025-02-11T23:46:54.832+0000] {dag.py:4180} INFO - Setting next_dagrun for example_task_group to None, run_after=None
[2025-02-11T23:46:54.898+0000] {processor.py:208} INFO - Processing /home/airflow/.local/lib/python3.12/site-packages/airflow/example_dags/example_task_group.py took 0.220 seconds
[2025-02-11T23:47:25.223+0000] {processor.py:186} INFO - Started process (PID=703) to work on /home/airflow/.local/lib/python3.12/site-packages/airflow/example_dags/example_task_group.py
[2025-02-11T23:47:25.224+0000] {processor.py:914} INFO - Processing file /home/airflow/.local/lib/python3.12/site-packages/airflow/example_dags/example_task_group.py for tasks to queue
[2025-02-11T23:47:25.229+0000] {logging_mixin.py:190} INFO - [2025-02-11T23:47:25.229+0000] {dagbag.py:588} INFO - Filling up the DagBag from /home/airflow/.local/lib/python3.12/site-packages/airflow/example_dags/example_task_group.py
[2025-02-11T23:47:25.251+0000] {processor.py:925} INFO - DAG(s) 'example_task_group' retrieved from /home/airflow/.local/lib/python3.12/site-packages/airflow/example_dags/example_task_group.py
[2025-02-11T23:47:25.301+0000] {logging_mixin.py:190} INFO - [2025-02-11T23:47:25.300+0000] {dag.py:3239} INFO - Sync 1 DAGs
[2025-02-11T23:47:25.335+0000] {logging_mixin.py:190} INFO - [2025-02-11T23:47:25.334+0000] {dag.py:4180} INFO - Setting next_dagrun for example_task_group to None, run_after=None
[2025-02-11T23:47:25.389+0000] {processor.py:208} INFO - Processing /home/airflow/.local/lib/python3.12/site-packages/airflow/example_dags/example_task_group.py took 0.182 seconds
[2025-02-11T23:47:55.543+0000] {processor.py:186} INFO - Started process (PID=770) to work on /home/airflow/.local/lib/python3.12/site-packages/airflow/example_dags/example_task_group.py
[2025-02-11T23:47:55.544+0000] {processor.py:914} INFO - Processing file /home/airflow/.local/lib/python3.12/site-packages/airflow/example_dags/example_task_group.py for tasks to queue
[2025-02-11T23:47:55.550+0000] {logging_mixin.py:190} INFO - [2025-02-11T23:47:55.550+0000] {dagbag.py:588} INFO - Filling up the DagBag from /home/airflow/.local/lib/python3.12/site-packages/airflow/example_dags/example_task_group.py
[2025-02-11T23:47:55.565+0000] {processor.py:925} INFO - DAG(s) 'example_task_group' retrieved from /home/airflow/.local/lib/python3.12/site-packages/airflow/example_dags/example_task_group.py
[2025-02-11T23:47:55.609+0000] {logging_mixin.py:190} INFO - [2025-02-11T23:47:55.607+0000] {dag.py:3239} INFO - Sync 1 DAGs
[2025-02-11T23:47:55.634+0000] {logging_mixin.py:190} INFO - [2025-02-11T23:47:55.634+0000] {dag.py:4180} INFO - Setting next_dagrun for example_task_group to None, run_after=None
[2025-02-11T23:47:55.663+0000] {processor.py:208} INFO - Processing /home/airflow/.local/lib/python3.12/site-packages/airflow/example_dags/example_task_group.py took 0.126 seconds
[2025-02-11T23:48:25.810+0000] {processor.py:186} INFO - Started process (PID=835) to work on /home/airflow/.local/lib/python3.12/site-packages/airflow/example_dags/example_task_group.py
[2025-02-11T23:48:25.812+0000] {processor.py:914} INFO - Processing file /home/airflow/.local/lib/python3.12/site-packages/airflow/example_dags/example_task_group.py for tasks to queue
[2025-02-11T23:48:25.822+0000] {logging_mixin.py:190} INFO - [2025-02-11T23:48:25.821+0000] {dagbag.py:588} INFO - Filling up the DagBag from /home/airflow/.local/lib/python3.12/site-packages/airflow/example_dags/example_task_group.py
[2025-02-11T23:48:25.845+0000] {processor.py:925} INFO - DAG(s) 'example_task_group' retrieved from /home/airflow/.local/lib/python3.12/site-packages/airflow/example_dags/example_task_group.py
[2025-02-11T23:48:25.884+0000] {logging_mixin.py:190} INFO - [2025-02-11T23:48:25.884+0000] {dag.py:3239} INFO - Sync 1 DAGs
[2025-02-11T23:48:25.922+0000] {logging_mixin.py:190} INFO - [2025-02-11T23:48:25.922+0000] {dag.py:4180} INFO - Setting next_dagrun for example_task_group to None, run_after=None
[2025-02-11T23:48:25.962+0000] {processor.py:208} INFO - Processing /home/airflow/.local/lib/python3.12/site-packages/airflow/example_dags/example_task_group.py took 0.161 seconds
[2025-02-11T23:48:56.108+0000] {processor.py:186} INFO - Started process (PID=900) to work on /home/airflow/.local/lib/python3.12/site-packages/airflow/example_dags/example_task_group.py
[2025-02-11T23:48:56.110+0000] {processor.py:914} INFO - Processing file /home/airflow/.local/lib/python3.12/site-packages/airflow/example_dags/example_task_group.py for tasks to queue
[2025-02-11T23:48:56.114+0000] {logging_mixin.py:190} INFO - [2025-02-11T23:48:56.112+0000] {dagbag.py:588} INFO - Filling up the DagBag from /home/airflow/.local/lib/python3.12/site-packages/airflow/example_dags/example_task_group.py
[2025-02-11T23:48:56.124+0000] {processor.py:925} INFO - DAG(s) 'example_task_group' retrieved from /home/airflow/.local/lib/python3.12/site-packages/airflow/example_dags/example_task_group.py
[2025-02-11T23:48:56.148+0000] {logging_mixin.py:190} INFO - [2025-02-11T23:48:56.147+0000] {dag.py:3239} INFO - Sync 1 DAGs
[2025-02-11T23:48:56.167+0000] {logging_mixin.py:190} INFO - [2025-02-11T23:48:56.167+0000] {dag.py:4180} INFO - Setting next_dagrun for example_task_group to None, run_after=None
[2025-02-11T23:48:56.192+0000] {processor.py:208} INFO - Processing /home/airflow/.local/lib/python3.12/site-packages/airflow/example_dags/example_task_group.py took 0.093 seconds
[2025-02-11T23:49:26.946+0000] {processor.py:186} INFO - Started process (PID=966) to work on /home/airflow/.local/lib/python3.12/site-packages/airflow/example_dags/example_task_group.py
[2025-02-11T23:49:26.948+0000] {processor.py:914} INFO - Processing file /home/airflow/.local/lib/python3.12/site-packages/airflow/example_dags/example_task_group.py for tasks to queue
[2025-02-11T23:49:26.951+0000] {logging_mixin.py:190} INFO - [2025-02-11T23:49:26.951+0000] {dagbag.py:588} INFO - Filling up the DagBag from /home/airflow/.local/lib/python3.12/site-packages/airflow/example_dags/example_task_group.py
[2025-02-11T23:49:26.964+0000] {processor.py:925} INFO - DAG(s) 'example_task_group' retrieved from /home/airflow/.local/lib/python3.12/site-packages/airflow/example_dags/example_task_group.py
[2025-02-11T23:49:26.991+0000] {logging_mixin.py:190} INFO - [2025-02-11T23:49:26.991+0000] {dag.py:3239} INFO - Sync 1 DAGs
[2025-02-11T23:49:27.010+0000] {logging_mixin.py:190} INFO - [2025-02-11T23:49:27.010+0000] {dag.py:4180} INFO - Setting next_dagrun for example_task_group to None, run_after=None
[2025-02-11T23:49:27.035+0000] {processor.py:208} INFO - Processing /home/airflow/.local/lib/python3.12/site-packages/airflow/example_dags/example_task_group.py took 0.098 seconds
[2025-02-11T23:49:57.320+0000] {processor.py:186} INFO - Started process (PID=1031) to work on /home/airflow/.local/lib/python3.12/site-packages/airflow/example_dags/example_task_group.py
[2025-02-11T23:49:57.330+0000] {processor.py:914} INFO - Processing file /home/airflow/.local/lib/python3.12/site-packages/airflow/example_dags/example_task_group.py for tasks to queue
[2025-02-11T23:49:57.336+0000] {logging_mixin.py:190} INFO - [2025-02-11T23:49:57.336+0000] {dagbag.py:588} INFO - Filling up the DagBag from /home/airflow/.local/lib/python3.12/site-packages/airflow/example_dags/example_task_group.py
[2025-02-11T23:49:57.360+0000] {processor.py:925} INFO - DAG(s) 'example_task_group' retrieved from /home/airflow/.local/lib/python3.12/site-packages/airflow/example_dags/example_task_group.py
[2025-02-11T23:49:57.417+0000] {logging_mixin.py:190} INFO - [2025-02-11T23:49:57.416+0000] {dag.py:3239} INFO - Sync 1 DAGs
[2025-02-11T23:49:57.448+0000] {logging_mixin.py:190} INFO - [2025-02-11T23:49:57.447+0000] {dag.py:4180} INFO - Setting next_dagrun for example_task_group to None, run_after=None
[2025-02-11T23:49:57.515+0000] {processor.py:208} INFO - Processing /home/airflow/.local/lib/python3.12/site-packages/airflow/example_dags/example_task_group.py took 0.203 seconds
[2025-02-11T23:50:27.695+0000] {processor.py:186} INFO - Started process (PID=1097) to work on /home/airflow/.local/lib/python3.12/site-packages/airflow/example_dags/example_task_group.py
[2025-02-11T23:50:27.696+0000] {processor.py:914} INFO - Processing file /home/airflow/.local/lib/python3.12/site-packages/airflow/example_dags/example_task_group.py for tasks to queue
[2025-02-11T23:50:27.699+0000] {logging_mixin.py:190} INFO - [2025-02-11T23:50:27.698+0000] {dagbag.py:588} INFO - Filling up the DagBag from /home/airflow/.local/lib/python3.12/site-packages/airflow/example_dags/example_task_group.py
[2025-02-11T23:50:27.712+0000] {processor.py:925} INFO - DAG(s) 'example_task_group' retrieved from /home/airflow/.local/lib/python3.12/site-packages/airflow/example_dags/example_task_group.py
[2025-02-11T23:50:27.736+0000] {logging_mixin.py:190} INFO - [2025-02-11T23:50:27.736+0000] {dag.py:3239} INFO - Sync 1 DAGs
[2025-02-11T23:50:27.752+0000] {logging_mixin.py:190} INFO - [2025-02-11T23:50:27.752+0000] {dag.py:4180} INFO - Setting next_dagrun for example_task_group to None, run_after=None
[2025-02-11T23:50:27.787+0000] {processor.py:208} INFO - Processing /home/airflow/.local/lib/python3.12/site-packages/airflow/example_dags/example_task_group.py took 0.100 seconds
[2025-02-11T23:50:58.142+0000] {processor.py:186} INFO - Started process (PID=1162) to work on /home/airflow/.local/lib/python3.12/site-packages/airflow/example_dags/example_task_group.py
[2025-02-11T23:50:58.143+0000] {processor.py:914} INFO - Processing file /home/airflow/.local/lib/python3.12/site-packages/airflow/example_dags/example_task_group.py for tasks to queue
[2025-02-11T23:50:58.147+0000] {logging_mixin.py:190} INFO - [2025-02-11T23:50:58.146+0000] {dagbag.py:588} INFO - Filling up the DagBag from /home/airflow/.local/lib/python3.12/site-packages/airflow/example_dags/example_task_group.py
[2025-02-11T23:50:58.165+0000] {processor.py:925} INFO - DAG(s) 'example_task_group' retrieved from /home/airflow/.local/lib/python3.12/site-packages/airflow/example_dags/example_task_group.py
[2025-02-11T23:50:58.217+0000] {logging_mixin.py:190} INFO - [2025-02-11T23:50:58.216+0000] {dag.py:3239} INFO - Sync 1 DAGs
[2025-02-11T23:50:58.247+0000] {logging_mixin.py:190} INFO - [2025-02-11T23:50:58.246+0000] {dag.py:4180} INFO - Setting next_dagrun for example_task_group to None, run_after=None
[2025-02-11T23:50:58.317+0000] {processor.py:208} INFO - Processing /home/airflow/.local/lib/python3.12/site-packages/airflow/example_dags/example_task_group.py took 0.184 seconds
[2025-02-11T23:51:28.402+0000] {processor.py:186} INFO - Started process (PID=1227) to work on /home/airflow/.local/lib/python3.12/site-packages/airflow/example_dags/example_task_group.py
[2025-02-11T23:51:28.404+0000] {processor.py:914} INFO - Processing file /home/airflow/.local/lib/python3.12/site-packages/airflow/example_dags/example_task_group.py for tasks to queue
[2025-02-11T23:51:28.407+0000] {logging_mixin.py:190} INFO - [2025-02-11T23:51:28.407+0000] {dagbag.py:588} INFO - Filling up the DagBag from /home/airflow/.local/lib/python3.12/site-packages/airflow/example_dags/example_task_group.py
[2025-02-11T23:51:28.426+0000] {processor.py:925} INFO - DAG(s) 'example_task_group' retrieved from /home/airflow/.local/lib/python3.12/site-packages/airflow/example_dags/example_task_group.py
[2025-02-11T23:51:28.455+0000] {logging_mixin.py:190} INFO - [2025-02-11T23:51:28.455+0000] {dag.py:3239} INFO - Sync 1 DAGs
[2025-02-11T23:51:28.477+0000] {logging_mixin.py:190} INFO - [2025-02-11T23:51:28.477+0000] {dag.py:4180} INFO - Setting next_dagrun for example_task_group to None, run_after=None
[2025-02-11T23:51:28.501+0000] {processor.py:208} INFO - Processing /home/airflow/.local/lib/python3.12/site-packages/airflow/example_dags/example_task_group.py took 0.108 seconds
[2025-02-11T23:51:59.348+0000] {processor.py:186} INFO - Started process (PID=1287) to work on /home/airflow/.local/lib/python3.12/site-packages/airflow/example_dags/example_task_group.py
[2025-02-11T23:51:59.349+0000] {processor.py:914} INFO - Processing file /home/airflow/.local/lib/python3.12/site-packages/airflow/example_dags/example_task_group.py for tasks to queue
[2025-02-11T23:51:59.351+0000] {logging_mixin.py:190} INFO - [2025-02-11T23:51:59.351+0000] {dagbag.py:588} INFO - Filling up the DagBag from /home/airflow/.local/lib/python3.12/site-packages/airflow/example_dags/example_task_group.py
[2025-02-11T23:51:59.363+0000] {processor.py:925} INFO - DAG(s) 'example_task_group' retrieved from /home/airflow/.local/lib/python3.12/site-packages/airflow/example_dags/example_task_group.py
[2025-02-11T23:51:59.397+0000] {logging_mixin.py:190} INFO - [2025-02-11T23:51:59.397+0000] {dag.py:3239} INFO - Sync 1 DAGs
[2025-02-11T23:51:59.420+0000] {logging_mixin.py:190} INFO - [2025-02-11T23:51:59.420+0000] {dag.py:4180} INFO - Setting next_dagrun for example_task_group to None, run_after=None
[2025-02-11T23:51:59.451+0000] {processor.py:208} INFO - Processing /home/airflow/.local/lib/python3.12/site-packages/airflow/example_dags/example_task_group.py took 0.111 seconds
[2025-02-11T23:52:30.735+0000] {processor.py:186} INFO - Started process (PID=1354) to work on /home/airflow/.local/lib/python3.12/site-packages/airflow/example_dags/example_task_group.py
[2025-02-11T23:52:30.737+0000] {processor.py:914} INFO - Processing file /home/airflow/.local/lib/python3.12/site-packages/airflow/example_dags/example_task_group.py for tasks to queue
[2025-02-11T23:52:30.740+0000] {logging_mixin.py:190} INFO - [2025-02-11T23:52:30.739+0000] {dagbag.py:588} INFO - Filling up the DagBag from /home/airflow/.local/lib/python3.12/site-packages/airflow/example_dags/example_task_group.py
[2025-02-11T23:52:30.750+0000] {processor.py:925} INFO - DAG(s) 'example_task_group' retrieved from /home/airflow/.local/lib/python3.12/site-packages/airflow/example_dags/example_task_group.py
[2025-02-11T23:52:30.780+0000] {logging_mixin.py:190} INFO - [2025-02-11T23:52:30.780+0000] {dag.py:3239} INFO - Sync 1 DAGs
[2025-02-11T23:52:30.800+0000] {logging_mixin.py:190} INFO - [2025-02-11T23:52:30.800+0000] {dag.py:4180} INFO - Setting next_dagrun for example_task_group to None, run_after=None
[2025-02-11T23:52:30.826+0000] {processor.py:208} INFO - Processing /home/airflow/.local/lib/python3.12/site-packages/airflow/example_dags/example_task_group.py took 0.100 seconds
[2025-02-11T23:53:01.025+0000] {processor.py:186} INFO - Started process (PID=1416) to work on /home/airflow/.local/lib/python3.12/site-packages/airflow/example_dags/example_task_group.py
[2025-02-11T23:53:01.037+0000] {processor.py:914} INFO - Processing file /home/airflow/.local/lib/python3.12/site-packages/airflow/example_dags/example_task_group.py for tasks to queue
[2025-02-11T23:53:01.041+0000] {logging_mixin.py:190} INFO - [2025-02-11T23:53:01.041+0000] {dagbag.py:588} INFO - Filling up the DagBag from /home/airflow/.local/lib/python3.12/site-packages/airflow/example_dags/example_task_group.py
[2025-02-11T23:53:01.059+0000] {processor.py:925} INFO - DAG(s) 'example_task_group' retrieved from /home/airflow/.local/lib/python3.12/site-packages/airflow/example_dags/example_task_group.py
[2025-02-11T23:53:01.097+0000] {logging_mixin.py:190} INFO - [2025-02-11T23:53:01.097+0000] {dag.py:3239} INFO - Sync 1 DAGs
[2025-02-11T23:53:01.127+0000] {logging_mixin.py:190} INFO - [2025-02-11T23:53:01.127+0000] {dag.py:4180} INFO - Setting next_dagrun for example_task_group to None, run_after=None
[2025-02-11T23:53:01.160+0000] {processor.py:208} INFO - Processing /home/airflow/.local/lib/python3.12/site-packages/airflow/example_dags/example_task_group.py took 0.149 seconds
[2025-02-11T23:53:31.660+0000] {processor.py:186} INFO - Started process (PID=1482) to work on /home/airflow/.local/lib/python3.12/site-packages/airflow/example_dags/example_task_group.py
[2025-02-11T23:53:31.661+0000] {processor.py:914} INFO - Processing file /home/airflow/.local/lib/python3.12/site-packages/airflow/example_dags/example_task_group.py for tasks to queue
[2025-02-11T23:53:31.664+0000] {logging_mixin.py:190} INFO - [2025-02-11T23:53:31.664+0000] {dagbag.py:588} INFO - Filling up the DagBag from /home/airflow/.local/lib/python3.12/site-packages/airflow/example_dags/example_task_group.py
[2025-02-11T23:53:31.678+0000] {processor.py:925} INFO - DAG(s) 'example_task_group' retrieved from /home/airflow/.local/lib/python3.12/site-packages/airflow/example_dags/example_task_group.py
[2025-02-11T23:53:31.708+0000] {logging_mixin.py:190} INFO - [2025-02-11T23:53:31.708+0000] {dag.py:3239} INFO - Sync 1 DAGs
[2025-02-11T23:53:31.730+0000] {logging_mixin.py:190} INFO - [2025-02-11T23:53:31.730+0000] {dag.py:4180} INFO - Setting next_dagrun for example_task_group to None, run_after=None
[2025-02-11T23:53:31.762+0000] {processor.py:208} INFO - Processing /home/airflow/.local/lib/python3.12/site-packages/airflow/example_dags/example_task_group.py took 0.113 seconds
[2025-02-11T23:54:02.543+0000] {processor.py:186} INFO - Started process (PID=1549) to work on /home/airflow/.local/lib/python3.12/site-packages/airflow/example_dags/example_task_group.py
[2025-02-11T23:54:02.547+0000] {processor.py:914} INFO - Processing file /home/airflow/.local/lib/python3.12/site-packages/airflow/example_dags/example_task_group.py for tasks to queue
[2025-02-11T23:54:02.550+0000] {logging_mixin.py:190} INFO - [2025-02-11T23:54:02.550+0000] {dagbag.py:588} INFO - Filling up the DagBag from /home/airflow/.local/lib/python3.12/site-packages/airflow/example_dags/example_task_group.py
[2025-02-11T23:54:02.597+0000] {processor.py:925} INFO - DAG(s) 'example_task_group' retrieved from /home/airflow/.local/lib/python3.12/site-packages/airflow/example_dags/example_task_group.py
[2025-02-11T23:54:02.652+0000] {logging_mixin.py:190} INFO - [2025-02-11T23:54:02.652+0000] {dag.py:3239} INFO - Sync 1 DAGs
[2025-02-11T23:54:02.692+0000] {logging_mixin.py:190} INFO - [2025-02-11T23:54:02.692+0000] {dag.py:4180} INFO - Setting next_dagrun for example_task_group to None, run_after=None
[2025-02-11T23:54:02.733+0000] {processor.py:208} INFO - Processing /home/airflow/.local/lib/python3.12/site-packages/airflow/example_dags/example_task_group.py took 0.199 seconds
[2025-02-11T23:54:33.320+0000] {processor.py:186} INFO - Started process (PID=1615) to work on /home/airflow/.local/lib/python3.12/site-packages/airflow/example_dags/example_task_group.py
[2025-02-11T23:54:33.327+0000] {processor.py:914} INFO - Processing file /home/airflow/.local/lib/python3.12/site-packages/airflow/example_dags/example_task_group.py for tasks to queue
[2025-02-11T23:54:33.331+0000] {logging_mixin.py:190} INFO - [2025-02-11T23:54:33.330+0000] {dagbag.py:588} INFO - Filling up the DagBag from /home/airflow/.local/lib/python3.12/site-packages/airflow/example_dags/example_task_group.py
[2025-02-11T23:54:33.355+0000] {processor.py:925} INFO - DAG(s) 'example_task_group' retrieved from /home/airflow/.local/lib/python3.12/site-packages/airflow/example_dags/example_task_group.py
[2025-02-11T23:54:33.424+0000] {logging_mixin.py:190} INFO - [2025-02-11T23:54:33.414+0000] {dag.py:3239} INFO - Sync 1 DAGs
[2025-02-11T23:54:33.489+0000] {logging_mixin.py:190} INFO - [2025-02-11T23:54:33.479+0000] {dag.py:4180} INFO - Setting next_dagrun for example_task_group to None, run_after=None
[2025-02-11T23:54:33.579+0000] {processor.py:208} INFO - Processing /home/airflow/.local/lib/python3.12/site-packages/airflow/example_dags/example_task_group.py took 0.266 seconds
[2025-02-11T23:55:04.566+0000] {processor.py:186} INFO - Started process (PID=1682) to work on /home/airflow/.local/lib/python3.12/site-packages/airflow/example_dags/example_task_group.py
[2025-02-11T23:55:04.579+0000] {processor.py:914} INFO - Processing file /home/airflow/.local/lib/python3.12/site-packages/airflow/example_dags/example_task_group.py for tasks to queue
[2025-02-11T23:55:04.582+0000] {logging_mixin.py:190} INFO - [2025-02-11T23:55:04.582+0000] {dagbag.py:588} INFO - Filling up the DagBag from /home/airflow/.local/lib/python3.12/site-packages/airflow/example_dags/example_task_group.py
[2025-02-11T23:55:04.614+0000] {processor.py:925} INFO - DAG(s) 'example_task_group' retrieved from /home/airflow/.local/lib/python3.12/site-packages/airflow/example_dags/example_task_group.py
[2025-02-11T23:55:04.679+0000] {logging_mixin.py:190} INFO - [2025-02-11T23:55:04.679+0000] {dag.py:3239} INFO - Sync 1 DAGs
[2025-02-11T23:55:04.741+0000] {logging_mixin.py:190} INFO - [2025-02-11T23:55:04.741+0000] {dag.py:4180} INFO - Setting next_dagrun for example_task_group to None, run_after=None
[2025-02-11T23:55:04.810+0000] {processor.py:208} INFO - Processing /home/airflow/.local/lib/python3.12/site-packages/airflow/example_dags/example_task_group.py took 0.263 seconds
[2025-02-11T23:55:35.245+0000] {processor.py:186} INFO - Started process (PID=1748) to work on /home/airflow/.local/lib/python3.12/site-packages/airflow/example_dags/example_task_group.py
[2025-02-11T23:55:35.246+0000] {processor.py:914} INFO - Processing file /home/airflow/.local/lib/python3.12/site-packages/airflow/example_dags/example_task_group.py for tasks to queue
[2025-02-11T23:55:35.250+0000] {logging_mixin.py:190} INFO - [2025-02-11T23:55:35.249+0000] {dagbag.py:588} INFO - Filling up the DagBag from /home/airflow/.local/lib/python3.12/site-packages/airflow/example_dags/example_task_group.py
[2025-02-11T23:55:35.261+0000] {processor.py:925} INFO - DAG(s) 'example_task_group' retrieved from /home/airflow/.local/lib/python3.12/site-packages/airflow/example_dags/example_task_group.py
[2025-02-11T23:55:35.284+0000] {logging_mixin.py:190} INFO - [2025-02-11T23:55:35.284+0000] {dag.py:3239} INFO - Sync 1 DAGs
[2025-02-11T23:55:35.302+0000] {logging_mixin.py:190} INFO - [2025-02-11T23:55:35.301+0000] {dag.py:4180} INFO - Setting next_dagrun for example_task_group to None, run_after=None
[2025-02-11T23:55:35.335+0000] {processor.py:208} INFO - Processing /home/airflow/.local/lib/python3.12/site-packages/airflow/example_dags/example_task_group.py took 0.097 seconds
[2025-02-11T23:56:05.452+0000] {processor.py:186} INFO - Started process (PID=1814) to work on /home/airflow/.local/lib/python3.12/site-packages/airflow/example_dags/example_task_group.py
[2025-02-11T23:56:05.454+0000] {processor.py:914} INFO - Processing file /home/airflow/.local/lib/python3.12/site-packages/airflow/example_dags/example_task_group.py for tasks to queue
[2025-02-11T23:56:05.457+0000] {logging_mixin.py:190} INFO - [2025-02-11T23:56:05.456+0000] {dagbag.py:588} INFO - Filling up the DagBag from /home/airflow/.local/lib/python3.12/site-packages/airflow/example_dags/example_task_group.py
[2025-02-11T23:56:05.467+0000] {processor.py:925} INFO - DAG(s) 'example_task_group' retrieved from /home/airflow/.local/lib/python3.12/site-packages/airflow/example_dags/example_task_group.py
[2025-02-11T23:56:05.493+0000] {logging_mixin.py:190} INFO - [2025-02-11T23:56:05.493+0000] {dag.py:3239} INFO - Sync 1 DAGs
[2025-02-11T23:56:05.509+0000] {logging_mixin.py:190} INFO - [2025-02-11T23:56:05.508+0000] {dag.py:4180} INFO - Setting next_dagrun for example_task_group to None, run_after=None
[2025-02-11T23:56:05.534+0000] {processor.py:208} INFO - Processing /home/airflow/.local/lib/python3.12/site-packages/airflow/example_dags/example_task_group.py took 0.089 seconds
[2025-02-11T23:56:36.336+0000] {processor.py:186} INFO - Started process (PID=1880) to work on /home/airflow/.local/lib/python3.12/site-packages/airflow/example_dags/example_task_group.py
[2025-02-11T23:56:36.337+0000] {processor.py:914} INFO - Processing file /home/airflow/.local/lib/python3.12/site-packages/airflow/example_dags/example_task_group.py for tasks to queue
[2025-02-11T23:56:36.340+0000] {logging_mixin.py:190} INFO - [2025-02-11T23:56:36.340+0000] {dagbag.py:588} INFO - Filling up the DagBag from /home/airflow/.local/lib/python3.12/site-packages/airflow/example_dags/example_task_group.py
[2025-02-11T23:56:36.350+0000] {processor.py:925} INFO - DAG(s) 'example_task_group' retrieved from /home/airflow/.local/lib/python3.12/site-packages/airflow/example_dags/example_task_group.py
[2025-02-11T23:56:36.376+0000] {logging_mixin.py:190} INFO - [2025-02-11T23:56:36.376+0000] {dag.py:3239} INFO - Sync 1 DAGs
[2025-02-11T23:56:36.394+0000] {logging_mixin.py:190} INFO - [2025-02-11T23:56:36.393+0000] {dag.py:4180} INFO - Setting next_dagrun for example_task_group to None, run_after=None
[2025-02-11T23:56:36.416+0000] {processor.py:208} INFO - Processing /home/airflow/.local/lib/python3.12/site-packages/airflow/example_dags/example_task_group.py took 0.087 seconds
[2025-02-11T23:57:06.798+0000] {processor.py:186} INFO - Started process (PID=1947) to work on /home/airflow/.local/lib/python3.12/site-packages/airflow/example_dags/example_task_group.py
[2025-02-11T23:57:06.799+0000] {processor.py:914} INFO - Processing file /home/airflow/.local/lib/python3.12/site-packages/airflow/example_dags/example_task_group.py for tasks to queue
[2025-02-11T23:57:06.803+0000] {logging_mixin.py:190} INFO - [2025-02-11T23:57:06.803+0000] {dagbag.py:588} INFO - Filling up the DagBag from /home/airflow/.local/lib/python3.12/site-packages/airflow/example_dags/example_task_group.py
[2025-02-11T23:57:06.814+0000] {processor.py:925} INFO - DAG(s) 'example_task_group' retrieved from /home/airflow/.local/lib/python3.12/site-packages/airflow/example_dags/example_task_group.py
[2025-02-11T23:57:06.840+0000] {logging_mixin.py:190} INFO - [2025-02-11T23:57:06.839+0000] {dag.py:3239} INFO - Sync 1 DAGs
[2025-02-11T23:57:06.861+0000] {logging_mixin.py:190} INFO - [2025-02-11T23:57:06.861+0000] {dag.py:4180} INFO - Setting next_dagrun for example_task_group to None, run_after=None
[2025-02-11T23:57:06.887+0000] {processor.py:208} INFO - Processing /home/airflow/.local/lib/python3.12/site-packages/airflow/example_dags/example_task_group.py took 0.094 seconds
[2025-02-11T23:57:37.438+0000] {processor.py:186} INFO - Started process (PID=2013) to work on /home/airflow/.local/lib/python3.12/site-packages/airflow/example_dags/example_task_group.py
[2025-02-11T23:57:37.440+0000] {processor.py:914} INFO - Processing file /home/airflow/.local/lib/python3.12/site-packages/airflow/example_dags/example_task_group.py for tasks to queue
[2025-02-11T23:57:37.444+0000] {logging_mixin.py:190} INFO - [2025-02-11T23:57:37.443+0000] {dagbag.py:588} INFO - Filling up the DagBag from /home/airflow/.local/lib/python3.12/site-packages/airflow/example_dags/example_task_group.py
[2025-02-11T23:57:37.463+0000] {processor.py:925} INFO - DAG(s) 'example_task_group' retrieved from /home/airflow/.local/lib/python3.12/site-packages/airflow/example_dags/example_task_group.py
[2025-02-11T23:57:37.498+0000] {logging_mixin.py:190} INFO - [2025-02-11T23:57:37.497+0000] {dag.py:3239} INFO - Sync 1 DAGs
[2025-02-11T23:57:37.522+0000] {logging_mixin.py:190} INFO - [2025-02-11T23:57:37.521+0000] {dag.py:4180} INFO - Setting next_dagrun for example_task_group to None, run_after=None
[2025-02-11T23:57:37.552+0000] {processor.py:208} INFO - Processing /home/airflow/.local/lib/python3.12/site-packages/airflow/example_dags/example_task_group.py took 0.126 seconds
[2025-02-11T23:58:08.056+0000] {processor.py:186} INFO - Started process (PID=2079) to work on /home/airflow/.local/lib/python3.12/site-packages/airflow/example_dags/example_task_group.py
[2025-02-11T23:58:08.058+0000] {processor.py:914} INFO - Processing file /home/airflow/.local/lib/python3.12/site-packages/airflow/example_dags/example_task_group.py for tasks to queue
[2025-02-11T23:58:08.061+0000] {logging_mixin.py:190} INFO - [2025-02-11T23:58:08.061+0000] {dagbag.py:588} INFO - Filling up the DagBag from /home/airflow/.local/lib/python3.12/site-packages/airflow/example_dags/example_task_group.py
[2025-02-11T23:58:08.077+0000] {processor.py:925} INFO - DAG(s) 'example_task_group' retrieved from /home/airflow/.local/lib/python3.12/site-packages/airflow/example_dags/example_task_group.py
[2025-02-11T23:58:08.110+0000] {logging_mixin.py:190} INFO - [2025-02-11T23:58:08.110+0000] {dag.py:3239} INFO - Sync 1 DAGs
[2025-02-11T23:58:08.135+0000] {logging_mixin.py:190} INFO - [2025-02-11T23:58:08.135+0000] {dag.py:4180} INFO - Setting next_dagrun for example_task_group to None, run_after=None
[2025-02-11T23:58:08.165+0000] {processor.py:208} INFO - Processing /home/airflow/.local/lib/python3.12/site-packages/airflow/example_dags/example_task_group.py took 0.119 seconds
[2025-02-11T23:58:38.710+0000] {processor.py:186} INFO - Started process (PID=2145) to work on /home/airflow/.local/lib/python3.12/site-packages/airflow/example_dags/example_task_group.py
[2025-02-11T23:58:38.712+0000] {processor.py:914} INFO - Processing file /home/airflow/.local/lib/python3.12/site-packages/airflow/example_dags/example_task_group.py for tasks to queue
[2025-02-11T23:58:38.719+0000] {logging_mixin.py:190} INFO - [2025-02-11T23:58:38.719+0000] {dagbag.py:588} INFO - Filling up the DagBag from /home/airflow/.local/lib/python3.12/site-packages/airflow/example_dags/example_task_group.py
[2025-02-11T23:58:38.741+0000] {processor.py:925} INFO - DAG(s) 'example_task_group' retrieved from /home/airflow/.local/lib/python3.12/site-packages/airflow/example_dags/example_task_group.py
[2025-02-11T23:58:38.798+0000] {logging_mixin.py:190} INFO - [2025-02-11T23:58:38.798+0000] {dag.py:3239} INFO - Sync 1 DAGs
[2025-02-11T23:58:38.819+0000] {logging_mixin.py:190} INFO - [2025-02-11T23:58:38.819+0000] {dag.py:4180} INFO - Setting next_dagrun for example_task_group to None, run_after=None
[2025-02-11T23:58:38.845+0000] {processor.py:208} INFO - Processing /home/airflow/.local/lib/python3.12/site-packages/airflow/example_dags/example_task_group.py took 0.145 seconds
[2025-02-11T23:59:09.512+0000] {processor.py:186} INFO - Started process (PID=2211) to work on /home/airflow/.local/lib/python3.12/site-packages/airflow/example_dags/example_task_group.py
[2025-02-11T23:59:09.513+0000] {processor.py:914} INFO - Processing file /home/airflow/.local/lib/python3.12/site-packages/airflow/example_dags/example_task_group.py for tasks to queue
[2025-02-11T23:59:09.517+0000] {logging_mixin.py:190} INFO - [2025-02-11T23:59:09.517+0000] {dagbag.py:588} INFO - Filling up the DagBag from /home/airflow/.local/lib/python3.12/site-packages/airflow/example_dags/example_task_group.py
[2025-02-11T23:59:09.531+0000] {processor.py:925} INFO - DAG(s) 'example_task_group' retrieved from /home/airflow/.local/lib/python3.12/site-packages/airflow/example_dags/example_task_group.py
[2025-02-11T23:59:09.558+0000] {logging_mixin.py:190} INFO - [2025-02-11T23:59:09.558+0000] {dag.py:3239} INFO - Sync 1 DAGs
[2025-02-11T23:59:09.584+0000] {logging_mixin.py:190} INFO - [2025-02-11T23:59:09.583+0000] {dag.py:4180} INFO - Setting next_dagrun for example_task_group to None, run_after=None
[2025-02-11T23:59:09.610+0000] {processor.py:208} INFO - Processing /home/airflow/.local/lib/python3.12/site-packages/airflow/example_dags/example_task_group.py took 0.108 seconds
[2025-02-11T23:59:40.542+0000] {processor.py:186} INFO - Started process (PID=2277) to work on /home/airflow/.local/lib/python3.12/site-packages/airflow/example_dags/example_task_group.py
[2025-02-11T23:59:40.543+0000] {processor.py:914} INFO - Processing file /home/airflow/.local/lib/python3.12/site-packages/airflow/example_dags/example_task_group.py for tasks to queue
[2025-02-11T23:59:40.546+0000] {logging_mixin.py:190} INFO - [2025-02-11T23:59:40.545+0000] {dagbag.py:588} INFO - Filling up the DagBag from /home/airflow/.local/lib/python3.12/site-packages/airflow/example_dags/example_task_group.py
[2025-02-11T23:59:40.557+0000] {processor.py:925} INFO - DAG(s) 'example_task_group' retrieved from /home/airflow/.local/lib/python3.12/site-packages/airflow/example_dags/example_task_group.py
[2025-02-11T23:59:40.585+0000] {logging_mixin.py:190} INFO - [2025-02-11T23:59:40.585+0000] {dag.py:3239} INFO - Sync 1 DAGs
[2025-02-11T23:59:40.600+0000] {logging_mixin.py:190} INFO - [2025-02-11T23:59:40.600+0000] {dag.py:4180} INFO - Setting next_dagrun for example_task_group to None, run_after=None
[2025-02-11T23:59:40.621+0000] {processor.py:208} INFO - Processing /home/airflow/.local/lib/python3.12/site-packages/airflow/example_dags/example_task_group.py took 0.086 seconds
