[2025-02-13T00:31:04.218+0000] {local_task_job_runner.py:123} INFO - ::group::Pre task execution logs
[2025-02-13T00:31:04.235+0000] {taskinstance.py:2613} INFO - Dependencies all met for dep_context=non-requeueable deps ti=<TaskInstance: clientes_dag.extractor_loader manual__2025-02-13T00:31:01.120327+00:00 [queued]>
[2025-02-13T00:31:04.243+0000] {taskinstance.py:2613} INFO - Dependencies all met for dep_context=requeueable deps ti=<TaskInstance: clientes_dag.extractor_loader manual__2025-02-13T00:31:01.120327+00:00 [queued]>
[2025-02-13T00:31:04.245+0000] {taskinstance.py:2866} INFO - Starting attempt 1 of 6
[2025-02-13T00:31:04.258+0000] {taskinstance.py:2889} INFO - Executing <Task(PythonOperator): extractor_loader> on 2025-02-13 00:31:01.120327+00:00
[2025-02-13T00:31:04.266+0000] {warnings.py:112} WARNING - /home/***/.local/lib/python3.12/site-packages/***/task/task_runner/standard_task_runner.py:70: DeprecationWarning: This process (pid=76) is multi-threaded, use of fork() may lead to deadlocks in the child.
  pid = os.fork()

[2025-02-13T00:31:04.268+0000] {standard_task_runner.py:72} INFO - Started process 78 to run task
[2025-02-13T00:31:04.269+0000] {standard_task_runner.py:104} INFO - Running: ['***', 'tasks', 'run', 'clientes_dag', 'extractor_loader', 'manual__2025-02-13T00:31:01.120327+00:00', '--job-id', '384', '--raw', '--subdir', 'DAGS_FOLDER/app/clientes_dag.py', '--cfg-path', '/tmp/tmpdc4o0xrc']
[2025-02-13T00:31:04.270+0000] {standard_task_runner.py:105} INFO - Job 384: Subtask extractor_loader
[2025-02-13T00:31:04.324+0000] {task_command.py:467} INFO - Running <TaskInstance: clientes_dag.extractor_loader manual__2025-02-13T00:31:01.120327+00:00 [running]> on host 6cb17d549356
[2025-02-13T00:31:04.409+0000] {taskinstance.py:3132} INFO - Exporting env vars: AIRFLOW_CTX_DAG_OWNER='dnc' AIRFLOW_CTX_DAG_ID='clientes_dag' AIRFLOW_CTX_TASK_ID='extractor_loader' AIRFLOW_CTX_EXECUTION_DATE='2025-02-13T00:31:01.120327+00:00' AIRFLOW_CTX_TRY_NUMBER='1' AIRFLOW_CTX_DAG_RUN_ID='manual__2025-02-13T00:31:01.120327+00:00'
[2025-02-13T00:31:04.410+0000] {logging_mixin.py:190} INFO - Task instance is in running state
[2025-02-13T00:31:04.412+0000] {logging_mixin.py:190} INFO -  Previous state of the Task instance: queued
[2025-02-13T00:31:04.413+0000] {logging_mixin.py:190} INFO - Current task name:extractor_loader state:running start_date:2025-02-13 00:31:04.236352+00:00
[2025-02-13T00:31:04.414+0000] {logging_mixin.py:190} INFO - Dag name:clientes_dag and current dag run status:running
[2025-02-13T00:31:04.414+0000] {taskinstance.py:731} INFO - ::endgroup::
[2025-02-13T00:31:04.415+0000] {logging_mixin.py:190} INFO - Initializing data extraction from Raw Folder
[2025-02-13T00:31:06.299+0000] {logging_mixin.py:190} INFO - <class 'pandas.core.frame.DataFrame'>
RangeIndex: 99999 entries, 0 to 99998
Data columns (total 6 columns):
 #   Column               Non-Null Count  Dtype 
---  ------               --------------  ----- 
 0   id                   99999 non-null  int64 
 1   name                 75113 non-null  object
 2   email                74953 non-null  object
 3   date_of_birth        74828 non-null  object
 4   signup_date          99998 non-null  object
 5   subscription_status  99999 non-null  object
dtypes: int64(1), object(5)
memory usage: 4.6+ MB
[2025-02-13T00:31:06.300+0000] {logging_mixin.py:190} INFO - Dataframe Clientes None
[2025-02-13T00:31:06.300+0000] {logging_mixin.py:190} INFO - Saving Data into Bronze Layer
[2025-02-13T00:31:06.327+0000] {taskinstance.py:3311} ERROR - Task failed with exception
Traceback (most recent call last):
  File "/home/airflow/.local/lib/python3.12/site-packages/airflow/models/taskinstance.py", line 767, in _execute_task
    result = _execute_callable(context=context, **execute_callable_kwargs)
             ^^^^^^^^^^^^^^^^^^^^^^^^^^^^^^^^^^^^^^^^^^^^^^^^^^^^^^^^^^^^^
  File "/home/airflow/.local/lib/python3.12/site-packages/airflow/models/taskinstance.py", line 733, in _execute_callable
    return ExecutionCallableRunner(
           ^^^^^^^^^^^^^^^^^^^^^^^^
  File "/home/airflow/.local/lib/python3.12/site-packages/airflow/utils/operator_helpers.py", line 252, in run
    return self.func(*args, **kwargs)
           ^^^^^^^^^^^^^^^^^^^^^^^^^^
  File "/home/airflow/.local/lib/python3.12/site-packages/airflow/models/baseoperator.py", line 422, in wrapper
    return func(self, *args, **kwargs)
           ^^^^^^^^^^^^^^^^^^^^^^^^^^^
  File "/home/airflow/.local/lib/python3.12/site-packages/airflow/operators/python.py", line 238, in execute
    return_value = self.execute_callable()
                   ^^^^^^^^^^^^^^^^^^^^^^^
  File "/home/airflow/.local/lib/python3.12/site-packages/airflow/operators/python.py", line 256, in execute_callable
    return runner.run(*self.op_args, **self.op_kwargs)
           ^^^^^^^^^^^^^^^^^^^^^^^^^^^^^^^^^^^^^^^^^^^
  File "/home/airflow/.local/lib/python3.12/site-packages/airflow/utils/operator_helpers.py", line 252, in run
    return self.func(*args, **kwargs)
           ^^^^^^^^^^^^^^^^^^^^^^^^^^
  File "/opt/airflow/dags/app/extractor_loader.py", line 38, in extractor_from_raw_to_bronze
    filesystem=s3fs.S3FileSystemFileSystem()
               ^^^^^^^^^^^^^^^^^^^^^^^^^^^
AttributeError: module 's3fs' has no attribute 'S3FileSystemFileSystem'
[2025-02-13T00:31:06.343+0000] {logging_mixin.py:190} INFO - Task instance in failure state
[2025-02-13T00:31:06.346+0000] {logging_mixin.py:190} INFO - Task start:2025-02-13 00:31:04.236352+00:00 end:2025-02-13 00:31:06.342932+00:00 duration:2.10658
[2025-02-13T00:31:06.347+0000] {logging_mixin.py:190} INFO - Task:<Task(PythonOperator): extractor_loader> dag:<DAG: clientes_dag> dagrun:<DagRun clientes_dag @ 2025-02-13 00:31:01.120327+00:00: manual__2025-02-13T00:31:01.120327+00:00, state:running, queued_at: 2025-02-13 00:31:01.158679+00:00. externally triggered: True>
[2025-02-13T00:31:06.348+0000] {logging_mixin.py:190} INFO - Failure caused by module 's3fs' has no attribute 'S3FileSystemFileSystem'
[2025-02-13T00:31:06.348+0000] {taskinstance.py:1225} INFO - Marking task as UP_FOR_RETRY. dag_id=clientes_dag, task_id=extractor_loader, run_id=manual__2025-02-13T00:31:01.120327+00:00, execution_date=20250213T003101, start_date=20250213T003104, end_date=20250213T003106
[2025-02-13T00:31:06.365+0000] {taskinstance.py:340} INFO - ::group::Post task execution logs
[2025-02-13T00:31:06.366+0000] {standard_task_runner.py:124} ERROR - Failed to execute job 384 for task extractor_loader (module 's3fs' has no attribute 'S3FileSystemFileSystem'; 78)
Traceback (most recent call last):
  File "/home/airflow/.local/lib/python3.12/site-packages/airflow/task/task_runner/standard_task_runner.py", line 117, in _start_by_fork
    ret = args.func(args, dag=self.dag)
          ^^^^^^^^^^^^^^^^^^^^^^^^^^^^^
  File "/home/airflow/.local/lib/python3.12/site-packages/airflow/cli/cli_config.py", line 49, in command
    return func(*args, **kwargs)
           ^^^^^^^^^^^^^^^^^^^^^
  File "/home/airflow/.local/lib/python3.12/site-packages/airflow/utils/cli.py", line 116, in wrapper
    return f(*args, **kwargs)
           ^^^^^^^^^^^^^^^^^^
  File "/home/airflow/.local/lib/python3.12/site-packages/airflow/cli/commands/task_command.py", line 483, in task_run
    task_return_code = _run_task_by_selected_method(args, _dag, ti)
                       ^^^^^^^^^^^^^^^^^^^^^^^^^^^^^^^^^^^^^^^^^^^^
  File "/home/airflow/.local/lib/python3.12/site-packages/airflow/cli/commands/task_command.py", line 256, in _run_task_by_selected_method
    return _run_raw_task(args, ti)
           ^^^^^^^^^^^^^^^^^^^^^^^
  File "/home/airflow/.local/lib/python3.12/site-packages/airflow/cli/commands/task_command.py", line 341, in _run_raw_task
    return ti._run_raw_task(
           ^^^^^^^^^^^^^^^^^
  File "/home/airflow/.local/lib/python3.12/site-packages/airflow/utils/session.py", line 97, in wrapper
    return func(*args, session=session, **kwargs)
           ^^^^^^^^^^^^^^^^^^^^^^^^^^^^^^^^^^^^^^
  File "/home/airflow/.local/lib/python3.12/site-packages/airflow/models/taskinstance.py", line 3005, in _run_raw_task
    return _run_raw_task(
           ^^^^^^^^^^^^^^
  File "/home/airflow/.local/lib/python3.12/site-packages/airflow/models/taskinstance.py", line 273, in _run_raw_task
    TaskInstance._execute_task_with_callbacks(
  File "/home/airflow/.local/lib/python3.12/site-packages/airflow/models/taskinstance.py", line 3159, in _execute_task_with_callbacks
    result = self._execute_task(context, task_orig)
             ^^^^^^^^^^^^^^^^^^^^^^^^^^^^^^^^^^^^^^
  File "/home/airflow/.local/lib/python3.12/site-packages/airflow/models/taskinstance.py", line 3183, in _execute_task
    return _execute_task(self, context, task_orig)
           ^^^^^^^^^^^^^^^^^^^^^^^^^^^^^^^^^^^^^^^
  File "/home/airflow/.local/lib/python3.12/site-packages/airflow/models/taskinstance.py", line 767, in _execute_task
    result = _execute_callable(context=context, **execute_callable_kwargs)
             ^^^^^^^^^^^^^^^^^^^^^^^^^^^^^^^^^^^^^^^^^^^^^^^^^^^^^^^^^^^^^
  File "/home/airflow/.local/lib/python3.12/site-packages/airflow/models/taskinstance.py", line 733, in _execute_callable
    return ExecutionCallableRunner(
           ^^^^^^^^^^^^^^^^^^^^^^^^
  File "/home/airflow/.local/lib/python3.12/site-packages/airflow/utils/operator_helpers.py", line 252, in run
    return self.func(*args, **kwargs)
           ^^^^^^^^^^^^^^^^^^^^^^^^^^
  File "/home/airflow/.local/lib/python3.12/site-packages/airflow/models/baseoperator.py", line 422, in wrapper
    return func(self, *args, **kwargs)
           ^^^^^^^^^^^^^^^^^^^^^^^^^^^
  File "/home/airflow/.local/lib/python3.12/site-packages/airflow/operators/python.py", line 238, in execute
    return_value = self.execute_callable()
                   ^^^^^^^^^^^^^^^^^^^^^^^
  File "/home/airflow/.local/lib/python3.12/site-packages/airflow/operators/python.py", line 256, in execute_callable
    return runner.run(*self.op_args, **self.op_kwargs)
           ^^^^^^^^^^^^^^^^^^^^^^^^^^^^^^^^^^^^^^^^^^^
  File "/home/airflow/.local/lib/python3.12/site-packages/airflow/utils/operator_helpers.py", line 252, in run
    return self.func(*args, **kwargs)
           ^^^^^^^^^^^^^^^^^^^^^^^^^^
  File "/opt/airflow/dags/app/extractor_loader.py", line 38, in extractor_from_raw_to_bronze
    filesystem=s3fs.S3FileSystemFileSystem()
               ^^^^^^^^^^^^^^^^^^^^^^^^^^^
AttributeError: module 's3fs' has no attribute 'S3FileSystemFileSystem'
[2025-02-13T00:31:06.388+0000] {local_task_job_runner.py:266} INFO - Task exited with return code 1
[2025-02-13T00:31:06.408+0000] {taskinstance.py:3895} INFO - 0 downstream tasks scheduled from follow-on schedule check
[2025-02-13T00:31:06.412+0000] {local_task_job_runner.py:245} INFO - ::endgroup::
