[2025-02-14T00:52:10.936+0000] {local_task_job_runner.py:123} INFO - ::group::Pre task execution logs
[2025-02-14T00:52:10.960+0000] {taskinstance.py:2613} INFO - Dependencies all met for dep_context=non-requeueable deps ti=<TaskInstance: clientes_dag.Transformer_Bronze_to_Silver manual__2025-02-14T00:52:00.681589+00:00 [queued]>
[2025-02-14T00:52:10.975+0000] {taskinstance.py:2613} INFO - Dependencies all met for dep_context=requeueable deps ti=<TaskInstance: clientes_dag.Transformer_Bronze_to_Silver manual__2025-02-14T00:52:00.681589+00:00 [queued]>
[2025-02-14T00:52:10.977+0000] {taskinstance.py:2866} INFO - Starting attempt 1 of 6
[2025-02-14T00:52:10.999+0000] {taskinstance.py:2889} INFO - Executing <Task(PythonOperator): Transformer_Bronze_to_Silver> on 2025-02-14 00:52:00.681589+00:00
[2025-02-14T00:52:11.006+0000] {warnings.py:112} WARNING - /home/***/.local/lib/python3.12/site-packages/***/task/task_runner/standard_task_runner.py:70: DeprecationWarning: This process (pid=66) is multi-threaded, use of fork() may lead to deadlocks in the child.
  pid = os.fork()

[2025-02-14T00:52:11.008+0000] {standard_task_runner.py:72} INFO - Started process 68 to run task
[2025-02-14T00:52:11.008+0000] {standard_task_runner.py:104} INFO - Running: ['***', 'tasks', 'run', 'clientes_dag', 'Transformer_Bronze_to_Silver', 'manual__2025-02-14T00:52:00.681589+00:00', '--job-id', '514', '--raw', '--subdir', 'DAGS_FOLDER/app/clientes_dag.py', '--cfg-path', '/tmp/tmp6qz_zfos']
[2025-02-14T00:52:11.010+0000] {standard_task_runner.py:105} INFO - Job 514: Subtask Transformer_Bronze_to_Silver
[2025-02-14T00:52:11.077+0000] {task_command.py:467} INFO - Running <TaskInstance: clientes_dag.Transformer_Bronze_to_Silver manual__2025-02-14T00:52:00.681589+00:00 [running]> on host f09114347d7a
[2025-02-14T00:52:11.179+0000] {taskinstance.py:3132} INFO - Exporting env vars: AIRFLOW_CTX_DAG_OWNER='dnc' AIRFLOW_CTX_DAG_ID='clientes_dag' AIRFLOW_CTX_TASK_ID='Transformer_Bronze_to_Silver' AIRFLOW_CTX_EXECUTION_DATE='2025-02-14T00:52:00.681589+00:00' AIRFLOW_CTX_TRY_NUMBER='1' AIRFLOW_CTX_DAG_RUN_ID='manual__2025-02-14T00:52:00.681589+00:00'
[2025-02-14T00:52:11.183+0000] {logging_mixin.py:190} INFO - Task instance is in running state
[2025-02-14T00:52:11.185+0000] {logging_mixin.py:190} INFO -  Previous state of the Task instance: queued
[2025-02-14T00:52:11.186+0000] {logging_mixin.py:190} INFO - Current task name:Transformer_Bronze_to_Silver state:running start_date:2025-02-14 00:52:10.964172+00:00
[2025-02-14T00:52:11.186+0000] {logging_mixin.py:190} INFO - Dag name:clientes_dag and current dag run status:running
[2025-02-14T00:52:11.187+0000] {taskinstance.py:731} INFO - ::endgroup::
[2025-02-14T00:52:11.188+0000] {logging_mixin.py:190} INFO - Initializing data transformation from Bronze to Silver
[2025-02-14T00:52:11.211+0000] {credentials.py:1147} INFO - Found credentials in environment variables.
[2025-02-14T00:52:19.963+0000] {logging_mixin.py:190} INFO - <class 'pandas.core.frame.DataFrame'>
RangeIndex: 799992 entries, 0 to 799991
Data columns (total 6 columns):
 #   Column               Non-Null Count   Dtype 
---  ------               --------------   ----- 
 0   id                   799992 non-null  int64 
 1   name                 600904 non-null  object
 2   email                599624 non-null  object
 3   date_of_birth        598624 non-null  object
 4   signup_date          799984 non-null  object
 5   subscription_status  799992 non-null  object
dtypes: int64(1), object(5)
memory usage: 36.6+ MB
[2025-02-14T00:52:19.966+0000] {logging_mixin.py:190} INFO - combined_df None
[2025-02-14T00:52:19.966+0000] {logging_mixin.py:190} INFO - Removing Null Values
[2025-02-14T00:52:20.172+0000] {logging_mixin.py:190} INFO - Saving Data Into Silver Layer
[2025-02-14T00:52:20.456+0000] {credentials.py:567} INFO - Found credentials in environment variables.
[2025-02-14T00:52:24.208+0000] {python.py:240} INFO - Done. Returned value was: None
[2025-02-14T00:52:24.221+0000] {taskinstance.py:340} INFO - ::group::Post task execution logs
[2025-02-14T00:52:24.221+0000] {taskinstance.py:352} INFO - Marking task as SUCCESS. dag_id=clientes_dag, task_id=Transformer_Bronze_to_Silver, run_id=manual__2025-02-14T00:52:00.681589+00:00, execution_date=20250214T005200, start_date=20250214T005210, end_date=20250214T005224
[2025-02-14T00:52:24.233+0000] {logging_mixin.py:190} INFO - Task instance in success state
[2025-02-14T00:52:24.234+0000] {logging_mixin.py:190} INFO -  Previous state of the Task instance: running
[2025-02-14T00:52:24.235+0000] {logging_mixin.py:190} INFO - Dag name:clientes_dag queued_at:2025-02-14 00:52:00.708969+00:00
[2025-02-14T00:52:24.235+0000] {logging_mixin.py:190} INFO - Task hostname:f09114347d7a operator:PythonOperator
[2025-02-14T00:52:24.284+0000] {local_task_job_runner.py:266} INFO - Task exited with return code 0
[2025-02-14T00:52:24.302+0000] {taskinstance.py:3895} INFO - 0 downstream tasks scheduled from follow-on schedule check
[2025-02-14T00:52:24.304+0000] {local_task_job_runner.py:245} INFO - ::endgroup::
