[2025-01-26T18:12:37.998+0000] {local_task_job_runner.py:123} INFO - ::group::Pre task execution logs
[2025-01-26T18:12:38.020+0000] {taskinstance.py:2613} INFO - Dependencies all met for dep_context=non-requeueable deps ti=<TaskInstance: my_first_dag.task2 scheduled__2025-01-25T00:00:00+00:00 [queued]>
[2025-01-26T18:12:38.030+0000] {taskinstance.py:2613} INFO - Dependencies all met for dep_context=requeueable deps ti=<TaskInstance: my_first_dag.task2 scheduled__2025-01-25T00:00:00+00:00 [queued]>
[2025-01-26T18:12:38.031+0000] {taskinstance.py:2866} INFO - Starting attempt 1 of 6
[2025-01-26T18:12:38.051+0000] {taskinstance.py:2889} INFO - Executing <Task(PythonOperator): task2> on 2025-01-25 00:00:00+00:00
[2025-01-26T18:12:38.060+0000] {warnings.py:112} WARNING - /home/***/.local/lib/python3.12/site-packages/***/task/task_runner/standard_task_runner.py:70: DeprecationWarning: This process (pid=617) is multi-threaded, use of fork() may lead to deadlocks in the child.
  pid = os.fork()

[2025-01-26T18:12:38.062+0000] {standard_task_runner.py:72} INFO - Started process 619 to run task
[2025-01-26T18:12:38.065+0000] {standard_task_runner.py:104} INFO - Running: ['***', 'tasks', 'run', 'my_first_dag', 'task2', 'scheduled__2025-01-25T00:00:00+00:00', '--job-id', '41', '--raw', '--subdir', 'DAGS_FOLDER/my_first_dag.py', '--cfg-path', '/tmp/tmpe4qjevsa']
[2025-01-26T18:12:38.067+0000] {standard_task_runner.py:105} INFO - Job 41: Subtask task2
[2025-01-26T18:12:38.404+0000] {task_command.py:467} INFO - Running <TaskInstance: my_first_dag.task2 scheduled__2025-01-25T00:00:00+00:00 [running]> on host ac2be3916ead
[2025-01-26T18:12:38.492+0000] {taskinstance.py:3132} INFO - Exporting env vars: AIRFLOW_CTX_DAG_OWNER='dnc' AIRFLOW_CTX_DAG_ID='my_first_dag' AIRFLOW_CTX_TASK_ID='task2' AIRFLOW_CTX_EXECUTION_DATE='2025-01-25T00:00:00+00:00' AIRFLOW_CTX_TRY_NUMBER='1' AIRFLOW_CTX_DAG_RUN_ID='scheduled__2025-01-25T00:00:00+00:00'
[2025-01-26T18:12:38.493+0000] {logging_mixin.py:190} INFO - Task instance is in running state
[2025-01-26T18:12:38.494+0000] {logging_mixin.py:190} INFO -  Previous state of the Task instance: queued
[2025-01-26T18:12:38.494+0000] {logging_mixin.py:190} INFO - Current task name:task2 state:running start_date:2025-01-26 18:12:38.020872+00:00
[2025-01-26T18:12:38.495+0000] {logging_mixin.py:190} INFO - Dag name:my_first_dag and current dag run status:running
[2025-01-26T18:12:38.495+0000] {taskinstance.py:731} INFO - ::endgroup::
[2025-01-26T18:12:38.496+0000] {logging_mixin.py:190} INFO - MINHA SEGUNDA TASK
[2025-01-26T18:12:38.496+0000] {python.py:240} INFO - Done. Returned value was: None
[2025-01-26T18:12:38.506+0000] {taskinstance.py:340} INFO - ::group::Post task execution logs
[2025-01-26T18:12:38.508+0000] {taskinstance.py:352} INFO - Marking task as SUCCESS. dag_id=my_first_dag, task_id=task2, run_id=scheduled__2025-01-25T00:00:00+00:00, execution_date=20250125T000000, start_date=20250126T181238, end_date=20250126T181238
[2025-01-26T18:12:38.520+0000] {logging_mixin.py:190} INFO - Task instance in success state
[2025-01-26T18:12:38.520+0000] {logging_mixin.py:190} INFO -  Previous state of the Task instance: running
[2025-01-26T18:12:38.521+0000] {logging_mixin.py:190} INFO - Dag name:my_first_dag queued_at:2025-01-26 18:12:26.731830+00:00
[2025-01-26T18:12:38.521+0000] {logging_mixin.py:190} INFO - Task hostname:ac2be3916ead operator:PythonOperator
[2025-01-26T18:12:38.564+0000] {local_task_job_runner.py:266} INFO - Task exited with return code 0
[2025-01-26T18:12:38.591+0000] {taskinstance.py:3895} INFO - 0 downstream tasks scheduled from follow-on schedule check
[2025-01-26T18:12:38.601+0000] {local_task_job_runner.py:245} INFO - ::endgroup::
