[2025-02-14T00:48:02.503+0000] {local_task_job_runner.py:123} INFO - ::group::Pre task execution logs
[2025-02-14T00:48:02.521+0000] {taskinstance.py:2613} INFO - Dependencies all met for dep_context=non-requeueable deps ti=<TaskInstance: clientes_dag.Transformer_Bronze_to_Silver manual__2025-02-14T00:46:53.296878+00:00 [queued]>
[2025-02-14T00:48:02.532+0000] {taskinstance.py:2613} INFO - Dependencies all met for dep_context=requeueable deps ti=<TaskInstance: clientes_dag.Transformer_Bronze_to_Silver manual__2025-02-14T00:46:53.296878+00:00 [queued]>
[2025-02-14T00:48:02.533+0000] {taskinstance.py:2866} INFO - Starting attempt 5 of 6
[2025-02-14T00:48:02.551+0000] {taskinstance.py:2889} INFO - Executing <Task(PythonOperator): Transformer_Bronze_to_Silver> on 2025-02-14 00:46:53.296878+00:00
[2025-02-14T00:48:02.559+0000] {warnings.py:112} WARNING - /home/***/.local/lib/python3.12/site-packages/***/task/task_runner/standard_task_runner.py:70: DeprecationWarning: This process (pid=131) is multi-threaded, use of fork() may lead to deadlocks in the child.
  pid = os.fork()

[2025-02-14T00:48:02.561+0000] {standard_task_runner.py:104} INFO - Running: ['***', 'tasks', 'run', 'clientes_dag', 'Transformer_Bronze_to_Silver', 'manual__2025-02-14T00:46:53.296878+00:00', '--job-id', '509', '--raw', '--subdir', 'DAGS_FOLDER/app/clientes_dag.py', '--cfg-path', '/tmp/tmp2f0p_9nk']
[2025-02-14T00:48:02.562+0000] {standard_task_runner.py:72} INFO - Started process 141 to run task
[2025-02-14T00:48:02.562+0000] {standard_task_runner.py:105} INFO - Job 509: Subtask Transformer_Bronze_to_Silver
[2025-02-14T00:48:02.620+0000] {task_command.py:467} INFO - Running <TaskInstance: clientes_dag.Transformer_Bronze_to_Silver manual__2025-02-14T00:46:53.296878+00:00 [running]> on host f09114347d7a
[2025-02-14T00:48:02.706+0000] {taskinstance.py:3132} INFO - Exporting env vars: AIRFLOW_CTX_DAG_OWNER='dnc' AIRFLOW_CTX_DAG_ID='clientes_dag' AIRFLOW_CTX_TASK_ID='Transformer_Bronze_to_Silver' AIRFLOW_CTX_EXECUTION_DATE='2025-02-14T00:46:53.296878+00:00' AIRFLOW_CTX_TRY_NUMBER='5' AIRFLOW_CTX_DAG_RUN_ID='manual__2025-02-14T00:46:53.296878+00:00'
[2025-02-14T00:48:02.708+0000] {logging_mixin.py:190} INFO - Task instance is in running state
[2025-02-14T00:48:02.708+0000] {logging_mixin.py:190} INFO -  Previous state of the Task instance: queued
[2025-02-14T00:48:02.709+0000] {logging_mixin.py:190} INFO - Current task name:Transformer_Bronze_to_Silver state:running start_date:2025-02-14 00:48:02.522147+00:00
[2025-02-14T00:48:02.710+0000] {logging_mixin.py:190} INFO - Dag name:clientes_dag and current dag run status:running
[2025-02-14T00:48:02.710+0000] {taskinstance.py:731} INFO - ::endgroup::
[2025-02-14T00:48:02.711+0000] {logging_mixin.py:190} INFO - Initializing data transformation from Bronze to Silver
[2025-02-14T00:48:02.739+0000] {credentials.py:1147} INFO - Found credentials in environment variables.
[2025-02-14T00:48:07.933+0000] {logging_mixin.py:190} INFO - <class 'pandas.core.frame.DataFrame'>
RangeIndex: 699993 entries, 0 to 699992
Data columns (total 6 columns):
 #   Column               Non-Null Count   Dtype 
---  ------               --------------   ----- 
 0   id                   699993 non-null  int64 
 1   name                 525791 non-null  object
 2   email                524671 non-null  object
 3   date_of_birth        523796 non-null  object
 4   signup_date          699986 non-null  object
 5   subscription_status  699993 non-null  object
dtypes: int64(1), object(5)
memory usage: 32.0+ MB
[2025-02-14T00:48:07.934+0000] {logging_mixin.py:190} INFO - combined_df None
[2025-02-14T00:48:07.934+0000] {logging_mixin.py:190} INFO - Removing Null Values
[2025-02-14T00:48:07.935+0000] {taskinstance.py:3311} ERROR - Task failed with exception
Traceback (most recent call last):
  File "/home/airflow/.local/lib/python3.12/site-packages/airflow/models/taskinstance.py", line 767, in _execute_task
    result = _execute_callable(context=context, **execute_callable_kwargs)
             ^^^^^^^^^^^^^^^^^^^^^^^^^^^^^^^^^^^^^^^^^^^^^^^^^^^^^^^^^^^^^
  File "/home/airflow/.local/lib/python3.12/site-packages/airflow/models/taskinstance.py", line 733, in _execute_callable
    return ExecutionCallableRunner(
           ^^^^^^^^^^^^^^^^^^^^^^^^
  File "/home/airflow/.local/lib/python3.12/site-packages/airflow/utils/operator_helpers.py", line 252, in run
    return self.func(*args, **kwargs)
           ^^^^^^^^^^^^^^^^^^^^^^^^^^
  File "/home/airflow/.local/lib/python3.12/site-packages/airflow/models/baseoperator.py", line 422, in wrapper
    return func(self, *args, **kwargs)
           ^^^^^^^^^^^^^^^^^^^^^^^^^^^
  File "/home/airflow/.local/lib/python3.12/site-packages/airflow/operators/python.py", line 238, in execute
    return_value = self.execute_callable()
                   ^^^^^^^^^^^^^^^^^^^^^^^
  File "/home/airflow/.local/lib/python3.12/site-packages/airflow/operators/python.py", line 256, in execute_callable
    return runner.run(*self.op_args, **self.op_kwargs)
           ^^^^^^^^^^^^^^^^^^^^^^^^^^^^^^^^^^^^^^^^^^^
  File "/home/airflow/.local/lib/python3.12/site-packages/airflow/utils/operator_helpers.py", line 252, in run
    return self.func(*args, **kwargs)
           ^^^^^^^^^^^^^^^^^^^^^^^^^^
  File "/opt/airflow/dags/app/transformer.py", line 50, in transformer_process_from_bronze_to_silver
    df_droped = combined_df.drop_na(axis=0)
                ^^^^^^^^^^^^^^^^^^^
  File "/home/airflow/.local/lib/python3.12/site-packages/pandas/core/generic.py", line 6204, in __getattr__
    return object.__getattribute__(self, name)
           ^^^^^^^^^^^^^^^^^^^^^^^^^^^^^^^^^^^
AttributeError: 'DataFrame' object has no attribute 'drop_na'. Did you mean: 'dropna'?
[2025-02-14T00:48:07.958+0000] {logging_mixin.py:190} INFO - Task instance in failure state
[2025-02-14T00:48:07.958+0000] {logging_mixin.py:190} INFO - Task start:2025-02-14 00:48:02.522147+00:00 end:2025-02-14 00:48:07.957623+00:00 duration:5.435476
[2025-02-14T00:48:07.959+0000] {logging_mixin.py:190} INFO - Task:<Task(PythonOperator): Transformer_Bronze_to_Silver> dag:<DAG: clientes_dag> dagrun:<DagRun clientes_dag @ 2025-02-14 00:46:53.296878+00:00: manual__2025-02-14T00:46:53.296878+00:00, state:running, queued_at: 2025-02-14 00:46:53.324178+00:00. externally triggered: True>
[2025-02-14T00:48:07.960+0000] {logging_mixin.py:190} INFO - Failure caused by 'DataFrame' object has no attribute 'drop_na'
[2025-02-14T00:48:07.960+0000] {taskinstance.py:1225} INFO - Marking task as UP_FOR_RETRY. dag_id=clientes_dag, task_id=Transformer_Bronze_to_Silver, run_id=manual__2025-02-14T00:46:53.296878+00:00, execution_date=20250214T004653, start_date=20250214T004802, end_date=20250214T004807
[2025-02-14T00:48:07.983+0000] {taskinstance.py:340} INFO - ::group::Post task execution logs
[2025-02-14T00:48:07.986+0000] {standard_task_runner.py:124} ERROR - Failed to execute job 509 for task Transformer_Bronze_to_Silver ('DataFrame' object has no attribute 'drop_na'; 141)
Traceback (most recent call last):
  File "/home/airflow/.local/lib/python3.12/site-packages/airflow/task/task_runner/standard_task_runner.py", line 117, in _start_by_fork
    ret = args.func(args, dag=self.dag)
          ^^^^^^^^^^^^^^^^^^^^^^^^^^^^^
  File "/home/airflow/.local/lib/python3.12/site-packages/airflow/cli/cli_config.py", line 49, in command
    return func(*args, **kwargs)
           ^^^^^^^^^^^^^^^^^^^^^
  File "/home/airflow/.local/lib/python3.12/site-packages/airflow/utils/cli.py", line 116, in wrapper
    return f(*args, **kwargs)
           ^^^^^^^^^^^^^^^^^^
  File "/home/airflow/.local/lib/python3.12/site-packages/airflow/cli/commands/task_command.py", line 483, in task_run
    task_return_code = _run_task_by_selected_method(args, _dag, ti)
                       ^^^^^^^^^^^^^^^^^^^^^^^^^^^^^^^^^^^^^^^^^^^^
  File "/home/airflow/.local/lib/python3.12/site-packages/airflow/cli/commands/task_command.py", line 256, in _run_task_by_selected_method
    return _run_raw_task(args, ti)
           ^^^^^^^^^^^^^^^^^^^^^^^
  File "/home/airflow/.local/lib/python3.12/site-packages/airflow/cli/commands/task_command.py", line 341, in _run_raw_task
    return ti._run_raw_task(
           ^^^^^^^^^^^^^^^^^
  File "/home/airflow/.local/lib/python3.12/site-packages/airflow/utils/session.py", line 97, in wrapper
    return func(*args, session=session, **kwargs)
           ^^^^^^^^^^^^^^^^^^^^^^^^^^^^^^^^^^^^^^
  File "/home/airflow/.local/lib/python3.12/site-packages/airflow/models/taskinstance.py", line 3005, in _run_raw_task
    return _run_raw_task(
           ^^^^^^^^^^^^^^
  File "/home/airflow/.local/lib/python3.12/site-packages/airflow/models/taskinstance.py", line 273, in _run_raw_task
    TaskInstance._execute_task_with_callbacks(
  File "/home/airflow/.local/lib/python3.12/site-packages/airflow/models/taskinstance.py", line 3159, in _execute_task_with_callbacks
    result = self._execute_task(context, task_orig)
             ^^^^^^^^^^^^^^^^^^^^^^^^^^^^^^^^^^^^^^
  File "/home/airflow/.local/lib/python3.12/site-packages/airflow/models/taskinstance.py", line 3183, in _execute_task
    return _execute_task(self, context, task_orig)
           ^^^^^^^^^^^^^^^^^^^^^^^^^^^^^^^^^^^^^^^
  File "/home/airflow/.local/lib/python3.12/site-packages/airflow/models/taskinstance.py", line 767, in _execute_task
    result = _execute_callable(context=context, **execute_callable_kwargs)
             ^^^^^^^^^^^^^^^^^^^^^^^^^^^^^^^^^^^^^^^^^^^^^^^^^^^^^^^^^^^^^
  File "/home/airflow/.local/lib/python3.12/site-packages/airflow/models/taskinstance.py", line 733, in _execute_callable
    return ExecutionCallableRunner(
           ^^^^^^^^^^^^^^^^^^^^^^^^
  File "/home/airflow/.local/lib/python3.12/site-packages/airflow/utils/operator_helpers.py", line 252, in run
    return self.func(*args, **kwargs)
           ^^^^^^^^^^^^^^^^^^^^^^^^^^
  File "/home/airflow/.local/lib/python3.12/site-packages/airflow/models/baseoperator.py", line 422, in wrapper
    return func(self, *args, **kwargs)
           ^^^^^^^^^^^^^^^^^^^^^^^^^^^
  File "/home/airflow/.local/lib/python3.12/site-packages/airflow/operators/python.py", line 238, in execute
    return_value = self.execute_callable()
                   ^^^^^^^^^^^^^^^^^^^^^^^
  File "/home/airflow/.local/lib/python3.12/site-packages/airflow/operators/python.py", line 256, in execute_callable
    return runner.run(*self.op_args, **self.op_kwargs)
           ^^^^^^^^^^^^^^^^^^^^^^^^^^^^^^^^^^^^^^^^^^^
  File "/home/airflow/.local/lib/python3.12/site-packages/airflow/utils/operator_helpers.py", line 252, in run
    return self.func(*args, **kwargs)
           ^^^^^^^^^^^^^^^^^^^^^^^^^^
  File "/opt/airflow/dags/app/transformer.py", line 50, in transformer_process_from_bronze_to_silver
    df_droped = combined_df.drop_na(axis=0)
                ^^^^^^^^^^^^^^^^^^^
  File "/home/airflow/.local/lib/python3.12/site-packages/pandas/core/generic.py", line 6204, in __getattr__
    return object.__getattribute__(self, name)
           ^^^^^^^^^^^^^^^^^^^^^^^^^^^^^^^^^^^
AttributeError: 'DataFrame' object has no attribute 'drop_na'. Did you mean: 'dropna'?
[2025-02-14T00:48:08.037+0000] {local_task_job_runner.py:266} INFO - Task exited with return code 1
[2025-02-14T00:48:08.060+0000] {taskinstance.py:3895} INFO - 0 downstream tasks scheduled from follow-on schedule check
[2025-02-14T00:48:08.062+0000] {local_task_job_runner.py:245} INFO - ::endgroup::
