[2025-01-27T00:00:00.846+0000] {processor.py:186} INFO - Started process (PID=278) to work on /home/airflow/.local/lib/python3.12/site-packages/airflow/example_dags/example_inlet_event_extra.py
[2025-01-27T00:00:00.848+0000] {processor.py:914} INFO - Processing file /home/airflow/.local/lib/python3.12/site-packages/airflow/example_dags/example_inlet_event_extra.py for tasks to queue
[2025-01-27T00:00:00.851+0000] {logging_mixin.py:190} INFO - [2025-01-27T00:00:00.850+0000] {dagbag.py:588} INFO - Filling up the DagBag from /home/airflow/.local/lib/python3.12/site-packages/airflow/example_dags/example_inlet_event_extra.py
[2025-01-27T00:00:01.703+0000] {processor.py:925} INFO - DAG(s) 'read_dataset_event_from_classic', 'read_dataset_event' retrieved from /home/airflow/.local/lib/python3.12/site-packages/airflow/example_dags/example_inlet_event_extra.py
[2025-01-27T00:00:01.781+0000] {logging_mixin.py:190} INFO - [2025-01-27T00:00:01.777+0000] {dag.py:3239} INFO - Sync 2 DAGs
[2025-01-27T00:00:01.823+0000] {logging_mixin.py:190} INFO - [2025-01-27T00:00:01.823+0000] {dag.py:4180} INFO - Setting next_dagrun for read_dataset_event to 2025-01-26 00:00:00+00:00, run_after=2025-01-27 00:00:00+00:00
[2025-01-27T00:00:01.831+0000] {logging_mixin.py:190} INFO - [2025-01-27T00:00:01.830+0000] {dag.py:4180} INFO - Setting next_dagrun for read_dataset_event_from_classic to 2025-01-26 00:00:00+00:00, run_after=2025-01-27 00:00:00+00:00
[2025-01-27T00:00:01.888+0000] {processor.py:208} INFO - Processing /home/airflow/.local/lib/python3.12/site-packages/airflow/example_dags/example_inlet_event_extra.py took 1.049 seconds
[2025-01-27T00:01:15.335+0000] {processor.py:186} INFO - Started process (PID=77) to work on /home/airflow/.local/lib/python3.12/site-packages/airflow/example_dags/example_inlet_event_extra.py
[2025-01-27T00:01:15.337+0000] {processor.py:914} INFO - Processing file /home/airflow/.local/lib/python3.12/site-packages/airflow/example_dags/example_inlet_event_extra.py for tasks to queue
[2025-01-27T00:01:15.340+0000] {logging_mixin.py:190} INFO - [2025-01-27T00:01:15.339+0000] {dagbag.py:588} INFO - Filling up the DagBag from /home/airflow/.local/lib/python3.12/site-packages/airflow/example_dags/example_inlet_event_extra.py
[2025-01-27T00:01:16.023+0000] {processor.py:925} INFO - DAG(s) 'read_dataset_event_from_classic', 'read_dataset_event' retrieved from /home/airflow/.local/lib/python3.12/site-packages/airflow/example_dags/example_inlet_event_extra.py
[2025-01-27T00:01:16.043+0000] {logging_mixin.py:190} INFO - [2025-01-27T00:01:16.042+0000] {dag.py:3239} INFO - Sync 2 DAGs
[2025-01-27T00:01:16.067+0000] {logging_mixin.py:190} INFO - [2025-01-27T00:01:16.067+0000] {dag.py:4180} INFO - Setting next_dagrun for read_dataset_event to 2025-01-26 00:00:00+00:00, run_after=2025-01-27 00:00:00+00:00
[2025-01-27T00:01:16.072+0000] {logging_mixin.py:190} INFO - [2025-01-27T00:01:16.072+0000] {dag.py:4180} INFO - Setting next_dagrun for read_dataset_event_from_classic to 2025-01-26 00:00:00+00:00, run_after=2025-01-27 00:00:00+00:00
[2025-01-27T00:01:16.091+0000] {processor.py:208} INFO - Processing /home/airflow/.local/lib/python3.12/site-packages/airflow/example_dags/example_inlet_event_extra.py took 0.762 seconds
[2025-01-27T00:01:46.865+0000] {processor.py:186} INFO - Started process (PID=141) to work on /home/airflow/.local/lib/python3.12/site-packages/airflow/example_dags/example_inlet_event_extra.py
[2025-01-27T00:01:46.867+0000] {processor.py:914} INFO - Processing file /home/airflow/.local/lib/python3.12/site-packages/airflow/example_dags/example_inlet_event_extra.py for tasks to queue
[2025-01-27T00:01:46.870+0000] {logging_mixin.py:190} INFO - [2025-01-27T00:01:46.870+0000] {dagbag.py:588} INFO - Filling up the DagBag from /home/airflow/.local/lib/python3.12/site-packages/airflow/example_dags/example_inlet_event_extra.py
[2025-01-27T00:01:47.480+0000] {processor.py:925} INFO - DAG(s) 'read_dataset_event_from_classic', 'read_dataset_event' retrieved from /home/airflow/.local/lib/python3.12/site-packages/airflow/example_dags/example_inlet_event_extra.py
[2025-01-27T00:01:47.503+0000] {logging_mixin.py:190} INFO - [2025-01-27T00:01:47.502+0000] {dag.py:3239} INFO - Sync 2 DAGs
[2025-01-27T00:01:47.544+0000] {logging_mixin.py:190} INFO - [2025-01-27T00:01:47.543+0000] {dag.py:4180} INFO - Setting next_dagrun for read_dataset_event to 2025-01-26 00:00:00+00:00, run_after=2025-01-27 00:00:00+00:00
[2025-01-27T00:01:47.550+0000] {logging_mixin.py:190} INFO - [2025-01-27T00:01:47.550+0000] {dag.py:4180} INFO - Setting next_dagrun for read_dataset_event_from_classic to 2025-01-26 00:00:00+00:00, run_after=2025-01-27 00:00:00+00:00
[2025-01-27T00:01:47.579+0000] {processor.py:208} INFO - Processing /home/airflow/.local/lib/python3.12/site-packages/airflow/example_dags/example_inlet_event_extra.py took 0.719 seconds
[2025-01-27T00:02:18.508+0000] {processor.py:186} INFO - Started process (PID=206) to work on /home/airflow/.local/lib/python3.12/site-packages/airflow/example_dags/example_inlet_event_extra.py
[2025-01-27T00:02:18.509+0000] {processor.py:914} INFO - Processing file /home/airflow/.local/lib/python3.12/site-packages/airflow/example_dags/example_inlet_event_extra.py for tasks to queue
[2025-01-27T00:02:18.512+0000] {logging_mixin.py:190} INFO - [2025-01-27T00:02:18.511+0000] {dagbag.py:588} INFO - Filling up the DagBag from /home/airflow/.local/lib/python3.12/site-packages/airflow/example_dags/example_inlet_event_extra.py
[2025-01-27T00:02:19.219+0000] {processor.py:925} INFO - DAG(s) 'read_dataset_event_from_classic', 'read_dataset_event' retrieved from /home/airflow/.local/lib/python3.12/site-packages/airflow/example_dags/example_inlet_event_extra.py
[2025-01-27T00:02:19.244+0000] {logging_mixin.py:190} INFO - [2025-01-27T00:02:19.243+0000] {dag.py:3239} INFO - Sync 2 DAGs
[2025-01-27T00:02:19.271+0000] {logging_mixin.py:190} INFO - [2025-01-27T00:02:19.271+0000] {dag.py:4180} INFO - Setting next_dagrun for read_dataset_event to 2025-01-26 00:00:00+00:00, run_after=2025-01-27 00:00:00+00:00
[2025-01-27T00:02:19.278+0000] {logging_mixin.py:190} INFO - [2025-01-27T00:02:19.278+0000] {dag.py:4180} INFO - Setting next_dagrun for read_dataset_event_from_classic to 2025-01-26 00:00:00+00:00, run_after=2025-01-27 00:00:00+00:00
[2025-01-27T00:02:19.296+0000] {processor.py:208} INFO - Processing /home/airflow/.local/lib/python3.12/site-packages/airflow/example_dags/example_inlet_event_extra.py took 0.794 seconds
[2025-01-27T00:02:49.869+0000] {processor.py:186} INFO - Started process (PID=277) to work on /home/airflow/.local/lib/python3.12/site-packages/airflow/example_dags/example_inlet_event_extra.py
[2025-01-27T00:02:49.870+0000] {processor.py:914} INFO - Processing file /home/airflow/.local/lib/python3.12/site-packages/airflow/example_dags/example_inlet_event_extra.py for tasks to queue
[2025-01-27T00:02:49.873+0000] {logging_mixin.py:190} INFO - [2025-01-27T00:02:49.873+0000] {dagbag.py:588} INFO - Filling up the DagBag from /home/airflow/.local/lib/python3.12/site-packages/airflow/example_dags/example_inlet_event_extra.py
[2025-01-27T00:02:50.442+0000] {processor.py:925} INFO - DAG(s) 'read_dataset_event', 'read_dataset_event_from_classic' retrieved from /home/airflow/.local/lib/python3.12/site-packages/airflow/example_dags/example_inlet_event_extra.py
[2025-01-27T00:02:50.465+0000] {logging_mixin.py:190} INFO - [2025-01-27T00:02:50.465+0000] {dag.py:3239} INFO - Sync 2 DAGs
[2025-01-27T00:02:50.496+0000] {logging_mixin.py:190} INFO - [2025-01-27T00:02:50.496+0000] {dag.py:4180} INFO - Setting next_dagrun for read_dataset_event to 2025-01-26 00:00:00+00:00, run_after=2025-01-27 00:00:00+00:00
[2025-01-27T00:02:50.502+0000] {logging_mixin.py:190} INFO - [2025-01-27T00:02:50.502+0000] {dag.py:4180} INFO - Setting next_dagrun for read_dataset_event_from_classic to 2025-01-26 00:00:00+00:00, run_after=2025-01-27 00:00:00+00:00
[2025-01-27T00:02:50.520+0000] {processor.py:208} INFO - Processing /home/airflow/.local/lib/python3.12/site-packages/airflow/example_dags/example_inlet_event_extra.py took 0.659 seconds
[2025-01-27T00:03:21.480+0000] {processor.py:186} INFO - Started process (PID=342) to work on /home/airflow/.local/lib/python3.12/site-packages/airflow/example_dags/example_inlet_event_extra.py
[2025-01-27T00:03:21.487+0000] {processor.py:914} INFO - Processing file /home/airflow/.local/lib/python3.12/site-packages/airflow/example_dags/example_inlet_event_extra.py for tasks to queue
[2025-01-27T00:03:21.491+0000] {logging_mixin.py:190} INFO - [2025-01-27T00:03:21.490+0000] {dagbag.py:588} INFO - Filling up the DagBag from /home/airflow/.local/lib/python3.12/site-packages/airflow/example_dags/example_inlet_event_extra.py
[2025-01-27T00:03:22.184+0000] {processor.py:925} INFO - DAG(s) 'read_dataset_event', 'read_dataset_event_from_classic' retrieved from /home/airflow/.local/lib/python3.12/site-packages/airflow/example_dags/example_inlet_event_extra.py
[2025-01-27T00:03:22.206+0000] {logging_mixin.py:190} INFO - [2025-01-27T00:03:22.206+0000] {dag.py:3239} INFO - Sync 2 DAGs
[2025-01-27T00:03:22.230+0000] {logging_mixin.py:190} INFO - [2025-01-27T00:03:22.230+0000] {dag.py:4180} INFO - Setting next_dagrun for read_dataset_event to 2025-01-26 00:00:00+00:00, run_after=2025-01-27 00:00:00+00:00
[2025-01-27T00:03:22.235+0000] {logging_mixin.py:190} INFO - [2025-01-27T00:03:22.235+0000] {dag.py:4180} INFO - Setting next_dagrun for read_dataset_event_from_classic to 2025-01-26 00:00:00+00:00, run_after=2025-01-27 00:00:00+00:00
[2025-01-27T00:03:22.256+0000] {processor.py:208} INFO - Processing /home/airflow/.local/lib/python3.12/site-packages/airflow/example_dags/example_inlet_event_extra.py took 0.791 seconds
[2025-01-27T00:03:52.849+0000] {processor.py:186} INFO - Started process (PID=407) to work on /home/airflow/.local/lib/python3.12/site-packages/airflow/example_dags/example_inlet_event_extra.py
[2025-01-27T00:03:52.850+0000] {processor.py:914} INFO - Processing file /home/airflow/.local/lib/python3.12/site-packages/airflow/example_dags/example_inlet_event_extra.py for tasks to queue
[2025-01-27T00:03:52.852+0000] {logging_mixin.py:190} INFO - [2025-01-27T00:03:52.852+0000] {dagbag.py:588} INFO - Filling up the DagBag from /home/airflow/.local/lib/python3.12/site-packages/airflow/example_dags/example_inlet_event_extra.py
[2025-01-27T00:03:53.449+0000] {processor.py:925} INFO - DAG(s) 'read_dataset_event', 'read_dataset_event_from_classic' retrieved from /home/airflow/.local/lib/python3.12/site-packages/airflow/example_dags/example_inlet_event_extra.py
[2025-01-27T00:03:53.472+0000] {logging_mixin.py:190} INFO - [2025-01-27T00:03:53.472+0000] {dag.py:3239} INFO - Sync 2 DAGs
[2025-01-27T00:03:53.504+0000] {logging_mixin.py:190} INFO - [2025-01-27T00:03:53.504+0000] {dag.py:4180} INFO - Setting next_dagrun for read_dataset_event to 2025-01-26 00:00:00+00:00, run_after=2025-01-27 00:00:00+00:00
[2025-01-27T00:03:53.511+0000] {logging_mixin.py:190} INFO - [2025-01-27T00:03:53.511+0000] {dag.py:4180} INFO - Setting next_dagrun for read_dataset_event_from_classic to 2025-01-26 00:00:00+00:00, run_after=2025-01-27 00:00:00+00:00
[2025-01-27T00:03:53.530+0000] {processor.py:208} INFO - Processing /home/airflow/.local/lib/python3.12/site-packages/airflow/example_dags/example_inlet_event_extra.py took 0.687 seconds
[2025-01-27T00:04:23.724+0000] {processor.py:186} INFO - Started process (PID=472) to work on /home/airflow/.local/lib/python3.12/site-packages/airflow/example_dags/example_inlet_event_extra.py
[2025-01-27T00:04:23.725+0000] {processor.py:914} INFO - Processing file /home/airflow/.local/lib/python3.12/site-packages/airflow/example_dags/example_inlet_event_extra.py for tasks to queue
[2025-01-27T00:04:23.728+0000] {logging_mixin.py:190} INFO - [2025-01-27T00:04:23.727+0000] {dagbag.py:588} INFO - Filling up the DagBag from /home/airflow/.local/lib/python3.12/site-packages/airflow/example_dags/example_inlet_event_extra.py
[2025-01-27T00:04:24.287+0000] {processor.py:925} INFO - DAG(s) 'read_dataset_event_from_classic', 'read_dataset_event' retrieved from /home/airflow/.local/lib/python3.12/site-packages/airflow/example_dags/example_inlet_event_extra.py
[2025-01-27T00:04:24.312+0000] {logging_mixin.py:190} INFO - [2025-01-27T00:04:24.312+0000] {dag.py:3239} INFO - Sync 2 DAGs
[2025-01-27T00:04:24.350+0000] {logging_mixin.py:190} INFO - [2025-01-27T00:04:24.350+0000] {dag.py:4180} INFO - Setting next_dagrun for read_dataset_event to 2025-01-26 00:00:00+00:00, run_after=2025-01-27 00:00:00+00:00
[2025-01-27T00:04:24.360+0000] {logging_mixin.py:190} INFO - [2025-01-27T00:04:24.359+0000] {dag.py:4180} INFO - Setting next_dagrun for read_dataset_event_from_classic to 2025-01-26 00:00:00+00:00, run_after=2025-01-27 00:00:00+00:00
[2025-01-27T00:04:24.383+0000] {processor.py:208} INFO - Processing /home/airflow/.local/lib/python3.12/site-packages/airflow/example_dags/example_inlet_event_extra.py took 0.665 seconds
[2025-01-27T00:04:54.984+0000] {processor.py:186} INFO - Started process (PID=538) to work on /home/airflow/.local/lib/python3.12/site-packages/airflow/example_dags/example_inlet_event_extra.py
[2025-01-27T00:04:54.986+0000] {processor.py:914} INFO - Processing file /home/airflow/.local/lib/python3.12/site-packages/airflow/example_dags/example_inlet_event_extra.py for tasks to queue
[2025-01-27T00:04:54.989+0000] {logging_mixin.py:190} INFO - [2025-01-27T00:04:54.988+0000] {dagbag.py:588} INFO - Filling up the DagBag from /home/airflow/.local/lib/python3.12/site-packages/airflow/example_dags/example_inlet_event_extra.py
[2025-01-27T00:04:55.736+0000] {processor.py:925} INFO - DAG(s) 'read_dataset_event', 'read_dataset_event_from_classic' retrieved from /home/airflow/.local/lib/python3.12/site-packages/airflow/example_dags/example_inlet_event_extra.py
[2025-01-27T00:04:55.769+0000] {logging_mixin.py:190} INFO - [2025-01-27T00:04:55.769+0000] {dag.py:3239} INFO - Sync 2 DAGs
[2025-01-27T00:04:55.805+0000] {logging_mixin.py:190} INFO - [2025-01-27T00:04:55.804+0000] {dag.py:4180} INFO - Setting next_dagrun for read_dataset_event to 2025-01-26 00:00:00+00:00, run_after=2025-01-27 00:00:00+00:00
[2025-01-27T00:04:55.813+0000] {logging_mixin.py:190} INFO - [2025-01-27T00:04:55.813+0000] {dag.py:4180} INFO - Setting next_dagrun for read_dataset_event_from_classic to 2025-01-26 00:00:00+00:00, run_after=2025-01-27 00:00:00+00:00
[2025-01-27T00:04:55.838+0000] {processor.py:208} INFO - Processing /home/airflow/.local/lib/python3.12/site-packages/airflow/example_dags/example_inlet_event_extra.py took 0.861 seconds
[2025-01-27T00:07:12.664+0000] {processor.py:186} INFO - Started process (PID=76) to work on /home/airflow/.local/lib/python3.12/site-packages/airflow/example_dags/example_inlet_event_extra.py
[2025-01-27T00:07:12.665+0000] {processor.py:914} INFO - Processing file /home/airflow/.local/lib/python3.12/site-packages/airflow/example_dags/example_inlet_event_extra.py for tasks to queue
[2025-01-27T00:07:12.668+0000] {logging_mixin.py:190} INFO - [2025-01-27T00:07:12.667+0000] {dagbag.py:588} INFO - Filling up the DagBag from /home/airflow/.local/lib/python3.12/site-packages/airflow/example_dags/example_inlet_event_extra.py
[2025-01-27T00:07:13.324+0000] {processor.py:925} INFO - DAG(s) 'read_dataset_event', 'read_dataset_event_from_classic' retrieved from /home/airflow/.local/lib/python3.12/site-packages/airflow/example_dags/example_inlet_event_extra.py
[2025-01-27T00:07:13.350+0000] {logging_mixin.py:190} INFO - [2025-01-27T00:07:13.349+0000] {dag.py:3239} INFO - Sync 2 DAGs
[2025-01-27T00:07:13.381+0000] {logging_mixin.py:190} INFO - [2025-01-27T00:07:13.381+0000] {dag.py:4180} INFO - Setting next_dagrun for read_dataset_event to 2025-01-26 00:00:00+00:00, run_after=2025-01-27 00:00:00+00:00
[2025-01-27T00:07:13.387+0000] {logging_mixin.py:190} INFO - [2025-01-27T00:07:13.387+0000] {dag.py:4180} INFO - Setting next_dagrun for read_dataset_event_from_classic to 2025-01-26 00:00:00+00:00, run_after=2025-01-27 00:00:00+00:00
[2025-01-27T00:07:13.406+0000] {processor.py:208} INFO - Processing /home/airflow/.local/lib/python3.12/site-packages/airflow/example_dags/example_inlet_event_extra.py took 0.750 seconds
[2025-01-27T00:07:43.825+0000] {processor.py:186} INFO - Started process (PID=142) to work on /home/airflow/.local/lib/python3.12/site-packages/airflow/example_dags/example_inlet_event_extra.py
[2025-01-27T00:07:43.826+0000] {processor.py:914} INFO - Processing file /home/airflow/.local/lib/python3.12/site-packages/airflow/example_dags/example_inlet_event_extra.py for tasks to queue
[2025-01-27T00:07:43.829+0000] {logging_mixin.py:190} INFO - [2025-01-27T00:07:43.829+0000] {dagbag.py:588} INFO - Filling up the DagBag from /home/airflow/.local/lib/python3.12/site-packages/airflow/example_dags/example_inlet_event_extra.py
[2025-01-27T00:07:44.559+0000] {processor.py:925} INFO - DAG(s) 'read_dataset_event_from_classic', 'read_dataset_event' retrieved from /home/airflow/.local/lib/python3.12/site-packages/airflow/example_dags/example_inlet_event_extra.py
[2025-01-27T00:07:44.579+0000] {logging_mixin.py:190} INFO - [2025-01-27T00:07:44.579+0000] {dag.py:3239} INFO - Sync 2 DAGs
[2025-01-27T00:07:44.606+0000] {logging_mixin.py:190} INFO - [2025-01-27T00:07:44.606+0000] {dag.py:4180} INFO - Setting next_dagrun for read_dataset_event to 2025-01-26 00:00:00+00:00, run_after=2025-01-27 00:00:00+00:00
[2025-01-27T00:07:44.612+0000] {logging_mixin.py:190} INFO - [2025-01-27T00:07:44.612+0000] {dag.py:4180} INFO - Setting next_dagrun for read_dataset_event_from_classic to 2025-01-26 00:00:00+00:00, run_after=2025-01-27 00:00:00+00:00
[2025-01-27T00:07:44.635+0000] {processor.py:208} INFO - Processing /home/airflow/.local/lib/python3.12/site-packages/airflow/example_dags/example_inlet_event_extra.py took 0.815 seconds
[2025-01-27T00:08:14.902+0000] {processor.py:186} INFO - Started process (PID=207) to work on /home/airflow/.local/lib/python3.12/site-packages/airflow/example_dags/example_inlet_event_extra.py
[2025-01-27T00:08:14.903+0000] {processor.py:914} INFO - Processing file /home/airflow/.local/lib/python3.12/site-packages/airflow/example_dags/example_inlet_event_extra.py for tasks to queue
[2025-01-27T00:08:14.906+0000] {logging_mixin.py:190} INFO - [2025-01-27T00:08:14.905+0000] {dagbag.py:588} INFO - Filling up the DagBag from /home/airflow/.local/lib/python3.12/site-packages/airflow/example_dags/example_inlet_event_extra.py
[2025-01-27T00:08:15.537+0000] {processor.py:925} INFO - DAG(s) 'read_dataset_event', 'read_dataset_event_from_classic' retrieved from /home/airflow/.local/lib/python3.12/site-packages/airflow/example_dags/example_inlet_event_extra.py
[2025-01-27T00:08:15.555+0000] {logging_mixin.py:190} INFO - [2025-01-27T00:08:15.555+0000] {dag.py:3239} INFO - Sync 2 DAGs
[2025-01-27T00:08:15.586+0000] {logging_mixin.py:190} INFO - [2025-01-27T00:08:15.586+0000] {dag.py:4180} INFO - Setting next_dagrun for read_dataset_event to 2025-01-26 00:00:00+00:00, run_after=2025-01-27 00:00:00+00:00
[2025-01-27T00:08:15.591+0000] {logging_mixin.py:190} INFO - [2025-01-27T00:08:15.591+0000] {dag.py:4180} INFO - Setting next_dagrun for read_dataset_event_from_classic to 2025-01-26 00:00:00+00:00, run_after=2025-01-27 00:00:00+00:00
[2025-01-27T00:08:15.609+0000] {processor.py:208} INFO - Processing /home/airflow/.local/lib/python3.12/site-packages/airflow/example_dags/example_inlet_event_extra.py took 0.714 seconds
[2025-01-27T00:08:46.695+0000] {processor.py:186} INFO - Started process (PID=272) to work on /home/airflow/.local/lib/python3.12/site-packages/airflow/example_dags/example_inlet_event_extra.py
[2025-01-27T00:08:46.696+0000] {processor.py:914} INFO - Processing file /home/airflow/.local/lib/python3.12/site-packages/airflow/example_dags/example_inlet_event_extra.py for tasks to queue
[2025-01-27T00:08:46.699+0000] {logging_mixin.py:190} INFO - [2025-01-27T00:08:46.698+0000] {dagbag.py:588} INFO - Filling up the DagBag from /home/airflow/.local/lib/python3.12/site-packages/airflow/example_dags/example_inlet_event_extra.py
[2025-01-27T00:08:47.289+0000] {processor.py:925} INFO - DAG(s) 'read_dataset_event_from_classic', 'read_dataset_event' retrieved from /home/airflow/.local/lib/python3.12/site-packages/airflow/example_dags/example_inlet_event_extra.py
[2025-01-27T00:08:47.314+0000] {logging_mixin.py:190} INFO - [2025-01-27T00:08:47.314+0000] {dag.py:3239} INFO - Sync 2 DAGs
[2025-01-27T00:08:47.344+0000] {logging_mixin.py:190} INFO - [2025-01-27T00:08:47.344+0000] {dag.py:4180} INFO - Setting next_dagrun for read_dataset_event to 2025-01-26 00:00:00+00:00, run_after=2025-01-27 00:00:00+00:00
[2025-01-27T00:08:47.350+0000] {logging_mixin.py:190} INFO - [2025-01-27T00:08:47.350+0000] {dag.py:4180} INFO - Setting next_dagrun for read_dataset_event_from_classic to 2025-01-26 00:00:00+00:00, run_after=2025-01-27 00:00:00+00:00
[2025-01-27T00:08:47.369+0000] {processor.py:208} INFO - Processing /home/airflow/.local/lib/python3.12/site-packages/airflow/example_dags/example_inlet_event_extra.py took 0.680 seconds
[2025-01-27T00:09:17.863+0000] {processor.py:186} INFO - Started process (PID=342) to work on /home/airflow/.local/lib/python3.12/site-packages/airflow/example_dags/example_inlet_event_extra.py
[2025-01-27T00:09:17.865+0000] {processor.py:914} INFO - Processing file /home/airflow/.local/lib/python3.12/site-packages/airflow/example_dags/example_inlet_event_extra.py for tasks to queue
[2025-01-27T00:09:17.868+0000] {logging_mixin.py:190} INFO - [2025-01-27T00:09:17.868+0000] {dagbag.py:588} INFO - Filling up the DagBag from /home/airflow/.local/lib/python3.12/site-packages/airflow/example_dags/example_inlet_event_extra.py
[2025-01-27T00:09:18.475+0000] {processor.py:925} INFO - DAG(s) 'read_dataset_event_from_classic', 'read_dataset_event' retrieved from /home/airflow/.local/lib/python3.12/site-packages/airflow/example_dags/example_inlet_event_extra.py
[2025-01-27T00:09:18.500+0000] {logging_mixin.py:190} INFO - [2025-01-27T00:09:18.500+0000] {dag.py:3239} INFO - Sync 2 DAGs
[2025-01-27T00:09:18.525+0000] {logging_mixin.py:190} INFO - [2025-01-27T00:09:18.525+0000] {dag.py:4180} INFO - Setting next_dagrun for read_dataset_event to 2025-01-26 00:00:00+00:00, run_after=2025-01-27 00:00:00+00:00
[2025-01-27T00:09:18.530+0000] {logging_mixin.py:190} INFO - [2025-01-27T00:09:18.530+0000] {dag.py:4180} INFO - Setting next_dagrun for read_dataset_event_from_classic to 2025-01-26 00:00:00+00:00, run_after=2025-01-27 00:00:00+00:00
[2025-01-27T00:09:18.548+0000] {processor.py:208} INFO - Processing /home/airflow/.local/lib/python3.12/site-packages/airflow/example_dags/example_inlet_event_extra.py took 0.691 seconds
[2025-01-27T00:09:48.786+0000] {processor.py:186} INFO - Started process (PID=408) to work on /home/airflow/.local/lib/python3.12/site-packages/airflow/example_dags/example_inlet_event_extra.py
[2025-01-27T00:09:48.788+0000] {processor.py:914} INFO - Processing file /home/airflow/.local/lib/python3.12/site-packages/airflow/example_dags/example_inlet_event_extra.py for tasks to queue
[2025-01-27T00:09:48.791+0000] {logging_mixin.py:190} INFO - [2025-01-27T00:09:48.791+0000] {dagbag.py:588} INFO - Filling up the DagBag from /home/airflow/.local/lib/python3.12/site-packages/airflow/example_dags/example_inlet_event_extra.py
[2025-01-27T00:09:49.379+0000] {processor.py:925} INFO - DAG(s) 'read_dataset_event', 'read_dataset_event_from_classic' retrieved from /home/airflow/.local/lib/python3.12/site-packages/airflow/example_dags/example_inlet_event_extra.py
[2025-01-27T00:09:49.401+0000] {logging_mixin.py:190} INFO - [2025-01-27T00:09:49.401+0000] {dag.py:3239} INFO - Sync 2 DAGs
[2025-01-27T00:09:49.429+0000] {logging_mixin.py:190} INFO - [2025-01-27T00:09:49.428+0000] {dag.py:4180} INFO - Setting next_dagrun for read_dataset_event to 2025-01-26 00:00:00+00:00, run_after=2025-01-27 00:00:00+00:00
[2025-01-27T00:09:49.435+0000] {logging_mixin.py:190} INFO - [2025-01-27T00:09:49.435+0000] {dag.py:4180} INFO - Setting next_dagrun for read_dataset_event_from_classic to 2025-01-26 00:00:00+00:00, run_after=2025-01-27 00:00:00+00:00
[2025-01-27T00:09:49.453+0000] {processor.py:208} INFO - Processing /home/airflow/.local/lib/python3.12/site-packages/airflow/example_dags/example_inlet_event_extra.py took 0.674 seconds
[2025-01-27T00:10:20.294+0000] {processor.py:186} INFO - Started process (PID=472) to work on /home/airflow/.local/lib/python3.12/site-packages/airflow/example_dags/example_inlet_event_extra.py
[2025-01-27T00:10:20.295+0000] {processor.py:914} INFO - Processing file /home/airflow/.local/lib/python3.12/site-packages/airflow/example_dags/example_inlet_event_extra.py for tasks to queue
[2025-01-27T00:10:20.297+0000] {logging_mixin.py:190} INFO - [2025-01-27T00:10:20.297+0000] {dagbag.py:588} INFO - Filling up the DagBag from /home/airflow/.local/lib/python3.12/site-packages/airflow/example_dags/example_inlet_event_extra.py
[2025-01-27T00:10:20.858+0000] {processor.py:925} INFO - DAG(s) 'read_dataset_event', 'read_dataset_event_from_classic' retrieved from /home/airflow/.local/lib/python3.12/site-packages/airflow/example_dags/example_inlet_event_extra.py
[2025-01-27T00:10:20.883+0000] {logging_mixin.py:190} INFO - [2025-01-27T00:10:20.882+0000] {dag.py:3239} INFO - Sync 2 DAGs
[2025-01-27T00:10:20.914+0000] {logging_mixin.py:190} INFO - [2025-01-27T00:10:20.914+0000] {dag.py:4180} INFO - Setting next_dagrun for read_dataset_event to 2025-01-26 00:00:00+00:00, run_after=2025-01-27 00:00:00+00:00
[2025-01-27T00:10:20.921+0000] {logging_mixin.py:190} INFO - [2025-01-27T00:10:20.920+0000] {dag.py:4180} INFO - Setting next_dagrun for read_dataset_event_from_classic to 2025-01-26 00:00:00+00:00, run_after=2025-01-27 00:00:00+00:00
[2025-01-27T00:10:20.939+0000] {processor.py:208} INFO - Processing /home/airflow/.local/lib/python3.12/site-packages/airflow/example_dags/example_inlet_event_extra.py took 0.651 seconds
[2025-01-27T00:10:51.814+0000] {processor.py:186} INFO - Started process (PID=537) to work on /home/airflow/.local/lib/python3.12/site-packages/airflow/example_dags/example_inlet_event_extra.py
[2025-01-27T00:10:51.815+0000] {processor.py:914} INFO - Processing file /home/airflow/.local/lib/python3.12/site-packages/airflow/example_dags/example_inlet_event_extra.py for tasks to queue
[2025-01-27T00:10:51.819+0000] {logging_mixin.py:190} INFO - [2025-01-27T00:10:51.818+0000] {dagbag.py:588} INFO - Filling up the DagBag from /home/airflow/.local/lib/python3.12/site-packages/airflow/example_dags/example_inlet_event_extra.py
[2025-01-27T00:10:52.374+0000] {processor.py:925} INFO - DAG(s) 'read_dataset_event_from_classic', 'read_dataset_event' retrieved from /home/airflow/.local/lib/python3.12/site-packages/airflow/example_dags/example_inlet_event_extra.py
[2025-01-27T00:10:52.396+0000] {logging_mixin.py:190} INFO - [2025-01-27T00:10:52.396+0000] {dag.py:3239} INFO - Sync 2 DAGs
[2025-01-27T00:10:52.423+0000] {logging_mixin.py:190} INFO - [2025-01-27T00:10:52.423+0000] {dag.py:4180} INFO - Setting next_dagrun for read_dataset_event to 2025-01-26 00:00:00+00:00, run_after=2025-01-27 00:00:00+00:00
[2025-01-27T00:10:52.429+0000] {logging_mixin.py:190} INFO - [2025-01-27T00:10:52.428+0000] {dag.py:4180} INFO - Setting next_dagrun for read_dataset_event_from_classic to 2025-01-26 00:00:00+00:00, run_after=2025-01-27 00:00:00+00:00
[2025-01-27T00:10:52.446+0000] {processor.py:208} INFO - Processing /home/airflow/.local/lib/python3.12/site-packages/airflow/example_dags/example_inlet_event_extra.py took 0.639 seconds
[2025-01-27T00:12:33.814+0000] {processor.py:186} INFO - Started process (PID=77) to work on /home/airflow/.local/lib/python3.12/site-packages/airflow/example_dags/example_inlet_event_extra.py
[2025-01-27T00:12:33.815+0000] {processor.py:914} INFO - Processing file /home/airflow/.local/lib/python3.12/site-packages/airflow/example_dags/example_inlet_event_extra.py for tasks to queue
[2025-01-27T00:12:33.818+0000] {logging_mixin.py:190} INFO - [2025-01-27T00:12:33.817+0000] {dagbag.py:588} INFO - Filling up the DagBag from /home/airflow/.local/lib/python3.12/site-packages/airflow/example_dags/example_inlet_event_extra.py
[2025-01-27T00:12:34.424+0000] {processor.py:925} INFO - DAG(s) 'read_dataset_event_from_classic', 'read_dataset_event' retrieved from /home/airflow/.local/lib/python3.12/site-packages/airflow/example_dags/example_inlet_event_extra.py
[2025-01-27T00:12:34.446+0000] {logging_mixin.py:190} INFO - [2025-01-27T00:12:34.446+0000] {dag.py:3239} INFO - Sync 2 DAGs
[2025-01-27T00:12:34.472+0000] {logging_mixin.py:190} INFO - [2025-01-27T00:12:34.471+0000] {dag.py:4180} INFO - Setting next_dagrun for read_dataset_event to 2025-01-26 00:00:00+00:00, run_after=2025-01-27 00:00:00+00:00
[2025-01-27T00:12:34.477+0000] {logging_mixin.py:190} INFO - [2025-01-27T00:12:34.476+0000] {dag.py:4180} INFO - Setting next_dagrun for read_dataset_event_from_classic to 2025-01-26 00:00:00+00:00, run_after=2025-01-27 00:00:00+00:00
[2025-01-27T00:12:34.498+0000] {processor.py:208} INFO - Processing /home/airflow/.local/lib/python3.12/site-packages/airflow/example_dags/example_inlet_event_extra.py took 0.690 seconds
[2025-01-27T00:13:05.305+0000] {processor.py:186} INFO - Started process (PID=142) to work on /home/airflow/.local/lib/python3.12/site-packages/airflow/example_dags/example_inlet_event_extra.py
[2025-01-27T00:13:05.306+0000] {processor.py:914} INFO - Processing file /home/airflow/.local/lib/python3.12/site-packages/airflow/example_dags/example_inlet_event_extra.py for tasks to queue
[2025-01-27T00:13:05.308+0000] {logging_mixin.py:190} INFO - [2025-01-27T00:13:05.308+0000] {dagbag.py:588} INFO - Filling up the DagBag from /home/airflow/.local/lib/python3.12/site-packages/airflow/example_dags/example_inlet_event_extra.py
[2025-01-27T00:13:05.940+0000] {processor.py:925} INFO - DAG(s) 'read_dataset_event', 'read_dataset_event_from_classic' retrieved from /home/airflow/.local/lib/python3.12/site-packages/airflow/example_dags/example_inlet_event_extra.py
[2025-01-27T00:13:05.966+0000] {logging_mixin.py:190} INFO - [2025-01-27T00:13:05.966+0000] {dag.py:3239} INFO - Sync 2 DAGs
[2025-01-27T00:13:05.991+0000] {logging_mixin.py:190} INFO - [2025-01-27T00:13:05.991+0000] {dag.py:4180} INFO - Setting next_dagrun for read_dataset_event to 2025-01-26 00:00:00+00:00, run_after=2025-01-27 00:00:00+00:00
[2025-01-27T00:13:05.996+0000] {logging_mixin.py:190} INFO - [2025-01-27T00:13:05.996+0000] {dag.py:4180} INFO - Setting next_dagrun for read_dataset_event_from_classic to 2025-01-26 00:00:00+00:00, run_after=2025-01-27 00:00:00+00:00
[2025-01-27T00:13:06.012+0000] {processor.py:208} INFO - Processing /home/airflow/.local/lib/python3.12/site-packages/airflow/example_dags/example_inlet_event_extra.py took 0.713 seconds
[2025-01-27T00:13:36.303+0000] {processor.py:186} INFO - Started process (PID=207) to work on /home/airflow/.local/lib/python3.12/site-packages/airflow/example_dags/example_inlet_event_extra.py
[2025-01-27T00:13:36.304+0000] {processor.py:914} INFO - Processing file /home/airflow/.local/lib/python3.12/site-packages/airflow/example_dags/example_inlet_event_extra.py for tasks to queue
[2025-01-27T00:13:36.307+0000] {logging_mixin.py:190} INFO - [2025-01-27T00:13:36.307+0000] {dagbag.py:588} INFO - Filling up the DagBag from /home/airflow/.local/lib/python3.12/site-packages/airflow/example_dags/example_inlet_event_extra.py
[2025-01-27T00:13:37.047+0000] {processor.py:925} INFO - DAG(s) 'read_dataset_event_from_classic', 'read_dataset_event' retrieved from /home/airflow/.local/lib/python3.12/site-packages/airflow/example_dags/example_inlet_event_extra.py
[2025-01-27T00:13:37.071+0000] {logging_mixin.py:190} INFO - [2025-01-27T00:13:37.071+0000] {dag.py:3239} INFO - Sync 2 DAGs
[2025-01-27T00:13:37.099+0000] {logging_mixin.py:190} INFO - [2025-01-27T00:13:37.099+0000] {dag.py:4180} INFO - Setting next_dagrun for read_dataset_event to 2025-01-26 00:00:00+00:00, run_after=2025-01-27 00:00:00+00:00
[2025-01-27T00:13:37.104+0000] {logging_mixin.py:190} INFO - [2025-01-27T00:13:37.104+0000] {dag.py:4180} INFO - Setting next_dagrun for read_dataset_event_from_classic to 2025-01-26 00:00:00+00:00, run_after=2025-01-27 00:00:00+00:00
[2025-01-27T00:13:37.122+0000] {processor.py:208} INFO - Processing /home/airflow/.local/lib/python3.12/site-packages/airflow/example_dags/example_inlet_event_extra.py took 0.827 seconds
[2025-01-27T00:14:09.552+0000] {processor.py:186} INFO - Started process (PID=279) to work on /home/airflow/.local/lib/python3.12/site-packages/airflow/example_dags/example_inlet_event_extra.py
[2025-01-27T00:14:09.553+0000] {processor.py:914} INFO - Processing file /home/airflow/.local/lib/python3.12/site-packages/airflow/example_dags/example_inlet_event_extra.py for tasks to queue
[2025-01-27T00:14:09.555+0000] {logging_mixin.py:190} INFO - [2025-01-27T00:14:09.555+0000] {dagbag.py:588} INFO - Filling up the DagBag from /home/airflow/.local/lib/python3.12/site-packages/airflow/example_dags/example_inlet_event_extra.py
[2025-01-27T00:14:10.360+0000] {processor.py:925} INFO - DAG(s) 'read_dataset_event', 'read_dataset_event_from_classic' retrieved from /home/airflow/.local/lib/python3.12/site-packages/airflow/example_dags/example_inlet_event_extra.py
[2025-01-27T00:14:10.383+0000] {logging_mixin.py:190} INFO - [2025-01-27T00:14:10.382+0000] {dag.py:3239} INFO - Sync 2 DAGs
[2025-01-27T00:14:10.417+0000] {logging_mixin.py:190} INFO - [2025-01-27T00:14:10.417+0000] {dag.py:4180} INFO - Setting next_dagrun for read_dataset_event to 2025-01-26 00:00:00+00:00, run_after=2025-01-27 00:00:00+00:00
[2025-01-27T00:14:10.424+0000] {logging_mixin.py:190} INFO - [2025-01-27T00:14:10.424+0000] {dag.py:4180} INFO - Setting next_dagrun for read_dataset_event_from_classic to 2025-01-26 00:00:00+00:00, run_after=2025-01-27 00:00:00+00:00
[2025-01-27T00:14:10.442+0000] {processor.py:208} INFO - Processing /home/airflow/.local/lib/python3.12/site-packages/airflow/example_dags/example_inlet_event_extra.py took 0.896 seconds
[2025-01-27T00:14:41.112+0000] {processor.py:186} INFO - Started process (PID=344) to work on /home/airflow/.local/lib/python3.12/site-packages/airflow/example_dags/example_inlet_event_extra.py
[2025-01-27T00:14:41.113+0000] {processor.py:914} INFO - Processing file /home/airflow/.local/lib/python3.12/site-packages/airflow/example_dags/example_inlet_event_extra.py for tasks to queue
[2025-01-27T00:14:41.116+0000] {logging_mixin.py:190} INFO - [2025-01-27T00:14:41.116+0000] {dagbag.py:588} INFO - Filling up the DagBag from /home/airflow/.local/lib/python3.12/site-packages/airflow/example_dags/example_inlet_event_extra.py
[2025-01-27T00:14:41.847+0000] {processor.py:925} INFO - DAG(s) 'read_dataset_event', 'read_dataset_event_from_classic' retrieved from /home/airflow/.local/lib/python3.12/site-packages/airflow/example_dags/example_inlet_event_extra.py
[2025-01-27T00:14:41.872+0000] {logging_mixin.py:190} INFO - [2025-01-27T00:14:41.872+0000] {dag.py:3239} INFO - Sync 2 DAGs
[2025-01-27T00:14:41.904+0000] {logging_mixin.py:190} INFO - [2025-01-27T00:14:41.904+0000] {dag.py:4180} INFO - Setting next_dagrun for read_dataset_event to 2025-01-26 00:00:00+00:00, run_after=2025-01-27 00:00:00+00:00
[2025-01-27T00:14:41.910+0000] {logging_mixin.py:190} INFO - [2025-01-27T00:14:41.910+0000] {dag.py:4180} INFO - Setting next_dagrun for read_dataset_event_from_classic to 2025-01-26 00:00:00+00:00, run_after=2025-01-27 00:00:00+00:00
[2025-01-27T00:14:41.932+0000] {processor.py:208} INFO - Processing /home/airflow/.local/lib/python3.12/site-packages/airflow/example_dags/example_inlet_event_extra.py took 0.825 seconds
[2025-01-27T00:16:30.710+0000] {processor.py:186} INFO - Started process (PID=83) to work on /home/airflow/.local/lib/python3.12/site-packages/airflow/example_dags/example_inlet_event_extra.py
[2025-01-27T00:16:30.715+0000] {processor.py:914} INFO - Processing file /home/airflow/.local/lib/python3.12/site-packages/airflow/example_dags/example_inlet_event_extra.py for tasks to queue
[2025-01-27T00:16:30.722+0000] {logging_mixin.py:190} INFO - [2025-01-27T00:16:30.722+0000] {dagbag.py:588} INFO - Filling up the DagBag from /home/airflow/.local/lib/python3.12/site-packages/airflow/example_dags/example_inlet_event_extra.py
[2025-01-27T00:16:31.685+0000] {processor.py:925} INFO - DAG(s) 'read_dataset_event_from_classic', 'read_dataset_event' retrieved from /home/airflow/.local/lib/python3.12/site-packages/airflow/example_dags/example_inlet_event_extra.py
[2025-01-27T00:16:31.740+0000] {logging_mixin.py:190} INFO - [2025-01-27T00:16:31.740+0000] {dag.py:3239} INFO - Sync 2 DAGs
[2025-01-27T00:16:31.785+0000] {logging_mixin.py:190} INFO - [2025-01-27T00:16:31.785+0000] {dag.py:4180} INFO - Setting next_dagrun for read_dataset_event to 2025-01-26 00:00:00+00:00, run_after=2025-01-27 00:00:00+00:00
[2025-01-27T00:16:31.795+0000] {logging_mixin.py:190} INFO - [2025-01-27T00:16:31.794+0000] {dag.py:4180} INFO - Setting next_dagrun for read_dataset_event_from_classic to 2025-01-26 00:00:00+00:00, run_after=2025-01-27 00:00:00+00:00
[2025-01-27T00:16:31.819+0000] {processor.py:208} INFO - Processing /home/airflow/.local/lib/python3.12/site-packages/airflow/example_dags/example_inlet_event_extra.py took 1.116 seconds
[2025-01-27T00:17:02.490+0000] {processor.py:186} INFO - Started process (PID=150) to work on /home/airflow/.local/lib/python3.12/site-packages/airflow/example_dags/example_inlet_event_extra.py
[2025-01-27T00:17:02.491+0000] {processor.py:914} INFO - Processing file /home/airflow/.local/lib/python3.12/site-packages/airflow/example_dags/example_inlet_event_extra.py for tasks to queue
[2025-01-27T00:17:02.494+0000] {logging_mixin.py:190} INFO - [2025-01-27T00:17:02.493+0000] {dagbag.py:588} INFO - Filling up the DagBag from /home/airflow/.local/lib/python3.12/site-packages/airflow/example_dags/example_inlet_event_extra.py
[2025-01-27T00:17:03.141+0000] {processor.py:925} INFO - DAG(s) 'read_dataset_event', 'read_dataset_event_from_classic' retrieved from /home/airflow/.local/lib/python3.12/site-packages/airflow/example_dags/example_inlet_event_extra.py
[2025-01-27T00:17:03.167+0000] {logging_mixin.py:190} INFO - [2025-01-27T00:17:03.166+0000] {dag.py:3239} INFO - Sync 2 DAGs
[2025-01-27T00:17:03.199+0000] {logging_mixin.py:190} INFO - [2025-01-27T00:17:03.199+0000] {dag.py:4180} INFO - Setting next_dagrun for read_dataset_event to 2025-01-26 00:00:00+00:00, run_after=2025-01-27 00:00:00+00:00
[2025-01-27T00:17:03.205+0000] {logging_mixin.py:190} INFO - [2025-01-27T00:17:03.205+0000] {dag.py:4180} INFO - Setting next_dagrun for read_dataset_event_from_classic to 2025-01-26 00:00:00+00:00, run_after=2025-01-27 00:00:00+00:00
[2025-01-27T00:17:03.227+0000] {processor.py:208} INFO - Processing /home/airflow/.local/lib/python3.12/site-packages/airflow/example_dags/example_inlet_event_extra.py took 0.742 seconds
[2025-01-27T00:17:33.282+0000] {processor.py:186} INFO - Started process (PID=216) to work on /home/airflow/.local/lib/python3.12/site-packages/airflow/example_dags/example_inlet_event_extra.py
[2025-01-27T00:17:33.283+0000] {processor.py:914} INFO - Processing file /home/airflow/.local/lib/python3.12/site-packages/airflow/example_dags/example_inlet_event_extra.py for tasks to queue
[2025-01-27T00:17:33.285+0000] {logging_mixin.py:190} INFO - [2025-01-27T00:17:33.285+0000] {dagbag.py:588} INFO - Filling up the DagBag from /home/airflow/.local/lib/python3.12/site-packages/airflow/example_dags/example_inlet_event_extra.py
[2025-01-27T00:17:33.840+0000] {processor.py:925} INFO - DAG(s) 'read_dataset_event', 'read_dataset_event_from_classic' retrieved from /home/airflow/.local/lib/python3.12/site-packages/airflow/example_dags/example_inlet_event_extra.py
[2025-01-27T00:17:33.864+0000] {logging_mixin.py:190} INFO - [2025-01-27T00:17:33.863+0000] {dag.py:3239} INFO - Sync 2 DAGs
[2025-01-27T00:17:33.892+0000] {logging_mixin.py:190} INFO - [2025-01-27T00:17:33.892+0000] {dag.py:4180} INFO - Setting next_dagrun for read_dataset_event to 2025-01-26 00:00:00+00:00, run_after=2025-01-27 00:00:00+00:00
[2025-01-27T00:17:33.898+0000] {logging_mixin.py:190} INFO - [2025-01-27T00:17:33.897+0000] {dag.py:4180} INFO - Setting next_dagrun for read_dataset_event_from_classic to 2025-01-26 00:00:00+00:00, run_after=2025-01-27 00:00:00+00:00
[2025-01-27T00:17:33.915+0000] {processor.py:208} INFO - Processing /home/airflow/.local/lib/python3.12/site-packages/airflow/example_dags/example_inlet_event_extra.py took 0.638 seconds
[2025-01-27T00:18:04.925+0000] {processor.py:186} INFO - Started process (PID=282) to work on /home/airflow/.local/lib/python3.12/site-packages/airflow/example_dags/example_inlet_event_extra.py
[2025-01-27T00:18:04.927+0000] {processor.py:914} INFO - Processing file /home/airflow/.local/lib/python3.12/site-packages/airflow/example_dags/example_inlet_event_extra.py for tasks to queue
[2025-01-27T00:18:04.930+0000] {logging_mixin.py:190} INFO - [2025-01-27T00:18:04.929+0000] {dagbag.py:588} INFO - Filling up the DagBag from /home/airflow/.local/lib/python3.12/site-packages/airflow/example_dags/example_inlet_event_extra.py
[2025-01-27T00:18:05.584+0000] {processor.py:925} INFO - DAG(s) 'read_dataset_event', 'read_dataset_event_from_classic' retrieved from /home/airflow/.local/lib/python3.12/site-packages/airflow/example_dags/example_inlet_event_extra.py
[2025-01-27T00:18:05.684+0000] {logging_mixin.py:190} INFO - [2025-01-27T00:18:05.684+0000] {dag.py:3239} INFO - Sync 2 DAGs
[2025-01-27T00:18:05.745+0000] {logging_mixin.py:190} INFO - [2025-01-27T00:18:05.745+0000] {dag.py:4180} INFO - Setting next_dagrun for read_dataset_event to 2025-01-26 00:00:00+00:00, run_after=2025-01-27 00:00:00+00:00
[2025-01-27T00:18:05.757+0000] {logging_mixin.py:190} INFO - [2025-01-27T00:18:05.757+0000] {dag.py:4180} INFO - Setting next_dagrun for read_dataset_event_from_classic to 2025-01-26 00:00:00+00:00, run_after=2025-01-27 00:00:00+00:00
[2025-01-27T00:18:05.781+0000] {processor.py:208} INFO - Processing /home/airflow/.local/lib/python3.12/site-packages/airflow/example_dags/example_inlet_event_extra.py took 0.863 seconds
[2025-01-27T00:18:36.653+0000] {processor.py:186} INFO - Started process (PID=348) to work on /home/airflow/.local/lib/python3.12/site-packages/airflow/example_dags/example_inlet_event_extra.py
[2025-01-27T00:18:36.654+0000] {processor.py:914} INFO - Processing file /home/airflow/.local/lib/python3.12/site-packages/airflow/example_dags/example_inlet_event_extra.py for tasks to queue
[2025-01-27T00:18:36.657+0000] {logging_mixin.py:190} INFO - [2025-01-27T00:18:36.657+0000] {dagbag.py:588} INFO - Filling up the DagBag from /home/airflow/.local/lib/python3.12/site-packages/airflow/example_dags/example_inlet_event_extra.py
[2025-01-27T00:18:37.244+0000] {processor.py:925} INFO - DAG(s) 'read_dataset_event', 'read_dataset_event_from_classic' retrieved from /home/airflow/.local/lib/python3.12/site-packages/airflow/example_dags/example_inlet_event_extra.py
[2025-01-27T00:18:37.265+0000] {logging_mixin.py:190} INFO - [2025-01-27T00:18:37.265+0000] {dag.py:3239} INFO - Sync 2 DAGs
[2025-01-27T00:18:37.291+0000] {logging_mixin.py:190} INFO - [2025-01-27T00:18:37.291+0000] {dag.py:4180} INFO - Setting next_dagrun for read_dataset_event to 2025-01-26 00:00:00+00:00, run_after=2025-01-27 00:00:00+00:00
[2025-01-27T00:18:37.297+0000] {logging_mixin.py:190} INFO - [2025-01-27T00:18:37.297+0000] {dag.py:4180} INFO - Setting next_dagrun for read_dataset_event_from_classic to 2025-01-26 00:00:00+00:00, run_after=2025-01-27 00:00:00+00:00
[2025-01-27T00:18:37.317+0000] {processor.py:208} INFO - Processing /home/airflow/.local/lib/python3.12/site-packages/airflow/example_dags/example_inlet_event_extra.py took 0.678 seconds
[2025-01-27T00:19:07.903+0000] {processor.py:186} INFO - Started process (PID=415) to work on /home/airflow/.local/lib/python3.12/site-packages/airflow/example_dags/example_inlet_event_extra.py
[2025-01-27T00:19:07.906+0000] {processor.py:914} INFO - Processing file /home/airflow/.local/lib/python3.12/site-packages/airflow/example_dags/example_inlet_event_extra.py for tasks to queue
[2025-01-27T00:19:07.913+0000] {logging_mixin.py:190} INFO - [2025-01-27T00:19:07.913+0000] {dagbag.py:588} INFO - Filling up the DagBag from /home/airflow/.local/lib/python3.12/site-packages/airflow/example_dags/example_inlet_event_extra.py
[2025-01-27T00:19:08.614+0000] {processor.py:925} INFO - DAG(s) 'read_dataset_event', 'read_dataset_event_from_classic' retrieved from /home/airflow/.local/lib/python3.12/site-packages/airflow/example_dags/example_inlet_event_extra.py
[2025-01-27T00:19:08.636+0000] {logging_mixin.py:190} INFO - [2025-01-27T00:19:08.636+0000] {dag.py:3239} INFO - Sync 2 DAGs
[2025-01-27T00:19:08.662+0000] {logging_mixin.py:190} INFO - [2025-01-27T00:19:08.662+0000] {dag.py:4180} INFO - Setting next_dagrun for read_dataset_event to 2025-01-26 00:00:00+00:00, run_after=2025-01-27 00:00:00+00:00
[2025-01-27T00:19:08.668+0000] {logging_mixin.py:190} INFO - [2025-01-27T00:19:08.668+0000] {dag.py:4180} INFO - Setting next_dagrun for read_dataset_event_from_classic to 2025-01-26 00:00:00+00:00, run_after=2025-01-27 00:00:00+00:00
[2025-01-27T00:19:08.686+0000] {processor.py:208} INFO - Processing /home/airflow/.local/lib/python3.12/site-packages/airflow/example_dags/example_inlet_event_extra.py took 0.791 seconds
[2025-01-27T00:19:39.181+0000] {processor.py:186} INFO - Started process (PID=480) to work on /home/airflow/.local/lib/python3.12/site-packages/airflow/example_dags/example_inlet_event_extra.py
[2025-01-27T00:19:39.182+0000] {processor.py:914} INFO - Processing file /home/airflow/.local/lib/python3.12/site-packages/airflow/example_dags/example_inlet_event_extra.py for tasks to queue
[2025-01-27T00:19:39.185+0000] {logging_mixin.py:190} INFO - [2025-01-27T00:19:39.185+0000] {dagbag.py:588} INFO - Filling up the DagBag from /home/airflow/.local/lib/python3.12/site-packages/airflow/example_dags/example_inlet_event_extra.py
[2025-01-27T00:19:40.009+0000] {processor.py:925} INFO - DAG(s) 'read_dataset_event', 'read_dataset_event_from_classic' retrieved from /home/airflow/.local/lib/python3.12/site-packages/airflow/example_dags/example_inlet_event_extra.py
[2025-01-27T00:19:40.041+0000] {logging_mixin.py:190} INFO - [2025-01-27T00:19:40.041+0000] {dag.py:3239} INFO - Sync 2 DAGs
[2025-01-27T00:19:40.078+0000] {logging_mixin.py:190} INFO - [2025-01-27T00:19:40.078+0000] {dag.py:4180} INFO - Setting next_dagrun for read_dataset_event to 2025-01-26 00:00:00+00:00, run_after=2025-01-27 00:00:00+00:00
[2025-01-27T00:19:40.086+0000] {logging_mixin.py:190} INFO - [2025-01-27T00:19:40.086+0000] {dag.py:4180} INFO - Setting next_dagrun for read_dataset_event_from_classic to 2025-01-26 00:00:00+00:00, run_after=2025-01-27 00:00:00+00:00
[2025-01-27T00:19:40.114+0000] {processor.py:208} INFO - Processing /home/airflow/.local/lib/python3.12/site-packages/airflow/example_dags/example_inlet_event_extra.py took 0.941 seconds
[2025-01-27T00:20:10.745+0000] {processor.py:186} INFO - Started process (PID=546) to work on /home/airflow/.local/lib/python3.12/site-packages/airflow/example_dags/example_inlet_event_extra.py
[2025-01-27T00:20:10.746+0000] {processor.py:914} INFO - Processing file /home/airflow/.local/lib/python3.12/site-packages/airflow/example_dags/example_inlet_event_extra.py for tasks to queue
[2025-01-27T00:20:10.749+0000] {logging_mixin.py:190} INFO - [2025-01-27T00:20:10.748+0000] {dagbag.py:588} INFO - Filling up the DagBag from /home/airflow/.local/lib/python3.12/site-packages/airflow/example_dags/example_inlet_event_extra.py
[2025-01-27T00:20:11.307+0000] {processor.py:925} INFO - DAG(s) 'read_dataset_event_from_classic', 'read_dataset_event' retrieved from /home/airflow/.local/lib/python3.12/site-packages/airflow/example_dags/example_inlet_event_extra.py
[2025-01-27T00:20:11.332+0000] {logging_mixin.py:190} INFO - [2025-01-27T00:20:11.331+0000] {dag.py:3239} INFO - Sync 2 DAGs
[2025-01-27T00:20:11.361+0000] {logging_mixin.py:190} INFO - [2025-01-27T00:20:11.361+0000] {dag.py:4180} INFO - Setting next_dagrun for read_dataset_event to 2025-01-26 00:00:00+00:00, run_after=2025-01-27 00:00:00+00:00
[2025-01-27T00:20:11.373+0000] {logging_mixin.py:190} INFO - [2025-01-27T00:20:11.369+0000] {dag.py:4180} INFO - Setting next_dagrun for read_dataset_event_from_classic to 2025-01-26 00:00:00+00:00, run_after=2025-01-27 00:00:00+00:00
[2025-01-27T00:20:11.410+0000] {processor.py:208} INFO - Processing /home/airflow/.local/lib/python3.12/site-packages/airflow/example_dags/example_inlet_event_extra.py took 0.670 seconds
[2025-01-27T00:20:41.922+0000] {processor.py:186} INFO - Started process (PID=612) to work on /home/airflow/.local/lib/python3.12/site-packages/airflow/example_dags/example_inlet_event_extra.py
[2025-01-27T00:20:41.923+0000] {processor.py:914} INFO - Processing file /home/airflow/.local/lib/python3.12/site-packages/airflow/example_dags/example_inlet_event_extra.py for tasks to queue
[2025-01-27T00:20:41.926+0000] {logging_mixin.py:190} INFO - [2025-01-27T00:20:41.926+0000] {dagbag.py:588} INFO - Filling up the DagBag from /home/airflow/.local/lib/python3.12/site-packages/airflow/example_dags/example_inlet_event_extra.py
[2025-01-27T00:20:42.507+0000] {processor.py:925} INFO - DAG(s) 'read_dataset_event', 'read_dataset_event_from_classic' retrieved from /home/airflow/.local/lib/python3.12/site-packages/airflow/example_dags/example_inlet_event_extra.py
[2025-01-27T00:20:42.536+0000] {logging_mixin.py:190} INFO - [2025-01-27T00:20:42.535+0000] {dag.py:3239} INFO - Sync 2 DAGs
[2025-01-27T00:20:42.573+0000] {logging_mixin.py:190} INFO - [2025-01-27T00:20:42.572+0000] {dag.py:4180} INFO - Setting next_dagrun for read_dataset_event to 2025-01-26 00:00:00+00:00, run_after=2025-01-27 00:00:00+00:00
[2025-01-27T00:20:42.580+0000] {logging_mixin.py:190} INFO - [2025-01-27T00:20:42.579+0000] {dag.py:4180} INFO - Setting next_dagrun for read_dataset_event_from_classic to 2025-01-26 00:00:00+00:00, run_after=2025-01-27 00:00:00+00:00
[2025-01-27T00:20:42.614+0000] {processor.py:208} INFO - Processing /home/airflow/.local/lib/python3.12/site-packages/airflow/example_dags/example_inlet_event_extra.py took 0.701 seconds
[2025-01-27T00:21:13.435+0000] {processor.py:186} INFO - Started process (PID=678) to work on /home/airflow/.local/lib/python3.12/site-packages/airflow/example_dags/example_inlet_event_extra.py
[2025-01-27T00:21:13.437+0000] {processor.py:914} INFO - Processing file /home/airflow/.local/lib/python3.12/site-packages/airflow/example_dags/example_inlet_event_extra.py for tasks to queue
[2025-01-27T00:21:13.439+0000] {logging_mixin.py:190} INFO - [2025-01-27T00:21:13.439+0000] {dagbag.py:588} INFO - Filling up the DagBag from /home/airflow/.local/lib/python3.12/site-packages/airflow/example_dags/example_inlet_event_extra.py
[2025-01-27T00:21:14.037+0000] {processor.py:925} INFO - DAG(s) 'read_dataset_event_from_classic', 'read_dataset_event' retrieved from /home/airflow/.local/lib/python3.12/site-packages/airflow/example_dags/example_inlet_event_extra.py
[2025-01-27T00:21:14.067+0000] {logging_mixin.py:190} INFO - [2025-01-27T00:21:14.067+0000] {dag.py:3239} INFO - Sync 2 DAGs
[2025-01-27T00:21:14.106+0000] {logging_mixin.py:190} INFO - [2025-01-27T00:21:14.105+0000] {dag.py:4180} INFO - Setting next_dagrun for read_dataset_event to 2025-01-26 00:00:00+00:00, run_after=2025-01-27 00:00:00+00:00
[2025-01-27T00:21:14.115+0000] {logging_mixin.py:190} INFO - [2025-01-27T00:21:14.115+0000] {dag.py:4180} INFO - Setting next_dagrun for read_dataset_event_from_classic to 2025-01-26 00:00:00+00:00, run_after=2025-01-27 00:00:00+00:00
[2025-01-27T00:21:14.135+0000] {processor.py:208} INFO - Processing /home/airflow/.local/lib/python3.12/site-packages/airflow/example_dags/example_inlet_event_extra.py took 0.706 seconds
[2025-01-27T00:21:44.275+0000] {processor.py:186} INFO - Started process (PID=745) to work on /home/airflow/.local/lib/python3.12/site-packages/airflow/example_dags/example_inlet_event_extra.py
[2025-01-27T00:21:44.276+0000] {processor.py:914} INFO - Processing file /home/airflow/.local/lib/python3.12/site-packages/airflow/example_dags/example_inlet_event_extra.py for tasks to queue
[2025-01-27T00:21:44.278+0000] {logging_mixin.py:190} INFO - [2025-01-27T00:21:44.278+0000] {dagbag.py:588} INFO - Filling up the DagBag from /home/airflow/.local/lib/python3.12/site-packages/airflow/example_dags/example_inlet_event_extra.py
[2025-01-27T00:21:44.992+0000] {processor.py:925} INFO - DAG(s) 'read_dataset_event_from_classic', 'read_dataset_event' retrieved from /home/airflow/.local/lib/python3.12/site-packages/airflow/example_dags/example_inlet_event_extra.py
[2025-01-27T00:21:45.014+0000] {logging_mixin.py:190} INFO - [2025-01-27T00:21:45.014+0000] {dag.py:3239} INFO - Sync 2 DAGs
[2025-01-27T00:21:45.043+0000] {logging_mixin.py:190} INFO - [2025-01-27T00:21:45.042+0000] {dag.py:4180} INFO - Setting next_dagrun for read_dataset_event to 2025-01-26 00:00:00+00:00, run_after=2025-01-27 00:00:00+00:00
[2025-01-27T00:21:45.048+0000] {logging_mixin.py:190} INFO - [2025-01-27T00:21:45.047+0000] {dag.py:4180} INFO - Setting next_dagrun for read_dataset_event_from_classic to 2025-01-26 00:00:00+00:00, run_after=2025-01-27 00:00:00+00:00
[2025-01-27T00:21:45.065+0000] {processor.py:208} INFO - Processing /home/airflow/.local/lib/python3.12/site-packages/airflow/example_dags/example_inlet_event_extra.py took 0.796 seconds
[2025-01-27T00:22:15.532+0000] {processor.py:186} INFO - Started process (PID=811) to work on /home/airflow/.local/lib/python3.12/site-packages/airflow/example_dags/example_inlet_event_extra.py
[2025-01-27T00:22:15.533+0000] {processor.py:914} INFO - Processing file /home/airflow/.local/lib/python3.12/site-packages/airflow/example_dags/example_inlet_event_extra.py for tasks to queue
[2025-01-27T00:22:15.536+0000] {logging_mixin.py:190} INFO - [2025-01-27T00:22:15.536+0000] {dagbag.py:588} INFO - Filling up the DagBag from /home/airflow/.local/lib/python3.12/site-packages/airflow/example_dags/example_inlet_event_extra.py
[2025-01-27T00:22:16.132+0000] {processor.py:925} INFO - DAG(s) 'read_dataset_event', 'read_dataset_event_from_classic' retrieved from /home/airflow/.local/lib/python3.12/site-packages/airflow/example_dags/example_inlet_event_extra.py
[2025-01-27T00:22:16.154+0000] {logging_mixin.py:190} INFO - [2025-01-27T00:22:16.153+0000] {dag.py:3239} INFO - Sync 2 DAGs
[2025-01-27T00:22:16.220+0000] {logging_mixin.py:190} INFO - [2025-01-27T00:22:16.219+0000] {dag.py:4180} INFO - Setting next_dagrun for read_dataset_event to 2025-01-26 00:00:00+00:00, run_after=2025-01-27 00:00:00+00:00
[2025-01-27T00:22:16.229+0000] {logging_mixin.py:190} INFO - [2025-01-27T00:22:16.228+0000] {dag.py:4180} INFO - Setting next_dagrun for read_dataset_event_from_classic to 2025-01-26 00:00:00+00:00, run_after=2025-01-27 00:00:00+00:00
[2025-01-27T00:22:16.253+0000] {processor.py:208} INFO - Processing /home/airflow/.local/lib/python3.12/site-packages/airflow/example_dags/example_inlet_event_extra.py took 0.728 seconds
[2025-01-27T00:26:35.117+0000] {processor.py:186} INFO - Started process (PID=84) to work on /home/airflow/.local/lib/python3.12/site-packages/airflow/example_dags/example_inlet_event_extra.py
[2025-01-27T00:26:35.118+0000] {processor.py:914} INFO - Processing file /home/airflow/.local/lib/python3.12/site-packages/airflow/example_dags/example_inlet_event_extra.py for tasks to queue
[2025-01-27T00:26:35.121+0000] {logging_mixin.py:190} INFO - [2025-01-27T00:26:35.121+0000] {dagbag.py:588} INFO - Filling up the DagBag from /home/airflow/.local/lib/python3.12/site-packages/airflow/example_dags/example_inlet_event_extra.py
[2025-01-27T00:26:35.875+0000] {processor.py:925} INFO - DAG(s) 'read_dataset_event', 'read_dataset_event_from_classic' retrieved from /home/airflow/.local/lib/python3.12/site-packages/airflow/example_dags/example_inlet_event_extra.py
[2025-01-27T00:26:35.899+0000] {logging_mixin.py:190} INFO - [2025-01-27T00:26:35.899+0000] {dag.py:3239} INFO - Sync 2 DAGs
[2025-01-27T00:26:35.935+0000] {logging_mixin.py:190} INFO - [2025-01-27T00:26:35.935+0000] {dag.py:4180} INFO - Setting next_dagrun for read_dataset_event to 2025-01-26 00:00:00+00:00, run_after=2025-01-27 00:00:00+00:00
[2025-01-27T00:26:35.941+0000] {logging_mixin.py:190} INFO - [2025-01-27T00:26:35.941+0000] {dag.py:4180} INFO - Setting next_dagrun for read_dataset_event_from_classic to 2025-01-26 00:00:00+00:00, run_after=2025-01-27 00:00:00+00:00
[2025-01-27T00:26:35.962+0000] {processor.py:208} INFO - Processing /home/airflow/.local/lib/python3.12/site-packages/airflow/example_dags/example_inlet_event_extra.py took 0.854 seconds
[2025-01-27T00:27:06.175+0000] {processor.py:186} INFO - Started process (PID=151) to work on /home/airflow/.local/lib/python3.12/site-packages/airflow/example_dags/example_inlet_event_extra.py
[2025-01-27T00:27:06.177+0000] {processor.py:914} INFO - Processing file /home/airflow/.local/lib/python3.12/site-packages/airflow/example_dags/example_inlet_event_extra.py for tasks to queue
[2025-01-27T00:27:06.179+0000] {logging_mixin.py:190} INFO - [2025-01-27T00:27:06.179+0000] {dagbag.py:588} INFO - Filling up the DagBag from /home/airflow/.local/lib/python3.12/site-packages/airflow/example_dags/example_inlet_event_extra.py
[2025-01-27T00:27:06.994+0000] {processor.py:925} INFO - DAG(s) 'read_dataset_event', 'read_dataset_event_from_classic' retrieved from /home/airflow/.local/lib/python3.12/site-packages/airflow/example_dags/example_inlet_event_extra.py
[2025-01-27T00:27:07.014+0000] {logging_mixin.py:190} INFO - [2025-01-27T00:27:07.014+0000] {dag.py:3239} INFO - Sync 2 DAGs
[2025-01-27T00:27:07.045+0000] {logging_mixin.py:190} INFO - [2025-01-27T00:27:07.044+0000] {dag.py:4180} INFO - Setting next_dagrun for read_dataset_event to 2025-01-26 00:00:00+00:00, run_after=2025-01-27 00:00:00+00:00
[2025-01-27T00:27:07.050+0000] {logging_mixin.py:190} INFO - [2025-01-27T00:27:07.050+0000] {dag.py:4180} INFO - Setting next_dagrun for read_dataset_event_from_classic to 2025-01-26 00:00:00+00:00, run_after=2025-01-27 00:00:00+00:00
[2025-01-27T00:27:07.069+0000] {processor.py:208} INFO - Processing /home/airflow/.local/lib/python3.12/site-packages/airflow/example_dags/example_inlet_event_extra.py took 0.899 seconds
[2025-01-27T00:27:37.485+0000] {processor.py:186} INFO - Started process (PID=216) to work on /home/airflow/.local/lib/python3.12/site-packages/airflow/example_dags/example_inlet_event_extra.py
[2025-01-27T00:27:37.487+0000] {processor.py:914} INFO - Processing file /home/airflow/.local/lib/python3.12/site-packages/airflow/example_dags/example_inlet_event_extra.py for tasks to queue
[2025-01-27T00:27:37.490+0000] {logging_mixin.py:190} INFO - [2025-01-27T00:27:37.489+0000] {dagbag.py:588} INFO - Filling up the DagBag from /home/airflow/.local/lib/python3.12/site-packages/airflow/example_dags/example_inlet_event_extra.py
[2025-01-27T00:27:38.647+0000] {processor.py:925} INFO - DAG(s) 'read_dataset_event_from_classic', 'read_dataset_event' retrieved from /home/airflow/.local/lib/python3.12/site-packages/airflow/example_dags/example_inlet_event_extra.py
[2025-01-27T00:27:38.718+0000] {logging_mixin.py:190} INFO - [2025-01-27T00:27:38.717+0000] {dag.py:3239} INFO - Sync 2 DAGs
[2025-01-27T00:27:38.793+0000] {logging_mixin.py:190} INFO - [2025-01-27T00:27:38.792+0000] {dag.py:4180} INFO - Setting next_dagrun for read_dataset_event to 2025-01-26 00:00:00+00:00, run_after=2025-01-27 00:00:00+00:00
[2025-01-27T00:27:38.807+0000] {logging_mixin.py:190} INFO - [2025-01-27T00:27:38.807+0000] {dag.py:4180} INFO - Setting next_dagrun for read_dataset_event_from_classic to 2025-01-26 00:00:00+00:00, run_after=2025-01-27 00:00:00+00:00
[2025-01-27T00:27:38.839+0000] {processor.py:208} INFO - Processing /home/airflow/.local/lib/python3.12/site-packages/airflow/example_dags/example_inlet_event_extra.py took 1.362 seconds
[2025-01-27T00:28:09.066+0000] {processor.py:186} INFO - Started process (PID=282) to work on /home/airflow/.local/lib/python3.12/site-packages/airflow/example_dags/example_inlet_event_extra.py
[2025-01-27T00:28:09.068+0000] {processor.py:914} INFO - Processing file /home/airflow/.local/lib/python3.12/site-packages/airflow/example_dags/example_inlet_event_extra.py for tasks to queue
[2025-01-27T00:28:09.071+0000] {logging_mixin.py:190} INFO - [2025-01-27T00:28:09.070+0000] {dagbag.py:588} INFO - Filling up the DagBag from /home/airflow/.local/lib/python3.12/site-packages/airflow/example_dags/example_inlet_event_extra.py
[2025-01-27T00:28:09.837+0000] {processor.py:925} INFO - DAG(s) 'read_dataset_event', 'read_dataset_event_from_classic' retrieved from /home/airflow/.local/lib/python3.12/site-packages/airflow/example_dags/example_inlet_event_extra.py
[2025-01-27T00:28:09.862+0000] {logging_mixin.py:190} INFO - [2025-01-27T00:28:09.862+0000] {dag.py:3239} INFO - Sync 2 DAGs
[2025-01-27T00:28:09.898+0000] {logging_mixin.py:190} INFO - [2025-01-27T00:28:09.897+0000] {dag.py:4180} INFO - Setting next_dagrun for read_dataset_event to 2025-01-26 00:00:00+00:00, run_after=2025-01-27 00:00:00+00:00
[2025-01-27T00:28:09.905+0000] {logging_mixin.py:190} INFO - [2025-01-27T00:28:09.904+0000] {dag.py:4180} INFO - Setting next_dagrun for read_dataset_event_from_classic to 2025-01-26 00:00:00+00:00, run_after=2025-01-27 00:00:00+00:00
[2025-01-27T00:28:09.928+0000] {processor.py:208} INFO - Processing /home/airflow/.local/lib/python3.12/site-packages/airflow/example_dags/example_inlet_event_extra.py took 0.872 seconds
[2025-01-27T00:29:31.823+0000] {processor.py:186} INFO - Started process (PID=77) to work on /home/airflow/.local/lib/python3.12/site-packages/airflow/example_dags/example_inlet_event_extra.py
[2025-01-27T00:29:31.824+0000] {processor.py:914} INFO - Processing file /home/airflow/.local/lib/python3.12/site-packages/airflow/example_dags/example_inlet_event_extra.py for tasks to queue
[2025-01-27T00:29:31.827+0000] {logging_mixin.py:190} INFO - [2025-01-27T00:29:31.826+0000] {dagbag.py:588} INFO - Filling up the DagBag from /home/airflow/.local/lib/python3.12/site-packages/airflow/example_dags/example_inlet_event_extra.py
[2025-01-27T00:29:32.435+0000] {processor.py:925} INFO - DAG(s) 'read_dataset_event_from_classic', 'read_dataset_event' retrieved from /home/airflow/.local/lib/python3.12/site-packages/airflow/example_dags/example_inlet_event_extra.py
[2025-01-27T00:29:32.468+0000] {logging_mixin.py:190} INFO - [2025-01-27T00:29:32.467+0000] {dag.py:3239} INFO - Sync 2 DAGs
[2025-01-27T00:29:32.501+0000] {logging_mixin.py:190} INFO - [2025-01-27T00:29:32.501+0000] {dag.py:4180} INFO - Setting next_dagrun for read_dataset_event to 2025-01-26 00:00:00+00:00, run_after=2025-01-27 00:00:00+00:00
[2025-01-27T00:29:32.506+0000] {logging_mixin.py:190} INFO - [2025-01-27T00:29:32.506+0000] {dag.py:4180} INFO - Setting next_dagrun for read_dataset_event_from_classic to 2025-01-26 00:00:00+00:00, run_after=2025-01-27 00:00:00+00:00
[2025-01-27T00:29:32.523+0000] {processor.py:208} INFO - Processing /home/airflow/.local/lib/python3.12/site-packages/airflow/example_dags/example_inlet_event_extra.py took 0.705 seconds
[2025-01-27T00:30:03.461+0000] {processor.py:186} INFO - Started process (PID=142) to work on /home/airflow/.local/lib/python3.12/site-packages/airflow/example_dags/example_inlet_event_extra.py
[2025-01-27T00:30:03.462+0000] {processor.py:914} INFO - Processing file /home/airflow/.local/lib/python3.12/site-packages/airflow/example_dags/example_inlet_event_extra.py for tasks to queue
[2025-01-27T00:30:03.464+0000] {logging_mixin.py:190} INFO - [2025-01-27T00:30:03.464+0000] {dagbag.py:588} INFO - Filling up the DagBag from /home/airflow/.local/lib/python3.12/site-packages/airflow/example_dags/example_inlet_event_extra.py
[2025-01-27T00:30:04.141+0000] {processor.py:925} INFO - DAG(s) 'read_dataset_event', 'read_dataset_event_from_classic' retrieved from /home/airflow/.local/lib/python3.12/site-packages/airflow/example_dags/example_inlet_event_extra.py
[2025-01-27T00:30:04.168+0000] {logging_mixin.py:190} INFO - [2025-01-27T00:30:04.167+0000] {dag.py:3239} INFO - Sync 2 DAGs
[2025-01-27T00:30:04.197+0000] {logging_mixin.py:190} INFO - [2025-01-27T00:30:04.197+0000] {dag.py:4180} INFO - Setting next_dagrun for read_dataset_event to 2025-01-26 00:00:00+00:00, run_after=2025-01-27 00:00:00+00:00
[2025-01-27T00:30:04.204+0000] {logging_mixin.py:190} INFO - [2025-01-27T00:30:04.204+0000] {dag.py:4180} INFO - Setting next_dagrun for read_dataset_event_from_classic to 2025-01-26 00:00:00+00:00, run_after=2025-01-27 00:00:00+00:00
[2025-01-27T00:30:04.225+0000] {processor.py:208} INFO - Processing /home/airflow/.local/lib/python3.12/site-packages/airflow/example_dags/example_inlet_event_extra.py took 0.770 seconds
[2025-01-27T00:30:35.794+0000] {processor.py:186} INFO - Started process (PID=214) to work on /home/airflow/.local/lib/python3.12/site-packages/airflow/example_dags/example_inlet_event_extra.py
[2025-01-27T00:30:35.795+0000] {processor.py:914} INFO - Processing file /home/airflow/.local/lib/python3.12/site-packages/airflow/example_dags/example_inlet_event_extra.py for tasks to queue
[2025-01-27T00:30:35.811+0000] {logging_mixin.py:190} INFO - [2025-01-27T00:30:35.810+0000] {dagbag.py:588} INFO - Filling up the DagBag from /home/airflow/.local/lib/python3.12/site-packages/airflow/example_dags/example_inlet_event_extra.py
[2025-01-27T00:30:36.751+0000] {processor.py:925} INFO - DAG(s) 'read_dataset_event', 'read_dataset_event_from_classic' retrieved from /home/airflow/.local/lib/python3.12/site-packages/airflow/example_dags/example_inlet_event_extra.py
[2025-01-27T00:30:36.787+0000] {logging_mixin.py:190} INFO - [2025-01-27T00:30:36.787+0000] {dag.py:3239} INFO - Sync 2 DAGs
[2025-01-27T00:30:36.820+0000] {logging_mixin.py:190} INFO - [2025-01-27T00:30:36.820+0000] {dag.py:4180} INFO - Setting next_dagrun for read_dataset_event to 2025-01-26 00:00:00+00:00, run_after=2025-01-27 00:00:00+00:00
[2025-01-27T00:30:36.825+0000] {logging_mixin.py:190} INFO - [2025-01-27T00:30:36.825+0000] {dag.py:4180} INFO - Setting next_dagrun for read_dataset_event_from_classic to 2025-01-26 00:00:00+00:00, run_after=2025-01-27 00:00:00+00:00
[2025-01-27T00:30:36.844+0000] {processor.py:208} INFO - Processing /home/airflow/.local/lib/python3.12/site-packages/airflow/example_dags/example_inlet_event_extra.py took 1.063 seconds
[2025-01-27T00:31:07.760+0000] {processor.py:186} INFO - Started process (PID=279) to work on /home/airflow/.local/lib/python3.12/site-packages/airflow/example_dags/example_inlet_event_extra.py
[2025-01-27T00:31:07.761+0000] {processor.py:914} INFO - Processing file /home/airflow/.local/lib/python3.12/site-packages/airflow/example_dags/example_inlet_event_extra.py for tasks to queue
[2025-01-27T00:31:07.764+0000] {logging_mixin.py:190} INFO - [2025-01-27T00:31:07.763+0000] {dagbag.py:588} INFO - Filling up the DagBag from /home/airflow/.local/lib/python3.12/site-packages/airflow/example_dags/example_inlet_event_extra.py
[2025-01-27T00:31:08.366+0000] {processor.py:925} INFO - DAG(s) 'read_dataset_event_from_classic', 'read_dataset_event' retrieved from /home/airflow/.local/lib/python3.12/site-packages/airflow/example_dags/example_inlet_event_extra.py
[2025-01-27T00:31:08.389+0000] {logging_mixin.py:190} INFO - [2025-01-27T00:31:08.389+0000] {dag.py:3239} INFO - Sync 2 DAGs
[2025-01-27T00:31:08.421+0000] {logging_mixin.py:190} INFO - [2025-01-27T00:31:08.421+0000] {dag.py:4180} INFO - Setting next_dagrun for read_dataset_event to 2025-01-26 00:00:00+00:00, run_after=2025-01-27 00:00:00+00:00
[2025-01-27T00:31:08.426+0000] {logging_mixin.py:190} INFO - [2025-01-27T00:31:08.426+0000] {dag.py:4180} INFO - Setting next_dagrun for read_dataset_event_from_classic to 2025-01-26 00:00:00+00:00, run_after=2025-01-27 00:00:00+00:00
[2025-01-27T00:31:08.446+0000] {processor.py:208} INFO - Processing /home/airflow/.local/lib/python3.12/site-packages/airflow/example_dags/example_inlet_event_extra.py took 0.694 seconds
[2025-01-27T00:32:45.270+0000] {processor.py:186} INFO - Started process (PID=77) to work on /home/airflow/.local/lib/python3.12/site-packages/airflow/example_dags/example_inlet_event_extra.py
[2025-01-27T00:32:45.271+0000] {processor.py:914} INFO - Processing file /home/airflow/.local/lib/python3.12/site-packages/airflow/example_dags/example_inlet_event_extra.py for tasks to queue
[2025-01-27T00:32:45.273+0000] {logging_mixin.py:190} INFO - [2025-01-27T00:32:45.273+0000] {dagbag.py:588} INFO - Filling up the DagBag from /home/airflow/.local/lib/python3.12/site-packages/airflow/example_dags/example_inlet_event_extra.py
[2025-01-27T00:32:45.858+0000] {processor.py:925} INFO - DAG(s) 'read_dataset_event', 'read_dataset_event_from_classic' retrieved from /home/airflow/.local/lib/python3.12/site-packages/airflow/example_dags/example_inlet_event_extra.py
[2025-01-27T00:32:45.880+0000] {logging_mixin.py:190} INFO - [2025-01-27T00:32:45.880+0000] {dag.py:3239} INFO - Sync 2 DAGs
[2025-01-27T00:32:45.906+0000] {logging_mixin.py:190} INFO - [2025-01-27T00:32:45.905+0000] {dag.py:4180} INFO - Setting next_dagrun for read_dataset_event to 2025-01-26 00:00:00+00:00, run_after=2025-01-27 00:00:00+00:00
[2025-01-27T00:32:45.911+0000] {logging_mixin.py:190} INFO - [2025-01-27T00:32:45.911+0000] {dag.py:4180} INFO - Setting next_dagrun for read_dataset_event_from_classic to 2025-01-26 00:00:00+00:00, run_after=2025-01-27 00:00:00+00:00
[2025-01-27T00:32:45.931+0000] {processor.py:208} INFO - Processing /home/airflow/.local/lib/python3.12/site-packages/airflow/example_dags/example_inlet_event_extra.py took 0.667 seconds
[2025-01-27T00:33:16.310+0000] {processor.py:186} INFO - Started process (PID=142) to work on /home/airflow/.local/lib/python3.12/site-packages/airflow/example_dags/example_inlet_event_extra.py
[2025-01-27T00:33:16.311+0000] {processor.py:914} INFO - Processing file /home/airflow/.local/lib/python3.12/site-packages/airflow/example_dags/example_inlet_event_extra.py for tasks to queue
[2025-01-27T00:33:16.314+0000] {logging_mixin.py:190} INFO - [2025-01-27T00:33:16.313+0000] {dagbag.py:588} INFO - Filling up the DagBag from /home/airflow/.local/lib/python3.12/site-packages/airflow/example_dags/example_inlet_event_extra.py
[2025-01-27T00:33:17.107+0000] {processor.py:925} INFO - DAG(s) 'read_dataset_event', 'read_dataset_event_from_classic' retrieved from /home/airflow/.local/lib/python3.12/site-packages/airflow/example_dags/example_inlet_event_extra.py
[2025-01-27T00:33:17.126+0000] {logging_mixin.py:190} INFO - [2025-01-27T00:33:17.126+0000] {dag.py:3239} INFO - Sync 2 DAGs
[2025-01-27T00:33:17.153+0000] {logging_mixin.py:190} INFO - [2025-01-27T00:33:17.153+0000] {dag.py:4180} INFO - Setting next_dagrun for read_dataset_event to 2025-01-26 00:00:00+00:00, run_after=2025-01-27 00:00:00+00:00
[2025-01-27T00:33:17.159+0000] {logging_mixin.py:190} INFO - [2025-01-27T00:33:17.159+0000] {dag.py:4180} INFO - Setting next_dagrun for read_dataset_event_from_classic to 2025-01-26 00:00:00+00:00, run_after=2025-01-27 00:00:00+00:00
[2025-01-27T00:33:17.179+0000] {processor.py:208} INFO - Processing /home/airflow/.local/lib/python3.12/site-packages/airflow/example_dags/example_inlet_event_extra.py took 0.876 seconds
[2025-01-27T00:33:48.155+0000] {processor.py:186} INFO - Started process (PID=208) to work on /home/airflow/.local/lib/python3.12/site-packages/airflow/example_dags/example_inlet_event_extra.py
[2025-01-27T00:33:48.157+0000] {processor.py:914} INFO - Processing file /home/airflow/.local/lib/python3.12/site-packages/airflow/example_dags/example_inlet_event_extra.py for tasks to queue
[2025-01-27T00:33:48.160+0000] {logging_mixin.py:190} INFO - [2025-01-27T00:33:48.159+0000] {dagbag.py:588} INFO - Filling up the DagBag from /home/airflow/.local/lib/python3.12/site-packages/airflow/example_dags/example_inlet_event_extra.py
[2025-01-27T00:33:48.945+0000] {processor.py:925} INFO - DAG(s) 'read_dataset_event', 'read_dataset_event_from_classic' retrieved from /home/airflow/.local/lib/python3.12/site-packages/airflow/example_dags/example_inlet_event_extra.py
[2025-01-27T00:33:48.980+0000] {logging_mixin.py:190} INFO - [2025-01-27T00:33:48.980+0000] {dag.py:3239} INFO - Sync 2 DAGs
[2025-01-27T00:33:49.015+0000] {logging_mixin.py:190} INFO - [2025-01-27T00:33:49.014+0000] {dag.py:4180} INFO - Setting next_dagrun for read_dataset_event to 2025-01-26 00:00:00+00:00, run_after=2025-01-27 00:00:00+00:00
[2025-01-27T00:33:49.020+0000] {logging_mixin.py:190} INFO - [2025-01-27T00:33:49.019+0000] {dag.py:4180} INFO - Setting next_dagrun for read_dataset_event_from_classic to 2025-01-26 00:00:00+00:00, run_after=2025-01-27 00:00:00+00:00
[2025-01-27T00:33:49.188+0000] {processor.py:208} INFO - Processing /home/airflow/.local/lib/python3.12/site-packages/airflow/example_dags/example_inlet_event_extra.py took 1.040 seconds
[2025-01-27T00:34:19.481+0000] {processor.py:186} INFO - Started process (PID=274) to work on /home/airflow/.local/lib/python3.12/site-packages/airflow/example_dags/example_inlet_event_extra.py
[2025-01-27T00:34:19.482+0000] {processor.py:914} INFO - Processing file /home/airflow/.local/lib/python3.12/site-packages/airflow/example_dags/example_inlet_event_extra.py for tasks to queue
[2025-01-27T00:34:19.485+0000] {logging_mixin.py:190} INFO - [2025-01-27T00:34:19.484+0000] {dagbag.py:588} INFO - Filling up the DagBag from /home/airflow/.local/lib/python3.12/site-packages/airflow/example_dags/example_inlet_event_extra.py
[2025-01-27T00:34:20.530+0000] {processor.py:925} INFO - DAG(s) 'read_dataset_event', 'read_dataset_event_from_classic' retrieved from /home/airflow/.local/lib/python3.12/site-packages/airflow/example_dags/example_inlet_event_extra.py
[2025-01-27T00:34:20.576+0000] {logging_mixin.py:190} INFO - [2025-01-27T00:34:20.576+0000] {dag.py:3239} INFO - Sync 2 DAGs
[2025-01-27T00:34:20.666+0000] {logging_mixin.py:190} INFO - [2025-01-27T00:34:20.666+0000] {dag.py:4180} INFO - Setting next_dagrun for read_dataset_event to 2025-01-26 00:00:00+00:00, run_after=2025-01-27 00:00:00+00:00
[2025-01-27T00:34:20.689+0000] {logging_mixin.py:190} INFO - [2025-01-27T00:34:20.689+0000] {dag.py:4180} INFO - Setting next_dagrun for read_dataset_event_from_classic to 2025-01-26 00:00:00+00:00, run_after=2025-01-27 00:00:00+00:00
[2025-01-27T00:34:20.722+0000] {processor.py:208} INFO - Processing /home/airflow/.local/lib/python3.12/site-packages/airflow/example_dags/example_inlet_event_extra.py took 1.249 seconds
[2025-01-27T00:34:51.605+0000] {processor.py:186} INFO - Started process (PID=346) to work on /home/airflow/.local/lib/python3.12/site-packages/airflow/example_dags/example_inlet_event_extra.py
[2025-01-27T00:34:51.607+0000] {processor.py:914} INFO - Processing file /home/airflow/.local/lib/python3.12/site-packages/airflow/example_dags/example_inlet_event_extra.py for tasks to queue
[2025-01-27T00:34:51.609+0000] {logging_mixin.py:190} INFO - [2025-01-27T00:34:51.609+0000] {dagbag.py:588} INFO - Filling up the DagBag from /home/airflow/.local/lib/python3.12/site-packages/airflow/example_dags/example_inlet_event_extra.py
[2025-01-27T00:34:52.198+0000] {processor.py:925} INFO - DAG(s) 'read_dataset_event_from_classic', 'read_dataset_event' retrieved from /home/airflow/.local/lib/python3.12/site-packages/airflow/example_dags/example_inlet_event_extra.py
[2025-01-27T00:34:52.219+0000] {logging_mixin.py:190} INFO - [2025-01-27T00:34:52.218+0000] {dag.py:3239} INFO - Sync 2 DAGs
[2025-01-27T00:34:52.244+0000] {logging_mixin.py:190} INFO - [2025-01-27T00:34:52.243+0000] {dag.py:4180} INFO - Setting next_dagrun for read_dataset_event to 2025-01-26 00:00:00+00:00, run_after=2025-01-27 00:00:00+00:00
[2025-01-27T00:34:52.249+0000] {logging_mixin.py:190} INFO - [2025-01-27T00:34:52.249+0000] {dag.py:4180} INFO - Setting next_dagrun for read_dataset_event_from_classic to 2025-01-26 00:00:00+00:00, run_after=2025-01-27 00:00:00+00:00
[2025-01-27T00:34:52.269+0000] {processor.py:208} INFO - Processing /home/airflow/.local/lib/python3.12/site-packages/airflow/example_dags/example_inlet_event_extra.py took 0.670 seconds
[2025-01-27T00:35:22.806+0000] {processor.py:186} INFO - Started process (PID=412) to work on /home/airflow/.local/lib/python3.12/site-packages/airflow/example_dags/example_inlet_event_extra.py
[2025-01-27T00:35:22.807+0000] {processor.py:914} INFO - Processing file /home/airflow/.local/lib/python3.12/site-packages/airflow/example_dags/example_inlet_event_extra.py for tasks to queue
[2025-01-27T00:35:22.810+0000] {logging_mixin.py:190} INFO - [2025-01-27T00:35:22.809+0000] {dagbag.py:588} INFO - Filling up the DagBag from /home/airflow/.local/lib/python3.12/site-packages/airflow/example_dags/example_inlet_event_extra.py
[2025-01-27T00:35:23.405+0000] {processor.py:925} INFO - DAG(s) 'read_dataset_event', 'read_dataset_event_from_classic' retrieved from /home/airflow/.local/lib/python3.12/site-packages/airflow/example_dags/example_inlet_event_extra.py
[2025-01-27T00:35:23.429+0000] {logging_mixin.py:190} INFO - [2025-01-27T00:35:23.428+0000] {dag.py:3239} INFO - Sync 2 DAGs
[2025-01-27T00:35:23.454+0000] {logging_mixin.py:190} INFO - [2025-01-27T00:35:23.454+0000] {dag.py:4180} INFO - Setting next_dagrun for read_dataset_event to 2025-01-26 00:00:00+00:00, run_after=2025-01-27 00:00:00+00:00
[2025-01-27T00:35:23.460+0000] {logging_mixin.py:190} INFO - [2025-01-27T00:35:23.459+0000] {dag.py:4180} INFO - Setting next_dagrun for read_dataset_event_from_classic to 2025-01-26 00:00:00+00:00, run_after=2025-01-27 00:00:00+00:00
[2025-01-27T00:35:23.477+0000] {processor.py:208} INFO - Processing /home/airflow/.local/lib/python3.12/site-packages/airflow/example_dags/example_inlet_event_extra.py took 0.677 seconds
[2025-01-27T00:35:53.984+0000] {processor.py:186} INFO - Started process (PID=478) to work on /home/airflow/.local/lib/python3.12/site-packages/airflow/example_dags/example_inlet_event_extra.py
[2025-01-27T00:35:53.985+0000] {processor.py:914} INFO - Processing file /home/airflow/.local/lib/python3.12/site-packages/airflow/example_dags/example_inlet_event_extra.py for tasks to queue
[2025-01-27T00:35:53.988+0000] {logging_mixin.py:190} INFO - [2025-01-27T00:35:53.988+0000] {dagbag.py:588} INFO - Filling up the DagBag from /home/airflow/.local/lib/python3.12/site-packages/airflow/example_dags/example_inlet_event_extra.py
[2025-01-27T00:35:54.543+0000] {processor.py:925} INFO - DAG(s) 'read_dataset_event', 'read_dataset_event_from_classic' retrieved from /home/airflow/.local/lib/python3.12/site-packages/airflow/example_dags/example_inlet_event_extra.py
[2025-01-27T00:35:54.568+0000] {logging_mixin.py:190} INFO - [2025-01-27T00:35:54.568+0000] {dag.py:3239} INFO - Sync 2 DAGs
[2025-01-27T00:35:54.597+0000] {logging_mixin.py:190} INFO - [2025-01-27T00:35:54.597+0000] {dag.py:4180} INFO - Setting next_dagrun for read_dataset_event to 2025-01-26 00:00:00+00:00, run_after=2025-01-27 00:00:00+00:00
[2025-01-27T00:35:54.604+0000] {logging_mixin.py:190} INFO - [2025-01-27T00:35:54.604+0000] {dag.py:4180} INFO - Setting next_dagrun for read_dataset_event_from_classic to 2025-01-26 00:00:00+00:00, run_after=2025-01-27 00:00:00+00:00
[2025-01-27T00:35:54.624+0000] {processor.py:208} INFO - Processing /home/airflow/.local/lib/python3.12/site-packages/airflow/example_dags/example_inlet_event_extra.py took 0.648 seconds
[2025-01-27T00:36:24.946+0000] {processor.py:186} INFO - Started process (PID=545) to work on /home/airflow/.local/lib/python3.12/site-packages/airflow/example_dags/example_inlet_event_extra.py
[2025-01-27T00:36:24.947+0000] {processor.py:914} INFO - Processing file /home/airflow/.local/lib/python3.12/site-packages/airflow/example_dags/example_inlet_event_extra.py for tasks to queue
[2025-01-27T00:36:24.950+0000] {logging_mixin.py:190} INFO - [2025-01-27T00:36:24.949+0000] {dagbag.py:588} INFO - Filling up the DagBag from /home/airflow/.local/lib/python3.12/site-packages/airflow/example_dags/example_inlet_event_extra.py
[2025-01-27T00:36:25.551+0000] {processor.py:925} INFO - DAG(s) 'read_dataset_event_from_classic', 'read_dataset_event' retrieved from /home/airflow/.local/lib/python3.12/site-packages/airflow/example_dags/example_inlet_event_extra.py
[2025-01-27T00:36:25.575+0000] {logging_mixin.py:190} INFO - [2025-01-27T00:36:25.575+0000] {dag.py:3239} INFO - Sync 2 DAGs
[2025-01-27T00:36:25.604+0000] {logging_mixin.py:190} INFO - [2025-01-27T00:36:25.604+0000] {dag.py:4180} INFO - Setting next_dagrun for read_dataset_event to 2025-01-26 00:00:00+00:00, run_after=2025-01-27 00:00:00+00:00
[2025-01-27T00:36:25.611+0000] {logging_mixin.py:190} INFO - [2025-01-27T00:36:25.610+0000] {dag.py:4180} INFO - Setting next_dagrun for read_dataset_event_from_classic to 2025-01-26 00:00:00+00:00, run_after=2025-01-27 00:00:00+00:00
[2025-01-27T00:36:25.631+0000] {processor.py:208} INFO - Processing /home/airflow/.local/lib/python3.12/site-packages/airflow/example_dags/example_inlet_event_extra.py took 0.692 seconds
[2025-01-27T00:36:56.457+0000] {processor.py:186} INFO - Started process (PID=611) to work on /home/airflow/.local/lib/python3.12/site-packages/airflow/example_dags/example_inlet_event_extra.py
[2025-01-27T00:36:56.459+0000] {processor.py:914} INFO - Processing file /home/airflow/.local/lib/python3.12/site-packages/airflow/example_dags/example_inlet_event_extra.py for tasks to queue
[2025-01-27T00:36:56.463+0000] {logging_mixin.py:190} INFO - [2025-01-27T00:36:56.463+0000] {dagbag.py:588} INFO - Filling up the DagBag from /home/airflow/.local/lib/python3.12/site-packages/airflow/example_dags/example_inlet_event_extra.py
[2025-01-27T00:36:57.137+0000] {processor.py:925} INFO - DAG(s) 'read_dataset_event', 'read_dataset_event_from_classic' retrieved from /home/airflow/.local/lib/python3.12/site-packages/airflow/example_dags/example_inlet_event_extra.py
[2025-01-27T00:36:57.160+0000] {logging_mixin.py:190} INFO - [2025-01-27T00:36:57.160+0000] {dag.py:3239} INFO - Sync 2 DAGs
[2025-01-27T00:36:57.189+0000] {logging_mixin.py:190} INFO - [2025-01-27T00:36:57.189+0000] {dag.py:4180} INFO - Setting next_dagrun for read_dataset_event to 2025-01-26 00:00:00+00:00, run_after=2025-01-27 00:00:00+00:00
[2025-01-27T00:36:57.194+0000] {logging_mixin.py:190} INFO - [2025-01-27T00:36:57.194+0000] {dag.py:4180} INFO - Setting next_dagrun for read_dataset_event_from_classic to 2025-01-26 00:00:00+00:00, run_after=2025-01-27 00:00:00+00:00
[2025-01-27T00:36:57.214+0000] {processor.py:208} INFO - Processing /home/airflow/.local/lib/python3.12/site-packages/airflow/example_dags/example_inlet_event_extra.py took 0.765 seconds
[2025-01-27T00:37:28.171+0000] {processor.py:186} INFO - Started process (PID=677) to work on /home/airflow/.local/lib/python3.12/site-packages/airflow/example_dags/example_inlet_event_extra.py
[2025-01-27T00:37:28.172+0000] {processor.py:914} INFO - Processing file /home/airflow/.local/lib/python3.12/site-packages/airflow/example_dags/example_inlet_event_extra.py for tasks to queue
[2025-01-27T00:37:28.186+0000] {logging_mixin.py:190} INFO - [2025-01-27T00:37:28.185+0000] {dagbag.py:588} INFO - Filling up the DagBag from /home/airflow/.local/lib/python3.12/site-packages/airflow/example_dags/example_inlet_event_extra.py
[2025-01-27T00:37:30.074+0000] {processor.py:925} INFO - DAG(s) 'read_dataset_event_from_classic', 'read_dataset_event' retrieved from /home/airflow/.local/lib/python3.12/site-packages/airflow/example_dags/example_inlet_event_extra.py
[2025-01-27T00:37:30.103+0000] {logging_mixin.py:190} INFO - [2025-01-27T00:37:30.103+0000] {dag.py:3239} INFO - Sync 2 DAGs
[2025-01-27T00:37:30.141+0000] {logging_mixin.py:190} INFO - [2025-01-27T00:37:30.140+0000] {dag.py:4180} INFO - Setting next_dagrun for read_dataset_event to 2025-01-26 00:00:00+00:00, run_after=2025-01-27 00:00:00+00:00
[2025-01-27T00:37:30.146+0000] {logging_mixin.py:190} INFO - [2025-01-27T00:37:30.146+0000] {dag.py:4180} INFO - Setting next_dagrun for read_dataset_event_from_classic to 2025-01-26 00:00:00+00:00, run_after=2025-01-27 00:00:00+00:00
[2025-01-27T00:37:30.175+0000] {processor.py:208} INFO - Processing /home/airflow/.local/lib/python3.12/site-packages/airflow/example_dags/example_inlet_event_extra.py took 2.019 seconds
[2025-01-27T00:38:00.842+0000] {processor.py:186} INFO - Started process (PID=744) to work on /home/airflow/.local/lib/python3.12/site-packages/airflow/example_dags/example_inlet_event_extra.py
[2025-01-27T00:38:00.843+0000] {processor.py:914} INFO - Processing file /home/airflow/.local/lib/python3.12/site-packages/airflow/example_dags/example_inlet_event_extra.py for tasks to queue
[2025-01-27T00:38:00.846+0000] {logging_mixin.py:190} INFO - [2025-01-27T00:38:00.846+0000] {dagbag.py:588} INFO - Filling up the DagBag from /home/airflow/.local/lib/python3.12/site-packages/airflow/example_dags/example_inlet_event_extra.py
[2025-01-27T00:38:01.416+0000] {processor.py:925} INFO - DAG(s) 'read_dataset_event', 'read_dataset_event_from_classic' retrieved from /home/airflow/.local/lib/python3.12/site-packages/airflow/example_dags/example_inlet_event_extra.py
[2025-01-27T00:38:01.451+0000] {logging_mixin.py:190} INFO - [2025-01-27T00:38:01.451+0000] {dag.py:3239} INFO - Sync 2 DAGs
[2025-01-27T00:38:01.486+0000] {logging_mixin.py:190} INFO - [2025-01-27T00:38:01.485+0000] {dag.py:4180} INFO - Setting next_dagrun for read_dataset_event to 2025-01-26 00:00:00+00:00, run_after=2025-01-27 00:00:00+00:00
[2025-01-27T00:38:01.493+0000] {logging_mixin.py:190} INFO - [2025-01-27T00:38:01.493+0000] {dag.py:4180} INFO - Setting next_dagrun for read_dataset_event_from_classic to 2025-01-26 00:00:00+00:00, run_after=2025-01-27 00:00:00+00:00
[2025-01-27T00:38:01.518+0000] {processor.py:208} INFO - Processing /home/airflow/.local/lib/python3.12/site-packages/airflow/example_dags/example_inlet_event_extra.py took 0.681 seconds
[2025-01-27T00:38:32.275+0000] {processor.py:186} INFO - Started process (PID=810) to work on /home/airflow/.local/lib/python3.12/site-packages/airflow/example_dags/example_inlet_event_extra.py
[2025-01-27T00:38:32.278+0000] {processor.py:914} INFO - Processing file /home/airflow/.local/lib/python3.12/site-packages/airflow/example_dags/example_inlet_event_extra.py for tasks to queue
[2025-01-27T00:38:32.281+0000] {logging_mixin.py:190} INFO - [2025-01-27T00:38:32.280+0000] {dagbag.py:588} INFO - Filling up the DagBag from /home/airflow/.local/lib/python3.12/site-packages/airflow/example_dags/example_inlet_event_extra.py
[2025-01-27T00:38:32.985+0000] {processor.py:925} INFO - DAG(s) 'read_dataset_event_from_classic', 'read_dataset_event' retrieved from /home/airflow/.local/lib/python3.12/site-packages/airflow/example_dags/example_inlet_event_extra.py
[2025-01-27T00:38:33.007+0000] {logging_mixin.py:190} INFO - [2025-01-27T00:38:33.007+0000] {dag.py:3239} INFO - Sync 2 DAGs
[2025-01-27T00:38:33.033+0000] {logging_mixin.py:190} INFO - [2025-01-27T00:38:33.033+0000] {dag.py:4180} INFO - Setting next_dagrun for read_dataset_event to 2025-01-26 00:00:00+00:00, run_after=2025-01-27 00:00:00+00:00
[2025-01-27T00:38:33.038+0000] {logging_mixin.py:190} INFO - [2025-01-27T00:38:33.037+0000] {dag.py:4180} INFO - Setting next_dagrun for read_dataset_event_from_classic to 2025-01-26 00:00:00+00:00, run_after=2025-01-27 00:00:00+00:00
[2025-01-27T00:38:33.054+0000] {processor.py:208} INFO - Processing /home/airflow/.local/lib/python3.12/site-packages/airflow/example_dags/example_inlet_event_extra.py took 0.785 seconds
[2025-01-27T00:39:03.544+0000] {processor.py:186} INFO - Started process (PID=876) to work on /home/airflow/.local/lib/python3.12/site-packages/airflow/example_dags/example_inlet_event_extra.py
[2025-01-27T00:39:03.545+0000] {processor.py:914} INFO - Processing file /home/airflow/.local/lib/python3.12/site-packages/airflow/example_dags/example_inlet_event_extra.py for tasks to queue
[2025-01-27T00:39:03.547+0000] {logging_mixin.py:190} INFO - [2025-01-27T00:39:03.547+0000] {dagbag.py:588} INFO - Filling up the DagBag from /home/airflow/.local/lib/python3.12/site-packages/airflow/example_dags/example_inlet_event_extra.py
[2025-01-27T00:39:04.112+0000] {processor.py:925} INFO - DAG(s) 'read_dataset_event_from_classic', 'read_dataset_event' retrieved from /home/airflow/.local/lib/python3.12/site-packages/airflow/example_dags/example_inlet_event_extra.py
[2025-01-27T00:39:04.139+0000] {logging_mixin.py:190} INFO - [2025-01-27T00:39:04.138+0000] {dag.py:3239} INFO - Sync 2 DAGs
[2025-01-27T00:39:04.166+0000] {logging_mixin.py:190} INFO - [2025-01-27T00:39:04.166+0000] {dag.py:4180} INFO - Setting next_dagrun for read_dataset_event to 2025-01-26 00:00:00+00:00, run_after=2025-01-27 00:00:00+00:00
[2025-01-27T00:39:04.171+0000] {logging_mixin.py:190} INFO - [2025-01-27T00:39:04.171+0000] {dag.py:4180} INFO - Setting next_dagrun for read_dataset_event_from_classic to 2025-01-26 00:00:00+00:00, run_after=2025-01-27 00:00:00+00:00
[2025-01-27T00:39:04.189+0000] {processor.py:208} INFO - Processing /home/airflow/.local/lib/python3.12/site-packages/airflow/example_dags/example_inlet_event_extra.py took 0.651 seconds
[2025-01-27T00:39:34.481+0000] {processor.py:186} INFO - Started process (PID=941) to work on /home/airflow/.local/lib/python3.12/site-packages/airflow/example_dags/example_inlet_event_extra.py
[2025-01-27T00:39:34.484+0000] {processor.py:914} INFO - Processing file /home/airflow/.local/lib/python3.12/site-packages/airflow/example_dags/example_inlet_event_extra.py for tasks to queue
[2025-01-27T00:39:34.489+0000] {logging_mixin.py:190} INFO - [2025-01-27T00:39:34.489+0000] {dagbag.py:588} INFO - Filling up the DagBag from /home/airflow/.local/lib/python3.12/site-packages/airflow/example_dags/example_inlet_event_extra.py
[2025-01-27T00:39:35.502+0000] {processor.py:925} INFO - DAG(s) 'read_dataset_event', 'read_dataset_event_from_classic' retrieved from /home/airflow/.local/lib/python3.12/site-packages/airflow/example_dags/example_inlet_event_extra.py
[2025-01-27T00:39:35.526+0000] {logging_mixin.py:190} INFO - [2025-01-27T00:39:35.526+0000] {dag.py:3239} INFO - Sync 2 DAGs
[2025-01-27T00:39:35.558+0000] {logging_mixin.py:190} INFO - [2025-01-27T00:39:35.558+0000] {dag.py:4180} INFO - Setting next_dagrun for read_dataset_event to 2025-01-26 00:00:00+00:00, run_after=2025-01-27 00:00:00+00:00
[2025-01-27T00:39:35.564+0000] {logging_mixin.py:190} INFO - [2025-01-27T00:39:35.564+0000] {dag.py:4180} INFO - Setting next_dagrun for read_dataset_event_from_classic to 2025-01-26 00:00:00+00:00, run_after=2025-01-27 00:00:00+00:00
[2025-01-27T00:39:35.584+0000] {processor.py:208} INFO - Processing /home/airflow/.local/lib/python3.12/site-packages/airflow/example_dags/example_inlet_event_extra.py took 1.116 seconds
[2025-01-27T00:40:05.960+0000] {processor.py:186} INFO - Started process (PID=1007) to work on /home/airflow/.local/lib/python3.12/site-packages/airflow/example_dags/example_inlet_event_extra.py
[2025-01-27T00:40:05.961+0000] {processor.py:914} INFO - Processing file /home/airflow/.local/lib/python3.12/site-packages/airflow/example_dags/example_inlet_event_extra.py for tasks to queue
[2025-01-27T00:40:05.965+0000] {logging_mixin.py:190} INFO - [2025-01-27T00:40:05.964+0000] {dagbag.py:588} INFO - Filling up the DagBag from /home/airflow/.local/lib/python3.12/site-packages/airflow/example_dags/example_inlet_event_extra.py
[2025-01-27T00:40:06.718+0000] {processor.py:925} INFO - DAG(s) 'read_dataset_event', 'read_dataset_event_from_classic' retrieved from /home/airflow/.local/lib/python3.12/site-packages/airflow/example_dags/example_inlet_event_extra.py
[2025-01-27T00:40:06.748+0000] {logging_mixin.py:190} INFO - [2025-01-27T00:40:06.748+0000] {dag.py:3239} INFO - Sync 2 DAGs
[2025-01-27T00:40:06.774+0000] {logging_mixin.py:190} INFO - [2025-01-27T00:40:06.774+0000] {dag.py:4180} INFO - Setting next_dagrun for read_dataset_event to 2025-01-26 00:00:00+00:00, run_after=2025-01-27 00:00:00+00:00
[2025-01-27T00:40:06.780+0000] {logging_mixin.py:190} INFO - [2025-01-27T00:40:06.780+0000] {dag.py:4180} INFO - Setting next_dagrun for read_dataset_event_from_classic to 2025-01-26 00:00:00+00:00, run_after=2025-01-27 00:00:00+00:00
[2025-01-27T00:40:06.797+0000] {processor.py:208} INFO - Processing /home/airflow/.local/lib/python3.12/site-packages/airflow/example_dags/example_inlet_event_extra.py took 0.845 seconds
