[2025-01-27T00:00:02.068+0000] {processor.py:186} INFO - Started process (PID=280) to work on /home/airflow/.local/lib/python3.12/site-packages/airflow/example_dags/example_nested_branch_dag.py
[2025-01-27T00:00:02.072+0000] {processor.py:914} INFO - Processing file /home/airflow/.local/lib/python3.12/site-packages/airflow/example_dags/example_nested_branch_dag.py for tasks to queue
[2025-01-27T00:00:02.079+0000] {logging_mixin.py:190} INFO - [2025-01-27T00:00:02.078+0000] {dagbag.py:588} INFO - Filling up the DagBag from /home/airflow/.local/lib/python3.12/site-packages/airflow/example_dags/example_nested_branch_dag.py
[2025-01-27T00:00:02.106+0000] {processor.py:925} INFO - DAG(s) 'example_nested_branch_dag' retrieved from /home/airflow/.local/lib/python3.12/site-packages/airflow/example_dags/example_nested_branch_dag.py
[2025-01-27T00:00:02.189+0000] {logging_mixin.py:190} INFO - [2025-01-27T00:00:02.188+0000] {dag.py:3239} INFO - Sync 1 DAGs
[2025-01-27T00:00:02.279+0000] {logging_mixin.py:190} INFO - [2025-01-27T00:00:02.279+0000] {dag.py:4180} INFO - Setting next_dagrun for example_nested_branch_dag to 2025-01-26 00:00:00+00:00, run_after=2025-01-27 00:00:00+00:00
[2025-01-27T00:00:02.332+0000] {processor.py:208} INFO - Processing /home/airflow/.local/lib/python3.12/site-packages/airflow/example_dags/example_nested_branch_dag.py took 0.273 seconds
[2025-01-27T00:01:16.124+0000] {processor.py:186} INFO - Started process (PID=79) to work on /home/airflow/.local/lib/python3.12/site-packages/airflow/example_dags/example_nested_branch_dag.py
[2025-01-27T00:01:16.125+0000] {processor.py:914} INFO - Processing file /home/airflow/.local/lib/python3.12/site-packages/airflow/example_dags/example_nested_branch_dag.py for tasks to queue
[2025-01-27T00:01:16.127+0000] {logging_mixin.py:190} INFO - [2025-01-27T00:01:16.127+0000] {dagbag.py:588} INFO - Filling up the DagBag from /home/airflow/.local/lib/python3.12/site-packages/airflow/example_dags/example_nested_branch_dag.py
[2025-01-27T00:01:16.140+0000] {processor.py:925} INFO - DAG(s) 'example_nested_branch_dag' retrieved from /home/airflow/.local/lib/python3.12/site-packages/airflow/example_dags/example_nested_branch_dag.py
[2025-01-27T00:01:16.161+0000] {logging_mixin.py:190} INFO - [2025-01-27T00:01:16.161+0000] {dag.py:3239} INFO - Sync 1 DAGs
[2025-01-27T00:01:16.188+0000] {logging_mixin.py:190} INFO - [2025-01-27T00:01:16.188+0000] {dag.py:4180} INFO - Setting next_dagrun for example_nested_branch_dag to 2025-01-26 00:00:00+00:00, run_after=2025-01-27 00:00:00+00:00
[2025-01-27T00:01:16.210+0000] {processor.py:208} INFO - Processing /home/airflow/.local/lib/python3.12/site-packages/airflow/example_dags/example_nested_branch_dag.py took 0.092 seconds
[2025-01-27T00:01:47.618+0000] {processor.py:186} INFO - Started process (PID=143) to work on /home/airflow/.local/lib/python3.12/site-packages/airflow/example_dags/example_nested_branch_dag.py
[2025-01-27T00:01:47.619+0000] {processor.py:914} INFO - Processing file /home/airflow/.local/lib/python3.12/site-packages/airflow/example_dags/example_nested_branch_dag.py for tasks to queue
[2025-01-27T00:01:47.622+0000] {logging_mixin.py:190} INFO - [2025-01-27T00:01:47.622+0000] {dagbag.py:588} INFO - Filling up the DagBag from /home/airflow/.local/lib/python3.12/site-packages/airflow/example_dags/example_nested_branch_dag.py
[2025-01-27T00:01:47.634+0000] {processor.py:925} INFO - DAG(s) 'example_nested_branch_dag' retrieved from /home/airflow/.local/lib/python3.12/site-packages/airflow/example_dags/example_nested_branch_dag.py
[2025-01-27T00:01:47.653+0000] {logging_mixin.py:190} INFO - [2025-01-27T00:01:47.653+0000] {dag.py:3239} INFO - Sync 1 DAGs
[2025-01-27T00:01:47.676+0000] {logging_mixin.py:190} INFO - [2025-01-27T00:01:47.676+0000] {dag.py:4180} INFO - Setting next_dagrun for example_nested_branch_dag to 2025-01-26 00:00:00+00:00, run_after=2025-01-27 00:00:00+00:00
[2025-01-27T00:01:47.695+0000] {processor.py:208} INFO - Processing /home/airflow/.local/lib/python3.12/site-packages/airflow/example_dags/example_nested_branch_dag.py took 0.083 seconds
[2025-01-27T00:02:19.329+0000] {processor.py:186} INFO - Started process (PID=214) to work on /home/airflow/.local/lib/python3.12/site-packages/airflow/example_dags/example_nested_branch_dag.py
[2025-01-27T00:02:19.330+0000] {processor.py:914} INFO - Processing file /home/airflow/.local/lib/python3.12/site-packages/airflow/example_dags/example_nested_branch_dag.py for tasks to queue
[2025-01-27T00:02:19.333+0000] {logging_mixin.py:190} INFO - [2025-01-27T00:02:19.332+0000] {dagbag.py:588} INFO - Filling up the DagBag from /home/airflow/.local/lib/python3.12/site-packages/airflow/example_dags/example_nested_branch_dag.py
[2025-01-27T00:02:19.345+0000] {processor.py:925} INFO - DAG(s) 'example_nested_branch_dag' retrieved from /home/airflow/.local/lib/python3.12/site-packages/airflow/example_dags/example_nested_branch_dag.py
[2025-01-27T00:02:19.366+0000] {logging_mixin.py:190} INFO - [2025-01-27T00:02:19.366+0000] {dag.py:3239} INFO - Sync 1 DAGs
[2025-01-27T00:02:19.390+0000] {logging_mixin.py:190} INFO - [2025-01-27T00:02:19.390+0000] {dag.py:4180} INFO - Setting next_dagrun for example_nested_branch_dag to 2025-01-26 00:00:00+00:00, run_after=2025-01-27 00:00:00+00:00
[2025-01-27T00:02:19.409+0000] {processor.py:208} INFO - Processing /home/airflow/.local/lib/python3.12/site-packages/airflow/example_dags/example_nested_branch_dag.py took 0.086 seconds
[2025-01-27T00:02:50.557+0000] {processor.py:186} INFO - Started process (PID=279) to work on /home/airflow/.local/lib/python3.12/site-packages/airflow/example_dags/example_nested_branch_dag.py
[2025-01-27T00:02:50.558+0000] {processor.py:914} INFO - Processing file /home/airflow/.local/lib/python3.12/site-packages/airflow/example_dags/example_nested_branch_dag.py for tasks to queue
[2025-01-27T00:02:50.560+0000] {logging_mixin.py:190} INFO - [2025-01-27T00:02:50.560+0000] {dagbag.py:588} INFO - Filling up the DagBag from /home/airflow/.local/lib/python3.12/site-packages/airflow/example_dags/example_nested_branch_dag.py
[2025-01-27T00:02:50.572+0000] {processor.py:925} INFO - DAG(s) 'example_nested_branch_dag' retrieved from /home/airflow/.local/lib/python3.12/site-packages/airflow/example_dags/example_nested_branch_dag.py
[2025-01-27T00:02:50.592+0000] {logging_mixin.py:190} INFO - [2025-01-27T00:02:50.592+0000] {dag.py:3239} INFO - Sync 1 DAGs
[2025-01-27T00:02:50.617+0000] {logging_mixin.py:190} INFO - [2025-01-27T00:02:50.616+0000] {dag.py:4180} INFO - Setting next_dagrun for example_nested_branch_dag to 2025-01-26 00:00:00+00:00, run_after=2025-01-27 00:00:00+00:00
[2025-01-27T00:02:50.635+0000] {processor.py:208} INFO - Processing /home/airflow/.local/lib/python3.12/site-packages/airflow/example_dags/example_nested_branch_dag.py took 0.084 seconds
[2025-01-27T00:03:22.289+0000] {processor.py:186} INFO - Started process (PID=344) to work on /home/airflow/.local/lib/python3.12/site-packages/airflow/example_dags/example_nested_branch_dag.py
[2025-01-27T00:03:22.290+0000] {processor.py:914} INFO - Processing file /home/airflow/.local/lib/python3.12/site-packages/airflow/example_dags/example_nested_branch_dag.py for tasks to queue
[2025-01-27T00:03:22.293+0000] {logging_mixin.py:190} INFO - [2025-01-27T00:03:22.293+0000] {dagbag.py:588} INFO - Filling up the DagBag from /home/airflow/.local/lib/python3.12/site-packages/airflow/example_dags/example_nested_branch_dag.py
[2025-01-27T00:03:22.307+0000] {processor.py:925} INFO - DAG(s) 'example_nested_branch_dag' retrieved from /home/airflow/.local/lib/python3.12/site-packages/airflow/example_dags/example_nested_branch_dag.py
[2025-01-27T00:03:22.329+0000] {logging_mixin.py:190} INFO - [2025-01-27T00:03:22.329+0000] {dag.py:3239} INFO - Sync 1 DAGs
[2025-01-27T00:03:22.355+0000] {logging_mixin.py:190} INFO - [2025-01-27T00:03:22.355+0000] {dag.py:4180} INFO - Setting next_dagrun for example_nested_branch_dag to 2025-01-26 00:00:00+00:00, run_after=2025-01-27 00:00:00+00:00
[2025-01-27T00:03:22.375+0000] {processor.py:208} INFO - Processing /home/airflow/.local/lib/python3.12/site-packages/airflow/example_dags/example_nested_branch_dag.py took 0.092 seconds
[2025-01-27T00:03:53.567+0000] {processor.py:186} INFO - Started process (PID=409) to work on /home/airflow/.local/lib/python3.12/site-packages/airflow/example_dags/example_nested_branch_dag.py
[2025-01-27T00:03:53.568+0000] {processor.py:914} INFO - Processing file /home/airflow/.local/lib/python3.12/site-packages/airflow/example_dags/example_nested_branch_dag.py for tasks to queue
[2025-01-27T00:03:53.571+0000] {logging_mixin.py:190} INFO - [2025-01-27T00:03:53.570+0000] {dagbag.py:588} INFO - Filling up the DagBag from /home/airflow/.local/lib/python3.12/site-packages/airflow/example_dags/example_nested_branch_dag.py
[2025-01-27T00:03:53.582+0000] {processor.py:925} INFO - DAG(s) 'example_nested_branch_dag' retrieved from /home/airflow/.local/lib/python3.12/site-packages/airflow/example_dags/example_nested_branch_dag.py
[2025-01-27T00:03:53.604+0000] {logging_mixin.py:190} INFO - [2025-01-27T00:03:53.603+0000] {dag.py:3239} INFO - Sync 1 DAGs
[2025-01-27T00:03:53.635+0000] {logging_mixin.py:190} INFO - [2025-01-27T00:03:53.635+0000] {dag.py:4180} INFO - Setting next_dagrun for example_nested_branch_dag to 2025-01-26 00:00:00+00:00, run_after=2025-01-27 00:00:00+00:00
[2025-01-27T00:03:53.664+0000] {processor.py:208} INFO - Processing /home/airflow/.local/lib/python3.12/site-packages/airflow/example_dags/example_nested_branch_dag.py took 0.103 seconds
[2025-01-27T00:04:24.422+0000] {processor.py:186} INFO - Started process (PID=474) to work on /home/airflow/.local/lib/python3.12/site-packages/airflow/example_dags/example_nested_branch_dag.py
[2025-01-27T00:04:24.423+0000] {processor.py:914} INFO - Processing file /home/airflow/.local/lib/python3.12/site-packages/airflow/example_dags/example_nested_branch_dag.py for tasks to queue
[2025-01-27T00:04:24.426+0000] {logging_mixin.py:190} INFO - [2025-01-27T00:04:24.426+0000] {dagbag.py:588} INFO - Filling up the DagBag from /home/airflow/.local/lib/python3.12/site-packages/airflow/example_dags/example_nested_branch_dag.py
[2025-01-27T00:04:24.438+0000] {processor.py:925} INFO - DAG(s) 'example_nested_branch_dag' retrieved from /home/airflow/.local/lib/python3.12/site-packages/airflow/example_dags/example_nested_branch_dag.py
[2025-01-27T00:04:24.460+0000] {logging_mixin.py:190} INFO - [2025-01-27T00:04:24.460+0000] {dag.py:3239} INFO - Sync 1 DAGs
[2025-01-27T00:04:24.486+0000] {logging_mixin.py:190} INFO - [2025-01-27T00:04:24.486+0000] {dag.py:4180} INFO - Setting next_dagrun for example_nested_branch_dag to 2025-01-26 00:00:00+00:00, run_after=2025-01-27 00:00:00+00:00
[2025-01-27T00:04:24.504+0000] {processor.py:208} INFO - Processing /home/airflow/.local/lib/python3.12/site-packages/airflow/example_dags/example_nested_branch_dag.py took 0.087 seconds
[2025-01-27T00:04:55.949+0000] {processor.py:186} INFO - Started process (PID=540) to work on /home/airflow/.local/lib/python3.12/site-packages/airflow/example_dags/example_nested_branch_dag.py
[2025-01-27T00:04:55.950+0000] {processor.py:914} INFO - Processing file /home/airflow/.local/lib/python3.12/site-packages/airflow/example_dags/example_nested_branch_dag.py for tasks to queue
[2025-01-27T00:04:55.953+0000] {logging_mixin.py:190} INFO - [2025-01-27T00:04:55.953+0000] {dagbag.py:588} INFO - Filling up the DagBag from /home/airflow/.local/lib/python3.12/site-packages/airflow/example_dags/example_nested_branch_dag.py
[2025-01-27T00:04:55.970+0000] {processor.py:925} INFO - DAG(s) 'example_nested_branch_dag' retrieved from /home/airflow/.local/lib/python3.12/site-packages/airflow/example_dags/example_nested_branch_dag.py
[2025-01-27T00:04:56.001+0000] {logging_mixin.py:190} INFO - [2025-01-27T00:04:56.000+0000] {dag.py:3239} INFO - Sync 1 DAGs
[2025-01-27T00:04:56.040+0000] {logging_mixin.py:190} INFO - [2025-01-27T00:04:56.040+0000] {dag.py:4180} INFO - Setting next_dagrun for example_nested_branch_dag to 2025-01-26 00:00:00+00:00, run_after=2025-01-27 00:00:00+00:00
[2025-01-27T00:04:56.065+0000] {processor.py:208} INFO - Processing /home/airflow/.local/lib/python3.12/site-packages/airflow/example_dags/example_nested_branch_dag.py took 0.123 seconds
[2025-01-27T00:07:13.443+0000] {processor.py:186} INFO - Started process (PID=78) to work on /home/airflow/.local/lib/python3.12/site-packages/airflow/example_dags/example_nested_branch_dag.py
[2025-01-27T00:07:13.444+0000] {processor.py:914} INFO - Processing file /home/airflow/.local/lib/python3.12/site-packages/airflow/example_dags/example_nested_branch_dag.py for tasks to queue
[2025-01-27T00:07:13.447+0000] {logging_mixin.py:190} INFO - [2025-01-27T00:07:13.447+0000] {dagbag.py:588} INFO - Filling up the DagBag from /home/airflow/.local/lib/python3.12/site-packages/airflow/example_dags/example_nested_branch_dag.py
[2025-01-27T00:07:13.462+0000] {processor.py:925} INFO - DAG(s) 'example_nested_branch_dag' retrieved from /home/airflow/.local/lib/python3.12/site-packages/airflow/example_dags/example_nested_branch_dag.py
[2025-01-27T00:07:13.482+0000] {logging_mixin.py:190} INFO - [2025-01-27T00:07:13.482+0000] {dag.py:3239} INFO - Sync 1 DAGs
[2025-01-27T00:07:13.507+0000] {logging_mixin.py:190} INFO - [2025-01-27T00:07:13.506+0000] {dag.py:4180} INFO - Setting next_dagrun for example_nested_branch_dag to 2025-01-26 00:00:00+00:00, run_after=2025-01-27 00:00:00+00:00
[2025-01-27T00:07:13.527+0000] {processor.py:208} INFO - Processing /home/airflow/.local/lib/python3.12/site-packages/airflow/example_dags/example_nested_branch_dag.py took 0.090 seconds
[2025-01-27T00:07:44.670+0000] {processor.py:186} INFO - Started process (PID=144) to work on /home/airflow/.local/lib/python3.12/site-packages/airflow/example_dags/example_nested_branch_dag.py
[2025-01-27T00:07:44.671+0000] {processor.py:914} INFO - Processing file /home/airflow/.local/lib/python3.12/site-packages/airflow/example_dags/example_nested_branch_dag.py for tasks to queue
[2025-01-27T00:07:44.678+0000] {logging_mixin.py:190} INFO - [2025-01-27T00:07:44.678+0000] {dagbag.py:588} INFO - Filling up the DagBag from /home/airflow/.local/lib/python3.12/site-packages/airflow/example_dags/example_nested_branch_dag.py
[2025-01-27T00:07:44.692+0000] {processor.py:925} INFO - DAG(s) 'example_nested_branch_dag' retrieved from /home/airflow/.local/lib/python3.12/site-packages/airflow/example_dags/example_nested_branch_dag.py
[2025-01-27T00:07:44.713+0000] {logging_mixin.py:190} INFO - [2025-01-27T00:07:44.713+0000] {dag.py:3239} INFO - Sync 1 DAGs
[2025-01-27T00:07:44.738+0000] {logging_mixin.py:190} INFO - [2025-01-27T00:07:44.738+0000] {dag.py:4180} INFO - Setting next_dagrun for example_nested_branch_dag to 2025-01-26 00:00:00+00:00, run_after=2025-01-27 00:00:00+00:00
[2025-01-27T00:07:44.757+0000] {processor.py:208} INFO - Processing /home/airflow/.local/lib/python3.12/site-packages/airflow/example_dags/example_nested_branch_dag.py took 0.093 seconds
[2025-01-27T00:08:15.644+0000] {processor.py:186} INFO - Started process (PID=209) to work on /home/airflow/.local/lib/python3.12/site-packages/airflow/example_dags/example_nested_branch_dag.py
[2025-01-27T00:08:15.645+0000] {processor.py:914} INFO - Processing file /home/airflow/.local/lib/python3.12/site-packages/airflow/example_dags/example_nested_branch_dag.py for tasks to queue
[2025-01-27T00:08:15.647+0000] {logging_mixin.py:190} INFO - [2025-01-27T00:08:15.647+0000] {dagbag.py:588} INFO - Filling up the DagBag from /home/airflow/.local/lib/python3.12/site-packages/airflow/example_dags/example_nested_branch_dag.py
[2025-01-27T00:08:15.660+0000] {processor.py:925} INFO - DAG(s) 'example_nested_branch_dag' retrieved from /home/airflow/.local/lib/python3.12/site-packages/airflow/example_dags/example_nested_branch_dag.py
[2025-01-27T00:08:15.682+0000] {logging_mixin.py:190} INFO - [2025-01-27T00:08:15.682+0000] {dag.py:3239} INFO - Sync 1 DAGs
[2025-01-27T00:08:15.710+0000] {logging_mixin.py:190} INFO - [2025-01-27T00:08:15.710+0000] {dag.py:4180} INFO - Setting next_dagrun for example_nested_branch_dag to 2025-01-26 00:00:00+00:00, run_after=2025-01-27 00:00:00+00:00
[2025-01-27T00:08:15.728+0000] {processor.py:208} INFO - Processing /home/airflow/.local/lib/python3.12/site-packages/airflow/example_dags/example_nested_branch_dag.py took 0.092 seconds
[2025-01-27T00:08:47.407+0000] {processor.py:186} INFO - Started process (PID=274) to work on /home/airflow/.local/lib/python3.12/site-packages/airflow/example_dags/example_nested_branch_dag.py
[2025-01-27T00:08:47.408+0000] {processor.py:914} INFO - Processing file /home/airflow/.local/lib/python3.12/site-packages/airflow/example_dags/example_nested_branch_dag.py for tasks to queue
[2025-01-27T00:08:47.410+0000] {logging_mixin.py:190} INFO - [2025-01-27T00:08:47.410+0000] {dagbag.py:588} INFO - Filling up the DagBag from /home/airflow/.local/lib/python3.12/site-packages/airflow/example_dags/example_nested_branch_dag.py
[2025-01-27T00:08:47.424+0000] {processor.py:925} INFO - DAG(s) 'example_nested_branch_dag' retrieved from /home/airflow/.local/lib/python3.12/site-packages/airflow/example_dags/example_nested_branch_dag.py
[2025-01-27T00:08:47.449+0000] {logging_mixin.py:190} INFO - [2025-01-27T00:08:47.449+0000] {dag.py:3239} INFO - Sync 1 DAGs
[2025-01-27T00:08:47.479+0000] {logging_mixin.py:190} INFO - [2025-01-27T00:08:47.479+0000] {dag.py:4180} INFO - Setting next_dagrun for example_nested_branch_dag to 2025-01-26 00:00:00+00:00, run_after=2025-01-27 00:00:00+00:00
[2025-01-27T00:08:47.514+0000] {processor.py:208} INFO - Processing /home/airflow/.local/lib/python3.12/site-packages/airflow/example_dags/example_nested_branch_dag.py took 0.114 seconds
[2025-01-27T00:09:18.584+0000] {processor.py:186} INFO - Started process (PID=344) to work on /home/airflow/.local/lib/python3.12/site-packages/airflow/example_dags/example_nested_branch_dag.py
[2025-01-27T00:09:18.585+0000] {processor.py:914} INFO - Processing file /home/airflow/.local/lib/python3.12/site-packages/airflow/example_dags/example_nested_branch_dag.py for tasks to queue
[2025-01-27T00:09:18.587+0000] {logging_mixin.py:190} INFO - [2025-01-27T00:09:18.587+0000] {dagbag.py:588} INFO - Filling up the DagBag from /home/airflow/.local/lib/python3.12/site-packages/airflow/example_dags/example_nested_branch_dag.py
[2025-01-27T00:09:18.601+0000] {processor.py:925} INFO - DAG(s) 'example_nested_branch_dag' retrieved from /home/airflow/.local/lib/python3.12/site-packages/airflow/example_dags/example_nested_branch_dag.py
[2025-01-27T00:09:18.623+0000] {logging_mixin.py:190} INFO - [2025-01-27T00:09:18.622+0000] {dag.py:3239} INFO - Sync 1 DAGs
[2025-01-27T00:09:18.651+0000] {logging_mixin.py:190} INFO - [2025-01-27T00:09:18.650+0000] {dag.py:4180} INFO - Setting next_dagrun for example_nested_branch_dag to 2025-01-26 00:00:00+00:00, run_after=2025-01-27 00:00:00+00:00
[2025-01-27T00:09:18.670+0000] {processor.py:208} INFO - Processing /home/airflow/.local/lib/python3.12/site-packages/airflow/example_dags/example_nested_branch_dag.py took 0.092 seconds
[2025-01-27T00:09:49.486+0000] {processor.py:186} INFO - Started process (PID=410) to work on /home/airflow/.local/lib/python3.12/site-packages/airflow/example_dags/example_nested_branch_dag.py
[2025-01-27T00:09:49.487+0000] {processor.py:914} INFO - Processing file /home/airflow/.local/lib/python3.12/site-packages/airflow/example_dags/example_nested_branch_dag.py for tasks to queue
[2025-01-27T00:09:49.490+0000] {logging_mixin.py:190} INFO - [2025-01-27T00:09:49.489+0000] {dagbag.py:588} INFO - Filling up the DagBag from /home/airflow/.local/lib/python3.12/site-packages/airflow/example_dags/example_nested_branch_dag.py
[2025-01-27T00:09:49.504+0000] {processor.py:925} INFO - DAG(s) 'example_nested_branch_dag' retrieved from /home/airflow/.local/lib/python3.12/site-packages/airflow/example_dags/example_nested_branch_dag.py
[2025-01-27T00:09:49.528+0000] {logging_mixin.py:190} INFO - [2025-01-27T00:09:49.527+0000] {dag.py:3239} INFO - Sync 1 DAGs
[2025-01-27T00:09:49.556+0000] {logging_mixin.py:190} INFO - [2025-01-27T00:09:49.555+0000] {dag.py:4180} INFO - Setting next_dagrun for example_nested_branch_dag to 2025-01-26 00:00:00+00:00, run_after=2025-01-27 00:00:00+00:00
[2025-01-27T00:09:49.574+0000] {processor.py:208} INFO - Processing /home/airflow/.local/lib/python3.12/site-packages/airflow/example_dags/example_nested_branch_dag.py took 0.094 seconds
[2025-01-27T00:10:20.976+0000] {processor.py:186} INFO - Started process (PID=474) to work on /home/airflow/.local/lib/python3.12/site-packages/airflow/example_dags/example_nested_branch_dag.py
[2025-01-27T00:10:20.977+0000] {processor.py:914} INFO - Processing file /home/airflow/.local/lib/python3.12/site-packages/airflow/example_dags/example_nested_branch_dag.py for tasks to queue
[2025-01-27T00:10:20.979+0000] {logging_mixin.py:190} INFO - [2025-01-27T00:10:20.979+0000] {dagbag.py:588} INFO - Filling up the DagBag from /home/airflow/.local/lib/python3.12/site-packages/airflow/example_dags/example_nested_branch_dag.py
[2025-01-27T00:10:20.994+0000] {processor.py:925} INFO - DAG(s) 'example_nested_branch_dag' retrieved from /home/airflow/.local/lib/python3.12/site-packages/airflow/example_dags/example_nested_branch_dag.py
[2025-01-27T00:10:21.020+0000] {logging_mixin.py:190} INFO - [2025-01-27T00:10:21.020+0000] {dag.py:3239} INFO - Sync 1 DAGs
[2025-01-27T00:10:21.052+0000] {logging_mixin.py:190} INFO - [2025-01-27T00:10:21.052+0000] {dag.py:4180} INFO - Setting next_dagrun for example_nested_branch_dag to 2025-01-26 00:00:00+00:00, run_after=2025-01-27 00:00:00+00:00
[2025-01-27T00:10:21.073+0000] {processor.py:208} INFO - Processing /home/airflow/.local/lib/python3.12/site-packages/airflow/example_dags/example_nested_branch_dag.py took 0.104 seconds
[2025-01-27T00:10:52.482+0000] {processor.py:186} INFO - Started process (PID=539) to work on /home/airflow/.local/lib/python3.12/site-packages/airflow/example_dags/example_nested_branch_dag.py
[2025-01-27T00:10:52.484+0000] {processor.py:914} INFO - Processing file /home/airflow/.local/lib/python3.12/site-packages/airflow/example_dags/example_nested_branch_dag.py for tasks to queue
[2025-01-27T00:10:52.487+0000] {logging_mixin.py:190} INFO - [2025-01-27T00:10:52.486+0000] {dagbag.py:588} INFO - Filling up the DagBag from /home/airflow/.local/lib/python3.12/site-packages/airflow/example_dags/example_nested_branch_dag.py
[2025-01-27T00:10:52.500+0000] {processor.py:925} INFO - DAG(s) 'example_nested_branch_dag' retrieved from /home/airflow/.local/lib/python3.12/site-packages/airflow/example_dags/example_nested_branch_dag.py
[2025-01-27T00:10:52.522+0000] {logging_mixin.py:190} INFO - [2025-01-27T00:10:52.521+0000] {dag.py:3239} INFO - Sync 1 DAGs
[2025-01-27T00:10:52.559+0000] {logging_mixin.py:190} INFO - [2025-01-27T00:10:52.559+0000] {dag.py:4180} INFO - Setting next_dagrun for example_nested_branch_dag to 2025-01-26 00:00:00+00:00, run_after=2025-01-27 00:00:00+00:00
[2025-01-27T00:10:52.586+0000] {processor.py:208} INFO - Processing /home/airflow/.local/lib/python3.12/site-packages/airflow/example_dags/example_nested_branch_dag.py took 0.111 seconds
[2025-01-27T00:12:34.532+0000] {processor.py:186} INFO - Started process (PID=79) to work on /home/airflow/.local/lib/python3.12/site-packages/airflow/example_dags/example_nested_branch_dag.py
[2025-01-27T00:12:34.533+0000] {processor.py:914} INFO - Processing file /home/airflow/.local/lib/python3.12/site-packages/airflow/example_dags/example_nested_branch_dag.py for tasks to queue
[2025-01-27T00:12:34.536+0000] {logging_mixin.py:190} INFO - [2025-01-27T00:12:34.536+0000] {dagbag.py:588} INFO - Filling up the DagBag from /home/airflow/.local/lib/python3.12/site-packages/airflow/example_dags/example_nested_branch_dag.py
[2025-01-27T00:12:34.551+0000] {processor.py:925} INFO - DAG(s) 'example_nested_branch_dag' retrieved from /home/airflow/.local/lib/python3.12/site-packages/airflow/example_dags/example_nested_branch_dag.py
[2025-01-27T00:12:34.571+0000] {logging_mixin.py:190} INFO - [2025-01-27T00:12:34.571+0000] {dag.py:3239} INFO - Sync 1 DAGs
[2025-01-27T00:12:34.595+0000] {logging_mixin.py:190} INFO - [2025-01-27T00:12:34.595+0000] {dag.py:4180} INFO - Setting next_dagrun for example_nested_branch_dag to 2025-01-26 00:00:00+00:00, run_after=2025-01-27 00:00:00+00:00
[2025-01-27T00:12:34.616+0000] {processor.py:208} INFO - Processing /home/airflow/.local/lib/python3.12/site-packages/airflow/example_dags/example_nested_branch_dag.py took 0.089 seconds
[2025-01-27T00:13:06.046+0000] {processor.py:186} INFO - Started process (PID=144) to work on /home/airflow/.local/lib/python3.12/site-packages/airflow/example_dags/example_nested_branch_dag.py
[2025-01-27T00:13:06.047+0000] {processor.py:914} INFO - Processing file /home/airflow/.local/lib/python3.12/site-packages/airflow/example_dags/example_nested_branch_dag.py for tasks to queue
[2025-01-27T00:13:06.049+0000] {logging_mixin.py:190} INFO - [2025-01-27T00:13:06.049+0000] {dagbag.py:588} INFO - Filling up the DagBag from /home/airflow/.local/lib/python3.12/site-packages/airflow/example_dags/example_nested_branch_dag.py
[2025-01-27T00:13:06.064+0000] {processor.py:925} INFO - DAG(s) 'example_nested_branch_dag' retrieved from /home/airflow/.local/lib/python3.12/site-packages/airflow/example_dags/example_nested_branch_dag.py
[2025-01-27T00:13:06.092+0000] {logging_mixin.py:190} INFO - [2025-01-27T00:13:06.091+0000] {dag.py:3239} INFO - Sync 1 DAGs
[2025-01-27T00:13:06.117+0000] {logging_mixin.py:190} INFO - [2025-01-27T00:13:06.117+0000] {dag.py:4180} INFO - Setting next_dagrun for example_nested_branch_dag to 2025-01-26 00:00:00+00:00, run_after=2025-01-27 00:00:00+00:00
[2025-01-27T00:13:06.137+0000] {processor.py:208} INFO - Processing /home/airflow/.local/lib/python3.12/site-packages/airflow/example_dags/example_nested_branch_dag.py took 0.096 seconds
[2025-01-27T00:13:37.159+0000] {processor.py:186} INFO - Started process (PID=209) to work on /home/airflow/.local/lib/python3.12/site-packages/airflow/example_dags/example_nested_branch_dag.py
[2025-01-27T00:13:37.160+0000] {processor.py:914} INFO - Processing file /home/airflow/.local/lib/python3.12/site-packages/airflow/example_dags/example_nested_branch_dag.py for tasks to queue
[2025-01-27T00:13:37.162+0000] {logging_mixin.py:190} INFO - [2025-01-27T00:13:37.162+0000] {dagbag.py:588} INFO - Filling up the DagBag from /home/airflow/.local/lib/python3.12/site-packages/airflow/example_dags/example_nested_branch_dag.py
[2025-01-27T00:13:37.174+0000] {processor.py:925} INFO - DAG(s) 'example_nested_branch_dag' retrieved from /home/airflow/.local/lib/python3.12/site-packages/airflow/example_dags/example_nested_branch_dag.py
[2025-01-27T00:13:37.199+0000] {logging_mixin.py:190} INFO - [2025-01-27T00:13:37.199+0000] {dag.py:3239} INFO - Sync 1 DAGs
[2025-01-27T00:13:37.227+0000] {logging_mixin.py:190} INFO - [2025-01-27T00:13:37.226+0000] {dag.py:4180} INFO - Setting next_dagrun for example_nested_branch_dag to 2025-01-26 00:00:00+00:00, run_after=2025-01-27 00:00:00+00:00
[2025-01-27T00:13:37.248+0000] {processor.py:208} INFO - Processing /home/airflow/.local/lib/python3.12/site-packages/airflow/example_dags/example_nested_branch_dag.py took 0.096 seconds
[2025-01-27T00:14:10.476+0000] {processor.py:186} INFO - Started process (PID=281) to work on /home/airflow/.local/lib/python3.12/site-packages/airflow/example_dags/example_nested_branch_dag.py
[2025-01-27T00:14:10.477+0000] {processor.py:914} INFO - Processing file /home/airflow/.local/lib/python3.12/site-packages/airflow/example_dags/example_nested_branch_dag.py for tasks to queue
[2025-01-27T00:14:10.479+0000] {logging_mixin.py:190} INFO - [2025-01-27T00:14:10.479+0000] {dagbag.py:588} INFO - Filling up the DagBag from /home/airflow/.local/lib/python3.12/site-packages/airflow/example_dags/example_nested_branch_dag.py
[2025-01-27T00:14:10.493+0000] {processor.py:925} INFO - DAG(s) 'example_nested_branch_dag' retrieved from /home/airflow/.local/lib/python3.12/site-packages/airflow/example_dags/example_nested_branch_dag.py
[2025-01-27T00:14:10.519+0000] {logging_mixin.py:190} INFO - [2025-01-27T00:14:10.519+0000] {dag.py:3239} INFO - Sync 1 DAGs
[2025-01-27T00:14:10.548+0000] {logging_mixin.py:190} INFO - [2025-01-27T00:14:10.548+0000] {dag.py:4180} INFO - Setting next_dagrun for example_nested_branch_dag to 2025-01-26 00:00:00+00:00, run_after=2025-01-27 00:00:00+00:00
[2025-01-27T00:14:10.576+0000] {processor.py:208} INFO - Processing /home/airflow/.local/lib/python3.12/site-packages/airflow/example_dags/example_nested_branch_dag.py took 0.106 seconds
[2025-01-27T00:14:41.969+0000] {processor.py:186} INFO - Started process (PID=346) to work on /home/airflow/.local/lib/python3.12/site-packages/airflow/example_dags/example_nested_branch_dag.py
[2025-01-27T00:14:41.971+0000] {processor.py:914} INFO - Processing file /home/airflow/.local/lib/python3.12/site-packages/airflow/example_dags/example_nested_branch_dag.py for tasks to queue
[2025-01-27T00:14:41.973+0000] {logging_mixin.py:190} INFO - [2025-01-27T00:14:41.973+0000] {dagbag.py:588} INFO - Filling up the DagBag from /home/airflow/.local/lib/python3.12/site-packages/airflow/example_dags/example_nested_branch_dag.py
[2025-01-27T00:14:41.985+0000] {processor.py:925} INFO - DAG(s) 'example_nested_branch_dag' retrieved from /home/airflow/.local/lib/python3.12/site-packages/airflow/example_dags/example_nested_branch_dag.py
[2025-01-27T00:14:42.005+0000] {logging_mixin.py:190} INFO - [2025-01-27T00:14:42.005+0000] {dag.py:3239} INFO - Sync 1 DAGs
[2025-01-27T00:14:42.031+0000] {logging_mixin.py:190} INFO - [2025-01-27T00:14:42.031+0000] {dag.py:4180} INFO - Setting next_dagrun for example_nested_branch_dag to 2025-01-26 00:00:00+00:00, run_after=2025-01-27 00:00:00+00:00
[2025-01-27T00:14:42.049+0000] {processor.py:208} INFO - Processing /home/airflow/.local/lib/python3.12/site-packages/airflow/example_dags/example_nested_branch_dag.py took 0.086 seconds
[2025-01-27T00:16:31.867+0000] {processor.py:186} INFO - Started process (PID=85) to work on /home/airflow/.local/lib/python3.12/site-packages/airflow/example_dags/example_nested_branch_dag.py
[2025-01-27T00:16:31.868+0000] {processor.py:914} INFO - Processing file /home/airflow/.local/lib/python3.12/site-packages/airflow/example_dags/example_nested_branch_dag.py for tasks to queue
[2025-01-27T00:16:31.872+0000] {logging_mixin.py:190} INFO - [2025-01-27T00:16:31.871+0000] {dagbag.py:588} INFO - Filling up the DagBag from /home/airflow/.local/lib/python3.12/site-packages/airflow/example_dags/example_nested_branch_dag.py
[2025-01-27T00:16:31.889+0000] {processor.py:925} INFO - DAG(s) 'example_nested_branch_dag' retrieved from /home/airflow/.local/lib/python3.12/site-packages/airflow/example_dags/example_nested_branch_dag.py
[2025-01-27T00:16:31.923+0000] {logging_mixin.py:190} INFO - [2025-01-27T00:16:31.922+0000] {dag.py:3239} INFO - Sync 1 DAGs
[2025-01-27T00:16:31.957+0000] {logging_mixin.py:190} INFO - [2025-01-27T00:16:31.956+0000] {dag.py:4180} INFO - Setting next_dagrun for example_nested_branch_dag to 2025-01-26 00:00:00+00:00, run_after=2025-01-27 00:00:00+00:00
[2025-01-27T00:16:31.981+0000] {processor.py:208} INFO - Processing /home/airflow/.local/lib/python3.12/site-packages/airflow/example_dags/example_nested_branch_dag.py took 0.123 seconds
[2025-01-27T00:17:03.267+0000] {processor.py:186} INFO - Started process (PID=152) to work on /home/airflow/.local/lib/python3.12/site-packages/airflow/example_dags/example_nested_branch_dag.py
[2025-01-27T00:17:03.268+0000] {processor.py:914} INFO - Processing file /home/airflow/.local/lib/python3.12/site-packages/airflow/example_dags/example_nested_branch_dag.py for tasks to queue
[2025-01-27T00:17:03.271+0000] {logging_mixin.py:190} INFO - [2025-01-27T00:17:03.270+0000] {dagbag.py:588} INFO - Filling up the DagBag from /home/airflow/.local/lib/python3.12/site-packages/airflow/example_dags/example_nested_branch_dag.py
[2025-01-27T00:17:03.285+0000] {processor.py:925} INFO - DAG(s) 'example_nested_branch_dag' retrieved from /home/airflow/.local/lib/python3.12/site-packages/airflow/example_dags/example_nested_branch_dag.py
[2025-01-27T00:17:03.308+0000] {logging_mixin.py:190} INFO - [2025-01-27T00:17:03.308+0000] {dag.py:3239} INFO - Sync 1 DAGs
[2025-01-27T00:17:03.337+0000] {logging_mixin.py:190} INFO - [2025-01-27T00:17:03.336+0000] {dag.py:4180} INFO - Setting next_dagrun for example_nested_branch_dag to 2025-01-26 00:00:00+00:00, run_after=2025-01-27 00:00:00+00:00
[2025-01-27T00:17:03.358+0000] {processor.py:208} INFO - Processing /home/airflow/.local/lib/python3.12/site-packages/airflow/example_dags/example_nested_branch_dag.py took 0.098 seconds
[2025-01-27T00:17:33.952+0000] {processor.py:186} INFO - Started process (PID=218) to work on /home/airflow/.local/lib/python3.12/site-packages/airflow/example_dags/example_nested_branch_dag.py
[2025-01-27T00:17:33.953+0000] {processor.py:914} INFO - Processing file /home/airflow/.local/lib/python3.12/site-packages/airflow/example_dags/example_nested_branch_dag.py for tasks to queue
[2025-01-27T00:17:33.956+0000] {logging_mixin.py:190} INFO - [2025-01-27T00:17:33.956+0000] {dagbag.py:588} INFO - Filling up the DagBag from /home/airflow/.local/lib/python3.12/site-packages/airflow/example_dags/example_nested_branch_dag.py
[2025-01-27T00:17:33.970+0000] {processor.py:925} INFO - DAG(s) 'example_nested_branch_dag' retrieved from /home/airflow/.local/lib/python3.12/site-packages/airflow/example_dags/example_nested_branch_dag.py
[2025-01-27T00:17:33.994+0000] {logging_mixin.py:190} INFO - [2025-01-27T00:17:33.993+0000] {dag.py:3239} INFO - Sync 1 DAGs
[2025-01-27T00:17:34.024+0000] {logging_mixin.py:190} INFO - [2025-01-27T00:17:34.024+0000] {dag.py:4180} INFO - Setting next_dagrun for example_nested_branch_dag to 2025-01-26 00:00:00+00:00, run_after=2025-01-27 00:00:00+00:00
[2025-01-27T00:17:34.045+0000] {processor.py:208} INFO - Processing /home/airflow/.local/lib/python3.12/site-packages/airflow/example_dags/example_nested_branch_dag.py took 0.098 seconds
[2025-01-27T00:18:05.822+0000] {processor.py:186} INFO - Started process (PID=284) to work on /home/airflow/.local/lib/python3.12/site-packages/airflow/example_dags/example_nested_branch_dag.py
[2025-01-27T00:18:05.823+0000] {processor.py:914} INFO - Processing file /home/airflow/.local/lib/python3.12/site-packages/airflow/example_dags/example_nested_branch_dag.py for tasks to queue
[2025-01-27T00:18:05.827+0000] {logging_mixin.py:190} INFO - [2025-01-27T00:18:05.826+0000] {dagbag.py:588} INFO - Filling up the DagBag from /home/airflow/.local/lib/python3.12/site-packages/airflow/example_dags/example_nested_branch_dag.py
[2025-01-27T00:18:05.844+0000] {processor.py:925} INFO - DAG(s) 'example_nested_branch_dag' retrieved from /home/airflow/.local/lib/python3.12/site-packages/airflow/example_dags/example_nested_branch_dag.py
[2025-01-27T00:18:05.873+0000] {logging_mixin.py:190} INFO - [2025-01-27T00:18:05.873+0000] {dag.py:3239} INFO - Sync 1 DAGs
[2025-01-27T00:18:05.907+0000] {logging_mixin.py:190} INFO - [2025-01-27T00:18:05.907+0000] {dag.py:4180} INFO - Setting next_dagrun for example_nested_branch_dag to 2025-01-26 00:00:00+00:00, run_after=2025-01-27 00:00:00+00:00
[2025-01-27T00:18:05.931+0000] {processor.py:208} INFO - Processing /home/airflow/.local/lib/python3.12/site-packages/airflow/example_dags/example_nested_branch_dag.py took 0.117 seconds
[2025-01-27T00:18:37.352+0000] {processor.py:186} INFO - Started process (PID=350) to work on /home/airflow/.local/lib/python3.12/site-packages/airflow/example_dags/example_nested_branch_dag.py
[2025-01-27T00:18:37.353+0000] {processor.py:914} INFO - Processing file /home/airflow/.local/lib/python3.12/site-packages/airflow/example_dags/example_nested_branch_dag.py for tasks to queue
[2025-01-27T00:18:37.356+0000] {logging_mixin.py:190} INFO - [2025-01-27T00:18:37.355+0000] {dagbag.py:588} INFO - Filling up the DagBag from /home/airflow/.local/lib/python3.12/site-packages/airflow/example_dags/example_nested_branch_dag.py
[2025-01-27T00:18:37.369+0000] {processor.py:925} INFO - DAG(s) 'example_nested_branch_dag' retrieved from /home/airflow/.local/lib/python3.12/site-packages/airflow/example_dags/example_nested_branch_dag.py
[2025-01-27T00:18:37.389+0000] {logging_mixin.py:190} INFO - [2025-01-27T00:18:37.389+0000] {dag.py:3239} INFO - Sync 1 DAGs
[2025-01-27T00:18:37.417+0000] {logging_mixin.py:190} INFO - [2025-01-27T00:18:37.416+0000] {dag.py:4180} INFO - Setting next_dagrun for example_nested_branch_dag to 2025-01-26 00:00:00+00:00, run_after=2025-01-27 00:00:00+00:00
[2025-01-27T00:18:37.435+0000] {processor.py:208} INFO - Processing /home/airflow/.local/lib/python3.12/site-packages/airflow/example_dags/example_nested_branch_dag.py took 0.088 seconds
[2025-01-27T00:19:08.719+0000] {processor.py:186} INFO - Started process (PID=417) to work on /home/airflow/.local/lib/python3.12/site-packages/airflow/example_dags/example_nested_branch_dag.py
[2025-01-27T00:19:08.721+0000] {processor.py:914} INFO - Processing file /home/airflow/.local/lib/python3.12/site-packages/airflow/example_dags/example_nested_branch_dag.py for tasks to queue
[2025-01-27T00:19:08.723+0000] {logging_mixin.py:190} INFO - [2025-01-27T00:19:08.723+0000] {dagbag.py:588} INFO - Filling up the DagBag from /home/airflow/.local/lib/python3.12/site-packages/airflow/example_dags/example_nested_branch_dag.py
[2025-01-27T00:19:08.736+0000] {processor.py:925} INFO - DAG(s) 'example_nested_branch_dag' retrieved from /home/airflow/.local/lib/python3.12/site-packages/airflow/example_dags/example_nested_branch_dag.py
[2025-01-27T00:19:08.757+0000] {logging_mixin.py:190} INFO - [2025-01-27T00:19:08.756+0000] {dag.py:3239} INFO - Sync 1 DAGs
[2025-01-27T00:19:08.783+0000] {logging_mixin.py:190} INFO - [2025-01-27T00:19:08.782+0000] {dag.py:4180} INFO - Setting next_dagrun for example_nested_branch_dag to 2025-01-26 00:00:00+00:00, run_after=2025-01-27 00:00:00+00:00
[2025-01-27T00:19:08.810+0000] {processor.py:208} INFO - Processing /home/airflow/.local/lib/python3.12/site-packages/airflow/example_dags/example_nested_branch_dag.py took 0.097 seconds
[2025-01-27T00:19:40.150+0000] {processor.py:186} INFO - Started process (PID=482) to work on /home/airflow/.local/lib/python3.12/site-packages/airflow/example_dags/example_nested_branch_dag.py
[2025-01-27T00:19:40.151+0000] {processor.py:914} INFO - Processing file /home/airflow/.local/lib/python3.12/site-packages/airflow/example_dags/example_nested_branch_dag.py for tasks to queue
[2025-01-27T00:19:40.153+0000] {logging_mixin.py:190} INFO - [2025-01-27T00:19:40.153+0000] {dagbag.py:588} INFO - Filling up the DagBag from /home/airflow/.local/lib/python3.12/site-packages/airflow/example_dags/example_nested_branch_dag.py
[2025-01-27T00:19:40.165+0000] {processor.py:925} INFO - DAG(s) 'example_nested_branch_dag' retrieved from /home/airflow/.local/lib/python3.12/site-packages/airflow/example_dags/example_nested_branch_dag.py
[2025-01-27T00:19:40.186+0000] {logging_mixin.py:190} INFO - [2025-01-27T00:19:40.185+0000] {dag.py:3239} INFO - Sync 1 DAGs
[2025-01-27T00:19:40.209+0000] {logging_mixin.py:190} INFO - [2025-01-27T00:19:40.209+0000] {dag.py:4180} INFO - Setting next_dagrun for example_nested_branch_dag to 2025-01-26 00:00:00+00:00, run_after=2025-01-27 00:00:00+00:00
[2025-01-27T00:19:40.228+0000] {processor.py:208} INFO - Processing /home/airflow/.local/lib/python3.12/site-packages/airflow/example_dags/example_nested_branch_dag.py took 0.083 seconds
[2025-01-27T00:20:11.469+0000] {processor.py:186} INFO - Started process (PID=548) to work on /home/airflow/.local/lib/python3.12/site-packages/airflow/example_dags/example_nested_branch_dag.py
[2025-01-27T00:20:11.472+0000] {processor.py:914} INFO - Processing file /home/airflow/.local/lib/python3.12/site-packages/airflow/example_dags/example_nested_branch_dag.py for tasks to queue
[2025-01-27T00:20:11.477+0000] {logging_mixin.py:190} INFO - [2025-01-27T00:20:11.476+0000] {dagbag.py:588} INFO - Filling up the DagBag from /home/airflow/.local/lib/python3.12/site-packages/airflow/example_dags/example_nested_branch_dag.py
[2025-01-27T00:20:11.500+0000] {processor.py:925} INFO - DAG(s) 'example_nested_branch_dag' retrieved from /home/airflow/.local/lib/python3.12/site-packages/airflow/example_dags/example_nested_branch_dag.py
[2025-01-27T00:20:11.549+0000] {logging_mixin.py:190} INFO - [2025-01-27T00:20:11.549+0000] {dag.py:3239} INFO - Sync 1 DAGs
[2025-01-27T00:20:11.582+0000] {logging_mixin.py:190} INFO - [2025-01-27T00:20:11.581+0000] {dag.py:4180} INFO - Setting next_dagrun for example_nested_branch_dag to 2025-01-26 00:00:00+00:00, run_after=2025-01-27 00:00:00+00:00
[2025-01-27T00:20:11.606+0000] {processor.py:208} INFO - Processing /home/airflow/.local/lib/python3.12/site-packages/airflow/example_dags/example_nested_branch_dag.py took 0.148 seconds
[2025-01-27T00:20:42.673+0000] {processor.py:186} INFO - Started process (PID=614) to work on /home/airflow/.local/lib/python3.12/site-packages/airflow/example_dags/example_nested_branch_dag.py
[2025-01-27T00:20:42.677+0000] {processor.py:914} INFO - Processing file /home/airflow/.local/lib/python3.12/site-packages/airflow/example_dags/example_nested_branch_dag.py for tasks to queue
[2025-01-27T00:20:42.681+0000] {logging_mixin.py:190} INFO - [2025-01-27T00:20:42.680+0000] {dagbag.py:588} INFO - Filling up the DagBag from /home/airflow/.local/lib/python3.12/site-packages/airflow/example_dags/example_nested_branch_dag.py
[2025-01-27T00:20:42.696+0000] {processor.py:925} INFO - DAG(s) 'example_nested_branch_dag' retrieved from /home/airflow/.local/lib/python3.12/site-packages/airflow/example_dags/example_nested_branch_dag.py
[2025-01-27T00:20:42.722+0000] {logging_mixin.py:190} INFO - [2025-01-27T00:20:42.722+0000] {dag.py:3239} INFO - Sync 1 DAGs
[2025-01-27T00:20:42.753+0000] {logging_mixin.py:190} INFO - [2025-01-27T00:20:42.753+0000] {dag.py:4180} INFO - Setting next_dagrun for example_nested_branch_dag to 2025-01-26 00:00:00+00:00, run_after=2025-01-27 00:00:00+00:00
[2025-01-27T00:20:42.778+0000] {processor.py:208} INFO - Processing /home/airflow/.local/lib/python3.12/site-packages/airflow/example_dags/example_nested_branch_dag.py took 0.114 seconds
[2025-01-27T00:21:14.174+0000] {processor.py:186} INFO - Started process (PID=680) to work on /home/airflow/.local/lib/python3.12/site-packages/airflow/example_dags/example_nested_branch_dag.py
[2025-01-27T00:21:14.175+0000] {processor.py:914} INFO - Processing file /home/airflow/.local/lib/python3.12/site-packages/airflow/example_dags/example_nested_branch_dag.py for tasks to queue
[2025-01-27T00:21:14.178+0000] {logging_mixin.py:190} INFO - [2025-01-27T00:21:14.178+0000] {dagbag.py:588} INFO - Filling up the DagBag from /home/airflow/.local/lib/python3.12/site-packages/airflow/example_dags/example_nested_branch_dag.py
[2025-01-27T00:21:14.192+0000] {processor.py:925} INFO - DAG(s) 'example_nested_branch_dag' retrieved from /home/airflow/.local/lib/python3.12/site-packages/airflow/example_dags/example_nested_branch_dag.py
[2025-01-27T00:21:14.217+0000] {logging_mixin.py:190} INFO - [2025-01-27T00:21:14.217+0000] {dag.py:3239} INFO - Sync 1 DAGs
[2025-01-27T00:21:14.246+0000] {logging_mixin.py:190} INFO - [2025-01-27T00:21:14.246+0000] {dag.py:4180} INFO - Setting next_dagrun for example_nested_branch_dag to 2025-01-26 00:00:00+00:00, run_after=2025-01-27 00:00:00+00:00
[2025-01-27T00:21:14.265+0000] {processor.py:208} INFO - Processing /home/airflow/.local/lib/python3.12/site-packages/airflow/example_dags/example_nested_branch_dag.py took 0.099 seconds
[2025-01-27T00:21:45.098+0000] {processor.py:186} INFO - Started process (PID=747) to work on /home/airflow/.local/lib/python3.12/site-packages/airflow/example_dags/example_nested_branch_dag.py
[2025-01-27T00:21:45.099+0000] {processor.py:914} INFO - Processing file /home/airflow/.local/lib/python3.12/site-packages/airflow/example_dags/example_nested_branch_dag.py for tasks to queue
[2025-01-27T00:21:45.101+0000] {logging_mixin.py:190} INFO - [2025-01-27T00:21:45.101+0000] {dagbag.py:588} INFO - Filling up the DagBag from /home/airflow/.local/lib/python3.12/site-packages/airflow/example_dags/example_nested_branch_dag.py
[2025-01-27T00:21:45.116+0000] {processor.py:925} INFO - DAG(s) 'example_nested_branch_dag' retrieved from /home/airflow/.local/lib/python3.12/site-packages/airflow/example_dags/example_nested_branch_dag.py
[2025-01-27T00:21:45.137+0000] {logging_mixin.py:190} INFO - [2025-01-27T00:21:45.136+0000] {dag.py:3239} INFO - Sync 1 DAGs
[2025-01-27T00:21:45.162+0000] {logging_mixin.py:190} INFO - [2025-01-27T00:21:45.162+0000] {dag.py:4180} INFO - Setting next_dagrun for example_nested_branch_dag to 2025-01-26 00:00:00+00:00, run_after=2025-01-27 00:00:00+00:00
[2025-01-27T00:21:45.183+0000] {processor.py:208} INFO - Processing /home/airflow/.local/lib/python3.12/site-packages/airflow/example_dags/example_nested_branch_dag.py took 0.091 seconds
[2025-01-27T00:22:16.305+0000] {processor.py:186} INFO - Started process (PID=813) to work on /home/airflow/.local/lib/python3.12/site-packages/airflow/example_dags/example_nested_branch_dag.py
[2025-01-27T00:22:16.306+0000] {processor.py:914} INFO - Processing file /home/airflow/.local/lib/python3.12/site-packages/airflow/example_dags/example_nested_branch_dag.py for tasks to queue
[2025-01-27T00:22:16.310+0000] {logging_mixin.py:190} INFO - [2025-01-27T00:22:16.310+0000] {dagbag.py:588} INFO - Filling up the DagBag from /home/airflow/.local/lib/python3.12/site-packages/airflow/example_dags/example_nested_branch_dag.py
[2025-01-27T00:22:16.331+0000] {processor.py:925} INFO - DAG(s) 'example_nested_branch_dag' retrieved from /home/airflow/.local/lib/python3.12/site-packages/airflow/example_dags/example_nested_branch_dag.py
[2025-01-27T00:22:16.368+0000] {logging_mixin.py:190} INFO - [2025-01-27T00:22:16.365+0000] {dag.py:3239} INFO - Sync 1 DAGs
[2025-01-27T00:22:16.429+0000] {logging_mixin.py:190} INFO - [2025-01-27T00:22:16.428+0000] {dag.py:4180} INFO - Setting next_dagrun for example_nested_branch_dag to 2025-01-26 00:00:00+00:00, run_after=2025-01-27 00:00:00+00:00
[2025-01-27T00:22:16.477+0000] {processor.py:208} INFO - Processing /home/airflow/.local/lib/python3.12/site-packages/airflow/example_dags/example_nested_branch_dag.py took 0.180 seconds
[2025-01-27T00:26:36.082+0000] {processor.py:186} INFO - Started process (PID=86) to work on /home/airflow/.local/lib/python3.12/site-packages/airflow/example_dags/example_nested_branch_dag.py
[2025-01-27T00:26:36.086+0000] {processor.py:914} INFO - Processing file /home/airflow/.local/lib/python3.12/site-packages/airflow/example_dags/example_nested_branch_dag.py for tasks to queue
[2025-01-27T00:26:36.095+0000] {logging_mixin.py:190} INFO - [2025-01-27T00:26:36.094+0000] {dagbag.py:588} INFO - Filling up the DagBag from /home/airflow/.local/lib/python3.12/site-packages/airflow/example_dags/example_nested_branch_dag.py
[2025-01-27T00:26:36.117+0000] {processor.py:925} INFO - DAG(s) 'example_nested_branch_dag' retrieved from /home/airflow/.local/lib/python3.12/site-packages/airflow/example_dags/example_nested_branch_dag.py
[2025-01-27T00:26:36.145+0000] {logging_mixin.py:190} INFO - [2025-01-27T00:26:36.145+0000] {dag.py:3239} INFO - Sync 1 DAGs
[2025-01-27T00:26:36.176+0000] {logging_mixin.py:190} INFO - [2025-01-27T00:26:36.176+0000] {dag.py:4180} INFO - Setting next_dagrun for example_nested_branch_dag to 2025-01-26 00:00:00+00:00, run_after=2025-01-27 00:00:00+00:00
[2025-01-27T00:26:36.223+0000] {processor.py:208} INFO - Processing /home/airflow/.local/lib/python3.12/site-packages/airflow/example_dags/example_nested_branch_dag.py took 0.159 seconds
[2025-01-27T00:27:07.108+0000] {processor.py:186} INFO - Started process (PID=153) to work on /home/airflow/.local/lib/python3.12/site-packages/airflow/example_dags/example_nested_branch_dag.py
[2025-01-27T00:27:07.109+0000] {processor.py:914} INFO - Processing file /home/airflow/.local/lib/python3.12/site-packages/airflow/example_dags/example_nested_branch_dag.py for tasks to queue
[2025-01-27T00:27:07.112+0000] {logging_mixin.py:190} INFO - [2025-01-27T00:27:07.112+0000] {dagbag.py:588} INFO - Filling up the DagBag from /home/airflow/.local/lib/python3.12/site-packages/airflow/example_dags/example_nested_branch_dag.py
[2025-01-27T00:27:07.125+0000] {processor.py:925} INFO - DAG(s) 'example_nested_branch_dag' retrieved from /home/airflow/.local/lib/python3.12/site-packages/airflow/example_dags/example_nested_branch_dag.py
[2025-01-27T00:27:07.147+0000] {logging_mixin.py:190} INFO - [2025-01-27T00:27:07.147+0000] {dag.py:3239} INFO - Sync 1 DAGs
[2025-01-27T00:27:07.178+0000] {logging_mixin.py:190} INFO - [2025-01-27T00:27:07.177+0000] {dag.py:4180} INFO - Setting next_dagrun for example_nested_branch_dag to 2025-01-26 00:00:00+00:00, run_after=2025-01-27 00:00:00+00:00
[2025-01-27T00:27:07.196+0000] {processor.py:208} INFO - Processing /home/airflow/.local/lib/python3.12/site-packages/airflow/example_dags/example_nested_branch_dag.py took 0.095 seconds
[2025-01-27T00:27:38.886+0000] {processor.py:186} INFO - Started process (PID=218) to work on /home/airflow/.local/lib/python3.12/site-packages/airflow/example_dags/example_nested_branch_dag.py
[2025-01-27T00:27:38.888+0000] {processor.py:914} INFO - Processing file /home/airflow/.local/lib/python3.12/site-packages/airflow/example_dags/example_nested_branch_dag.py for tasks to queue
[2025-01-27T00:27:38.892+0000] {logging_mixin.py:190} INFO - [2025-01-27T00:27:38.892+0000] {dagbag.py:588} INFO - Filling up the DagBag from /home/airflow/.local/lib/python3.12/site-packages/airflow/example_dags/example_nested_branch_dag.py
[2025-01-27T00:27:38.913+0000] {processor.py:925} INFO - DAG(s) 'example_nested_branch_dag' retrieved from /home/airflow/.local/lib/python3.12/site-packages/airflow/example_dags/example_nested_branch_dag.py
[2025-01-27T00:27:38.946+0000] {logging_mixin.py:190} INFO - [2025-01-27T00:27:38.946+0000] {dag.py:3239} INFO - Sync 1 DAGs
[2025-01-27T00:27:38.986+0000] {logging_mixin.py:190} INFO - [2025-01-27T00:27:38.985+0000] {dag.py:4180} INFO - Setting next_dagrun for example_nested_branch_dag to 2025-01-26 00:00:00+00:00, run_after=2025-01-27 00:00:00+00:00
[2025-01-27T00:27:39.009+0000] {processor.py:208} INFO - Processing /home/airflow/.local/lib/python3.12/site-packages/airflow/example_dags/example_nested_branch_dag.py took 0.133 seconds
[2025-01-27T00:28:09.967+0000] {processor.py:186} INFO - Started process (PID=284) to work on /home/airflow/.local/lib/python3.12/site-packages/airflow/example_dags/example_nested_branch_dag.py
[2025-01-27T00:28:09.968+0000] {processor.py:914} INFO - Processing file /home/airflow/.local/lib/python3.12/site-packages/airflow/example_dags/example_nested_branch_dag.py for tasks to queue
[2025-01-27T00:28:09.970+0000] {logging_mixin.py:190} INFO - [2025-01-27T00:28:09.970+0000] {dagbag.py:588} INFO - Filling up the DagBag from /home/airflow/.local/lib/python3.12/site-packages/airflow/example_dags/example_nested_branch_dag.py
[2025-01-27T00:28:09.981+0000] {processor.py:925} INFO - DAG(s) 'example_nested_branch_dag' retrieved from /home/airflow/.local/lib/python3.12/site-packages/airflow/example_dags/example_nested_branch_dag.py
[2025-01-27T00:28:10.006+0000] {logging_mixin.py:190} INFO - [2025-01-27T00:28:10.006+0000] {dag.py:3239} INFO - Sync 1 DAGs
[2025-01-27T00:28:10.036+0000] {logging_mixin.py:190} INFO - [2025-01-27T00:28:10.036+0000] {dag.py:4180} INFO - Setting next_dagrun for example_nested_branch_dag to 2025-01-26 00:00:00+00:00, run_after=2025-01-27 00:00:00+00:00
[2025-01-27T00:28:10.059+0000] {processor.py:208} INFO - Processing /home/airflow/.local/lib/python3.12/site-packages/airflow/example_dags/example_nested_branch_dag.py took 0.100 seconds
[2025-01-27T00:29:32.567+0000] {processor.py:186} INFO - Started process (PID=79) to work on /home/airflow/.local/lib/python3.12/site-packages/airflow/example_dags/example_nested_branch_dag.py
[2025-01-27T00:29:32.568+0000] {processor.py:914} INFO - Processing file /home/airflow/.local/lib/python3.12/site-packages/airflow/example_dags/example_nested_branch_dag.py for tasks to queue
[2025-01-27T00:29:32.573+0000] {logging_mixin.py:190} INFO - [2025-01-27T00:29:32.572+0000] {dagbag.py:588} INFO - Filling up the DagBag from /home/airflow/.local/lib/python3.12/site-packages/airflow/example_dags/example_nested_branch_dag.py
[2025-01-27T00:29:32.589+0000] {processor.py:925} INFO - DAG(s) 'example_nested_branch_dag' retrieved from /home/airflow/.local/lib/python3.12/site-packages/airflow/example_dags/example_nested_branch_dag.py
[2025-01-27T00:29:32.620+0000] {logging_mixin.py:190} INFO - [2025-01-27T00:29:32.619+0000] {dag.py:3239} INFO - Sync 1 DAGs
[2025-01-27T00:29:32.654+0000] {logging_mixin.py:190} INFO - [2025-01-27T00:29:32.654+0000] {dag.py:4180} INFO - Setting next_dagrun for example_nested_branch_dag to 2025-01-26 00:00:00+00:00, run_after=2025-01-27 00:00:00+00:00
[2025-01-27T00:29:32.679+0000] {processor.py:208} INFO - Processing /home/airflow/.local/lib/python3.12/site-packages/airflow/example_dags/example_nested_branch_dag.py took 0.121 seconds
[2025-01-27T00:30:04.260+0000] {processor.py:186} INFO - Started process (PID=144) to work on /home/airflow/.local/lib/python3.12/site-packages/airflow/example_dags/example_nested_branch_dag.py
[2025-01-27T00:30:04.261+0000] {processor.py:914} INFO - Processing file /home/airflow/.local/lib/python3.12/site-packages/airflow/example_dags/example_nested_branch_dag.py for tasks to queue
[2025-01-27T00:30:04.264+0000] {logging_mixin.py:190} INFO - [2025-01-27T00:30:04.263+0000] {dagbag.py:588} INFO - Filling up the DagBag from /home/airflow/.local/lib/python3.12/site-packages/airflow/example_dags/example_nested_branch_dag.py
[2025-01-27T00:30:04.276+0000] {processor.py:925} INFO - DAG(s) 'example_nested_branch_dag' retrieved from /home/airflow/.local/lib/python3.12/site-packages/airflow/example_dags/example_nested_branch_dag.py
[2025-01-27T00:30:04.302+0000] {logging_mixin.py:190} INFO - [2025-01-27T00:30:04.302+0000] {dag.py:3239} INFO - Sync 1 DAGs
[2025-01-27T00:30:04.332+0000] {logging_mixin.py:190} INFO - [2025-01-27T00:30:04.332+0000] {dag.py:4180} INFO - Setting next_dagrun for example_nested_branch_dag to 2025-01-26 00:00:00+00:00, run_after=2025-01-27 00:00:00+00:00
[2025-01-27T00:30:04.362+0000] {processor.py:208} INFO - Processing /home/airflow/.local/lib/python3.12/site-packages/airflow/example_dags/example_nested_branch_dag.py took 0.108 seconds
[2025-01-27T00:30:36.885+0000] {processor.py:186} INFO - Started process (PID=216) to work on /home/airflow/.local/lib/python3.12/site-packages/airflow/example_dags/example_nested_branch_dag.py
[2025-01-27T00:30:36.886+0000] {processor.py:914} INFO - Processing file /home/airflow/.local/lib/python3.12/site-packages/airflow/example_dags/example_nested_branch_dag.py for tasks to queue
[2025-01-27T00:30:36.888+0000] {logging_mixin.py:190} INFO - [2025-01-27T00:30:36.888+0000] {dagbag.py:588} INFO - Filling up the DagBag from /home/airflow/.local/lib/python3.12/site-packages/airflow/example_dags/example_nested_branch_dag.py
[2025-01-27T00:30:36.902+0000] {processor.py:925} INFO - DAG(s) 'example_nested_branch_dag' retrieved from /home/airflow/.local/lib/python3.12/site-packages/airflow/example_dags/example_nested_branch_dag.py
[2025-01-27T00:30:36.924+0000] {logging_mixin.py:190} INFO - [2025-01-27T00:30:36.923+0000] {dag.py:3239} INFO - Sync 1 DAGs
[2025-01-27T00:30:36.955+0000] {logging_mixin.py:190} INFO - [2025-01-27T00:30:36.955+0000] {dag.py:4180} INFO - Setting next_dagrun for example_nested_branch_dag to 2025-01-26 00:00:00+00:00, run_after=2025-01-27 00:00:00+00:00
[2025-01-27T00:30:36.978+0000] {processor.py:208} INFO - Processing /home/airflow/.local/lib/python3.12/site-packages/airflow/example_dags/example_nested_branch_dag.py took 0.100 seconds
[2025-01-27T00:31:08.486+0000] {processor.py:186} INFO - Started process (PID=281) to work on /home/airflow/.local/lib/python3.12/site-packages/airflow/example_dags/example_nested_branch_dag.py
[2025-01-27T00:31:08.486+0000] {processor.py:914} INFO - Processing file /home/airflow/.local/lib/python3.12/site-packages/airflow/example_dags/example_nested_branch_dag.py for tasks to queue
[2025-01-27T00:31:08.489+0000] {logging_mixin.py:190} INFO - [2025-01-27T00:31:08.488+0000] {dagbag.py:588} INFO - Filling up the DagBag from /home/airflow/.local/lib/python3.12/site-packages/airflow/example_dags/example_nested_branch_dag.py
[2025-01-27T00:31:08.499+0000] {processor.py:925} INFO - DAG(s) 'example_nested_branch_dag' retrieved from /home/airflow/.local/lib/python3.12/site-packages/airflow/example_dags/example_nested_branch_dag.py
[2025-01-27T00:31:08.518+0000] {logging_mixin.py:190} INFO - [2025-01-27T00:31:08.518+0000] {dag.py:3239} INFO - Sync 1 DAGs
[2025-01-27T00:31:08.540+0000] {logging_mixin.py:190} INFO - [2025-01-27T00:31:08.540+0000] {dag.py:4180} INFO - Setting next_dagrun for example_nested_branch_dag to 2025-01-26 00:00:00+00:00, run_after=2025-01-27 00:00:00+00:00
[2025-01-27T00:31:08.558+0000] {processor.py:208} INFO - Processing /home/airflow/.local/lib/python3.12/site-packages/airflow/example_dags/example_nested_branch_dag.py took 0.078 seconds
[2025-01-27T00:32:45.965+0000] {processor.py:186} INFO - Started process (PID=79) to work on /home/airflow/.local/lib/python3.12/site-packages/airflow/example_dags/example_nested_branch_dag.py
[2025-01-27T00:32:45.966+0000] {processor.py:914} INFO - Processing file /home/airflow/.local/lib/python3.12/site-packages/airflow/example_dags/example_nested_branch_dag.py for tasks to queue
[2025-01-27T00:32:45.969+0000] {logging_mixin.py:190} INFO - [2025-01-27T00:32:45.968+0000] {dagbag.py:588} INFO - Filling up the DagBag from /home/airflow/.local/lib/python3.12/site-packages/airflow/example_dags/example_nested_branch_dag.py
[2025-01-27T00:32:45.983+0000] {processor.py:925} INFO - DAG(s) 'example_nested_branch_dag' retrieved from /home/airflow/.local/lib/python3.12/site-packages/airflow/example_dags/example_nested_branch_dag.py
[2025-01-27T00:32:46.007+0000] {logging_mixin.py:190} INFO - [2025-01-27T00:32:46.007+0000] {dag.py:3239} INFO - Sync 1 DAGs
[2025-01-27T00:32:46.036+0000] {logging_mixin.py:190} INFO - [2025-01-27T00:32:46.036+0000] {dag.py:4180} INFO - Setting next_dagrun for example_nested_branch_dag to 2025-01-26 00:00:00+00:00, run_after=2025-01-27 00:00:00+00:00
[2025-01-27T00:32:46.057+0000] {processor.py:208} INFO - Processing /home/airflow/.local/lib/python3.12/site-packages/airflow/example_dags/example_nested_branch_dag.py took 0.098 seconds
[2025-01-27T00:33:17.216+0000] {processor.py:186} INFO - Started process (PID=144) to work on /home/airflow/.local/lib/python3.12/site-packages/airflow/example_dags/example_nested_branch_dag.py
[2025-01-27T00:33:17.217+0000] {processor.py:914} INFO - Processing file /home/airflow/.local/lib/python3.12/site-packages/airflow/example_dags/example_nested_branch_dag.py for tasks to queue
[2025-01-27T00:33:17.220+0000] {logging_mixin.py:190} INFO - [2025-01-27T00:33:17.220+0000] {dagbag.py:588} INFO - Filling up the DagBag from /home/airflow/.local/lib/python3.12/site-packages/airflow/example_dags/example_nested_branch_dag.py
[2025-01-27T00:33:17.233+0000] {processor.py:925} INFO - DAG(s) 'example_nested_branch_dag' retrieved from /home/airflow/.local/lib/python3.12/site-packages/airflow/example_dags/example_nested_branch_dag.py
[2025-01-27T00:33:17.260+0000] {logging_mixin.py:190} INFO - [2025-01-27T00:33:17.260+0000] {dag.py:3239} INFO - Sync 1 DAGs
[2025-01-27T00:33:17.288+0000] {logging_mixin.py:190} INFO - [2025-01-27T00:33:17.288+0000] {dag.py:4180} INFO - Setting next_dagrun for example_nested_branch_dag to 2025-01-26 00:00:00+00:00, run_after=2025-01-27 00:00:00+00:00
[2025-01-27T00:33:17.308+0000] {processor.py:208} INFO - Processing /home/airflow/.local/lib/python3.12/site-packages/airflow/example_dags/example_nested_branch_dag.py took 0.098 seconds
[2025-01-27T00:33:49.231+0000] {processor.py:186} INFO - Started process (PID=210) to work on /home/airflow/.local/lib/python3.12/site-packages/airflow/example_dags/example_nested_branch_dag.py
[2025-01-27T00:33:49.232+0000] {processor.py:914} INFO - Processing file /home/airflow/.local/lib/python3.12/site-packages/airflow/example_dags/example_nested_branch_dag.py for tasks to queue
[2025-01-27T00:33:49.234+0000] {logging_mixin.py:190} INFO - [2025-01-27T00:33:49.234+0000] {dagbag.py:588} INFO - Filling up the DagBag from /home/airflow/.local/lib/python3.12/site-packages/airflow/example_dags/example_nested_branch_dag.py
[2025-01-27T00:33:49.246+0000] {processor.py:925} INFO - DAG(s) 'example_nested_branch_dag' retrieved from /home/airflow/.local/lib/python3.12/site-packages/airflow/example_dags/example_nested_branch_dag.py
[2025-01-27T00:33:49.267+0000] {logging_mixin.py:190} INFO - [2025-01-27T00:33:49.267+0000] {dag.py:3239} INFO - Sync 1 DAGs
[2025-01-27T00:33:49.295+0000] {logging_mixin.py:190} INFO - [2025-01-27T00:33:49.295+0000] {dag.py:4180} INFO - Setting next_dagrun for example_nested_branch_dag to 2025-01-26 00:00:00+00:00, run_after=2025-01-27 00:00:00+00:00
[2025-01-27T00:33:49.313+0000] {processor.py:208} INFO - Processing /home/airflow/.local/lib/python3.12/site-packages/airflow/example_dags/example_nested_branch_dag.py took 0.089 seconds
[2025-01-27T00:34:20.769+0000] {processor.py:186} INFO - Started process (PID=282) to work on /home/airflow/.local/lib/python3.12/site-packages/airflow/example_dags/example_nested_branch_dag.py
[2025-01-27T00:34:20.770+0000] {processor.py:914} INFO - Processing file /home/airflow/.local/lib/python3.12/site-packages/airflow/example_dags/example_nested_branch_dag.py for tasks to queue
[2025-01-27T00:34:20.774+0000] {logging_mixin.py:190} INFO - [2025-01-27T00:34:20.773+0000] {dagbag.py:588} INFO - Filling up the DagBag from /home/airflow/.local/lib/python3.12/site-packages/airflow/example_dags/example_nested_branch_dag.py
[2025-01-27T00:34:20.793+0000] {processor.py:925} INFO - DAG(s) 'example_nested_branch_dag' retrieved from /home/airflow/.local/lib/python3.12/site-packages/airflow/example_dags/example_nested_branch_dag.py
[2025-01-27T00:34:20.835+0000] {logging_mixin.py:190} INFO - [2025-01-27T00:34:20.835+0000] {dag.py:3239} INFO - Sync 1 DAGs
[2025-01-27T00:34:20.887+0000] {logging_mixin.py:190} INFO - [2025-01-27T00:34:20.887+0000] {dag.py:4180} INFO - Setting next_dagrun for example_nested_branch_dag to 2025-01-26 00:00:00+00:00, run_after=2025-01-27 00:00:00+00:00
[2025-01-27T00:34:20.923+0000] {processor.py:208} INFO - Processing /home/airflow/.local/lib/python3.12/site-packages/airflow/example_dags/example_nested_branch_dag.py took 0.163 seconds
[2025-01-27T00:34:52.306+0000] {processor.py:186} INFO - Started process (PID=348) to work on /home/airflow/.local/lib/python3.12/site-packages/airflow/example_dags/example_nested_branch_dag.py
[2025-01-27T00:34:52.307+0000] {processor.py:914} INFO - Processing file /home/airflow/.local/lib/python3.12/site-packages/airflow/example_dags/example_nested_branch_dag.py for tasks to queue
[2025-01-27T00:34:52.309+0000] {logging_mixin.py:190} INFO - [2025-01-27T00:34:52.309+0000] {dagbag.py:588} INFO - Filling up the DagBag from /home/airflow/.local/lib/python3.12/site-packages/airflow/example_dags/example_nested_branch_dag.py
[2025-01-27T00:34:52.322+0000] {processor.py:925} INFO - DAG(s) 'example_nested_branch_dag' retrieved from /home/airflow/.local/lib/python3.12/site-packages/airflow/example_dags/example_nested_branch_dag.py
[2025-01-27T00:34:52.346+0000] {logging_mixin.py:190} INFO - [2025-01-27T00:34:52.346+0000] {dag.py:3239} INFO - Sync 1 DAGs
[2025-01-27T00:34:52.375+0000] {logging_mixin.py:190} INFO - [2025-01-27T00:34:52.375+0000] {dag.py:4180} INFO - Setting next_dagrun for example_nested_branch_dag to 2025-01-26 00:00:00+00:00, run_after=2025-01-27 00:00:00+00:00
[2025-01-27T00:34:52.399+0000] {processor.py:208} INFO - Processing /home/airflow/.local/lib/python3.12/site-packages/airflow/example_dags/example_nested_branch_dag.py took 0.100 seconds
[2025-01-27T00:35:23.509+0000] {processor.py:186} INFO - Started process (PID=414) to work on /home/airflow/.local/lib/python3.12/site-packages/airflow/example_dags/example_nested_branch_dag.py
[2025-01-27T00:35:23.510+0000] {processor.py:914} INFO - Processing file /home/airflow/.local/lib/python3.12/site-packages/airflow/example_dags/example_nested_branch_dag.py for tasks to queue
[2025-01-27T00:35:23.513+0000] {logging_mixin.py:190} INFO - [2025-01-27T00:35:23.513+0000] {dagbag.py:588} INFO - Filling up the DagBag from /home/airflow/.local/lib/python3.12/site-packages/airflow/example_dags/example_nested_branch_dag.py
[2025-01-27T00:35:23.525+0000] {processor.py:925} INFO - DAG(s) 'example_nested_branch_dag' retrieved from /home/airflow/.local/lib/python3.12/site-packages/airflow/example_dags/example_nested_branch_dag.py
[2025-01-27T00:35:23.547+0000] {logging_mixin.py:190} INFO - [2025-01-27T00:35:23.547+0000] {dag.py:3239} INFO - Sync 1 DAGs
[2025-01-27T00:35:23.572+0000] {logging_mixin.py:190} INFO - [2025-01-27T00:35:23.572+0000] {dag.py:4180} INFO - Setting next_dagrun for example_nested_branch_dag to 2025-01-26 00:00:00+00:00, run_after=2025-01-27 00:00:00+00:00
[2025-01-27T00:35:23.592+0000] {processor.py:208} INFO - Processing /home/airflow/.local/lib/python3.12/site-packages/airflow/example_dags/example_nested_branch_dag.py took 0.089 seconds
[2025-01-27T00:35:54.658+0000] {processor.py:186} INFO - Started process (PID=480) to work on /home/airflow/.local/lib/python3.12/site-packages/airflow/example_dags/example_nested_branch_dag.py
[2025-01-27T00:35:54.659+0000] {processor.py:914} INFO - Processing file /home/airflow/.local/lib/python3.12/site-packages/airflow/example_dags/example_nested_branch_dag.py for tasks to queue
[2025-01-27T00:35:54.662+0000] {logging_mixin.py:190} INFO - [2025-01-27T00:35:54.661+0000] {dagbag.py:588} INFO - Filling up the DagBag from /home/airflow/.local/lib/python3.12/site-packages/airflow/example_dags/example_nested_branch_dag.py
[2025-01-27T00:35:54.676+0000] {processor.py:925} INFO - DAG(s) 'example_nested_branch_dag' retrieved from /home/airflow/.local/lib/python3.12/site-packages/airflow/example_dags/example_nested_branch_dag.py
[2025-01-27T00:35:54.695+0000] {logging_mixin.py:190} INFO - [2025-01-27T00:35:54.695+0000] {dag.py:3239} INFO - Sync 1 DAGs
[2025-01-27T00:35:54.722+0000] {logging_mixin.py:190} INFO - [2025-01-27T00:35:54.722+0000] {dag.py:4180} INFO - Setting next_dagrun for example_nested_branch_dag to 2025-01-26 00:00:00+00:00, run_after=2025-01-27 00:00:00+00:00
[2025-01-27T00:35:54.742+0000] {processor.py:208} INFO - Processing /home/airflow/.local/lib/python3.12/site-packages/airflow/example_dags/example_nested_branch_dag.py took 0.090 seconds
[2025-01-27T00:36:25.666+0000] {processor.py:186} INFO - Started process (PID=547) to work on /home/airflow/.local/lib/python3.12/site-packages/airflow/example_dags/example_nested_branch_dag.py
[2025-01-27T00:36:25.667+0000] {processor.py:914} INFO - Processing file /home/airflow/.local/lib/python3.12/site-packages/airflow/example_dags/example_nested_branch_dag.py for tasks to queue
[2025-01-27T00:36:25.670+0000] {logging_mixin.py:190} INFO - [2025-01-27T00:36:25.670+0000] {dagbag.py:588} INFO - Filling up the DagBag from /home/airflow/.local/lib/python3.12/site-packages/airflow/example_dags/example_nested_branch_dag.py
[2025-01-27T00:36:25.682+0000] {processor.py:925} INFO - DAG(s) 'example_nested_branch_dag' retrieved from /home/airflow/.local/lib/python3.12/site-packages/airflow/example_dags/example_nested_branch_dag.py
[2025-01-27T00:36:25.702+0000] {logging_mixin.py:190} INFO - [2025-01-27T00:36:25.702+0000] {dag.py:3239} INFO - Sync 1 DAGs
[2025-01-27T00:36:25.730+0000] {logging_mixin.py:190} INFO - [2025-01-27T00:36:25.730+0000] {dag.py:4180} INFO - Setting next_dagrun for example_nested_branch_dag to 2025-01-26 00:00:00+00:00, run_after=2025-01-27 00:00:00+00:00
[2025-01-27T00:36:25.750+0000] {processor.py:208} INFO - Processing /home/airflow/.local/lib/python3.12/site-packages/airflow/example_dags/example_nested_branch_dag.py took 0.090 seconds
[2025-01-27T00:36:57.254+0000] {processor.py:186} INFO - Started process (PID=613) to work on /home/airflow/.local/lib/python3.12/site-packages/airflow/example_dags/example_nested_branch_dag.py
[2025-01-27T00:36:57.255+0000] {processor.py:914} INFO - Processing file /home/airflow/.local/lib/python3.12/site-packages/airflow/example_dags/example_nested_branch_dag.py for tasks to queue
[2025-01-27T00:36:57.257+0000] {logging_mixin.py:190} INFO - [2025-01-27T00:36:57.257+0000] {dagbag.py:588} INFO - Filling up the DagBag from /home/airflow/.local/lib/python3.12/site-packages/airflow/example_dags/example_nested_branch_dag.py
[2025-01-27T00:36:57.271+0000] {processor.py:925} INFO - DAG(s) 'example_nested_branch_dag' retrieved from /home/airflow/.local/lib/python3.12/site-packages/airflow/example_dags/example_nested_branch_dag.py
[2025-01-27T00:36:57.299+0000] {logging_mixin.py:190} INFO - [2025-01-27T00:36:57.299+0000] {dag.py:3239} INFO - Sync 1 DAGs
[2025-01-27T00:36:57.342+0000] {logging_mixin.py:190} INFO - [2025-01-27T00:36:57.342+0000] {dag.py:4180} INFO - Setting next_dagrun for example_nested_branch_dag to 2025-01-26 00:00:00+00:00, run_after=2025-01-27 00:00:00+00:00
[2025-01-27T00:36:57.366+0000] {processor.py:208} INFO - Processing /home/airflow/.local/lib/python3.12/site-packages/airflow/example_dags/example_nested_branch_dag.py took 0.119 seconds
[2025-01-27T00:37:30.214+0000] {processor.py:186} INFO - Started process (PID=679) to work on /home/airflow/.local/lib/python3.12/site-packages/airflow/example_dags/example_nested_branch_dag.py
[2025-01-27T00:37:30.216+0000] {processor.py:914} INFO - Processing file /home/airflow/.local/lib/python3.12/site-packages/airflow/example_dags/example_nested_branch_dag.py for tasks to queue
[2025-01-27T00:37:30.219+0000] {logging_mixin.py:190} INFO - [2025-01-27T00:37:30.219+0000] {dagbag.py:588} INFO - Filling up the DagBag from /home/airflow/.local/lib/python3.12/site-packages/airflow/example_dags/example_nested_branch_dag.py
[2025-01-27T00:37:30.232+0000] {processor.py:925} INFO - DAG(s) 'example_nested_branch_dag' retrieved from /home/airflow/.local/lib/python3.12/site-packages/airflow/example_dags/example_nested_branch_dag.py
[2025-01-27T00:37:30.260+0000] {logging_mixin.py:190} INFO - [2025-01-27T00:37:30.260+0000] {dag.py:3239} INFO - Sync 1 DAGs
[2025-01-27T00:37:30.293+0000] {logging_mixin.py:190} INFO - [2025-01-27T00:37:30.292+0000] {dag.py:4180} INFO - Setting next_dagrun for example_nested_branch_dag to 2025-01-26 00:00:00+00:00, run_after=2025-01-27 00:00:00+00:00
[2025-01-27T00:37:30.317+0000] {processor.py:208} INFO - Processing /home/airflow/.local/lib/python3.12/site-packages/airflow/example_dags/example_nested_branch_dag.py took 0.112 seconds
[2025-01-27T00:38:01.550+0000] {processor.py:186} INFO - Started process (PID=746) to work on /home/airflow/.local/lib/python3.12/site-packages/airflow/example_dags/example_nested_branch_dag.py
[2025-01-27T00:38:01.551+0000] {processor.py:914} INFO - Processing file /home/airflow/.local/lib/python3.12/site-packages/airflow/example_dags/example_nested_branch_dag.py for tasks to queue
[2025-01-27T00:38:01.553+0000] {logging_mixin.py:190} INFO - [2025-01-27T00:38:01.553+0000] {dagbag.py:588} INFO - Filling up the DagBag from /home/airflow/.local/lib/python3.12/site-packages/airflow/example_dags/example_nested_branch_dag.py
[2025-01-27T00:38:01.565+0000] {processor.py:925} INFO - DAG(s) 'example_nested_branch_dag' retrieved from /home/airflow/.local/lib/python3.12/site-packages/airflow/example_dags/example_nested_branch_dag.py
[2025-01-27T00:38:01.585+0000] {logging_mixin.py:190} INFO - [2025-01-27T00:38:01.585+0000] {dag.py:3239} INFO - Sync 1 DAGs
[2025-01-27T00:38:01.610+0000] {logging_mixin.py:190} INFO - [2025-01-27T00:38:01.610+0000] {dag.py:4180} INFO - Setting next_dagrun for example_nested_branch_dag to 2025-01-26 00:00:00+00:00, run_after=2025-01-27 00:00:00+00:00
[2025-01-27T00:38:01.628+0000] {processor.py:208} INFO - Processing /home/airflow/.local/lib/python3.12/site-packages/airflow/example_dags/example_nested_branch_dag.py took 0.084 seconds
[2025-01-27T00:38:33.091+0000] {processor.py:186} INFO - Started process (PID=812) to work on /home/airflow/.local/lib/python3.12/site-packages/airflow/example_dags/example_nested_branch_dag.py
[2025-01-27T00:38:33.092+0000] {processor.py:914} INFO - Processing file /home/airflow/.local/lib/python3.12/site-packages/airflow/example_dags/example_nested_branch_dag.py for tasks to queue
[2025-01-27T00:38:33.095+0000] {logging_mixin.py:190} INFO - [2025-01-27T00:38:33.095+0000] {dagbag.py:588} INFO - Filling up the DagBag from /home/airflow/.local/lib/python3.12/site-packages/airflow/example_dags/example_nested_branch_dag.py
[2025-01-27T00:38:33.109+0000] {processor.py:925} INFO - DAG(s) 'example_nested_branch_dag' retrieved from /home/airflow/.local/lib/python3.12/site-packages/airflow/example_dags/example_nested_branch_dag.py
[2025-01-27T00:38:33.131+0000] {logging_mixin.py:190} INFO - [2025-01-27T00:38:33.131+0000] {dag.py:3239} INFO - Sync 1 DAGs
[2025-01-27T00:38:33.157+0000] {logging_mixin.py:190} INFO - [2025-01-27T00:38:33.156+0000] {dag.py:4180} INFO - Setting next_dagrun for example_nested_branch_dag to 2025-01-26 00:00:00+00:00, run_after=2025-01-27 00:00:00+00:00
[2025-01-27T00:38:33.175+0000] {processor.py:208} INFO - Processing /home/airflow/.local/lib/python3.12/site-packages/airflow/example_dags/example_nested_branch_dag.py took 0.090 seconds
[2025-01-27T00:39:04.224+0000] {processor.py:186} INFO - Started process (PID=878) to work on /home/airflow/.local/lib/python3.12/site-packages/airflow/example_dags/example_nested_branch_dag.py
[2025-01-27T00:39:04.225+0000] {processor.py:914} INFO - Processing file /home/airflow/.local/lib/python3.12/site-packages/airflow/example_dags/example_nested_branch_dag.py for tasks to queue
[2025-01-27T00:39:04.228+0000] {logging_mixin.py:190} INFO - [2025-01-27T00:39:04.227+0000] {dagbag.py:588} INFO - Filling up the DagBag from /home/airflow/.local/lib/python3.12/site-packages/airflow/example_dags/example_nested_branch_dag.py
[2025-01-27T00:39:04.240+0000] {processor.py:925} INFO - DAG(s) 'example_nested_branch_dag' retrieved from /home/airflow/.local/lib/python3.12/site-packages/airflow/example_dags/example_nested_branch_dag.py
[2025-01-27T00:39:04.260+0000] {logging_mixin.py:190} INFO - [2025-01-27T00:39:04.260+0000] {dag.py:3239} INFO - Sync 1 DAGs
[2025-01-27T00:39:04.287+0000] {logging_mixin.py:190} INFO - [2025-01-27T00:39:04.287+0000] {dag.py:4180} INFO - Setting next_dagrun for example_nested_branch_dag to 2025-01-26 00:00:00+00:00, run_after=2025-01-27 00:00:00+00:00
[2025-01-27T00:39:04.310+0000] {processor.py:208} INFO - Processing /home/airflow/.local/lib/python3.12/site-packages/airflow/example_dags/example_nested_branch_dag.py took 0.092 seconds
[2025-01-27T00:39:35.620+0000] {processor.py:186} INFO - Started process (PID=943) to work on /home/airflow/.local/lib/python3.12/site-packages/airflow/example_dags/example_nested_branch_dag.py
[2025-01-27T00:39:35.621+0000] {processor.py:914} INFO - Processing file /home/airflow/.local/lib/python3.12/site-packages/airflow/example_dags/example_nested_branch_dag.py for tasks to queue
[2025-01-27T00:39:35.624+0000] {logging_mixin.py:190} INFO - [2025-01-27T00:39:35.624+0000] {dagbag.py:588} INFO - Filling up the DagBag from /home/airflow/.local/lib/python3.12/site-packages/airflow/example_dags/example_nested_branch_dag.py
[2025-01-27T00:39:35.636+0000] {processor.py:925} INFO - DAG(s) 'example_nested_branch_dag' retrieved from /home/airflow/.local/lib/python3.12/site-packages/airflow/example_dags/example_nested_branch_dag.py
[2025-01-27T00:39:35.662+0000] {logging_mixin.py:190} INFO - [2025-01-27T00:39:35.662+0000] {dag.py:3239} INFO - Sync 1 DAGs
[2025-01-27T00:39:35.696+0000] {logging_mixin.py:190} INFO - [2025-01-27T00:39:35.695+0000] {dag.py:4180} INFO - Setting next_dagrun for example_nested_branch_dag to 2025-01-26 00:00:00+00:00, run_after=2025-01-27 00:00:00+00:00
[2025-01-27T00:39:35.717+0000] {processor.py:208} INFO - Processing /home/airflow/.local/lib/python3.12/site-packages/airflow/example_dags/example_nested_branch_dag.py took 0.103 seconds
[2025-01-27T00:40:06.831+0000] {processor.py:186} INFO - Started process (PID=1009) to work on /home/airflow/.local/lib/python3.12/site-packages/airflow/example_dags/example_nested_branch_dag.py
[2025-01-27T00:40:06.832+0000] {processor.py:914} INFO - Processing file /home/airflow/.local/lib/python3.12/site-packages/airflow/example_dags/example_nested_branch_dag.py for tasks to queue
[2025-01-27T00:40:06.835+0000] {logging_mixin.py:190} INFO - [2025-01-27T00:40:06.834+0000] {dagbag.py:588} INFO - Filling up the DagBag from /home/airflow/.local/lib/python3.12/site-packages/airflow/example_dags/example_nested_branch_dag.py
[2025-01-27T00:40:06.847+0000] {processor.py:925} INFO - DAG(s) 'example_nested_branch_dag' retrieved from /home/airflow/.local/lib/python3.12/site-packages/airflow/example_dags/example_nested_branch_dag.py
[2025-01-27T00:40:06.870+0000] {logging_mixin.py:190} INFO - [2025-01-27T00:40:06.870+0000] {dag.py:3239} INFO - Sync 1 DAGs
[2025-01-27T00:40:06.896+0000] {logging_mixin.py:190} INFO - [2025-01-27T00:40:06.896+0000] {dag.py:4180} INFO - Setting next_dagrun for example_nested_branch_dag to 2025-01-26 00:00:00+00:00, run_after=2025-01-27 00:00:00+00:00
[2025-01-27T00:40:06.914+0000] {processor.py:208} INFO - Processing /home/airflow/.local/lib/python3.12/site-packages/airflow/example_dags/example_nested_branch_dag.py took 0.090 seconds
