[2025-01-27T00:01:10.175+0000] {processor.py:186} INFO - Started process (PID=35) to work on /home/airflow/.local/lib/python3.12/site-packages/airflow/example_dags/example_task_group.py
[2025-01-27T00:01:10.177+0000] {processor.py:914} INFO - Processing file /home/airflow/.local/lib/python3.12/site-packages/airflow/example_dags/example_task_group.py for tasks to queue
[2025-01-27T00:01:10.182+0000] {logging_mixin.py:190} INFO - [2025-01-27T00:01:10.181+0000] {dagbag.py:588} INFO - Filling up the DagBag from /home/airflow/.local/lib/python3.12/site-packages/airflow/example_dags/example_task_group.py
[2025-01-27T00:01:10.197+0000] {processor.py:925} INFO - DAG(s) 'example_task_group' retrieved from /home/airflow/.local/lib/python3.12/site-packages/airflow/example_dags/example_task_group.py
[2025-01-27T00:01:10.228+0000] {logging_mixin.py:190} INFO - [2025-01-27T00:01:10.228+0000] {dag.py:3239} INFO - Sync 1 DAGs
[2025-01-27T00:01:10.247+0000] {logging_mixin.py:190} INFO - [2025-01-27T00:01:10.246+0000] {dag.py:4180} INFO - Setting next_dagrun for example_task_group to None, run_after=None
[2025-01-27T00:01:10.272+0000] {processor.py:208} INFO - Processing /home/airflow/.local/lib/python3.12/site-packages/airflow/example_dags/example_task_group.py took 0.103 seconds
[2025-01-27T00:01:40.331+0000] {processor.py:186} INFO - Started process (PID=98) to work on /home/airflow/.local/lib/python3.12/site-packages/airflow/example_dags/example_task_group.py
[2025-01-27T00:01:40.332+0000] {processor.py:914} INFO - Processing file /home/airflow/.local/lib/python3.12/site-packages/airflow/example_dags/example_task_group.py for tasks to queue
[2025-01-27T00:01:40.334+0000] {logging_mixin.py:190} INFO - [2025-01-27T00:01:40.334+0000] {dagbag.py:588} INFO - Filling up the DagBag from /home/airflow/.local/lib/python3.12/site-packages/airflow/example_dags/example_task_group.py
[2025-01-27T00:01:40.345+0000] {processor.py:925} INFO - DAG(s) 'example_task_group' retrieved from /home/airflow/.local/lib/python3.12/site-packages/airflow/example_dags/example_task_group.py
[2025-01-27T00:01:40.365+0000] {logging_mixin.py:190} INFO - [2025-01-27T00:01:40.365+0000] {dag.py:3239} INFO - Sync 1 DAGs
[2025-01-27T00:01:40.383+0000] {logging_mixin.py:190} INFO - [2025-01-27T00:01:40.383+0000] {dag.py:4180} INFO - Setting next_dagrun for example_task_group to None, run_after=None
[2025-01-27T00:01:40.403+0000] {processor.py:208} INFO - Processing /home/airflow/.local/lib/python3.12/site-packages/airflow/example_dags/example_task_group.py took 0.079 seconds
[2025-01-27T00:02:10.784+0000] {processor.py:186} INFO - Started process (PID=163) to work on /home/airflow/.local/lib/python3.12/site-packages/airflow/example_dags/example_task_group.py
[2025-01-27T00:02:10.785+0000] {processor.py:914} INFO - Processing file /home/airflow/.local/lib/python3.12/site-packages/airflow/example_dags/example_task_group.py for tasks to queue
[2025-01-27T00:02:10.788+0000] {logging_mixin.py:190} INFO - [2025-01-27T00:02:10.788+0000] {dagbag.py:588} INFO - Filling up the DagBag from /home/airflow/.local/lib/python3.12/site-packages/airflow/example_dags/example_task_group.py
[2025-01-27T00:02:10.799+0000] {processor.py:925} INFO - DAG(s) 'example_task_group' retrieved from /home/airflow/.local/lib/python3.12/site-packages/airflow/example_dags/example_task_group.py
[2025-01-27T00:02:10.821+0000] {logging_mixin.py:190} INFO - [2025-01-27T00:02:10.820+0000] {dag.py:3239} INFO - Sync 1 DAGs
[2025-01-27T00:02:10.837+0000] {logging_mixin.py:190} INFO - [2025-01-27T00:02:10.836+0000] {dag.py:4180} INFO - Setting next_dagrun for example_task_group to None, run_after=None
[2025-01-27T00:02:10.857+0000] {processor.py:208} INFO - Processing /home/airflow/.local/lib/python3.12/site-packages/airflow/example_dags/example_task_group.py took 0.079 seconds
[2025-01-27T00:02:41.439+0000] {processor.py:186} INFO - Started process (PID=228) to work on /home/airflow/.local/lib/python3.12/site-packages/airflow/example_dags/example_task_group.py
[2025-01-27T00:02:41.441+0000] {processor.py:914} INFO - Processing file /home/airflow/.local/lib/python3.12/site-packages/airflow/example_dags/example_task_group.py for tasks to queue
[2025-01-27T00:02:41.444+0000] {logging_mixin.py:190} INFO - [2025-01-27T00:02:41.444+0000] {dagbag.py:588} INFO - Filling up the DagBag from /home/airflow/.local/lib/python3.12/site-packages/airflow/example_dags/example_task_group.py
[2025-01-27T00:02:41.457+0000] {processor.py:925} INFO - DAG(s) 'example_task_group' retrieved from /home/airflow/.local/lib/python3.12/site-packages/airflow/example_dags/example_task_group.py
[2025-01-27T00:02:41.485+0000] {logging_mixin.py:190} INFO - [2025-01-27T00:02:41.485+0000] {dag.py:3239} INFO - Sync 1 DAGs
[2025-01-27T00:02:41.505+0000] {logging_mixin.py:190} INFO - [2025-01-27T00:02:41.505+0000] {dag.py:4180} INFO - Setting next_dagrun for example_task_group to None, run_after=None
[2025-01-27T00:02:41.531+0000] {processor.py:208} INFO - Processing /home/airflow/.local/lib/python3.12/site-packages/airflow/example_dags/example_task_group.py took 0.101 seconds
[2025-01-27T00:03:11.846+0000] {processor.py:186} INFO - Started process (PID=293) to work on /home/airflow/.local/lib/python3.12/site-packages/airflow/example_dags/example_task_group.py
[2025-01-27T00:03:11.847+0000] {processor.py:914} INFO - Processing file /home/airflow/.local/lib/python3.12/site-packages/airflow/example_dags/example_task_group.py for tasks to queue
[2025-01-27T00:03:11.850+0000] {logging_mixin.py:190} INFO - [2025-01-27T00:03:11.850+0000] {dagbag.py:588} INFO - Filling up the DagBag from /home/airflow/.local/lib/python3.12/site-packages/airflow/example_dags/example_task_group.py
[2025-01-27T00:03:11.867+0000] {processor.py:925} INFO - DAG(s) 'example_task_group' retrieved from /home/airflow/.local/lib/python3.12/site-packages/airflow/example_dags/example_task_group.py
[2025-01-27T00:03:11.894+0000] {logging_mixin.py:190} INFO - [2025-01-27T00:03:11.894+0000] {dag.py:3239} INFO - Sync 1 DAGs
[2025-01-27T00:03:11.912+0000] {logging_mixin.py:190} INFO - [2025-01-27T00:03:11.912+0000] {dag.py:4180} INFO - Setting next_dagrun for example_task_group to None, run_after=None
[2025-01-27T00:03:11.934+0000] {processor.py:208} INFO - Processing /home/airflow/.local/lib/python3.12/site-packages/airflow/example_dags/example_task_group.py took 0.097 seconds
[2025-01-27T00:03:42.355+0000] {processor.py:186} INFO - Started process (PID=358) to work on /home/airflow/.local/lib/python3.12/site-packages/airflow/example_dags/example_task_group.py
[2025-01-27T00:03:42.357+0000] {processor.py:914} INFO - Processing file /home/airflow/.local/lib/python3.12/site-packages/airflow/example_dags/example_task_group.py for tasks to queue
[2025-01-27T00:03:42.359+0000] {logging_mixin.py:190} INFO - [2025-01-27T00:03:42.359+0000] {dagbag.py:588} INFO - Filling up the DagBag from /home/airflow/.local/lib/python3.12/site-packages/airflow/example_dags/example_task_group.py
[2025-01-27T00:03:42.368+0000] {processor.py:925} INFO - DAG(s) 'example_task_group' retrieved from /home/airflow/.local/lib/python3.12/site-packages/airflow/example_dags/example_task_group.py
[2025-01-27T00:03:42.389+0000] {logging_mixin.py:190} INFO - [2025-01-27T00:03:42.389+0000] {dag.py:3239} INFO - Sync 1 DAGs
[2025-01-27T00:03:42.403+0000] {logging_mixin.py:190} INFO - [2025-01-27T00:03:42.402+0000] {dag.py:4180} INFO - Setting next_dagrun for example_task_group to None, run_after=None
[2025-01-27T00:03:42.421+0000] {processor.py:208} INFO - Processing /home/airflow/.local/lib/python3.12/site-packages/airflow/example_dags/example_task_group.py took 0.071 seconds
[2025-01-27T00:04:12.516+0000] {processor.py:186} INFO - Started process (PID=423) to work on /home/airflow/.local/lib/python3.12/site-packages/airflow/example_dags/example_task_group.py
[2025-01-27T00:04:12.518+0000] {processor.py:914} INFO - Processing file /home/airflow/.local/lib/python3.12/site-packages/airflow/example_dags/example_task_group.py for tasks to queue
[2025-01-27T00:04:12.522+0000] {logging_mixin.py:190} INFO - [2025-01-27T00:04:12.521+0000] {dagbag.py:588} INFO - Filling up the DagBag from /home/airflow/.local/lib/python3.12/site-packages/airflow/example_dags/example_task_group.py
[2025-01-27T00:04:12.539+0000] {processor.py:925} INFO - DAG(s) 'example_task_group' retrieved from /home/airflow/.local/lib/python3.12/site-packages/airflow/example_dags/example_task_group.py
[2025-01-27T00:04:12.574+0000] {logging_mixin.py:190} INFO - [2025-01-27T00:04:12.573+0000] {dag.py:3239} INFO - Sync 1 DAGs
[2025-01-27T00:04:12.603+0000] {logging_mixin.py:190} INFO - [2025-01-27T00:04:12.602+0000] {dag.py:4180} INFO - Setting next_dagrun for example_task_group to None, run_after=None
[2025-01-27T00:04:12.635+0000] {processor.py:208} INFO - Processing /home/airflow/.local/lib/python3.12/site-packages/airflow/example_dags/example_task_group.py took 0.127 seconds
[2025-01-27T00:04:43.312+0000] {processor.py:186} INFO - Started process (PID=488) to work on /home/airflow/.local/lib/python3.12/site-packages/airflow/example_dags/example_task_group.py
[2025-01-27T00:04:43.313+0000] {processor.py:914} INFO - Processing file /home/airflow/.local/lib/python3.12/site-packages/airflow/example_dags/example_task_group.py for tasks to queue
[2025-01-27T00:04:43.316+0000] {logging_mixin.py:190} INFO - [2025-01-27T00:04:43.315+0000] {dagbag.py:588} INFO - Filling up the DagBag from /home/airflow/.local/lib/python3.12/site-packages/airflow/example_dags/example_task_group.py
[2025-01-27T00:04:43.324+0000] {processor.py:925} INFO - DAG(s) 'example_task_group' retrieved from /home/airflow/.local/lib/python3.12/site-packages/airflow/example_dags/example_task_group.py
[2025-01-27T00:04:43.348+0000] {logging_mixin.py:190} INFO - [2025-01-27T00:04:43.348+0000] {dag.py:3239} INFO - Sync 1 DAGs
[2025-01-27T00:04:43.366+0000] {logging_mixin.py:190} INFO - [2025-01-27T00:04:43.365+0000] {dag.py:4180} INFO - Setting next_dagrun for example_task_group to None, run_after=None
[2025-01-27T00:04:43.386+0000] {processor.py:208} INFO - Processing /home/airflow/.local/lib/python3.12/site-packages/airflow/example_dags/example_task_group.py took 0.079 seconds
[2025-01-27T00:06:04.577+0000] {processor.py:186} INFO - Started process (PID=34) to work on /home/airflow/.local/lib/python3.12/site-packages/airflow/example_dags/example_task_group.py
[2025-01-27T00:06:04.580+0000] {processor.py:914} INFO - Processing file /home/airflow/.local/lib/python3.12/site-packages/airflow/example_dags/example_task_group.py for tasks to queue
[2025-01-27T00:06:04.585+0000] {logging_mixin.py:190} INFO - [2025-01-27T00:06:04.584+0000] {dagbag.py:588} INFO - Filling up the DagBag from /home/airflow/.local/lib/python3.12/site-packages/airflow/example_dags/example_task_group.py
[2025-01-27T00:06:04.603+0000] {processor.py:925} INFO - DAG(s) 'example_task_group' retrieved from /home/airflow/.local/lib/python3.12/site-packages/airflow/example_dags/example_task_group.py
[2025-01-27T00:06:04.646+0000] {logging_mixin.py:190} INFO - [2025-01-27T00:06:04.646+0000] {dag.py:3239} INFO - Sync 1 DAGs
[2025-01-27T00:06:04.671+0000] {logging_mixin.py:190} INFO - [2025-01-27T00:06:04.670+0000] {dag.py:4180} INFO - Setting next_dagrun for example_task_group to None, run_after=None
[2025-01-27T00:06:04.697+0000] {processor.py:208} INFO - Processing /home/airflow/.local/lib/python3.12/site-packages/airflow/example_dags/example_task_group.py took 0.131 seconds
[2025-01-27T00:07:08.660+0000] {processor.py:186} INFO - Started process (PID=34) to work on /home/airflow/.local/lib/python3.12/site-packages/airflow/example_dags/example_task_group.py
[2025-01-27T00:07:08.669+0000] {processor.py:914} INFO - Processing file /home/airflow/.local/lib/python3.12/site-packages/airflow/example_dags/example_task_group.py for tasks to queue
[2025-01-27T00:07:08.673+0000] {logging_mixin.py:190} INFO - [2025-01-27T00:07:08.672+0000] {dagbag.py:588} INFO - Filling up the DagBag from /home/airflow/.local/lib/python3.12/site-packages/airflow/example_dags/example_task_group.py
[2025-01-27T00:07:08.708+0000] {processor.py:925} INFO - DAG(s) 'example_task_group' retrieved from /home/airflow/.local/lib/python3.12/site-packages/airflow/example_dags/example_task_group.py
[2025-01-27T00:07:08.782+0000] {logging_mixin.py:190} INFO - [2025-01-27T00:07:08.782+0000] {dag.py:3239} INFO - Sync 1 DAGs
[2025-01-27T00:07:08.813+0000] {logging_mixin.py:190} INFO - [2025-01-27T00:07:08.812+0000] {dag.py:4180} INFO - Setting next_dagrun for example_task_group to None, run_after=None
[2025-01-27T00:07:08.839+0000] {processor.py:208} INFO - Processing /home/airflow/.local/lib/python3.12/site-packages/airflow/example_dags/example_task_group.py took 0.187 seconds
[2025-01-27T00:07:38.909+0000] {processor.py:186} INFO - Started process (PID=99) to work on /home/airflow/.local/lib/python3.12/site-packages/airflow/example_dags/example_task_group.py
[2025-01-27T00:07:38.910+0000] {processor.py:914} INFO - Processing file /home/airflow/.local/lib/python3.12/site-packages/airflow/example_dags/example_task_group.py for tasks to queue
[2025-01-27T00:07:38.913+0000] {logging_mixin.py:190} INFO - [2025-01-27T00:07:38.913+0000] {dagbag.py:588} INFO - Filling up the DagBag from /home/airflow/.local/lib/python3.12/site-packages/airflow/example_dags/example_task_group.py
[2025-01-27T00:07:38.923+0000] {processor.py:925} INFO - DAG(s) 'example_task_group' retrieved from /home/airflow/.local/lib/python3.12/site-packages/airflow/example_dags/example_task_group.py
[2025-01-27T00:07:38.943+0000] {logging_mixin.py:190} INFO - [2025-01-27T00:07:38.942+0000] {dag.py:3239} INFO - Sync 1 DAGs
[2025-01-27T00:07:38.956+0000] {logging_mixin.py:190} INFO - [2025-01-27T00:07:38.955+0000] {dag.py:4180} INFO - Setting next_dagrun for example_task_group to None, run_after=None
[2025-01-27T00:07:38.973+0000] {processor.py:208} INFO - Processing /home/airflow/.local/lib/python3.12/site-packages/airflow/example_dags/example_task_group.py took 0.070 seconds
[2025-01-27T00:08:09.749+0000] {processor.py:186} INFO - Started process (PID=164) to work on /home/airflow/.local/lib/python3.12/site-packages/airflow/example_dags/example_task_group.py
[2025-01-27T00:08:09.751+0000] {processor.py:914} INFO - Processing file /home/airflow/.local/lib/python3.12/site-packages/airflow/example_dags/example_task_group.py for tasks to queue
[2025-01-27T00:08:09.753+0000] {logging_mixin.py:190} INFO - [2025-01-27T00:08:09.753+0000] {dagbag.py:588} INFO - Filling up the DagBag from /home/airflow/.local/lib/python3.12/site-packages/airflow/example_dags/example_task_group.py
[2025-01-27T00:08:09.765+0000] {processor.py:925} INFO - DAG(s) 'example_task_group' retrieved from /home/airflow/.local/lib/python3.12/site-packages/airflow/example_dags/example_task_group.py
[2025-01-27T00:08:09.792+0000] {logging_mixin.py:190} INFO - [2025-01-27T00:08:09.792+0000] {dag.py:3239} INFO - Sync 1 DAGs
[2025-01-27T00:08:09.813+0000] {logging_mixin.py:190} INFO - [2025-01-27T00:08:09.813+0000] {dag.py:4180} INFO - Setting next_dagrun for example_task_group to None, run_after=None
[2025-01-27T00:08:09.840+0000] {processor.py:208} INFO - Processing /home/airflow/.local/lib/python3.12/site-packages/airflow/example_dags/example_task_group.py took 0.099 seconds
[2025-01-27T00:08:40.760+0000] {processor.py:186} INFO - Started process (PID=229) to work on /home/airflow/.local/lib/python3.12/site-packages/airflow/example_dags/example_task_group.py
[2025-01-27T00:08:40.761+0000] {processor.py:914} INFO - Processing file /home/airflow/.local/lib/python3.12/site-packages/airflow/example_dags/example_task_group.py for tasks to queue
[2025-01-27T00:08:40.764+0000] {logging_mixin.py:190} INFO - [2025-01-27T00:08:40.764+0000] {dagbag.py:588} INFO - Filling up the DagBag from /home/airflow/.local/lib/python3.12/site-packages/airflow/example_dags/example_task_group.py
[2025-01-27T00:08:40.774+0000] {processor.py:925} INFO - DAG(s) 'example_task_group' retrieved from /home/airflow/.local/lib/python3.12/site-packages/airflow/example_dags/example_task_group.py
[2025-01-27T00:08:40.798+0000] {logging_mixin.py:190} INFO - [2025-01-27T00:08:40.797+0000] {dag.py:3239} INFO - Sync 1 DAGs
[2025-01-27T00:08:40.816+0000] {logging_mixin.py:190} INFO - [2025-01-27T00:08:40.816+0000] {dag.py:4180} INFO - Setting next_dagrun for example_task_group to None, run_after=None
[2025-01-27T00:08:40.839+0000] {processor.py:208} INFO - Processing /home/airflow/.local/lib/python3.12/site-packages/airflow/example_dags/example_task_group.py took 0.087 seconds
[2025-01-27T00:09:11.883+0000] {processor.py:186} INFO - Started process (PID=294) to work on /home/airflow/.local/lib/python3.12/site-packages/airflow/example_dags/example_task_group.py
[2025-01-27T00:09:11.884+0000] {processor.py:914} INFO - Processing file /home/airflow/.local/lib/python3.12/site-packages/airflow/example_dags/example_task_group.py for tasks to queue
[2025-01-27T00:09:11.887+0000] {logging_mixin.py:190} INFO - [2025-01-27T00:09:11.886+0000] {dagbag.py:588} INFO - Filling up the DagBag from /home/airflow/.local/lib/python3.12/site-packages/airflow/example_dags/example_task_group.py
[2025-01-27T00:09:11.895+0000] {processor.py:925} INFO - DAG(s) 'example_task_group' retrieved from /home/airflow/.local/lib/python3.12/site-packages/airflow/example_dags/example_task_group.py
[2025-01-27T00:09:11.917+0000] {logging_mixin.py:190} INFO - [2025-01-27T00:09:11.917+0000] {dag.py:3239} INFO - Sync 1 DAGs
[2025-01-27T00:09:11.936+0000] {logging_mixin.py:190} INFO - [2025-01-27T00:09:11.935+0000] {dag.py:4180} INFO - Setting next_dagrun for example_task_group to None, run_after=None
[2025-01-27T00:09:11.958+0000] {processor.py:208} INFO - Processing /home/airflow/.local/lib/python3.12/site-packages/airflow/example_dags/example_task_group.py took 0.083 seconds
[2025-01-27T00:09:42.655+0000] {processor.py:186} INFO - Started process (PID=358) to work on /home/airflow/.local/lib/python3.12/site-packages/airflow/example_dags/example_task_group.py
[2025-01-27T00:09:42.656+0000] {processor.py:914} INFO - Processing file /home/airflow/.local/lib/python3.12/site-packages/airflow/example_dags/example_task_group.py for tasks to queue
[2025-01-27T00:09:42.659+0000] {logging_mixin.py:190} INFO - [2025-01-27T00:09:42.659+0000] {dagbag.py:588} INFO - Filling up the DagBag from /home/airflow/.local/lib/python3.12/site-packages/airflow/example_dags/example_task_group.py
[2025-01-27T00:09:42.688+0000] {processor.py:925} INFO - DAG(s) 'example_task_group' retrieved from /home/airflow/.local/lib/python3.12/site-packages/airflow/example_dags/example_task_group.py
[2025-01-27T00:09:42.716+0000] {logging_mixin.py:190} INFO - [2025-01-27T00:09:42.716+0000] {dag.py:3239} INFO - Sync 1 DAGs
[2025-01-27T00:09:42.736+0000] {logging_mixin.py:190} INFO - [2025-01-27T00:09:42.736+0000] {dag.py:4180} INFO - Setting next_dagrun for example_task_group to None, run_after=None
[2025-01-27T00:09:42.761+0000] {processor.py:208} INFO - Processing /home/airflow/.local/lib/python3.12/site-packages/airflow/example_dags/example_task_group.py took 0.116 seconds
[2025-01-27T00:10:13.612+0000] {processor.py:186} INFO - Started process (PID=424) to work on /home/airflow/.local/lib/python3.12/site-packages/airflow/example_dags/example_task_group.py
[2025-01-27T00:10:13.613+0000] {processor.py:914} INFO - Processing file /home/airflow/.local/lib/python3.12/site-packages/airflow/example_dags/example_task_group.py for tasks to queue
[2025-01-27T00:10:13.616+0000] {logging_mixin.py:190} INFO - [2025-01-27T00:10:13.615+0000] {dagbag.py:588} INFO - Filling up the DagBag from /home/airflow/.local/lib/python3.12/site-packages/airflow/example_dags/example_task_group.py
[2025-01-27T00:10:13.625+0000] {processor.py:925} INFO - DAG(s) 'example_task_group' retrieved from /home/airflow/.local/lib/python3.12/site-packages/airflow/example_dags/example_task_group.py
[2025-01-27T00:10:13.646+0000] {logging_mixin.py:190} INFO - [2025-01-27T00:10:13.646+0000] {dag.py:3239} INFO - Sync 1 DAGs
[2025-01-27T00:10:13.660+0000] {logging_mixin.py:190} INFO - [2025-01-27T00:10:13.660+0000] {dag.py:4180} INFO - Setting next_dagrun for example_task_group to None, run_after=None
[2025-01-27T00:10:13.681+0000] {processor.py:208} INFO - Processing /home/airflow/.local/lib/python3.12/site-packages/airflow/example_dags/example_task_group.py took 0.078 seconds
[2025-01-27T00:10:44.353+0000] {processor.py:186} INFO - Started process (PID=488) to work on /home/airflow/.local/lib/python3.12/site-packages/airflow/example_dags/example_task_group.py
[2025-01-27T00:10:44.354+0000] {processor.py:914} INFO - Processing file /home/airflow/.local/lib/python3.12/site-packages/airflow/example_dags/example_task_group.py for tasks to queue
[2025-01-27T00:10:44.357+0000] {logging_mixin.py:190} INFO - [2025-01-27T00:10:44.357+0000] {dagbag.py:588} INFO - Filling up the DagBag from /home/airflow/.local/lib/python3.12/site-packages/airflow/example_dags/example_task_group.py
[2025-01-27T00:10:44.376+0000] {processor.py:925} INFO - DAG(s) 'example_task_group' retrieved from /home/airflow/.local/lib/python3.12/site-packages/airflow/example_dags/example_task_group.py
[2025-01-27T00:10:44.420+0000] {logging_mixin.py:190} INFO - [2025-01-27T00:10:44.419+0000] {dag.py:3239} INFO - Sync 1 DAGs
[2025-01-27T00:10:44.439+0000] {logging_mixin.py:190} INFO - [2025-01-27T00:10:44.439+0000] {dag.py:4180} INFO - Setting next_dagrun for example_task_group to None, run_after=None
[2025-01-27T00:10:44.459+0000] {processor.py:208} INFO - Processing /home/airflow/.local/lib/python3.12/site-packages/airflow/example_dags/example_task_group.py took 0.118 seconds
[2025-01-27T00:11:14.547+0000] {processor.py:186} INFO - Started process (PID=553) to work on /home/airflow/.local/lib/python3.12/site-packages/airflow/example_dags/example_task_group.py
[2025-01-27T00:11:14.548+0000] {processor.py:914} INFO - Processing file /home/airflow/.local/lib/python3.12/site-packages/airflow/example_dags/example_task_group.py for tasks to queue
[2025-01-27T00:11:14.553+0000] {logging_mixin.py:190} INFO - [2025-01-27T00:11:14.552+0000] {dagbag.py:588} INFO - Filling up the DagBag from /home/airflow/.local/lib/python3.12/site-packages/airflow/example_dags/example_task_group.py
[2025-01-27T00:11:14.564+0000] {processor.py:925} INFO - DAG(s) 'example_task_group' retrieved from /home/airflow/.local/lib/python3.12/site-packages/airflow/example_dags/example_task_group.py
[2025-01-27T00:11:14.592+0000] {logging_mixin.py:190} INFO - [2025-01-27T00:11:14.592+0000] {dag.py:3239} INFO - Sync 1 DAGs
[2025-01-27T00:11:14.612+0000] {logging_mixin.py:190} INFO - [2025-01-27T00:11:14.611+0000] {dag.py:4180} INFO - Setting next_dagrun for example_task_group to None, run_after=None
[2025-01-27T00:11:14.635+0000] {processor.py:208} INFO - Processing /home/airflow/.local/lib/python3.12/site-packages/airflow/example_dags/example_task_group.py took 0.094 seconds
[2025-01-27T00:12:29.558+0000] {processor.py:186} INFO - Started process (PID=35) to work on /home/airflow/.local/lib/python3.12/site-packages/airflow/example_dags/example_task_group.py
[2025-01-27T00:12:29.559+0000] {processor.py:914} INFO - Processing file /home/airflow/.local/lib/python3.12/site-packages/airflow/example_dags/example_task_group.py for tasks to queue
[2025-01-27T00:12:29.563+0000] {logging_mixin.py:190} INFO - [2025-01-27T00:12:29.563+0000] {dagbag.py:588} INFO - Filling up the DagBag from /home/airflow/.local/lib/python3.12/site-packages/airflow/example_dags/example_task_group.py
[2025-01-27T00:12:29.601+0000] {processor.py:925} INFO - DAG(s) 'example_task_group' retrieved from /home/airflow/.local/lib/python3.12/site-packages/airflow/example_dags/example_task_group.py
[2025-01-27T00:12:29.666+0000] {logging_mixin.py:190} INFO - [2025-01-27T00:12:29.665+0000] {dag.py:3239} INFO - Sync 1 DAGs
[2025-01-27T00:12:29.691+0000] {logging_mixin.py:190} INFO - [2025-01-27T00:12:29.690+0000] {dag.py:4180} INFO - Setting next_dagrun for example_task_group to None, run_after=None
[2025-01-27T00:12:29.718+0000] {processor.py:208} INFO - Processing /home/airflow/.local/lib/python3.12/site-packages/airflow/example_dags/example_task_group.py took 0.179 seconds
[2025-01-27T00:12:59.792+0000] {processor.py:186} INFO - Started process (PID=99) to work on /home/airflow/.local/lib/python3.12/site-packages/airflow/example_dags/example_task_group.py
[2025-01-27T00:12:59.793+0000] {processor.py:914} INFO - Processing file /home/airflow/.local/lib/python3.12/site-packages/airflow/example_dags/example_task_group.py for tasks to queue
[2025-01-27T00:12:59.797+0000] {logging_mixin.py:190} INFO - [2025-01-27T00:12:59.796+0000] {dagbag.py:588} INFO - Filling up the DagBag from /home/airflow/.local/lib/python3.12/site-packages/airflow/example_dags/example_task_group.py
[2025-01-27T00:12:59.808+0000] {processor.py:925} INFO - DAG(s) 'example_task_group' retrieved from /home/airflow/.local/lib/python3.12/site-packages/airflow/example_dags/example_task_group.py
[2025-01-27T00:12:59.830+0000] {logging_mixin.py:190} INFO - [2025-01-27T00:12:59.830+0000] {dag.py:3239} INFO - Sync 1 DAGs
[2025-01-27T00:12:59.849+0000] {logging_mixin.py:190} INFO - [2025-01-27T00:12:59.848+0000] {dag.py:4180} INFO - Setting next_dagrun for example_task_group to None, run_after=None
[2025-01-27T00:12:59.869+0000] {processor.py:208} INFO - Processing /home/airflow/.local/lib/python3.12/site-packages/airflow/example_dags/example_task_group.py took 0.085 seconds
[2025-01-27T00:13:30.470+0000] {processor.py:186} INFO - Started process (PID=164) to work on /home/airflow/.local/lib/python3.12/site-packages/airflow/example_dags/example_task_group.py
[2025-01-27T00:13:30.471+0000] {processor.py:914} INFO - Processing file /home/airflow/.local/lib/python3.12/site-packages/airflow/example_dags/example_task_group.py for tasks to queue
[2025-01-27T00:13:30.474+0000] {logging_mixin.py:190} INFO - [2025-01-27T00:13:30.474+0000] {dagbag.py:588} INFO - Filling up the DagBag from /home/airflow/.local/lib/python3.12/site-packages/airflow/example_dags/example_task_group.py
[2025-01-27T00:13:30.484+0000] {processor.py:925} INFO - DAG(s) 'example_task_group' retrieved from /home/airflow/.local/lib/python3.12/site-packages/airflow/example_dags/example_task_group.py
[2025-01-27T00:13:30.513+0000] {logging_mixin.py:190} INFO - [2025-01-27T00:13:30.513+0000] {dag.py:3239} INFO - Sync 1 DAGs
[2025-01-27T00:13:30.532+0000] {logging_mixin.py:190} INFO - [2025-01-27T00:13:30.532+0000] {dag.py:4180} INFO - Setting next_dagrun for example_task_group to None, run_after=None
[2025-01-27T00:13:30.554+0000] {processor.py:208} INFO - Processing /home/airflow/.local/lib/python3.12/site-packages/airflow/example_dags/example_task_group.py took 0.091 seconds
[2025-01-27T00:14:01.365+0000] {processor.py:186} INFO - Started process (PID=230) to work on /home/airflow/.local/lib/python3.12/site-packages/airflow/example_dags/example_task_group.py
[2025-01-27T00:14:01.366+0000] {processor.py:914} INFO - Processing file /home/airflow/.local/lib/python3.12/site-packages/airflow/example_dags/example_task_group.py for tasks to queue
[2025-01-27T00:14:01.369+0000] {logging_mixin.py:190} INFO - [2025-01-27T00:14:01.369+0000] {dagbag.py:588} INFO - Filling up the DagBag from /home/airflow/.local/lib/python3.12/site-packages/airflow/example_dags/example_task_group.py
[2025-01-27T00:14:01.384+0000] {processor.py:925} INFO - DAG(s) 'example_task_group' retrieved from /home/airflow/.local/lib/python3.12/site-packages/airflow/example_dags/example_task_group.py
[2025-01-27T00:14:01.416+0000] {logging_mixin.py:190} INFO - [2025-01-27T00:14:01.415+0000] {dag.py:3239} INFO - Sync 1 DAGs
[2025-01-27T00:14:01.439+0000] {logging_mixin.py:190} INFO - [2025-01-27T00:14:01.439+0000] {dag.py:4180} INFO - Setting next_dagrun for example_task_group to None, run_after=None
[2025-01-27T00:14:01.473+0000] {processor.py:208} INFO - Processing /home/airflow/.local/lib/python3.12/site-packages/airflow/example_dags/example_task_group.py took 0.116 seconds
[2025-01-27T00:14:31.577+0000] {processor.py:186} INFO - Started process (PID=295) to work on /home/airflow/.local/lib/python3.12/site-packages/airflow/example_dags/example_task_group.py
[2025-01-27T00:14:31.578+0000] {processor.py:914} INFO - Processing file /home/airflow/.local/lib/python3.12/site-packages/airflow/example_dags/example_task_group.py for tasks to queue
[2025-01-27T00:14:31.583+0000] {logging_mixin.py:190} INFO - [2025-01-27T00:14:31.583+0000] {dagbag.py:588} INFO - Filling up the DagBag from /home/airflow/.local/lib/python3.12/site-packages/airflow/example_dags/example_task_group.py
[2025-01-27T00:14:31.596+0000] {processor.py:925} INFO - DAG(s) 'example_task_group' retrieved from /home/airflow/.local/lib/python3.12/site-packages/airflow/example_dags/example_task_group.py
[2025-01-27T00:14:31.620+0000] {logging_mixin.py:190} INFO - [2025-01-27T00:14:31.620+0000] {dag.py:3239} INFO - Sync 1 DAGs
[2025-01-27T00:14:31.635+0000] {logging_mixin.py:190} INFO - [2025-01-27T00:14:31.635+0000] {dag.py:4180} INFO - Setting next_dagrun for example_task_group to None, run_after=None
[2025-01-27T00:14:31.654+0000] {processor.py:208} INFO - Processing /home/airflow/.local/lib/python3.12/site-packages/airflow/example_dags/example_task_group.py took 0.086 seconds
[2025-01-27T00:15:02.062+0000] {processor.py:186} INFO - Started process (PID=360) to work on /home/airflow/.local/lib/python3.12/site-packages/airflow/example_dags/example_task_group.py
[2025-01-27T00:15:02.063+0000] {processor.py:914} INFO - Processing file /home/airflow/.local/lib/python3.12/site-packages/airflow/example_dags/example_task_group.py for tasks to queue
[2025-01-27T00:15:02.067+0000] {logging_mixin.py:190} INFO - [2025-01-27T00:15:02.066+0000] {dagbag.py:588} INFO - Filling up the DagBag from /home/airflow/.local/lib/python3.12/site-packages/airflow/example_dags/example_task_group.py
[2025-01-27T00:15:02.075+0000] {processor.py:925} INFO - DAG(s) 'example_task_group' retrieved from /home/airflow/.local/lib/python3.12/site-packages/airflow/example_dags/example_task_group.py
[2025-01-27T00:15:02.095+0000] {logging_mixin.py:190} INFO - [2025-01-27T00:15:02.095+0000] {dag.py:3239} INFO - Sync 1 DAGs
[2025-01-27T00:15:02.111+0000] {logging_mixin.py:190} INFO - [2025-01-27T00:15:02.110+0000] {dag.py:4180} INFO - Setting next_dagrun for example_task_group to None, run_after=None
[2025-01-27T00:15:02.129+0000] {processor.py:208} INFO - Processing /home/airflow/.local/lib/python3.12/site-packages/airflow/example_dags/example_task_group.py took 0.074 seconds
[2025-01-27T00:16:25.366+0000] {processor.py:186} INFO - Started process (PID=35) to work on /home/airflow/.local/lib/python3.12/site-packages/airflow/example_dags/example_task_group.py
[2025-01-27T00:16:25.368+0000] {processor.py:914} INFO - Processing file /home/airflow/.local/lib/python3.12/site-packages/airflow/example_dags/example_task_group.py for tasks to queue
[2025-01-27T00:16:25.371+0000] {logging_mixin.py:190} INFO - [2025-01-27T00:16:25.370+0000] {dagbag.py:588} INFO - Filling up the DagBag from /home/airflow/.local/lib/python3.12/site-packages/airflow/example_dags/example_task_group.py
[2025-01-27T00:16:25.385+0000] {processor.py:925} INFO - DAG(s) 'example_task_group' retrieved from /home/airflow/.local/lib/python3.12/site-packages/airflow/example_dags/example_task_group.py
[2025-01-27T00:16:25.457+0000] {logging_mixin.py:190} INFO - [2025-01-27T00:16:25.457+0000] {dag.py:3239} INFO - Sync 1 DAGs
[2025-01-27T00:16:25.482+0000] {logging_mixin.py:190} INFO - [2025-01-27T00:16:25.482+0000] {dag.py:4180} INFO - Setting next_dagrun for example_task_group to None, run_after=None
[2025-01-27T00:16:25.510+0000] {processor.py:208} INFO - Processing /home/airflow/.local/lib/python3.12/site-packages/airflow/example_dags/example_task_group.py took 0.154 seconds
[2025-01-27T00:16:55.927+0000] {processor.py:186} INFO - Started process (PID=100) to work on /home/airflow/.local/lib/python3.12/site-packages/airflow/example_dags/example_task_group.py
[2025-01-27T00:16:55.928+0000] {processor.py:914} INFO - Processing file /home/airflow/.local/lib/python3.12/site-packages/airflow/example_dags/example_task_group.py for tasks to queue
[2025-01-27T00:16:55.931+0000] {logging_mixin.py:190} INFO - [2025-01-27T00:16:55.930+0000] {dagbag.py:588} INFO - Filling up the DagBag from /home/airflow/.local/lib/python3.12/site-packages/airflow/example_dags/example_task_group.py
[2025-01-27T00:16:55.939+0000] {processor.py:925} INFO - DAG(s) 'example_task_group' retrieved from /home/airflow/.local/lib/python3.12/site-packages/airflow/example_dags/example_task_group.py
[2025-01-27T00:16:55.963+0000] {logging_mixin.py:190} INFO - [2025-01-27T00:16:55.963+0000] {dag.py:3239} INFO - Sync 1 DAGs
[2025-01-27T00:16:55.980+0000] {logging_mixin.py:190} INFO - [2025-01-27T00:16:55.980+0000] {dag.py:4180} INFO - Setting next_dagrun for example_task_group to None, run_after=None
[2025-01-27T00:16:56.002+0000] {processor.py:208} INFO - Processing /home/airflow/.local/lib/python3.12/site-packages/airflow/example_dags/example_task_group.py took 0.080 seconds
[2025-01-27T00:17:26.637+0000] {processor.py:186} INFO - Started process (PID=167) to work on /home/airflow/.local/lib/python3.12/site-packages/airflow/example_dags/example_task_group.py
[2025-01-27T00:17:26.638+0000] {processor.py:914} INFO - Processing file /home/airflow/.local/lib/python3.12/site-packages/airflow/example_dags/example_task_group.py for tasks to queue
[2025-01-27T00:17:26.641+0000] {logging_mixin.py:190} INFO - [2025-01-27T00:17:26.640+0000] {dagbag.py:588} INFO - Filling up the DagBag from /home/airflow/.local/lib/python3.12/site-packages/airflow/example_dags/example_task_group.py
[2025-01-27T00:17:26.650+0000] {processor.py:925} INFO - DAG(s) 'example_task_group' retrieved from /home/airflow/.local/lib/python3.12/site-packages/airflow/example_dags/example_task_group.py
[2025-01-27T00:17:26.674+0000] {logging_mixin.py:190} INFO - [2025-01-27T00:17:26.674+0000] {dag.py:3239} INFO - Sync 1 DAGs
[2025-01-27T00:17:26.692+0000] {logging_mixin.py:190} INFO - [2025-01-27T00:17:26.692+0000] {dag.py:4180} INFO - Setting next_dagrun for example_task_group to None, run_after=None
[2025-01-27T00:17:26.715+0000] {processor.py:208} INFO - Processing /home/airflow/.local/lib/python3.12/site-packages/airflow/example_dags/example_task_group.py took 0.084 seconds
[2025-01-27T00:17:57.324+0000] {processor.py:186} INFO - Started process (PID=233) to work on /home/airflow/.local/lib/python3.12/site-packages/airflow/example_dags/example_task_group.py
[2025-01-27T00:17:57.325+0000] {processor.py:914} INFO - Processing file /home/airflow/.local/lib/python3.12/site-packages/airflow/example_dags/example_task_group.py for tasks to queue
[2025-01-27T00:17:57.327+0000] {logging_mixin.py:190} INFO - [2025-01-27T00:17:57.327+0000] {dagbag.py:588} INFO - Filling up the DagBag from /home/airflow/.local/lib/python3.12/site-packages/airflow/example_dags/example_task_group.py
[2025-01-27T00:17:57.337+0000] {processor.py:925} INFO - DAG(s) 'example_task_group' retrieved from /home/airflow/.local/lib/python3.12/site-packages/airflow/example_dags/example_task_group.py
[2025-01-27T00:17:57.358+0000] {logging_mixin.py:190} INFO - [2025-01-27T00:17:57.358+0000] {dag.py:3239} INFO - Sync 1 DAGs
[2025-01-27T00:17:57.372+0000] {logging_mixin.py:190} INFO - [2025-01-27T00:17:57.372+0000] {dag.py:4180} INFO - Setting next_dagrun for example_task_group to None, run_after=None
[2025-01-27T00:17:57.392+0000] {processor.py:208} INFO - Processing /home/airflow/.local/lib/python3.12/site-packages/airflow/example_dags/example_task_group.py took 0.076 seconds
[2025-01-27T00:18:28.022+0000] {processor.py:186} INFO - Started process (PID=299) to work on /home/airflow/.local/lib/python3.12/site-packages/airflow/example_dags/example_task_group.py
[2025-01-27T00:18:28.026+0000] {processor.py:914} INFO - Processing file /home/airflow/.local/lib/python3.12/site-packages/airflow/example_dags/example_task_group.py for tasks to queue
[2025-01-27T00:18:28.030+0000] {logging_mixin.py:190} INFO - [2025-01-27T00:18:28.029+0000] {dagbag.py:588} INFO - Filling up the DagBag from /home/airflow/.local/lib/python3.12/site-packages/airflow/example_dags/example_task_group.py
[2025-01-27T00:18:28.041+0000] {processor.py:925} INFO - DAG(s) 'example_task_group' retrieved from /home/airflow/.local/lib/python3.12/site-packages/airflow/example_dags/example_task_group.py
[2025-01-27T00:18:28.066+0000] {logging_mixin.py:190} INFO - [2025-01-27T00:18:28.066+0000] {dag.py:3239} INFO - Sync 1 DAGs
[2025-01-27T00:18:28.092+0000] {logging_mixin.py:190} INFO - [2025-01-27T00:18:28.092+0000] {dag.py:4180} INFO - Setting next_dagrun for example_task_group to None, run_after=None
[2025-01-27T00:18:28.113+0000] {processor.py:208} INFO - Processing /home/airflow/.local/lib/python3.12/site-packages/airflow/example_dags/example_task_group.py took 0.097 seconds
[2025-01-27T00:18:58.906+0000] {processor.py:186} INFO - Started process (PID=365) to work on /home/airflow/.local/lib/python3.12/site-packages/airflow/example_dags/example_task_group.py
[2025-01-27T00:18:58.917+0000] {processor.py:914} INFO - Processing file /home/airflow/.local/lib/python3.12/site-packages/airflow/example_dags/example_task_group.py for tasks to queue
[2025-01-27T00:18:58.921+0000] {logging_mixin.py:190} INFO - [2025-01-27T00:18:58.921+0000] {dagbag.py:588} INFO - Filling up the DagBag from /home/airflow/.local/lib/python3.12/site-packages/airflow/example_dags/example_task_group.py
[2025-01-27T00:18:58.953+0000] {processor.py:925} INFO - DAG(s) 'example_task_group' retrieved from /home/airflow/.local/lib/python3.12/site-packages/airflow/example_dags/example_task_group.py
[2025-01-27T00:18:59.075+0000] {logging_mixin.py:190} INFO - [2025-01-27T00:18:59.075+0000] {dag.py:3239} INFO - Sync 1 DAGs
[2025-01-27T00:18:59.113+0000] {logging_mixin.py:190} INFO - [2025-01-27T00:18:59.113+0000] {dag.py:4180} INFO - Setting next_dagrun for example_task_group to None, run_after=None
[2025-01-27T00:18:59.185+0000] {processor.py:208} INFO - Processing /home/airflow/.local/lib/python3.12/site-packages/airflow/example_dags/example_task_group.py took 0.296 seconds
[2025-01-27T00:19:29.931+0000] {processor.py:186} INFO - Started process (PID=437) to work on /home/airflow/.local/lib/python3.12/site-packages/airflow/example_dags/example_task_group.py
[2025-01-27T00:19:29.932+0000] {processor.py:914} INFO - Processing file /home/airflow/.local/lib/python3.12/site-packages/airflow/example_dags/example_task_group.py for tasks to queue
[2025-01-27T00:19:29.935+0000] {logging_mixin.py:190} INFO - [2025-01-27T00:19:29.934+0000] {dagbag.py:588} INFO - Filling up the DagBag from /home/airflow/.local/lib/python3.12/site-packages/airflow/example_dags/example_task_group.py
[2025-01-27T00:19:29.947+0000] {processor.py:925} INFO - DAG(s) 'example_task_group' retrieved from /home/airflow/.local/lib/python3.12/site-packages/airflow/example_dags/example_task_group.py
[2025-01-27T00:19:29.969+0000] {logging_mixin.py:190} INFO - [2025-01-27T00:19:29.968+0000] {dag.py:3239} INFO - Sync 1 DAGs
[2025-01-27T00:19:29.985+0000] {logging_mixin.py:190} INFO - [2025-01-27T00:19:29.985+0000] {dag.py:4180} INFO - Setting next_dagrun for example_task_group to None, run_after=None
[2025-01-27T00:19:30.009+0000] {processor.py:208} INFO - Processing /home/airflow/.local/lib/python3.12/site-packages/airflow/example_dags/example_task_group.py took 0.084 seconds
[2025-01-27T00:20:00.195+0000] {processor.py:186} INFO - Started process (PID=503) to work on /home/airflow/.local/lib/python3.12/site-packages/airflow/example_dags/example_task_group.py
[2025-01-27T00:20:00.207+0000] {processor.py:914} INFO - Processing file /home/airflow/.local/lib/python3.12/site-packages/airflow/example_dags/example_task_group.py for tasks to queue
[2025-01-27T00:20:00.215+0000] {logging_mixin.py:190} INFO - [2025-01-27T00:20:00.214+0000] {dagbag.py:588} INFO - Filling up the DagBag from /home/airflow/.local/lib/python3.12/site-packages/airflow/example_dags/example_task_group.py
[2025-01-27T00:20:00.229+0000] {processor.py:925} INFO - DAG(s) 'example_task_group' retrieved from /home/airflow/.local/lib/python3.12/site-packages/airflow/example_dags/example_task_group.py
[2025-01-27T00:20:00.279+0000] {logging_mixin.py:190} INFO - [2025-01-27T00:20:00.279+0000] {dag.py:3239} INFO - Sync 1 DAGs
[2025-01-27T00:20:00.299+0000] {logging_mixin.py:190} INFO - [2025-01-27T00:20:00.299+0000] {dag.py:4180} INFO - Setting next_dagrun for example_task_group to None, run_after=None
[2025-01-27T00:20:00.322+0000] {processor.py:208} INFO - Processing /home/airflow/.local/lib/python3.12/site-packages/airflow/example_dags/example_task_group.py took 0.143 seconds
[2025-01-27T00:20:30.560+0000] {processor.py:186} INFO - Started process (PID=569) to work on /home/airflow/.local/lib/python3.12/site-packages/airflow/example_dags/example_task_group.py
[2025-01-27T00:20:30.561+0000] {processor.py:914} INFO - Processing file /home/airflow/.local/lib/python3.12/site-packages/airflow/example_dags/example_task_group.py for tasks to queue
[2025-01-27T00:20:30.564+0000] {logging_mixin.py:190} INFO - [2025-01-27T00:20:30.564+0000] {dagbag.py:588} INFO - Filling up the DagBag from /home/airflow/.local/lib/python3.12/site-packages/airflow/example_dags/example_task_group.py
[2025-01-27T00:20:30.574+0000] {processor.py:925} INFO - DAG(s) 'example_task_group' retrieved from /home/airflow/.local/lib/python3.12/site-packages/airflow/example_dags/example_task_group.py
[2025-01-27T00:20:30.595+0000] {logging_mixin.py:190} INFO - [2025-01-27T00:20:30.595+0000] {dag.py:3239} INFO - Sync 1 DAGs
[2025-01-27T00:20:30.610+0000] {logging_mixin.py:190} INFO - [2025-01-27T00:20:30.609+0000] {dag.py:4180} INFO - Setting next_dagrun for example_task_group to None, run_after=None
[2025-01-27T00:20:30.632+0000] {processor.py:208} INFO - Processing /home/airflow/.local/lib/python3.12/site-packages/airflow/example_dags/example_task_group.py took 0.077 seconds
[2025-01-27T00:21:00.809+0000] {processor.py:186} INFO - Started process (PID=635) to work on /home/airflow/.local/lib/python3.12/site-packages/airflow/example_dags/example_task_group.py
[2025-01-27T00:21:00.810+0000] {processor.py:914} INFO - Processing file /home/airflow/.local/lib/python3.12/site-packages/airflow/example_dags/example_task_group.py for tasks to queue
[2025-01-27T00:21:00.814+0000] {logging_mixin.py:190} INFO - [2025-01-27T00:21:00.813+0000] {dagbag.py:588} INFO - Filling up the DagBag from /home/airflow/.local/lib/python3.12/site-packages/airflow/example_dags/example_task_group.py
[2025-01-27T00:21:00.829+0000] {processor.py:925} INFO - DAG(s) 'example_task_group' retrieved from /home/airflow/.local/lib/python3.12/site-packages/airflow/example_dags/example_task_group.py
[2025-01-27T00:21:00.865+0000] {logging_mixin.py:190} INFO - [2025-01-27T00:21:00.864+0000] {dag.py:3239} INFO - Sync 1 DAGs
[2025-01-27T00:21:00.889+0000] {logging_mixin.py:190} INFO - [2025-01-27T00:21:00.889+0000] {dag.py:4180} INFO - Setting next_dagrun for example_task_group to None, run_after=None
[2025-01-27T00:21:00.921+0000] {processor.py:208} INFO - Processing /home/airflow/.local/lib/python3.12/site-packages/airflow/example_dags/example_task_group.py took 0.123 seconds
[2025-01-27T00:21:31.320+0000] {processor.py:186} INFO - Started process (PID=702) to work on /home/airflow/.local/lib/python3.12/site-packages/airflow/example_dags/example_task_group.py
[2025-01-27T00:21:31.378+0000] {processor.py:914} INFO - Processing file /home/airflow/.local/lib/python3.12/site-packages/airflow/example_dags/example_task_group.py for tasks to queue
[2025-01-27T00:21:31.412+0000] {logging_mixin.py:190} INFO - [2025-01-27T00:21:31.412+0000] {dagbag.py:588} INFO - Filling up the DagBag from /home/airflow/.local/lib/python3.12/site-packages/airflow/example_dags/example_task_group.py
[2025-01-27T00:21:31.435+0000] {processor.py:925} INFO - DAG(s) 'example_task_group' retrieved from /home/airflow/.local/lib/python3.12/site-packages/airflow/example_dags/example_task_group.py
[2025-01-27T00:21:31.486+0000] {logging_mixin.py:190} INFO - [2025-01-27T00:21:31.486+0000] {dag.py:3239} INFO - Sync 1 DAGs
[2025-01-27T00:21:31.519+0000] {logging_mixin.py:190} INFO - [2025-01-27T00:21:31.518+0000] {dag.py:4180} INFO - Setting next_dagrun for example_task_group to None, run_after=None
[2025-01-27T00:21:31.556+0000] {processor.py:208} INFO - Processing /home/airflow/.local/lib/python3.12/site-packages/airflow/example_dags/example_task_group.py took 0.251 seconds
[2025-01-27T00:22:02.089+0000] {processor.py:186} INFO - Started process (PID=768) to work on /home/airflow/.local/lib/python3.12/site-packages/airflow/example_dags/example_task_group.py
[2025-01-27T00:22:02.090+0000] {processor.py:914} INFO - Processing file /home/airflow/.local/lib/python3.12/site-packages/airflow/example_dags/example_task_group.py for tasks to queue
[2025-01-27T00:22:02.095+0000] {logging_mixin.py:190} INFO - [2025-01-27T00:22:02.094+0000] {dagbag.py:588} INFO - Filling up the DagBag from /home/airflow/.local/lib/python3.12/site-packages/airflow/example_dags/example_task_group.py
[2025-01-27T00:22:02.113+0000] {processor.py:925} INFO - DAG(s) 'example_task_group' retrieved from /home/airflow/.local/lib/python3.12/site-packages/airflow/example_dags/example_task_group.py
[2025-01-27T00:22:02.148+0000] {logging_mixin.py:190} INFO - [2025-01-27T00:22:02.147+0000] {dag.py:3239} INFO - Sync 1 DAGs
[2025-01-27T00:22:02.165+0000] {logging_mixin.py:190} INFO - [2025-01-27T00:22:02.165+0000] {dag.py:4180} INFO - Setting next_dagrun for example_task_group to None, run_after=None
[2025-01-27T00:22:02.192+0000] {processor.py:208} INFO - Processing /home/airflow/.local/lib/python3.12/site-packages/airflow/example_dags/example_task_group.py took 0.113 seconds
[2025-01-27T00:22:32.682+0000] {processor.py:186} INFO - Started process (PID=834) to work on /home/airflow/.local/lib/python3.12/site-packages/airflow/example_dags/example_task_group.py
[2025-01-27T00:22:32.683+0000] {processor.py:914} INFO - Processing file /home/airflow/.local/lib/python3.12/site-packages/airflow/example_dags/example_task_group.py for tasks to queue
[2025-01-27T00:22:32.686+0000] {logging_mixin.py:190} INFO - [2025-01-27T00:22:32.686+0000] {dagbag.py:588} INFO - Filling up the DagBag from /home/airflow/.local/lib/python3.12/site-packages/airflow/example_dags/example_task_group.py
[2025-01-27T00:22:32.697+0000] {processor.py:925} INFO - DAG(s) 'example_task_group' retrieved from /home/airflow/.local/lib/python3.12/site-packages/airflow/example_dags/example_task_group.py
[2025-01-27T00:22:32.720+0000] {logging_mixin.py:190} INFO - [2025-01-27T00:22:32.719+0000] {dag.py:3239} INFO - Sync 1 DAGs
[2025-01-27T00:22:32.734+0000] {logging_mixin.py:190} INFO - [2025-01-27T00:22:32.733+0000] {dag.py:4180} INFO - Setting next_dagrun for example_task_group to None, run_after=None
[2025-01-27T00:22:32.752+0000] {processor.py:208} INFO - Processing /home/airflow/.local/lib/python3.12/site-packages/airflow/example_dags/example_task_group.py took 0.076 seconds
[2025-01-27T00:26:27.931+0000] {processor.py:186} INFO - Started process (PID=42) to work on /home/airflow/.local/lib/python3.12/site-packages/airflow/example_dags/example_task_group.py
[2025-01-27T00:26:27.940+0000] {processor.py:914} INFO - Processing file /home/airflow/.local/lib/python3.12/site-packages/airflow/example_dags/example_task_group.py for tasks to queue
[2025-01-27T00:26:27.956+0000] {logging_mixin.py:190} INFO - [2025-01-27T00:26:27.956+0000] {dagbag.py:588} INFO - Filling up the DagBag from /home/airflow/.local/lib/python3.12/site-packages/airflow/example_dags/example_task_group.py
[2025-01-27T00:26:28.003+0000] {processor.py:925} INFO - DAG(s) 'example_task_group' retrieved from /home/airflow/.local/lib/python3.12/site-packages/airflow/example_dags/example_task_group.py
[2025-01-27T00:26:28.053+0000] {logging_mixin.py:190} INFO - [2025-01-27T00:26:28.052+0000] {dag.py:3239} INFO - Sync 1 DAGs
[2025-01-27T00:26:28.109+0000] {logging_mixin.py:190} INFO - [2025-01-27T00:26:28.108+0000] {dag.py:4180} INFO - Setting next_dagrun for example_task_group to None, run_after=None
[2025-01-27T00:26:28.178+0000] {processor.py:208} INFO - Processing /home/airflow/.local/lib/python3.12/site-packages/airflow/example_dags/example_task_group.py took 0.257 seconds
[2025-01-27T00:26:58.287+0000] {processor.py:186} INFO - Started process (PID=108) to work on /home/airflow/.local/lib/python3.12/site-packages/airflow/example_dags/example_task_group.py
[2025-01-27T00:26:58.288+0000] {processor.py:914} INFO - Processing file /home/airflow/.local/lib/python3.12/site-packages/airflow/example_dags/example_task_group.py for tasks to queue
[2025-01-27T00:26:58.292+0000] {logging_mixin.py:190} INFO - [2025-01-27T00:26:58.291+0000] {dagbag.py:588} INFO - Filling up the DagBag from /home/airflow/.local/lib/python3.12/site-packages/airflow/example_dags/example_task_group.py
[2025-01-27T00:26:58.303+0000] {processor.py:925} INFO - DAG(s) 'example_task_group' retrieved from /home/airflow/.local/lib/python3.12/site-packages/airflow/example_dags/example_task_group.py
[2025-01-27T00:26:58.325+0000] {logging_mixin.py:190} INFO - [2025-01-27T00:26:58.325+0000] {dag.py:3239} INFO - Sync 1 DAGs
[2025-01-27T00:26:58.346+0000] {logging_mixin.py:190} INFO - [2025-01-27T00:26:58.345+0000] {dag.py:4180} INFO - Setting next_dagrun for example_task_group to None, run_after=None
[2025-01-27T00:26:58.510+0000] {processor.py:208} INFO - Processing /home/airflow/.local/lib/python3.12/site-packages/airflow/example_dags/example_task_group.py took 0.232 seconds
[2025-01-27T00:27:28.554+0000] {processor.py:186} INFO - Started process (PID=172) to work on /home/airflow/.local/lib/python3.12/site-packages/airflow/example_dags/example_task_group.py
[2025-01-27T00:27:28.555+0000] {processor.py:914} INFO - Processing file /home/airflow/.local/lib/python3.12/site-packages/airflow/example_dags/example_task_group.py for tasks to queue
[2025-01-27T00:27:28.558+0000] {logging_mixin.py:190} INFO - [2025-01-27T00:27:28.558+0000] {dagbag.py:588} INFO - Filling up the DagBag from /home/airflow/.local/lib/python3.12/site-packages/airflow/example_dags/example_task_group.py
[2025-01-27T00:27:28.568+0000] {processor.py:925} INFO - DAG(s) 'example_task_group' retrieved from /home/airflow/.local/lib/python3.12/site-packages/airflow/example_dags/example_task_group.py
[2025-01-27T00:27:28.589+0000] {logging_mixin.py:190} INFO - [2025-01-27T00:27:28.589+0000] {dag.py:3239} INFO - Sync 1 DAGs
[2025-01-27T00:27:28.604+0000] {logging_mixin.py:190} INFO - [2025-01-27T00:27:28.604+0000] {dag.py:4180} INFO - Setting next_dagrun for example_task_group to None, run_after=None
[2025-01-27T00:27:28.623+0000] {processor.py:208} INFO - Processing /home/airflow/.local/lib/python3.12/site-packages/airflow/example_dags/example_task_group.py took 0.075 seconds
[2025-01-27T00:27:59.217+0000] {processor.py:186} INFO - Started process (PID=239) to work on /home/airflow/.local/lib/python3.12/site-packages/airflow/example_dags/example_task_group.py
[2025-01-27T00:27:59.219+0000] {processor.py:914} INFO - Processing file /home/airflow/.local/lib/python3.12/site-packages/airflow/example_dags/example_task_group.py for tasks to queue
[2025-01-27T00:27:59.222+0000] {logging_mixin.py:190} INFO - [2025-01-27T00:27:59.222+0000] {dagbag.py:588} INFO - Filling up the DagBag from /home/airflow/.local/lib/python3.12/site-packages/airflow/example_dags/example_task_group.py
[2025-01-27T00:27:59.234+0000] {processor.py:925} INFO - DAG(s) 'example_task_group' retrieved from /home/airflow/.local/lib/python3.12/site-packages/airflow/example_dags/example_task_group.py
[2025-01-27T00:27:59.262+0000] {logging_mixin.py:190} INFO - [2025-01-27T00:27:59.262+0000] {dag.py:3239} INFO - Sync 1 DAGs
[2025-01-27T00:27:59.275+0000] {logging_mixin.py:190} INFO - [2025-01-27T00:27:59.275+0000] {dag.py:4180} INFO - Setting next_dagrun for example_task_group to None, run_after=None
[2025-01-27T00:27:59.291+0000] {processor.py:208} INFO - Processing /home/airflow/.local/lib/python3.12/site-packages/airflow/example_dags/example_task_group.py took 0.082 seconds
[2025-01-27T00:29:27.942+0000] {processor.py:186} INFO - Started process (PID=35) to work on /home/airflow/.local/lib/python3.12/site-packages/airflow/example_dags/example_task_group.py
[2025-01-27T00:29:27.944+0000] {processor.py:914} INFO - Processing file /home/airflow/.local/lib/python3.12/site-packages/airflow/example_dags/example_task_group.py for tasks to queue
[2025-01-27T00:29:27.948+0000] {logging_mixin.py:190} INFO - [2025-01-27T00:29:27.948+0000] {dagbag.py:588} INFO - Filling up the DagBag from /home/airflow/.local/lib/python3.12/site-packages/airflow/example_dags/example_task_group.py
[2025-01-27T00:29:27.965+0000] {processor.py:925} INFO - DAG(s) 'example_task_group' retrieved from /home/airflow/.local/lib/python3.12/site-packages/airflow/example_dags/example_task_group.py
[2025-01-27T00:29:28.006+0000] {logging_mixin.py:190} INFO - [2025-01-27T00:29:28.006+0000] {dag.py:3239} INFO - Sync 1 DAGs
[2025-01-27T00:29:28.031+0000] {logging_mixin.py:190} INFO - [2025-01-27T00:29:28.030+0000] {dag.py:4180} INFO - Setting next_dagrun for example_task_group to None, run_after=None
[2025-01-27T00:29:28.054+0000] {processor.py:208} INFO - Processing /home/airflow/.local/lib/python3.12/site-packages/airflow/example_dags/example_task_group.py took 0.122 seconds
[2025-01-27T00:29:58.124+0000] {processor.py:186} INFO - Started process (PID=99) to work on /home/airflow/.local/lib/python3.12/site-packages/airflow/example_dags/example_task_group.py
[2025-01-27T00:29:58.125+0000] {processor.py:914} INFO - Processing file /home/airflow/.local/lib/python3.12/site-packages/airflow/example_dags/example_task_group.py for tasks to queue
[2025-01-27T00:29:58.129+0000] {logging_mixin.py:190} INFO - [2025-01-27T00:29:58.129+0000] {dagbag.py:588} INFO - Filling up the DagBag from /home/airflow/.local/lib/python3.12/site-packages/airflow/example_dags/example_task_group.py
[2025-01-27T00:29:58.139+0000] {processor.py:925} INFO - DAG(s) 'example_task_group' retrieved from /home/airflow/.local/lib/python3.12/site-packages/airflow/example_dags/example_task_group.py
[2025-01-27T00:29:58.165+0000] {logging_mixin.py:190} INFO - [2025-01-27T00:29:58.165+0000] {dag.py:3239} INFO - Sync 1 DAGs
[2025-01-27T00:29:58.188+0000] {logging_mixin.py:190} INFO - [2025-01-27T00:29:58.188+0000] {dag.py:4180} INFO - Setting next_dagrun for example_task_group to None, run_after=None
[2025-01-27T00:29:58.211+0000] {processor.py:208} INFO - Processing /home/airflow/.local/lib/python3.12/site-packages/airflow/example_dags/example_task_group.py took 0.092 seconds
[2025-01-27T00:30:28.741+0000] {processor.py:186} INFO - Started process (PID=165) to work on /home/airflow/.local/lib/python3.12/site-packages/airflow/example_dags/example_task_group.py
[2025-01-27T00:30:28.742+0000] {processor.py:914} INFO - Processing file /home/airflow/.local/lib/python3.12/site-packages/airflow/example_dags/example_task_group.py for tasks to queue
[2025-01-27T00:30:28.744+0000] {logging_mixin.py:190} INFO - [2025-01-27T00:30:28.744+0000] {dagbag.py:588} INFO - Filling up the DagBag from /home/airflow/.local/lib/python3.12/site-packages/airflow/example_dags/example_task_group.py
[2025-01-27T00:30:28.754+0000] {processor.py:925} INFO - DAG(s) 'example_task_group' retrieved from /home/airflow/.local/lib/python3.12/site-packages/airflow/example_dags/example_task_group.py
[2025-01-27T00:30:28.773+0000] {logging_mixin.py:190} INFO - [2025-01-27T00:30:28.773+0000] {dag.py:3239} INFO - Sync 1 DAGs
[2025-01-27T00:30:28.786+0000] {logging_mixin.py:190} INFO - [2025-01-27T00:30:28.786+0000] {dag.py:4180} INFO - Setting next_dagrun for example_task_group to None, run_after=None
[2025-01-27T00:30:28.803+0000] {processor.py:208} INFO - Processing /home/airflow/.local/lib/python3.12/site-packages/airflow/example_dags/example_task_group.py took 0.068 seconds
[2025-01-27T00:30:59.245+0000] {processor.py:186} INFO - Started process (PID=231) to work on /home/airflow/.local/lib/python3.12/site-packages/airflow/example_dags/example_task_group.py
[2025-01-27T00:30:59.246+0000] {processor.py:914} INFO - Processing file /home/airflow/.local/lib/python3.12/site-packages/airflow/example_dags/example_task_group.py for tasks to queue
[2025-01-27T00:30:59.249+0000] {logging_mixin.py:190} INFO - [2025-01-27T00:30:59.249+0000] {dagbag.py:588} INFO - Filling up the DagBag from /home/airflow/.local/lib/python3.12/site-packages/airflow/example_dags/example_task_group.py
[2025-01-27T00:30:59.259+0000] {processor.py:925} INFO - DAG(s) 'example_task_group' retrieved from /home/airflow/.local/lib/python3.12/site-packages/airflow/example_dags/example_task_group.py
[2025-01-27T00:30:59.288+0000] {logging_mixin.py:190} INFO - [2025-01-27T00:30:59.287+0000] {dag.py:3239} INFO - Sync 1 DAGs
[2025-01-27T00:30:59.313+0000] {logging_mixin.py:190} INFO - [2025-01-27T00:30:59.313+0000] {dag.py:4180} INFO - Setting next_dagrun for example_task_group to None, run_after=None
[2025-01-27T00:30:59.334+0000] {processor.py:208} INFO - Processing /home/airflow/.local/lib/python3.12/site-packages/airflow/example_dags/example_task_group.py took 0.094 seconds
[2025-01-27T00:31:29.860+0000] {processor.py:186} INFO - Started process (PID=296) to work on /home/airflow/.local/lib/python3.12/site-packages/airflow/example_dags/example_task_group.py
[2025-01-27T00:31:29.861+0000] {processor.py:914} INFO - Processing file /home/airflow/.local/lib/python3.12/site-packages/airflow/example_dags/example_task_group.py for tasks to queue
[2025-01-27T00:31:29.864+0000] {logging_mixin.py:190} INFO - [2025-01-27T00:31:29.863+0000] {dagbag.py:588} INFO - Filling up the DagBag from /home/airflow/.local/lib/python3.12/site-packages/airflow/example_dags/example_task_group.py
[2025-01-27T00:31:29.874+0000] {processor.py:925} INFO - DAG(s) 'example_task_group' retrieved from /home/airflow/.local/lib/python3.12/site-packages/airflow/example_dags/example_task_group.py
[2025-01-27T00:31:29.897+0000] {logging_mixin.py:190} INFO - [2025-01-27T00:31:29.897+0000] {dag.py:3239} INFO - Sync 1 DAGs
[2025-01-27T00:31:29.912+0000] {logging_mixin.py:190} INFO - [2025-01-27T00:31:29.911+0000] {dag.py:4180} INFO - Setting next_dagrun for example_task_group to None, run_after=None
[2025-01-27T00:31:29.929+0000] {processor.py:208} INFO - Processing /home/airflow/.local/lib/python3.12/site-packages/airflow/example_dags/example_task_group.py took 0.074 seconds
[2025-01-27T00:32:41.102+0000] {processor.py:186} INFO - Started process (PID=35) to work on /home/airflow/.local/lib/python3.12/site-packages/airflow/example_dags/example_task_group.py
[2025-01-27T00:32:41.103+0000] {processor.py:914} INFO - Processing file /home/airflow/.local/lib/python3.12/site-packages/airflow/example_dags/example_task_group.py for tasks to queue
[2025-01-27T00:32:41.107+0000] {logging_mixin.py:190} INFO - [2025-01-27T00:32:41.106+0000] {dagbag.py:588} INFO - Filling up the DagBag from /home/airflow/.local/lib/python3.12/site-packages/airflow/example_dags/example_task_group.py
[2025-01-27T00:32:41.125+0000] {processor.py:925} INFO - DAG(s) 'example_task_group' retrieved from /home/airflow/.local/lib/python3.12/site-packages/airflow/example_dags/example_task_group.py
[2025-01-27T00:32:41.172+0000] {logging_mixin.py:190} INFO - [2025-01-27T00:32:41.171+0000] {dag.py:3239} INFO - Sync 1 DAGs
[2025-01-27T00:32:41.193+0000] {logging_mixin.py:190} INFO - [2025-01-27T00:32:41.193+0000] {dag.py:4180} INFO - Setting next_dagrun for example_task_group to None, run_after=None
[2025-01-27T00:32:41.216+0000] {processor.py:208} INFO - Processing /home/airflow/.local/lib/python3.12/site-packages/airflow/example_dags/example_task_group.py took 0.122 seconds
[2025-01-27T00:33:11.554+0000] {processor.py:186} INFO - Started process (PID=99) to work on /home/airflow/.local/lib/python3.12/site-packages/airflow/example_dags/example_task_group.py
[2025-01-27T00:33:11.556+0000] {processor.py:914} INFO - Processing file /home/airflow/.local/lib/python3.12/site-packages/airflow/example_dags/example_task_group.py for tasks to queue
[2025-01-27T00:33:11.560+0000] {logging_mixin.py:190} INFO - [2025-01-27T00:33:11.560+0000] {dagbag.py:588} INFO - Filling up the DagBag from /home/airflow/.local/lib/python3.12/site-packages/airflow/example_dags/example_task_group.py
[2025-01-27T00:33:11.577+0000] {processor.py:925} INFO - DAG(s) 'example_task_group' retrieved from /home/airflow/.local/lib/python3.12/site-packages/airflow/example_dags/example_task_group.py
[2025-01-27T00:33:11.604+0000] {logging_mixin.py:190} INFO - [2025-01-27T00:33:11.604+0000] {dag.py:3239} INFO - Sync 1 DAGs
[2025-01-27T00:33:11.623+0000] {logging_mixin.py:190} INFO - [2025-01-27T00:33:11.623+0000] {dag.py:4180} INFO - Setting next_dagrun for example_task_group to None, run_after=None
[2025-01-27T00:33:11.648+0000] {processor.py:208} INFO - Processing /home/airflow/.local/lib/python3.12/site-packages/airflow/example_dags/example_task_group.py took 0.106 seconds
[2025-01-27T00:33:42.511+0000] {processor.py:186} INFO - Started process (PID=165) to work on /home/airflow/.local/lib/python3.12/site-packages/airflow/example_dags/example_task_group.py
[2025-01-27T00:33:42.512+0000] {processor.py:914} INFO - Processing file /home/airflow/.local/lib/python3.12/site-packages/airflow/example_dags/example_task_group.py for tasks to queue
[2025-01-27T00:33:42.514+0000] {logging_mixin.py:190} INFO - [2025-01-27T00:33:42.514+0000] {dagbag.py:588} INFO - Filling up the DagBag from /home/airflow/.local/lib/python3.12/site-packages/airflow/example_dags/example_task_group.py
[2025-01-27T00:33:42.524+0000] {processor.py:925} INFO - DAG(s) 'example_task_group' retrieved from /home/airflow/.local/lib/python3.12/site-packages/airflow/example_dags/example_task_group.py
[2025-01-27T00:33:42.553+0000] {logging_mixin.py:190} INFO - [2025-01-27T00:33:42.553+0000] {dag.py:3239} INFO - Sync 1 DAGs
[2025-01-27T00:33:42.574+0000] {logging_mixin.py:190} INFO - [2025-01-27T00:33:42.573+0000] {dag.py:4180} INFO - Setting next_dagrun for example_task_group to None, run_after=None
[2025-01-27T00:33:42.597+0000] {processor.py:208} INFO - Processing /home/airflow/.local/lib/python3.12/site-packages/airflow/example_dags/example_task_group.py took 0.092 seconds
[2025-01-27T00:34:12.881+0000] {processor.py:186} INFO - Started process (PID=231) to work on /home/airflow/.local/lib/python3.12/site-packages/airflow/example_dags/example_task_group.py
[2025-01-27T00:34:12.883+0000] {processor.py:914} INFO - Processing file /home/airflow/.local/lib/python3.12/site-packages/airflow/example_dags/example_task_group.py for tasks to queue
[2025-01-27T00:34:12.886+0000] {logging_mixin.py:190} INFO - [2025-01-27T00:34:12.885+0000] {dagbag.py:588} INFO - Filling up the DagBag from /home/airflow/.local/lib/python3.12/site-packages/airflow/example_dags/example_task_group.py
[2025-01-27T00:34:12.897+0000] {processor.py:925} INFO - DAG(s) 'example_task_group' retrieved from /home/airflow/.local/lib/python3.12/site-packages/airflow/example_dags/example_task_group.py
[2025-01-27T00:34:12.926+0000] {logging_mixin.py:190} INFO - [2025-01-27T00:34:12.926+0000] {dag.py:3239} INFO - Sync 1 DAGs
[2025-01-27T00:34:12.952+0000] {logging_mixin.py:190} INFO - [2025-01-27T00:34:12.952+0000] {dag.py:4180} INFO - Setting next_dagrun for example_task_group to None, run_after=None
[2025-01-27T00:34:12.988+0000] {processor.py:208} INFO - Processing /home/airflow/.local/lib/python3.12/site-packages/airflow/example_dags/example_task_group.py took 0.113 seconds
[2025-01-27T00:34:43.202+0000] {processor.py:186} INFO - Started process (PID=297) to work on /home/airflow/.local/lib/python3.12/site-packages/airflow/example_dags/example_task_group.py
[2025-01-27T00:34:43.203+0000] {processor.py:914} INFO - Processing file /home/airflow/.local/lib/python3.12/site-packages/airflow/example_dags/example_task_group.py for tasks to queue
[2025-01-27T00:34:43.206+0000] {logging_mixin.py:190} INFO - [2025-01-27T00:34:43.205+0000] {dagbag.py:588} INFO - Filling up the DagBag from /home/airflow/.local/lib/python3.12/site-packages/airflow/example_dags/example_task_group.py
[2025-01-27T00:34:43.214+0000] {processor.py:925} INFO - DAG(s) 'example_task_group' retrieved from /home/airflow/.local/lib/python3.12/site-packages/airflow/example_dags/example_task_group.py
[2025-01-27T00:34:43.234+0000] {logging_mixin.py:190} INFO - [2025-01-27T00:34:43.234+0000] {dag.py:3239} INFO - Sync 1 DAGs
[2025-01-27T00:34:43.248+0000] {logging_mixin.py:190} INFO - [2025-01-27T00:34:43.247+0000] {dag.py:4180} INFO - Setting next_dagrun for example_task_group to None, run_after=None
[2025-01-27T00:34:43.267+0000] {processor.py:208} INFO - Processing /home/airflow/.local/lib/python3.12/site-packages/airflow/example_dags/example_task_group.py took 0.071 seconds
[2025-01-27T00:35:13.608+0000] {processor.py:186} INFO - Started process (PID=363) to work on /home/airflow/.local/lib/python3.12/site-packages/airflow/example_dags/example_task_group.py
[2025-01-27T00:35:13.609+0000] {processor.py:914} INFO - Processing file /home/airflow/.local/lib/python3.12/site-packages/airflow/example_dags/example_task_group.py for tasks to queue
[2025-01-27T00:35:13.613+0000] {logging_mixin.py:190} INFO - [2025-01-27T00:35:13.612+0000] {dagbag.py:588} INFO - Filling up the DagBag from /home/airflow/.local/lib/python3.12/site-packages/airflow/example_dags/example_task_group.py
[2025-01-27T00:35:13.623+0000] {processor.py:925} INFO - DAG(s) 'example_task_group' retrieved from /home/airflow/.local/lib/python3.12/site-packages/airflow/example_dags/example_task_group.py
[2025-01-27T00:35:13.647+0000] {logging_mixin.py:190} INFO - [2025-01-27T00:35:13.647+0000] {dag.py:3239} INFO - Sync 1 DAGs
[2025-01-27T00:35:13.665+0000] {logging_mixin.py:190} INFO - [2025-01-27T00:35:13.665+0000] {dag.py:4180} INFO - Setting next_dagrun for example_task_group to None, run_after=None
[2025-01-27T00:35:13.687+0000] {processor.py:208} INFO - Processing /home/airflow/.local/lib/python3.12/site-packages/airflow/example_dags/example_task_group.py took 0.086 seconds
[2025-01-27T00:35:44.623+0000] {processor.py:186} INFO - Started process (PID=429) to work on /home/airflow/.local/lib/python3.12/site-packages/airflow/example_dags/example_task_group.py
[2025-01-27T00:35:44.624+0000] {processor.py:914} INFO - Processing file /home/airflow/.local/lib/python3.12/site-packages/airflow/example_dags/example_task_group.py for tasks to queue
[2025-01-27T00:35:44.627+0000] {logging_mixin.py:190} INFO - [2025-01-27T00:35:44.627+0000] {dagbag.py:588} INFO - Filling up the DagBag from /home/airflow/.local/lib/python3.12/site-packages/airflow/example_dags/example_task_group.py
[2025-01-27T00:35:44.638+0000] {processor.py:925} INFO - DAG(s) 'example_task_group' retrieved from /home/airflow/.local/lib/python3.12/site-packages/airflow/example_dags/example_task_group.py
[2025-01-27T00:35:44.660+0000] {logging_mixin.py:190} INFO - [2025-01-27T00:35:44.660+0000] {dag.py:3239} INFO - Sync 1 DAGs
[2025-01-27T00:35:44.679+0000] {logging_mixin.py:190} INFO - [2025-01-27T00:35:44.679+0000] {dag.py:4180} INFO - Setting next_dagrun for example_task_group to None, run_after=None
[2025-01-27T00:35:44.702+0000] {processor.py:208} INFO - Processing /home/airflow/.local/lib/python3.12/site-packages/airflow/example_dags/example_task_group.py took 0.087 seconds
[2025-01-27T00:36:15.740+0000] {processor.py:186} INFO - Started process (PID=495) to work on /home/airflow/.local/lib/python3.12/site-packages/airflow/example_dags/example_task_group.py
[2025-01-27T00:36:15.741+0000] {processor.py:914} INFO - Processing file /home/airflow/.local/lib/python3.12/site-packages/airflow/example_dags/example_task_group.py for tasks to queue
[2025-01-27T00:36:15.745+0000] {logging_mixin.py:190} INFO - [2025-01-27T00:36:15.745+0000] {dagbag.py:588} INFO - Filling up the DagBag from /home/airflow/.local/lib/python3.12/site-packages/airflow/example_dags/example_task_group.py
[2025-01-27T00:36:15.759+0000] {processor.py:925} INFO - DAG(s) 'example_task_group' retrieved from /home/airflow/.local/lib/python3.12/site-packages/airflow/example_dags/example_task_group.py
[2025-01-27T00:36:15.788+0000] {logging_mixin.py:190} INFO - [2025-01-27T00:36:15.788+0000] {dag.py:3239} INFO - Sync 1 DAGs
[2025-01-27T00:36:15.814+0000] {logging_mixin.py:190} INFO - [2025-01-27T00:36:15.814+0000] {dag.py:4180} INFO - Setting next_dagrun for example_task_group to None, run_after=None
[2025-01-27T00:36:15.843+0000] {processor.py:208} INFO - Processing /home/airflow/.local/lib/python3.12/site-packages/airflow/example_dags/example_task_group.py took 0.111 seconds
[2025-01-27T00:36:46.777+0000] {processor.py:186} INFO - Started process (PID=562) to work on /home/airflow/.local/lib/python3.12/site-packages/airflow/example_dags/example_task_group.py
[2025-01-27T00:36:46.778+0000] {processor.py:914} INFO - Processing file /home/airflow/.local/lib/python3.12/site-packages/airflow/example_dags/example_task_group.py for tasks to queue
[2025-01-27T00:36:46.782+0000] {logging_mixin.py:190} INFO - [2025-01-27T00:36:46.781+0000] {dagbag.py:588} INFO - Filling up the DagBag from /home/airflow/.local/lib/python3.12/site-packages/airflow/example_dags/example_task_group.py
[2025-01-27T00:36:46.793+0000] {processor.py:925} INFO - DAG(s) 'example_task_group' retrieved from /home/airflow/.local/lib/python3.12/site-packages/airflow/example_dags/example_task_group.py
[2025-01-27T00:36:46.821+0000] {logging_mixin.py:190} INFO - [2025-01-27T00:36:46.821+0000] {dag.py:3239} INFO - Sync 1 DAGs
[2025-01-27T00:36:46.840+0000] {logging_mixin.py:190} INFO - [2025-01-27T00:36:46.840+0000] {dag.py:4180} INFO - Setting next_dagrun for example_task_group to None, run_after=None
[2025-01-27T00:36:46.877+0000] {processor.py:208} INFO - Processing /home/airflow/.local/lib/python3.12/site-packages/airflow/example_dags/example_task_group.py took 0.106 seconds
[2025-01-27T00:37:17.493+0000] {processor.py:186} INFO - Started process (PID=628) to work on /home/airflow/.local/lib/python3.12/site-packages/airflow/example_dags/example_task_group.py
[2025-01-27T00:37:17.494+0000] {processor.py:914} INFO - Processing file /home/airflow/.local/lib/python3.12/site-packages/airflow/example_dags/example_task_group.py for tasks to queue
[2025-01-27T00:37:17.497+0000] {logging_mixin.py:190} INFO - [2025-01-27T00:37:17.497+0000] {dagbag.py:588} INFO - Filling up the DagBag from /home/airflow/.local/lib/python3.12/site-packages/airflow/example_dags/example_task_group.py
[2025-01-27T00:37:17.509+0000] {processor.py:925} INFO - DAG(s) 'example_task_group' retrieved from /home/airflow/.local/lib/python3.12/site-packages/airflow/example_dags/example_task_group.py
[2025-01-27T00:37:17.536+0000] {logging_mixin.py:190} INFO - [2025-01-27T00:37:17.536+0000] {dag.py:3239} INFO - Sync 1 DAGs
[2025-01-27T00:37:17.562+0000] {logging_mixin.py:190} INFO - [2025-01-27T00:37:17.562+0000] {dag.py:4180} INFO - Setting next_dagrun for example_task_group to None, run_after=None
[2025-01-27T00:37:17.598+0000] {processor.py:208} INFO - Processing /home/airflow/.local/lib/python3.12/site-packages/airflow/example_dags/example_task_group.py took 0.111 seconds
[2025-01-27T00:37:48.414+0000] {processor.py:186} INFO - Started process (PID=694) to work on /home/airflow/.local/lib/python3.12/site-packages/airflow/example_dags/example_task_group.py
[2025-01-27T00:37:48.415+0000] {processor.py:914} INFO - Processing file /home/airflow/.local/lib/python3.12/site-packages/airflow/example_dags/example_task_group.py for tasks to queue
[2025-01-27T00:37:48.421+0000] {logging_mixin.py:190} INFO - [2025-01-27T00:37:48.420+0000] {dagbag.py:588} INFO - Filling up the DagBag from /home/airflow/.local/lib/python3.12/site-packages/airflow/example_dags/example_task_group.py
[2025-01-27T00:37:48.436+0000] {processor.py:925} INFO - DAG(s) 'example_task_group' retrieved from /home/airflow/.local/lib/python3.12/site-packages/airflow/example_dags/example_task_group.py
[2025-01-27T00:37:48.470+0000] {logging_mixin.py:190} INFO - [2025-01-27T00:37:48.470+0000] {dag.py:3239} INFO - Sync 1 DAGs
[2025-01-27T00:37:48.499+0000] {logging_mixin.py:190} INFO - [2025-01-27T00:37:48.499+0000] {dag.py:4180} INFO - Setting next_dagrun for example_task_group to None, run_after=None
[2025-01-27T00:37:48.520+0000] {processor.py:208} INFO - Processing /home/airflow/.local/lib/python3.12/site-packages/airflow/example_dags/example_task_group.py took 0.114 seconds
[2025-01-27T00:38:18.705+0000] {processor.py:186} INFO - Started process (PID=760) to work on /home/airflow/.local/lib/python3.12/site-packages/airflow/example_dags/example_task_group.py
[2025-01-27T00:38:18.706+0000] {processor.py:914} INFO - Processing file /home/airflow/.local/lib/python3.12/site-packages/airflow/example_dags/example_task_group.py for tasks to queue
[2025-01-27T00:38:18.709+0000] {logging_mixin.py:190} INFO - [2025-01-27T00:38:18.708+0000] {dagbag.py:588} INFO - Filling up the DagBag from /home/airflow/.local/lib/python3.12/site-packages/airflow/example_dags/example_task_group.py
[2025-01-27T00:38:18.717+0000] {processor.py:925} INFO - DAG(s) 'example_task_group' retrieved from /home/airflow/.local/lib/python3.12/site-packages/airflow/example_dags/example_task_group.py
[2025-01-27T00:38:18.736+0000] {logging_mixin.py:190} INFO - [2025-01-27T00:38:18.736+0000] {dag.py:3239} INFO - Sync 1 DAGs
[2025-01-27T00:38:18.750+0000] {logging_mixin.py:190} INFO - [2025-01-27T00:38:18.750+0000] {dag.py:4180} INFO - Setting next_dagrun for example_task_group to None, run_after=None
[2025-01-27T00:38:18.769+0000] {processor.py:208} INFO - Processing /home/airflow/.local/lib/python3.12/site-packages/airflow/example_dags/example_task_group.py took 0.069 seconds
[2025-01-27T00:38:48.986+0000] {processor.py:186} INFO - Started process (PID=826) to work on /home/airflow/.local/lib/python3.12/site-packages/airflow/example_dags/example_task_group.py
[2025-01-27T00:38:48.987+0000] {processor.py:914} INFO - Processing file /home/airflow/.local/lib/python3.12/site-packages/airflow/example_dags/example_task_group.py for tasks to queue
[2025-01-27T00:38:48.989+0000] {logging_mixin.py:190} INFO - [2025-01-27T00:38:48.989+0000] {dagbag.py:588} INFO - Filling up the DagBag from /home/airflow/.local/lib/python3.12/site-packages/airflow/example_dags/example_task_group.py
[2025-01-27T00:38:48.997+0000] {processor.py:925} INFO - DAG(s) 'example_task_group' retrieved from /home/airflow/.local/lib/python3.12/site-packages/airflow/example_dags/example_task_group.py
[2025-01-27T00:38:49.017+0000] {logging_mixin.py:190} INFO - [2025-01-27T00:38:49.017+0000] {dag.py:3239} INFO - Sync 1 DAGs
[2025-01-27T00:38:49.030+0000] {logging_mixin.py:190} INFO - [2025-01-27T00:38:49.030+0000] {dag.py:4180} INFO - Setting next_dagrun for example_task_group to None, run_after=None
[2025-01-27T00:38:49.049+0000] {processor.py:208} INFO - Processing /home/airflow/.local/lib/python3.12/site-packages/airflow/example_dags/example_task_group.py took 0.068 seconds
[2025-01-27T00:39:19.273+0000] {processor.py:186} INFO - Started process (PID=892) to work on /home/airflow/.local/lib/python3.12/site-packages/airflow/example_dags/example_task_group.py
[2025-01-27T00:39:19.274+0000] {processor.py:914} INFO - Processing file /home/airflow/.local/lib/python3.12/site-packages/airflow/example_dags/example_task_group.py for tasks to queue
[2025-01-27T00:39:19.277+0000] {logging_mixin.py:190} INFO - [2025-01-27T00:39:19.276+0000] {dagbag.py:588} INFO - Filling up the DagBag from /home/airflow/.local/lib/python3.12/site-packages/airflow/example_dags/example_task_group.py
[2025-01-27T00:39:19.289+0000] {processor.py:925} INFO - DAG(s) 'example_task_group' retrieved from /home/airflow/.local/lib/python3.12/site-packages/airflow/example_dags/example_task_group.py
[2025-01-27T00:39:19.311+0000] {logging_mixin.py:190} INFO - [2025-01-27T00:39:19.311+0000] {dag.py:3239} INFO - Sync 1 DAGs
[2025-01-27T00:39:19.327+0000] {logging_mixin.py:190} INFO - [2025-01-27T00:39:19.327+0000] {dag.py:4180} INFO - Setting next_dagrun for example_task_group to None, run_after=None
[2025-01-27T00:39:19.345+0000] {processor.py:208} INFO - Processing /home/airflow/.local/lib/python3.12/site-packages/airflow/example_dags/example_task_group.py took 0.079 seconds
[2025-01-27T00:39:49.855+0000] {processor.py:186} INFO - Started process (PID=958) to work on /home/airflow/.local/lib/python3.12/site-packages/airflow/example_dags/example_task_group.py
[2025-01-27T00:39:49.856+0000] {processor.py:914} INFO - Processing file /home/airflow/.local/lib/python3.12/site-packages/airflow/example_dags/example_task_group.py for tasks to queue
[2025-01-27T00:39:49.859+0000] {logging_mixin.py:190} INFO - [2025-01-27T00:39:49.858+0000] {dagbag.py:588} INFO - Filling up the DagBag from /home/airflow/.local/lib/python3.12/site-packages/airflow/example_dags/example_task_group.py
[2025-01-27T00:39:49.871+0000] {processor.py:925} INFO - DAG(s) 'example_task_group' retrieved from /home/airflow/.local/lib/python3.12/site-packages/airflow/example_dags/example_task_group.py
[2025-01-27T00:39:49.904+0000] {logging_mixin.py:190} INFO - [2025-01-27T00:39:49.904+0000] {dag.py:3239} INFO - Sync 1 DAGs
[2025-01-27T00:39:49.920+0000] {logging_mixin.py:190} INFO - [2025-01-27T00:39:49.920+0000] {dag.py:4180} INFO - Setting next_dagrun for example_task_group to None, run_after=None
[2025-01-27T00:39:49.954+0000] {processor.py:208} INFO - Processing /home/airflow/.local/lib/python3.12/site-packages/airflow/example_dags/example_task_group.py took 0.105 seconds
[2025-01-27T00:40:20.828+0000] {processor.py:186} INFO - Started process (PID=1024) to work on /home/airflow/.local/lib/python3.12/site-packages/airflow/example_dags/example_task_group.py
[2025-01-27T00:40:20.829+0000] {processor.py:914} INFO - Processing file /home/airflow/.local/lib/python3.12/site-packages/airflow/example_dags/example_task_group.py for tasks to queue
[2025-01-27T00:40:20.833+0000] {logging_mixin.py:190} INFO - [2025-01-27T00:40:20.832+0000] {dagbag.py:588} INFO - Filling up the DagBag from /home/airflow/.local/lib/python3.12/site-packages/airflow/example_dags/example_task_group.py
[2025-01-27T00:40:20.845+0000] {processor.py:925} INFO - DAG(s) 'example_task_group' retrieved from /home/airflow/.local/lib/python3.12/site-packages/airflow/example_dags/example_task_group.py
[2025-01-27T00:40:20.888+0000] {logging_mixin.py:190} INFO - [2025-01-27T00:40:20.888+0000] {dag.py:3239} INFO - Sync 1 DAGs
[2025-01-27T00:40:20.915+0000] {logging_mixin.py:190} INFO - [2025-01-27T00:40:20.915+0000] {dag.py:4180} INFO - Setting next_dagrun for example_task_group to None, run_after=None
[2025-01-27T00:40:20.939+0000] {processor.py:208} INFO - Processing /home/airflow/.local/lib/python3.12/site-packages/airflow/example_dags/example_task_group.py took 0.120 seconds
