[2025-01-27T00:01:13.270+0000] {processor.py:186} INFO - Started process (PID=55) to work on /home/airflow/.local/lib/python3.12/site-packages/airflow/example_dags/example_branch_python_dop_operator_3.py
[2025-01-27T00:01:13.272+0000] {processor.py:914} INFO - Processing file /home/airflow/.local/lib/python3.12/site-packages/airflow/example_dags/example_branch_python_dop_operator_3.py for tasks to queue
[2025-01-27T00:01:13.275+0000] {logging_mixin.py:190} INFO - [2025-01-27T00:01:13.275+0000] {dagbag.py:588} INFO - Filling up the DagBag from /home/airflow/.local/lib/python3.12/site-packages/airflow/example_dags/example_branch_python_dop_operator_3.py
[2025-01-27T00:01:13.291+0000] {processor.py:925} INFO - DAG(s) 'example_branch_dop_operator_v3' retrieved from /home/airflow/.local/lib/python3.12/site-packages/airflow/example_dags/example_branch_python_dop_operator_3.py
[2025-01-27T00:01:13.319+0000] {logging_mixin.py:190} INFO - [2025-01-27T00:01:13.318+0000] {dag.py:3239} INFO - Sync 1 DAGs
[2025-01-27T00:01:13.358+0000] {logging_mixin.py:190} INFO - [2025-01-27T00:01:13.358+0000] {dag.py:4180} INFO - Setting next_dagrun for example_branch_dop_operator_v3 to 2025-01-27 00:00:00+00:00, run_after=2025-01-27 00:01:00+00:00
[2025-01-27T00:01:13.383+0000] {processor.py:208} INFO - Processing /home/airflow/.local/lib/python3.12/site-packages/airflow/example_dags/example_branch_python_dop_operator_3.py took 0.120 seconds
[2025-01-27T00:01:44.400+0000] {processor.py:186} INFO - Started process (PID=119) to work on /home/airflow/.local/lib/python3.12/site-packages/airflow/example_dags/example_branch_python_dop_operator_3.py
[2025-01-27T00:01:44.401+0000] {processor.py:914} INFO - Processing file /home/airflow/.local/lib/python3.12/site-packages/airflow/example_dags/example_branch_python_dop_operator_3.py for tasks to queue
[2025-01-27T00:01:44.403+0000] {logging_mixin.py:190} INFO - [2025-01-27T00:01:44.403+0000] {dagbag.py:588} INFO - Filling up the DagBag from /home/airflow/.local/lib/python3.12/site-packages/airflow/example_dags/example_branch_python_dop_operator_3.py
[2025-01-27T00:01:44.416+0000] {processor.py:925} INFO - DAG(s) 'example_branch_dop_operator_v3' retrieved from /home/airflow/.local/lib/python3.12/site-packages/airflow/example_dags/example_branch_python_dop_operator_3.py
[2025-01-27T00:01:44.435+0000] {logging_mixin.py:190} INFO - [2025-01-27T00:01:44.435+0000] {dag.py:3239} INFO - Sync 1 DAGs
[2025-01-27T00:01:44.464+0000] {logging_mixin.py:190} INFO - [2025-01-27T00:01:44.464+0000] {dag.py:4180} INFO - Setting next_dagrun for example_branch_dop_operator_v3 to 2025-01-27 00:00:00+00:00, run_after=2025-01-27 00:01:00+00:00
[2025-01-27T00:01:44.483+0000] {processor.py:208} INFO - Processing /home/airflow/.local/lib/python3.12/site-packages/airflow/example_dags/example_branch_python_dop_operator_3.py took 0.090 seconds
[2025-01-27T00:02:15.822+0000] {processor.py:186} INFO - Started process (PID=184) to work on /home/airflow/.local/lib/python3.12/site-packages/airflow/example_dags/example_branch_python_dop_operator_3.py
[2025-01-27T00:02:15.823+0000] {processor.py:914} INFO - Processing file /home/airflow/.local/lib/python3.12/site-packages/airflow/example_dags/example_branch_python_dop_operator_3.py for tasks to queue
[2025-01-27T00:02:15.827+0000] {logging_mixin.py:190} INFO - [2025-01-27T00:02:15.827+0000] {dagbag.py:588} INFO - Filling up the DagBag from /home/airflow/.local/lib/python3.12/site-packages/airflow/example_dags/example_branch_python_dop_operator_3.py
[2025-01-27T00:02:15.838+0000] {processor.py:925} INFO - DAG(s) 'example_branch_dop_operator_v3' retrieved from /home/airflow/.local/lib/python3.12/site-packages/airflow/example_dags/example_branch_python_dop_operator_3.py
[2025-01-27T00:02:15.866+0000] {logging_mixin.py:190} INFO - [2025-01-27T00:02:15.866+0000] {dag.py:3239} INFO - Sync 1 DAGs
[2025-01-27T00:02:15.905+0000] {logging_mixin.py:190} INFO - [2025-01-27T00:02:15.905+0000] {dag.py:4180} INFO - Setting next_dagrun for example_branch_dop_operator_v3 to 2025-01-27 00:01:00+00:00, run_after=2025-01-27 00:02:00+00:00
[2025-01-27T00:02:15.927+0000] {processor.py:208} INFO - Processing /home/airflow/.local/lib/python3.12/site-packages/airflow/example_dags/example_branch_python_dop_operator_3.py took 0.112 seconds
[2025-01-27T00:02:46.856+0000] {processor.py:186} INFO - Started process (PID=249) to work on /home/airflow/.local/lib/python3.12/site-packages/airflow/example_dags/example_branch_python_dop_operator_3.py
[2025-01-27T00:02:46.857+0000] {processor.py:914} INFO - Processing file /home/airflow/.local/lib/python3.12/site-packages/airflow/example_dags/example_branch_python_dop_operator_3.py for tasks to queue
[2025-01-27T00:02:46.860+0000] {logging_mixin.py:190} INFO - [2025-01-27T00:02:46.860+0000] {dagbag.py:588} INFO - Filling up the DagBag from /home/airflow/.local/lib/python3.12/site-packages/airflow/example_dags/example_branch_python_dop_operator_3.py
[2025-01-27T00:02:46.871+0000] {processor.py:925} INFO - DAG(s) 'example_branch_dop_operator_v3' retrieved from /home/airflow/.local/lib/python3.12/site-packages/airflow/example_dags/example_branch_python_dop_operator_3.py
[2025-01-27T00:02:46.891+0000] {logging_mixin.py:190} INFO - [2025-01-27T00:02:46.890+0000] {dag.py:3239} INFO - Sync 1 DAGs
[2025-01-27T00:02:46.918+0000] {logging_mixin.py:190} INFO - [2025-01-27T00:02:46.918+0000] {dag.py:4180} INFO - Setting next_dagrun for example_branch_dop_operator_v3 to 2025-01-27 00:01:00+00:00, run_after=2025-01-27 00:02:00+00:00
[2025-01-27T00:02:46.938+0000] {processor.py:208} INFO - Processing /home/airflow/.local/lib/python3.12/site-packages/airflow/example_dags/example_branch_python_dop_operator_3.py took 0.088 seconds
[2025-01-27T00:03:17.968+0000] {processor.py:186} INFO - Started process (PID=314) to work on /home/airflow/.local/lib/python3.12/site-packages/airflow/example_dags/example_branch_python_dop_operator_3.py
[2025-01-27T00:03:17.975+0000] {processor.py:914} INFO - Processing file /home/airflow/.local/lib/python3.12/site-packages/airflow/example_dags/example_branch_python_dop_operator_3.py for tasks to queue
[2025-01-27T00:03:17.981+0000] {logging_mixin.py:190} INFO - [2025-01-27T00:03:17.980+0000] {dagbag.py:588} INFO - Filling up the DagBag from /home/airflow/.local/lib/python3.12/site-packages/airflow/example_dags/example_branch_python_dop_operator_3.py
[2025-01-27T00:03:18.011+0000] {processor.py:925} INFO - DAG(s) 'example_branch_dop_operator_v3' retrieved from /home/airflow/.local/lib/python3.12/site-packages/airflow/example_dags/example_branch_python_dop_operator_3.py
[2025-01-27T00:03:18.056+0000] {logging_mixin.py:190} INFO - [2025-01-27T00:03:18.056+0000] {dag.py:3239} INFO - Sync 1 DAGs
[2025-01-27T00:03:18.151+0000] {logging_mixin.py:190} INFO - [2025-01-27T00:03:18.150+0000] {dag.py:4180} INFO - Setting next_dagrun for example_branch_dop_operator_v3 to 2025-01-27 00:02:00+00:00, run_after=2025-01-27 00:03:00+00:00
[2025-01-27T00:03:18.216+0000] {processor.py:208} INFO - Processing /home/airflow/.local/lib/python3.12/site-packages/airflow/example_dags/example_branch_python_dop_operator_3.py took 0.268 seconds
[2025-01-27T00:03:48.560+0000] {processor.py:186} INFO - Started process (PID=378) to work on /home/airflow/.local/lib/python3.12/site-packages/airflow/example_dags/example_branch_python_dop_operator_3.py
[2025-01-27T00:03:48.561+0000] {processor.py:914} INFO - Processing file /home/airflow/.local/lib/python3.12/site-packages/airflow/example_dags/example_branch_python_dop_operator_3.py for tasks to queue
[2025-01-27T00:03:48.563+0000] {logging_mixin.py:190} INFO - [2025-01-27T00:03:48.563+0000] {dagbag.py:588} INFO - Filling up the DagBag from /home/airflow/.local/lib/python3.12/site-packages/airflow/example_dags/example_branch_python_dop_operator_3.py
[2025-01-27T00:03:48.573+0000] {processor.py:925} INFO - DAG(s) 'example_branch_dop_operator_v3' retrieved from /home/airflow/.local/lib/python3.12/site-packages/airflow/example_dags/example_branch_python_dop_operator_3.py
[2025-01-27T00:03:48.591+0000] {logging_mixin.py:190} INFO - [2025-01-27T00:03:48.591+0000] {dag.py:3239} INFO - Sync 1 DAGs
[2025-01-27T00:03:48.615+0000] {logging_mixin.py:190} INFO - [2025-01-27T00:03:48.614+0000] {dag.py:4180} INFO - Setting next_dagrun for example_branch_dop_operator_v3 to 2025-01-27 00:02:00+00:00, run_after=2025-01-27 00:03:00+00:00
[2025-01-27T00:03:48.633+0000] {processor.py:208} INFO - Processing /home/airflow/.local/lib/python3.12/site-packages/airflow/example_dags/example_branch_python_dop_operator_3.py took 0.078 seconds
[2025-01-27T00:04:19.278+0000] {processor.py:186} INFO - Started process (PID=449) to work on /home/airflow/.local/lib/python3.12/site-packages/airflow/example_dags/example_branch_python_dop_operator_3.py
[2025-01-27T00:04:19.279+0000] {processor.py:914} INFO - Processing file /home/airflow/.local/lib/python3.12/site-packages/airflow/example_dags/example_branch_python_dop_operator_3.py for tasks to queue
[2025-01-27T00:04:19.282+0000] {logging_mixin.py:190} INFO - [2025-01-27T00:04:19.281+0000] {dagbag.py:588} INFO - Filling up the DagBag from /home/airflow/.local/lib/python3.12/site-packages/airflow/example_dags/example_branch_python_dop_operator_3.py
[2025-01-27T00:04:19.294+0000] {processor.py:925} INFO - DAG(s) 'example_branch_dop_operator_v3' retrieved from /home/airflow/.local/lib/python3.12/site-packages/airflow/example_dags/example_branch_python_dop_operator_3.py
[2025-01-27T00:04:19.313+0000] {logging_mixin.py:190} INFO - [2025-01-27T00:04:19.313+0000] {dag.py:3239} INFO - Sync 1 DAGs
[2025-01-27T00:04:19.346+0000] {logging_mixin.py:190} INFO - [2025-01-27T00:04:19.346+0000] {dag.py:4180} INFO - Setting next_dagrun for example_branch_dop_operator_v3 to 2025-01-27 00:03:00+00:00, run_after=2025-01-27 00:04:00+00:00
[2025-01-27T00:04:19.370+0000] {processor.py:208} INFO - Processing /home/airflow/.local/lib/python3.12/site-packages/airflow/example_dags/example_branch_python_dop_operator_3.py took 0.099 seconds
[2025-01-27T00:04:49.531+0000] {processor.py:186} INFO - Started process (PID=514) to work on /home/airflow/.local/lib/python3.12/site-packages/airflow/example_dags/example_branch_python_dop_operator_3.py
[2025-01-27T00:04:49.533+0000] {processor.py:914} INFO - Processing file /home/airflow/.local/lib/python3.12/site-packages/airflow/example_dags/example_branch_python_dop_operator_3.py for tasks to queue
[2025-01-27T00:04:49.536+0000] {logging_mixin.py:190} INFO - [2025-01-27T00:04:49.536+0000] {dagbag.py:588} INFO - Filling up the DagBag from /home/airflow/.local/lib/python3.12/site-packages/airflow/example_dags/example_branch_python_dop_operator_3.py
[2025-01-27T00:04:49.552+0000] {processor.py:925} INFO - DAG(s) 'example_branch_dop_operator_v3' retrieved from /home/airflow/.local/lib/python3.12/site-packages/airflow/example_dags/example_branch_python_dop_operator_3.py
[2025-01-27T00:04:49.575+0000] {logging_mixin.py:190} INFO - [2025-01-27T00:04:49.575+0000] {dag.py:3239} INFO - Sync 1 DAGs
[2025-01-27T00:04:49.610+0000] {logging_mixin.py:190} INFO - [2025-01-27T00:04:49.610+0000] {dag.py:4180} INFO - Setting next_dagrun for example_branch_dop_operator_v3 to 2025-01-27 00:03:00+00:00, run_after=2025-01-27 00:04:00+00:00
[2025-01-27T00:04:49.634+0000] {processor.py:208} INFO - Processing /home/airflow/.local/lib/python3.12/site-packages/airflow/example_dags/example_branch_python_dop_operator_3.py took 0.113 seconds
[2025-01-27T00:06:08.235+0000] {processor.py:186} INFO - Started process (PID=54) to work on /home/airflow/.local/lib/python3.12/site-packages/airflow/example_dags/example_branch_python_dop_operator_3.py
[2025-01-27T00:06:08.237+0000] {processor.py:914} INFO - Processing file /home/airflow/.local/lib/python3.12/site-packages/airflow/example_dags/example_branch_python_dop_operator_3.py for tasks to queue
[2025-01-27T00:06:08.250+0000] {logging_mixin.py:190} INFO - [2025-01-27T00:06:08.248+0000] {dagbag.py:588} INFO - Filling up the DagBag from /home/airflow/.local/lib/python3.12/site-packages/airflow/example_dags/example_branch_python_dop_operator_3.py
[2025-01-27T00:06:08.285+0000] {processor.py:925} INFO - DAG(s) 'example_branch_dop_operator_v3' retrieved from /home/airflow/.local/lib/python3.12/site-packages/airflow/example_dags/example_branch_python_dop_operator_3.py
[2025-01-27T00:06:09.654+0000] {logging_mixin.py:190} INFO - [2025-01-27T00:06:09.653+0000] {process_utils.py:266} INFO - Waiting up to 5 seconds for processes to exit...
[2025-01-27T00:07:11.051+0000] {processor.py:186} INFO - Started process (PID=54) to work on /home/airflow/.local/lib/python3.12/site-packages/airflow/example_dags/example_branch_python_dop_operator_3.py
[2025-01-27T00:07:11.052+0000] {processor.py:914} INFO - Processing file /home/airflow/.local/lib/python3.12/site-packages/airflow/example_dags/example_branch_python_dop_operator_3.py for tasks to queue
[2025-01-27T00:07:11.055+0000] {logging_mixin.py:190} INFO - [2025-01-27T00:07:11.054+0000] {dagbag.py:588} INFO - Filling up the DagBag from /home/airflow/.local/lib/python3.12/site-packages/airflow/example_dags/example_branch_python_dop_operator_3.py
[2025-01-27T00:07:11.066+0000] {processor.py:925} INFO - DAG(s) 'example_branch_dop_operator_v3' retrieved from /home/airflow/.local/lib/python3.12/site-packages/airflow/example_dags/example_branch_python_dop_operator_3.py
[2025-01-27T00:07:11.089+0000] {logging_mixin.py:190} INFO - [2025-01-27T00:07:11.089+0000] {dag.py:3239} INFO - Sync 1 DAGs
[2025-01-27T00:07:11.118+0000] {logging_mixin.py:190} INFO - [2025-01-27T00:07:11.117+0000] {dag.py:4180} INFO - Setting next_dagrun for example_branch_dop_operator_v3 to 2025-01-27 00:06:00+00:00, run_after=2025-01-27 00:07:00+00:00
[2025-01-27T00:07:11.137+0000] {processor.py:208} INFO - Processing /home/airflow/.local/lib/python3.12/site-packages/airflow/example_dags/example_branch_python_dop_operator_3.py took 0.091 seconds
[2025-01-27T00:07:42.406+0000] {processor.py:186} INFO - Started process (PID=120) to work on /home/airflow/.local/lib/python3.12/site-packages/airflow/example_dags/example_branch_python_dop_operator_3.py
[2025-01-27T00:07:42.407+0000] {processor.py:914} INFO - Processing file /home/airflow/.local/lib/python3.12/site-packages/airflow/example_dags/example_branch_python_dop_operator_3.py for tasks to queue
[2025-01-27T00:07:42.409+0000] {logging_mixin.py:190} INFO - [2025-01-27T00:07:42.409+0000] {dagbag.py:588} INFO - Filling up the DagBag from /home/airflow/.local/lib/python3.12/site-packages/airflow/example_dags/example_branch_python_dop_operator_3.py
[2025-01-27T00:07:42.420+0000] {processor.py:925} INFO - DAG(s) 'example_branch_dop_operator_v3' retrieved from /home/airflow/.local/lib/python3.12/site-packages/airflow/example_dags/example_branch_python_dop_operator_3.py
[2025-01-27T00:07:42.441+0000] {logging_mixin.py:190} INFO - [2025-01-27T00:07:42.441+0000] {dag.py:3239} INFO - Sync 1 DAGs
[2025-01-27T00:07:42.467+0000] {logging_mixin.py:190} INFO - [2025-01-27T00:07:42.467+0000] {dag.py:4180} INFO - Setting next_dagrun for example_branch_dop_operator_v3 to 2025-01-27 00:06:00+00:00, run_after=2025-01-27 00:07:00+00:00
[2025-01-27T00:07:42.486+0000] {processor.py:208} INFO - Processing /home/airflow/.local/lib/python3.12/site-packages/airflow/example_dags/example_branch_python_dop_operator_3.py took 0.086 seconds
[2025-01-27T00:08:13.447+0000] {processor.py:186} INFO - Started process (PID=185) to work on /home/airflow/.local/lib/python3.12/site-packages/airflow/example_dags/example_branch_python_dop_operator_3.py
[2025-01-27T00:08:13.448+0000] {processor.py:914} INFO - Processing file /home/airflow/.local/lib/python3.12/site-packages/airflow/example_dags/example_branch_python_dop_operator_3.py for tasks to queue
[2025-01-27T00:08:13.452+0000] {logging_mixin.py:190} INFO - [2025-01-27T00:08:13.451+0000] {dagbag.py:588} INFO - Filling up the DagBag from /home/airflow/.local/lib/python3.12/site-packages/airflow/example_dags/example_branch_python_dop_operator_3.py
[2025-01-27T00:08:13.467+0000] {processor.py:925} INFO - DAG(s) 'example_branch_dop_operator_v3' retrieved from /home/airflow/.local/lib/python3.12/site-packages/airflow/example_dags/example_branch_python_dop_operator_3.py
[2025-01-27T00:08:13.493+0000] {logging_mixin.py:190} INFO - [2025-01-27T00:08:13.493+0000] {dag.py:3239} INFO - Sync 1 DAGs
[2025-01-27T00:08:13.521+0000] {logging_mixin.py:190} INFO - [2025-01-27T00:08:13.520+0000] {dag.py:4180} INFO - Setting next_dagrun for example_branch_dop_operator_v3 to 2025-01-27 00:07:00+00:00, run_after=2025-01-27 00:08:00+00:00
[2025-01-27T00:08:13.542+0000] {processor.py:208} INFO - Processing /home/airflow/.local/lib/python3.12/site-packages/airflow/example_dags/example_branch_python_dop_operator_3.py took 0.105 seconds
[2025-01-27T00:08:45.193+0000] {processor.py:186} INFO - Started process (PID=250) to work on /home/airflow/.local/lib/python3.12/site-packages/airflow/example_dags/example_branch_python_dop_operator_3.py
[2025-01-27T00:08:45.194+0000] {processor.py:914} INFO - Processing file /home/airflow/.local/lib/python3.12/site-packages/airflow/example_dags/example_branch_python_dop_operator_3.py for tasks to queue
[2025-01-27T00:08:45.197+0000] {logging_mixin.py:190} INFO - [2025-01-27T00:08:45.197+0000] {dagbag.py:588} INFO - Filling up the DagBag from /home/airflow/.local/lib/python3.12/site-packages/airflow/example_dags/example_branch_python_dop_operator_3.py
[2025-01-27T00:08:45.209+0000] {processor.py:925} INFO - DAG(s) 'example_branch_dop_operator_v3' retrieved from /home/airflow/.local/lib/python3.12/site-packages/airflow/example_dags/example_branch_python_dop_operator_3.py
[2025-01-27T00:08:45.231+0000] {logging_mixin.py:190} INFO - [2025-01-27T00:08:45.230+0000] {dag.py:3239} INFO - Sync 1 DAGs
[2025-01-27T00:08:45.262+0000] {logging_mixin.py:190} INFO - [2025-01-27T00:08:45.262+0000] {dag.py:4180} INFO - Setting next_dagrun for example_branch_dop_operator_v3 to 2025-01-27 00:07:00+00:00, run_after=2025-01-27 00:08:00+00:00
[2025-01-27T00:08:45.284+0000] {processor.py:208} INFO - Processing /home/airflow/.local/lib/python3.12/site-packages/airflow/example_dags/example_branch_python_dop_operator_3.py took 0.096 seconds
[2025-01-27T00:09:16.414+0000] {processor.py:186} INFO - Started process (PID=315) to work on /home/airflow/.local/lib/python3.12/site-packages/airflow/example_dags/example_branch_python_dop_operator_3.py
[2025-01-27T00:09:16.416+0000] {processor.py:914} INFO - Processing file /home/airflow/.local/lib/python3.12/site-packages/airflow/example_dags/example_branch_python_dop_operator_3.py for tasks to queue
[2025-01-27T00:09:16.419+0000] {logging_mixin.py:190} INFO - [2025-01-27T00:09:16.418+0000] {dagbag.py:588} INFO - Filling up the DagBag from /home/airflow/.local/lib/python3.12/site-packages/airflow/example_dags/example_branch_python_dop_operator_3.py
[2025-01-27T00:09:16.433+0000] {processor.py:925} INFO - DAG(s) 'example_branch_dop_operator_v3' retrieved from /home/airflow/.local/lib/python3.12/site-packages/airflow/example_dags/example_branch_python_dop_operator_3.py
[2025-01-27T00:09:16.460+0000] {logging_mixin.py:190} INFO - [2025-01-27T00:09:16.459+0000] {dag.py:3239} INFO - Sync 1 DAGs
[2025-01-27T00:09:16.499+0000] {logging_mixin.py:190} INFO - [2025-01-27T00:09:16.498+0000] {dag.py:4180} INFO - Setting next_dagrun for example_branch_dop_operator_v3 to 2025-01-27 00:08:00+00:00, run_after=2025-01-27 00:09:00+00:00
[2025-01-27T00:09:16.527+0000] {processor.py:208} INFO - Processing /home/airflow/.local/lib/python3.12/site-packages/airflow/example_dags/example_branch_python_dop_operator_3.py took 0.120 seconds
[2025-01-27T00:09:47.308+0000] {processor.py:186} INFO - Started process (PID=379) to work on /home/airflow/.local/lib/python3.12/site-packages/airflow/example_dags/example_branch_python_dop_operator_3.py
[2025-01-27T00:09:47.309+0000] {processor.py:914} INFO - Processing file /home/airflow/.local/lib/python3.12/site-packages/airflow/example_dags/example_branch_python_dop_operator_3.py for tasks to queue
[2025-01-27T00:09:47.312+0000] {logging_mixin.py:190} INFO - [2025-01-27T00:09:47.312+0000] {dagbag.py:588} INFO - Filling up the DagBag from /home/airflow/.local/lib/python3.12/site-packages/airflow/example_dags/example_branch_python_dop_operator_3.py
[2025-01-27T00:09:47.325+0000] {processor.py:925} INFO - DAG(s) 'example_branch_dop_operator_v3' retrieved from /home/airflow/.local/lib/python3.12/site-packages/airflow/example_dags/example_branch_python_dop_operator_3.py
[2025-01-27T00:09:47.346+0000] {logging_mixin.py:190} INFO - [2025-01-27T00:09:47.346+0000] {dag.py:3239} INFO - Sync 1 DAGs
[2025-01-27T00:09:47.372+0000] {logging_mixin.py:190} INFO - [2025-01-27T00:09:47.372+0000] {dag.py:4180} INFO - Setting next_dagrun for example_branch_dop_operator_v3 to 2025-01-27 00:08:00+00:00, run_after=2025-01-27 00:09:00+00:00
[2025-01-27T00:09:47.393+0000] {processor.py:208} INFO - Processing /home/airflow/.local/lib/python3.12/site-packages/airflow/example_dags/example_branch_python_dop_operator_3.py took 0.091 seconds
[2025-01-27T00:10:18.900+0000] {processor.py:186} INFO - Started process (PID=450) to work on /home/airflow/.local/lib/python3.12/site-packages/airflow/example_dags/example_branch_python_dop_operator_3.py
[2025-01-27T00:10:18.901+0000] {processor.py:914} INFO - Processing file /home/airflow/.local/lib/python3.12/site-packages/airflow/example_dags/example_branch_python_dop_operator_3.py for tasks to queue
[2025-01-27T00:10:18.903+0000] {logging_mixin.py:190} INFO - [2025-01-27T00:10:18.903+0000] {dagbag.py:588} INFO - Filling up the DagBag from /home/airflow/.local/lib/python3.12/site-packages/airflow/example_dags/example_branch_python_dop_operator_3.py
[2025-01-27T00:10:18.913+0000] {processor.py:925} INFO - DAG(s) 'example_branch_dop_operator_v3' retrieved from /home/airflow/.local/lib/python3.12/site-packages/airflow/example_dags/example_branch_python_dop_operator_3.py
[2025-01-27T00:10:18.932+0000] {logging_mixin.py:190} INFO - [2025-01-27T00:10:18.932+0000] {dag.py:3239} INFO - Sync 1 DAGs
[2025-01-27T00:10:18.960+0000] {logging_mixin.py:190} INFO - [2025-01-27T00:10:18.960+0000] {dag.py:4180} INFO - Setting next_dagrun for example_branch_dop_operator_v3 to 2025-01-27 00:09:00+00:00, run_after=2025-01-27 00:10:00+00:00
[2025-01-27T00:10:18.979+0000] {processor.py:208} INFO - Processing /home/airflow/.local/lib/python3.12/site-packages/airflow/example_dags/example_branch_python_dop_operator_3.py took 0.085 seconds
[2025-01-27T00:10:50.126+0000] {processor.py:186} INFO - Started process (PID=515) to work on /home/airflow/.local/lib/python3.12/site-packages/airflow/example_dags/example_branch_python_dop_operator_3.py
[2025-01-27T00:10:50.127+0000] {processor.py:914} INFO - Processing file /home/airflow/.local/lib/python3.12/site-packages/airflow/example_dags/example_branch_python_dop_operator_3.py for tasks to queue
[2025-01-27T00:10:50.129+0000] {logging_mixin.py:190} INFO - [2025-01-27T00:10:50.129+0000] {dagbag.py:588} INFO - Filling up the DagBag from /home/airflow/.local/lib/python3.12/site-packages/airflow/example_dags/example_branch_python_dop_operator_3.py
[2025-01-27T00:10:50.141+0000] {processor.py:925} INFO - DAG(s) 'example_branch_dop_operator_v3' retrieved from /home/airflow/.local/lib/python3.12/site-packages/airflow/example_dags/example_branch_python_dop_operator_3.py
[2025-01-27T00:10:50.161+0000] {logging_mixin.py:190} INFO - [2025-01-27T00:10:50.161+0000] {dag.py:3239} INFO - Sync 1 DAGs
[2025-01-27T00:10:50.204+0000] {logging_mixin.py:190} INFO - [2025-01-27T00:10:50.204+0000] {dag.py:4180} INFO - Setting next_dagrun for example_branch_dop_operator_v3 to 2025-01-27 00:09:00+00:00, run_after=2025-01-27 00:10:00+00:00
[2025-01-27T00:10:50.226+0000] {processor.py:208} INFO - Processing /home/airflow/.local/lib/python3.12/site-packages/airflow/example_dags/example_branch_python_dop_operator_3.py took 0.105 seconds
[2025-01-27T00:12:32.279+0000] {processor.py:186} INFO - Started process (PID=55) to work on /home/airflow/.local/lib/python3.12/site-packages/airflow/example_dags/example_branch_python_dop_operator_3.py
[2025-01-27T00:12:32.280+0000] {processor.py:914} INFO - Processing file /home/airflow/.local/lib/python3.12/site-packages/airflow/example_dags/example_branch_python_dop_operator_3.py for tasks to queue
[2025-01-27T00:12:32.283+0000] {logging_mixin.py:190} INFO - [2025-01-27T00:12:32.282+0000] {dagbag.py:588} INFO - Filling up the DagBag from /home/airflow/.local/lib/python3.12/site-packages/airflow/example_dags/example_branch_python_dop_operator_3.py
[2025-01-27T00:12:32.294+0000] {processor.py:925} INFO - DAG(s) 'example_branch_dop_operator_v3' retrieved from /home/airflow/.local/lib/python3.12/site-packages/airflow/example_dags/example_branch_python_dop_operator_3.py
[2025-01-27T00:12:32.313+0000] {logging_mixin.py:190} INFO - [2025-01-27T00:12:32.313+0000] {dag.py:3239} INFO - Sync 1 DAGs
[2025-01-27T00:12:32.340+0000] {logging_mixin.py:190} INFO - [2025-01-27T00:12:32.340+0000] {dag.py:4180} INFO - Setting next_dagrun for example_branch_dop_operator_v3 to 2025-01-27 00:11:00+00:00, run_after=2025-01-27 00:12:00+00:00
[2025-01-27T00:12:32.359+0000] {processor.py:208} INFO - Processing /home/airflow/.local/lib/python3.12/site-packages/airflow/example_dags/example_branch_python_dop_operator_3.py took 0.085 seconds
[2025-01-27T00:13:03.356+0000] {processor.py:186} INFO - Started process (PID=120) to work on /home/airflow/.local/lib/python3.12/site-packages/airflow/example_dags/example_branch_python_dop_operator_3.py
[2025-01-27T00:13:03.357+0000] {processor.py:914} INFO - Processing file /home/airflow/.local/lib/python3.12/site-packages/airflow/example_dags/example_branch_python_dop_operator_3.py for tasks to queue
[2025-01-27T00:13:03.360+0000] {logging_mixin.py:190} INFO - [2025-01-27T00:13:03.359+0000] {dagbag.py:588} INFO - Filling up the DagBag from /home/airflow/.local/lib/python3.12/site-packages/airflow/example_dags/example_branch_python_dop_operator_3.py
[2025-01-27T00:13:03.371+0000] {processor.py:925} INFO - DAG(s) 'example_branch_dop_operator_v3' retrieved from /home/airflow/.local/lib/python3.12/site-packages/airflow/example_dags/example_branch_python_dop_operator_3.py
[2025-01-27T00:13:03.393+0000] {logging_mixin.py:190} INFO - [2025-01-27T00:13:03.393+0000] {dag.py:3239} INFO - Sync 1 DAGs
[2025-01-27T00:13:03.428+0000] {logging_mixin.py:190} INFO - [2025-01-27T00:13:03.427+0000] {dag.py:4180} INFO - Setting next_dagrun for example_branch_dop_operator_v3 to 2025-01-27 00:12:00+00:00, run_after=2025-01-27 00:13:00+00:00
[2025-01-27T00:13:03.449+0000] {processor.py:208} INFO - Processing /home/airflow/.local/lib/python3.12/site-packages/airflow/example_dags/example_branch_python_dop_operator_3.py took 0.098 seconds
[2025-01-27T00:13:34.799+0000] {processor.py:186} INFO - Started process (PID=185) to work on /home/airflow/.local/lib/python3.12/site-packages/airflow/example_dags/example_branch_python_dop_operator_3.py
[2025-01-27T00:13:34.800+0000] {processor.py:914} INFO - Processing file /home/airflow/.local/lib/python3.12/site-packages/airflow/example_dags/example_branch_python_dop_operator_3.py for tasks to queue
[2025-01-27T00:13:34.802+0000] {logging_mixin.py:190} INFO - [2025-01-27T00:13:34.802+0000] {dagbag.py:588} INFO - Filling up the DagBag from /home/airflow/.local/lib/python3.12/site-packages/airflow/example_dags/example_branch_python_dop_operator_3.py
[2025-01-27T00:13:34.819+0000] {processor.py:925} INFO - DAG(s) 'example_branch_dop_operator_v3' retrieved from /home/airflow/.local/lib/python3.12/site-packages/airflow/example_dags/example_branch_python_dop_operator_3.py
[2025-01-27T00:13:34.839+0000] {logging_mixin.py:190} INFO - [2025-01-27T00:13:34.839+0000] {dag.py:3239} INFO - Sync 1 DAGs
[2025-01-27T00:13:34.869+0000] {logging_mixin.py:190} INFO - [2025-01-27T00:13:34.869+0000] {dag.py:4180} INFO - Setting next_dagrun for example_branch_dop_operator_v3 to 2025-01-27 00:12:00+00:00, run_after=2025-01-27 00:13:00+00:00
[2025-01-27T00:13:34.890+0000] {processor.py:208} INFO - Processing /home/airflow/.local/lib/python3.12/site-packages/airflow/example_dags/example_branch_python_dop_operator_3.py took 0.098 seconds
[2025-01-27T00:14:06.314+0000] {processor.py:186} INFO - Started process (PID=251) to work on /home/airflow/.local/lib/python3.12/site-packages/airflow/example_dags/example_branch_python_dop_operator_3.py
[2025-01-27T00:14:06.316+0000] {processor.py:914} INFO - Processing file /home/airflow/.local/lib/python3.12/site-packages/airflow/example_dags/example_branch_python_dop_operator_3.py for tasks to queue
[2025-01-27T00:14:06.320+0000] {logging_mixin.py:190} INFO - [2025-01-27T00:14:06.319+0000] {dagbag.py:588} INFO - Filling up the DagBag from /home/airflow/.local/lib/python3.12/site-packages/airflow/example_dags/example_branch_python_dop_operator_3.py
[2025-01-27T00:14:06.329+0000] {processor.py:925} INFO - DAG(s) 'example_branch_dop_operator_v3' retrieved from /home/airflow/.local/lib/python3.12/site-packages/airflow/example_dags/example_branch_python_dop_operator_3.py
[2025-01-27T00:14:06.350+0000] {logging_mixin.py:190} INFO - [2025-01-27T00:14:06.350+0000] {dag.py:3239} INFO - Sync 1 DAGs
[2025-01-27T00:14:06.385+0000] {logging_mixin.py:190} INFO - [2025-01-27T00:14:06.385+0000] {dag.py:4180} INFO - Setting next_dagrun for example_branch_dop_operator_v3 to 2025-01-27 00:13:00+00:00, run_after=2025-01-27 00:14:00+00:00
[2025-01-27T00:14:06.415+0000] {processor.py:208} INFO - Processing /home/airflow/.local/lib/python3.12/site-packages/airflow/example_dags/example_branch_python_dop_operator_3.py took 0.108 seconds
[2025-01-27T00:14:37.560+0000] {processor.py:186} INFO - Started process (PID=316) to work on /home/airflow/.local/lib/python3.12/site-packages/airflow/example_dags/example_branch_python_dop_operator_3.py
[2025-01-27T00:14:37.561+0000] {processor.py:914} INFO - Processing file /home/airflow/.local/lib/python3.12/site-packages/airflow/example_dags/example_branch_python_dop_operator_3.py for tasks to queue
[2025-01-27T00:14:37.564+0000] {logging_mixin.py:190} INFO - [2025-01-27T00:14:37.564+0000] {dagbag.py:588} INFO - Filling up the DagBag from /home/airflow/.local/lib/python3.12/site-packages/airflow/example_dags/example_branch_python_dop_operator_3.py
[2025-01-27T00:14:37.579+0000] {processor.py:925} INFO - DAG(s) 'example_branch_dop_operator_v3' retrieved from /home/airflow/.local/lib/python3.12/site-packages/airflow/example_dags/example_branch_python_dop_operator_3.py
[2025-01-27T00:14:37.611+0000] {logging_mixin.py:190} INFO - [2025-01-27T00:14:37.610+0000] {dag.py:3239} INFO - Sync 1 DAGs
[2025-01-27T00:14:37.650+0000] {logging_mixin.py:190} INFO - [2025-01-27T00:14:37.650+0000] {dag.py:4180} INFO - Setting next_dagrun for example_branch_dop_operator_v3 to 2025-01-27 00:13:00+00:00, run_after=2025-01-27 00:14:00+00:00
[2025-01-27T00:14:37.684+0000] {processor.py:208} INFO - Processing /home/airflow/.local/lib/python3.12/site-packages/airflow/example_dags/example_branch_python_dop_operator_3.py took 0.130 seconds
[2025-01-27T00:15:08.854+0000] {processor.py:186} INFO - Started process (PID=387) to work on /home/airflow/.local/lib/python3.12/site-packages/airflow/example_dags/example_branch_python_dop_operator_3.py
[2025-01-27T00:15:08.855+0000] {processor.py:914} INFO - Processing file /home/airflow/.local/lib/python3.12/site-packages/airflow/example_dags/example_branch_python_dop_operator_3.py for tasks to queue
[2025-01-27T00:15:08.857+0000] {logging_mixin.py:190} INFO - [2025-01-27T00:15:08.857+0000] {dagbag.py:588} INFO - Filling up the DagBag from /home/airflow/.local/lib/python3.12/site-packages/airflow/example_dags/example_branch_python_dop_operator_3.py
[2025-01-27T00:15:08.875+0000] {processor.py:925} INFO - DAG(s) 'example_branch_dop_operator_v3' retrieved from /home/airflow/.local/lib/python3.12/site-packages/airflow/example_dags/example_branch_python_dop_operator_3.py
[2025-01-27T00:15:08.903+0000] {logging_mixin.py:190} INFO - [2025-01-27T00:15:08.903+0000] {dag.py:3239} INFO - Sync 1 DAGs
[2025-01-27T00:15:08.933+0000] {logging_mixin.py:190} INFO - [2025-01-27T00:15:08.932+0000] {dag.py:4180} INFO - Setting next_dagrun for example_branch_dop_operator_v3 to 2025-01-27 00:14:00+00:00, run_after=2025-01-27 00:15:00+00:00
[2025-01-27T00:15:08.954+0000] {processor.py:208} INFO - Processing /home/airflow/.local/lib/python3.12/site-packages/airflow/example_dags/example_branch_python_dop_operator_3.py took 0.106 seconds
[2025-01-27T00:16:28.311+0000] {processor.py:186} INFO - Started process (PID=55) to work on /home/airflow/.local/lib/python3.12/site-packages/airflow/example_dags/example_branch_python_dop_operator_3.py
[2025-01-27T00:16:28.312+0000] {processor.py:914} INFO - Processing file /home/airflow/.local/lib/python3.12/site-packages/airflow/example_dags/example_branch_python_dop_operator_3.py for tasks to queue
[2025-01-27T00:16:28.315+0000] {logging_mixin.py:190} INFO - [2025-01-27T00:16:28.314+0000] {dagbag.py:588} INFO - Filling up the DagBag from /home/airflow/.local/lib/python3.12/site-packages/airflow/example_dags/example_branch_python_dop_operator_3.py
[2025-01-27T00:16:28.326+0000] {processor.py:925} INFO - DAG(s) 'example_branch_dop_operator_v3' retrieved from /home/airflow/.local/lib/python3.12/site-packages/airflow/example_dags/example_branch_python_dop_operator_3.py
[2025-01-27T00:16:28.354+0000] {logging_mixin.py:190} INFO - [2025-01-27T00:16:28.354+0000] {dag.py:3239} INFO - Sync 1 DAGs
[2025-01-27T00:16:28.416+0000] {logging_mixin.py:190} INFO - [2025-01-27T00:16:28.416+0000] {dag.py:4180} INFO - Setting next_dagrun for example_branch_dop_operator_v3 to 2025-01-27 00:15:00+00:00, run_after=2025-01-27 00:16:00+00:00
[2025-01-27T00:16:28.484+0000] {processor.py:208} INFO - Processing /home/airflow/.local/lib/python3.12/site-packages/airflow/example_dags/example_branch_python_dop_operator_3.py took 0.178 seconds
[2025-01-27T00:16:59.884+0000] {processor.py:186} INFO - Started process (PID=128) to work on /home/airflow/.local/lib/python3.12/site-packages/airflow/example_dags/example_branch_python_dop_operator_3.py
[2025-01-27T00:16:59.885+0000] {processor.py:914} INFO - Processing file /home/airflow/.local/lib/python3.12/site-packages/airflow/example_dags/example_branch_python_dop_operator_3.py for tasks to queue
[2025-01-27T00:16:59.888+0000] {logging_mixin.py:190} INFO - [2025-01-27T00:16:59.888+0000] {dagbag.py:588} INFO - Filling up the DagBag from /home/airflow/.local/lib/python3.12/site-packages/airflow/example_dags/example_branch_python_dop_operator_3.py
[2025-01-27T00:16:59.901+0000] {processor.py:925} INFO - DAG(s) 'example_branch_dop_operator_v3' retrieved from /home/airflow/.local/lib/python3.12/site-packages/airflow/example_dags/example_branch_python_dop_operator_3.py
[2025-01-27T00:16:59.922+0000] {logging_mixin.py:190} INFO - [2025-01-27T00:16:59.921+0000] {dag.py:3239} INFO - Sync 1 DAGs
[2025-01-27T00:16:59.954+0000] {logging_mixin.py:190} INFO - [2025-01-27T00:16:59.954+0000] {dag.py:4180} INFO - Setting next_dagrun for example_branch_dop_operator_v3 to 2025-01-27 00:15:00+00:00, run_after=2025-01-27 00:16:00+00:00
[2025-01-27T00:16:59.976+0000] {processor.py:208} INFO - Processing /home/airflow/.local/lib/python3.12/site-packages/airflow/example_dags/example_branch_python_dop_operator_3.py took 0.098 seconds
[2025-01-27T00:17:30.883+0000] {processor.py:186} INFO - Started process (PID=194) to work on /home/airflow/.local/lib/python3.12/site-packages/airflow/example_dags/example_branch_python_dop_operator_3.py
[2025-01-27T00:17:30.884+0000] {processor.py:914} INFO - Processing file /home/airflow/.local/lib/python3.12/site-packages/airflow/example_dags/example_branch_python_dop_operator_3.py for tasks to queue
[2025-01-27T00:17:30.886+0000] {logging_mixin.py:190} INFO - [2025-01-27T00:17:30.886+0000] {dagbag.py:588} INFO - Filling up the DagBag from /home/airflow/.local/lib/python3.12/site-packages/airflow/example_dags/example_branch_python_dop_operator_3.py
[2025-01-27T00:17:30.896+0000] {processor.py:925} INFO - DAG(s) 'example_branch_dop_operator_v3' retrieved from /home/airflow/.local/lib/python3.12/site-packages/airflow/example_dags/example_branch_python_dop_operator_3.py
[2025-01-27T00:17:30.915+0000] {logging_mixin.py:190} INFO - [2025-01-27T00:17:30.915+0000] {dag.py:3239} INFO - Sync 1 DAGs
[2025-01-27T00:17:30.943+0000] {logging_mixin.py:190} INFO - [2025-01-27T00:17:30.943+0000] {dag.py:4180} INFO - Setting next_dagrun for example_branch_dop_operator_v3 to 2025-01-27 00:16:00+00:00, run_after=2025-01-27 00:17:00+00:00
[2025-01-27T00:17:30.965+0000] {processor.py:208} INFO - Processing /home/airflow/.local/lib/python3.12/site-packages/airflow/example_dags/example_branch_python_dop_operator_3.py took 0.088 seconds
[2025-01-27T00:18:02.315+0000] {processor.py:186} INFO - Started process (PID=260) to work on /home/airflow/.local/lib/python3.12/site-packages/airflow/example_dags/example_branch_python_dop_operator_3.py
[2025-01-27T00:18:02.316+0000] {processor.py:914} INFO - Processing file /home/airflow/.local/lib/python3.12/site-packages/airflow/example_dags/example_branch_python_dop_operator_3.py for tasks to queue
[2025-01-27T00:18:02.319+0000] {logging_mixin.py:190} INFO - [2025-01-27T00:18:02.318+0000] {dagbag.py:588} INFO - Filling up the DagBag from /home/airflow/.local/lib/python3.12/site-packages/airflow/example_dags/example_branch_python_dop_operator_3.py
[2025-01-27T00:18:02.330+0000] {processor.py:925} INFO - DAG(s) 'example_branch_dop_operator_v3' retrieved from /home/airflow/.local/lib/python3.12/site-packages/airflow/example_dags/example_branch_python_dop_operator_3.py
[2025-01-27T00:18:02.352+0000] {logging_mixin.py:190} INFO - [2025-01-27T00:18:02.352+0000] {dag.py:3239} INFO - Sync 1 DAGs
[2025-01-27T00:18:02.390+0000] {logging_mixin.py:190} INFO - [2025-01-27T00:18:02.389+0000] {dag.py:4180} INFO - Setting next_dagrun for example_branch_dop_operator_v3 to 2025-01-27 00:17:00+00:00, run_after=2025-01-27 00:18:00+00:00
[2025-01-27T00:18:02.427+0000] {processor.py:208} INFO - Processing /home/airflow/.local/lib/python3.12/site-packages/airflow/example_dags/example_branch_python_dop_operator_3.py took 0.119 seconds
[2025-01-27T00:18:33.202+0000] {processor.py:186} INFO - Started process (PID=326) to work on /home/airflow/.local/lib/python3.12/site-packages/airflow/example_dags/example_branch_python_dop_operator_3.py
[2025-01-27T00:18:33.204+0000] {processor.py:914} INFO - Processing file /home/airflow/.local/lib/python3.12/site-packages/airflow/example_dags/example_branch_python_dop_operator_3.py for tasks to queue
[2025-01-27T00:18:33.206+0000] {logging_mixin.py:190} INFO - [2025-01-27T00:18:33.206+0000] {dagbag.py:588} INFO - Filling up the DagBag from /home/airflow/.local/lib/python3.12/site-packages/airflow/example_dags/example_branch_python_dop_operator_3.py
[2025-01-27T00:18:33.216+0000] {processor.py:925} INFO - DAG(s) 'example_branch_dop_operator_v3' retrieved from /home/airflow/.local/lib/python3.12/site-packages/airflow/example_dags/example_branch_python_dop_operator_3.py
[2025-01-27T00:18:33.236+0000] {logging_mixin.py:190} INFO - [2025-01-27T00:18:33.236+0000] {dag.py:3239} INFO - Sync 1 DAGs
[2025-01-27T00:18:33.266+0000] {logging_mixin.py:190} INFO - [2025-01-27T00:18:33.266+0000] {dag.py:4180} INFO - Setting next_dagrun for example_branch_dop_operator_v3 to 2025-01-27 00:17:00+00:00, run_after=2025-01-27 00:18:00+00:00
[2025-01-27T00:18:33.286+0000] {processor.py:208} INFO - Processing /home/airflow/.local/lib/python3.12/site-packages/airflow/example_dags/example_branch_python_dop_operator_3.py took 0.089 seconds
[2025-01-27T00:19:04.580+0000] {processor.py:186} INFO - Started process (PID=393) to work on /home/airflow/.local/lib/python3.12/site-packages/airflow/example_dags/example_branch_python_dop_operator_3.py
[2025-01-27T00:19:04.581+0000] {processor.py:914} INFO - Processing file /home/airflow/.local/lib/python3.12/site-packages/airflow/example_dags/example_branch_python_dop_operator_3.py for tasks to queue
[2025-01-27T00:19:04.583+0000] {logging_mixin.py:190} INFO - [2025-01-27T00:19:04.583+0000] {dagbag.py:588} INFO - Filling up the DagBag from /home/airflow/.local/lib/python3.12/site-packages/airflow/example_dags/example_branch_python_dop_operator_3.py
[2025-01-27T00:19:04.593+0000] {processor.py:925} INFO - DAG(s) 'example_branch_dop_operator_v3' retrieved from /home/airflow/.local/lib/python3.12/site-packages/airflow/example_dags/example_branch_python_dop_operator_3.py
[2025-01-27T00:19:04.613+0000] {logging_mixin.py:190} INFO - [2025-01-27T00:19:04.613+0000] {dag.py:3239} INFO - Sync 1 DAGs
[2025-01-27T00:19:04.643+0000] {logging_mixin.py:190} INFO - [2025-01-27T00:19:04.643+0000] {dag.py:4180} INFO - Setting next_dagrun for example_branch_dop_operator_v3 to 2025-01-27 00:18:00+00:00, run_after=2025-01-27 00:19:00+00:00
[2025-01-27T00:19:04.663+0000] {processor.py:208} INFO - Processing /home/airflow/.local/lib/python3.12/site-packages/airflow/example_dags/example_branch_python_dop_operator_3.py took 0.089 seconds
[2025-01-27T00:19:35.709+0000] {processor.py:186} INFO - Started process (PID=458) to work on /home/airflow/.local/lib/python3.12/site-packages/airflow/example_dags/example_branch_python_dop_operator_3.py
[2025-01-27T00:19:35.710+0000] {processor.py:914} INFO - Processing file /home/airflow/.local/lib/python3.12/site-packages/airflow/example_dags/example_branch_python_dop_operator_3.py for tasks to queue
[2025-01-27T00:19:35.712+0000] {logging_mixin.py:190} INFO - [2025-01-27T00:19:35.712+0000] {dagbag.py:588} INFO - Filling up the DagBag from /home/airflow/.local/lib/python3.12/site-packages/airflow/example_dags/example_branch_python_dop_operator_3.py
[2025-01-27T00:19:35.722+0000] {processor.py:925} INFO - DAG(s) 'example_branch_dop_operator_v3' retrieved from /home/airflow/.local/lib/python3.12/site-packages/airflow/example_dags/example_branch_python_dop_operator_3.py
[2025-01-27T00:19:35.743+0000] {logging_mixin.py:190} INFO - [2025-01-27T00:19:35.743+0000] {dag.py:3239} INFO - Sync 1 DAGs
[2025-01-27T00:19:35.772+0000] {logging_mixin.py:190} INFO - [2025-01-27T00:19:35.772+0000] {dag.py:4180} INFO - Setting next_dagrun for example_branch_dop_operator_v3 to 2025-01-27 00:18:00+00:00, run_after=2025-01-27 00:19:00+00:00
[2025-01-27T00:19:35.792+0000] {processor.py:208} INFO - Processing /home/airflow/.local/lib/python3.12/site-packages/airflow/example_dags/example_branch_python_dop_operator_3.py took 0.089 seconds
[2025-01-27T00:20:07.151+0000] {processor.py:186} INFO - Started process (PID=524) to work on /home/airflow/.local/lib/python3.12/site-packages/airflow/example_dags/example_branch_python_dop_operator_3.py
[2025-01-27T00:20:07.152+0000] {processor.py:914} INFO - Processing file /home/airflow/.local/lib/python3.12/site-packages/airflow/example_dags/example_branch_python_dop_operator_3.py for tasks to queue
[2025-01-27T00:20:07.154+0000] {logging_mixin.py:190} INFO - [2025-01-27T00:20:07.154+0000] {dagbag.py:588} INFO - Filling up the DagBag from /home/airflow/.local/lib/python3.12/site-packages/airflow/example_dags/example_branch_python_dop_operator_3.py
[2025-01-27T00:20:07.166+0000] {processor.py:925} INFO - DAG(s) 'example_branch_dop_operator_v3' retrieved from /home/airflow/.local/lib/python3.12/site-packages/airflow/example_dags/example_branch_python_dop_operator_3.py
[2025-01-27T00:20:07.186+0000] {logging_mixin.py:190} INFO - [2025-01-27T00:20:07.186+0000] {dag.py:3239} INFO - Sync 1 DAGs
[2025-01-27T00:20:07.217+0000] {logging_mixin.py:190} INFO - [2025-01-27T00:20:07.216+0000] {dag.py:4180} INFO - Setting next_dagrun for example_branch_dop_operator_v3 to 2025-01-27 00:19:00+00:00, run_after=2025-01-27 00:20:00+00:00
[2025-01-27T00:20:07.236+0000] {processor.py:208} INFO - Processing /home/airflow/.local/lib/python3.12/site-packages/airflow/example_dags/example_branch_python_dop_operator_3.py took 0.092 seconds
[2025-01-27T00:20:38.418+0000] {processor.py:186} INFO - Started process (PID=590) to work on /home/airflow/.local/lib/python3.12/site-packages/airflow/example_dags/example_branch_python_dop_operator_3.py
[2025-01-27T00:20:38.419+0000] {processor.py:914} INFO - Processing file /home/airflow/.local/lib/python3.12/site-packages/airflow/example_dags/example_branch_python_dop_operator_3.py for tasks to queue
[2025-01-27T00:20:38.422+0000] {logging_mixin.py:190} INFO - [2025-01-27T00:20:38.422+0000] {dagbag.py:588} INFO - Filling up the DagBag from /home/airflow/.local/lib/python3.12/site-packages/airflow/example_dags/example_branch_python_dop_operator_3.py
[2025-01-27T00:20:38.432+0000] {processor.py:925} INFO - DAG(s) 'example_branch_dop_operator_v3' retrieved from /home/airflow/.local/lib/python3.12/site-packages/airflow/example_dags/example_branch_python_dop_operator_3.py
[2025-01-27T00:20:38.451+0000] {logging_mixin.py:190} INFO - [2025-01-27T00:20:38.451+0000] {dag.py:3239} INFO - Sync 1 DAGs
[2025-01-27T00:20:38.482+0000] {logging_mixin.py:190} INFO - [2025-01-27T00:20:38.482+0000] {dag.py:4180} INFO - Setting next_dagrun for example_branch_dop_operator_v3 to 2025-01-27 00:19:00+00:00, run_after=2025-01-27 00:20:00+00:00
[2025-01-27T00:20:38.503+0000] {processor.py:208} INFO - Processing /home/airflow/.local/lib/python3.12/site-packages/airflow/example_dags/example_branch_python_dop_operator_3.py took 0.090 seconds
[2025-01-27T00:21:09.813+0000] {processor.py:186} INFO - Started process (PID=656) to work on /home/airflow/.local/lib/python3.12/site-packages/airflow/example_dags/example_branch_python_dop_operator_3.py
[2025-01-27T00:21:09.814+0000] {processor.py:914} INFO - Processing file /home/airflow/.local/lib/python3.12/site-packages/airflow/example_dags/example_branch_python_dop_operator_3.py for tasks to queue
[2025-01-27T00:21:09.817+0000] {logging_mixin.py:190} INFO - [2025-01-27T00:21:09.817+0000] {dagbag.py:588} INFO - Filling up the DagBag from /home/airflow/.local/lib/python3.12/site-packages/airflow/example_dags/example_branch_python_dop_operator_3.py
[2025-01-27T00:21:09.832+0000] {processor.py:925} INFO - DAG(s) 'example_branch_dop_operator_v3' retrieved from /home/airflow/.local/lib/python3.12/site-packages/airflow/example_dags/example_branch_python_dop_operator_3.py
[2025-01-27T00:21:09.855+0000] {logging_mixin.py:190} INFO - [2025-01-27T00:21:09.855+0000] {dag.py:3239} INFO - Sync 1 DAGs
[2025-01-27T00:21:09.900+0000] {logging_mixin.py:190} INFO - [2025-01-27T00:21:09.900+0000] {dag.py:4180} INFO - Setting next_dagrun for example_branch_dop_operator_v3 to 2025-01-27 00:20:00+00:00, run_after=2025-01-27 00:21:00+00:00
[2025-01-27T00:21:09.934+0000] {processor.py:208} INFO - Processing /home/airflow/.local/lib/python3.12/site-packages/airflow/example_dags/example_branch_python_dop_operator_3.py took 0.129 seconds
[2025-01-27T00:21:40.794+0000] {processor.py:186} INFO - Started process (PID=723) to work on /home/airflow/.local/lib/python3.12/site-packages/airflow/example_dags/example_branch_python_dop_operator_3.py
[2025-01-27T00:21:40.795+0000] {processor.py:914} INFO - Processing file /home/airflow/.local/lib/python3.12/site-packages/airflow/example_dags/example_branch_python_dop_operator_3.py for tasks to queue
[2025-01-27T00:21:40.798+0000] {logging_mixin.py:190} INFO - [2025-01-27T00:21:40.798+0000] {dagbag.py:588} INFO - Filling up the DagBag from /home/airflow/.local/lib/python3.12/site-packages/airflow/example_dags/example_branch_python_dop_operator_3.py
[2025-01-27T00:21:40.817+0000] {processor.py:925} INFO - DAG(s) 'example_branch_dop_operator_v3' retrieved from /home/airflow/.local/lib/python3.12/site-packages/airflow/example_dags/example_branch_python_dop_operator_3.py
[2025-01-27T00:21:40.840+0000] {logging_mixin.py:190} INFO - [2025-01-27T00:21:40.839+0000] {dag.py:3239} INFO - Sync 1 DAGs
[2025-01-27T00:21:40.875+0000] {logging_mixin.py:190} INFO - [2025-01-27T00:21:40.875+0000] {dag.py:4180} INFO - Setting next_dagrun for example_branch_dop_operator_v3 to 2025-01-27 00:20:00+00:00, run_after=2025-01-27 00:21:00+00:00
[2025-01-27T00:21:40.895+0000] {processor.py:208} INFO - Processing /home/airflow/.local/lib/python3.12/site-packages/airflow/example_dags/example_branch_python_dop_operator_3.py took 0.109 seconds
[2025-01-27T00:22:11.894+0000] {processor.py:186} INFO - Started process (PID=789) to work on /home/airflow/.local/lib/python3.12/site-packages/airflow/example_dags/example_branch_python_dop_operator_3.py
[2025-01-27T00:22:11.896+0000] {processor.py:914} INFO - Processing file /home/airflow/.local/lib/python3.12/site-packages/airflow/example_dags/example_branch_python_dop_operator_3.py for tasks to queue
[2025-01-27T00:22:11.899+0000] {logging_mixin.py:190} INFO - [2025-01-27T00:22:11.899+0000] {dagbag.py:588} INFO - Filling up the DagBag from /home/airflow/.local/lib/python3.12/site-packages/airflow/example_dags/example_branch_python_dop_operator_3.py
[2025-01-27T00:22:11.920+0000] {processor.py:925} INFO - DAG(s) 'example_branch_dop_operator_v3' retrieved from /home/airflow/.local/lib/python3.12/site-packages/airflow/example_dags/example_branch_python_dop_operator_3.py
[2025-01-27T00:22:11.963+0000] {logging_mixin.py:190} INFO - [2025-01-27T00:22:11.963+0000] {dag.py:3239} INFO - Sync 1 DAGs
[2025-01-27T00:22:12.051+0000] {logging_mixin.py:190} INFO - [2025-01-27T00:22:12.051+0000] {dag.py:4180} INFO - Setting next_dagrun for example_branch_dop_operator_v3 to 2025-01-27 00:21:00+00:00, run_after=2025-01-27 00:22:00+00:00
[2025-01-27T00:22:12.097+0000] {processor.py:208} INFO - Processing /home/airflow/.local/lib/python3.12/site-packages/airflow/example_dags/example_branch_python_dop_operator_3.py took 0.211 seconds
[2025-01-27T00:26:32.784+0000] {processor.py:186} INFO - Started process (PID=62) to work on /home/airflow/.local/lib/python3.12/site-packages/airflow/example_dags/example_branch_python_dop_operator_3.py
[2025-01-27T00:26:32.789+0000] {processor.py:914} INFO - Processing file /home/airflow/.local/lib/python3.12/site-packages/airflow/example_dags/example_branch_python_dop_operator_3.py for tasks to queue
[2025-01-27T00:26:32.809+0000] {logging_mixin.py:190} INFO - [2025-01-27T00:26:32.809+0000] {dagbag.py:588} INFO - Filling up the DagBag from /home/airflow/.local/lib/python3.12/site-packages/airflow/example_dags/example_branch_python_dop_operator_3.py
[2025-01-27T00:26:32.833+0000] {processor.py:925} INFO - DAG(s) 'example_branch_dop_operator_v3' retrieved from /home/airflow/.local/lib/python3.12/site-packages/airflow/example_dags/example_branch_python_dop_operator_3.py
[2025-01-27T00:26:32.874+0000] {logging_mixin.py:190} INFO - [2025-01-27T00:26:32.874+0000] {dag.py:3239} INFO - Sync 1 DAGs
[2025-01-27T00:26:32.953+0000] {logging_mixin.py:190} INFO - [2025-01-27T00:26:32.953+0000] {dag.py:4180} INFO - Setting next_dagrun for example_branch_dop_operator_v3 to 2025-01-27 00:25:00+00:00, run_after=2025-01-27 00:26:00+00:00
[2025-01-27T00:26:32.990+0000] {processor.py:208} INFO - Processing /home/airflow/.local/lib/python3.12/site-packages/airflow/example_dags/example_branch_python_dop_operator_3.py took 0.218 seconds
[2025-01-27T00:27:04.597+0000] {processor.py:186} INFO - Started process (PID=129) to work on /home/airflow/.local/lib/python3.12/site-packages/airflow/example_dags/example_branch_python_dop_operator_3.py
[2025-01-27T00:27:04.598+0000] {processor.py:914} INFO - Processing file /home/airflow/.local/lib/python3.12/site-packages/airflow/example_dags/example_branch_python_dop_operator_3.py for tasks to queue
[2025-01-27T00:27:04.601+0000] {logging_mixin.py:190} INFO - [2025-01-27T00:27:04.600+0000] {dagbag.py:588} INFO - Filling up the DagBag from /home/airflow/.local/lib/python3.12/site-packages/airflow/example_dags/example_branch_python_dop_operator_3.py
[2025-01-27T00:27:04.611+0000] {processor.py:925} INFO - DAG(s) 'example_branch_dop_operator_v3' retrieved from /home/airflow/.local/lib/python3.12/site-packages/airflow/example_dags/example_branch_python_dop_operator_3.py
[2025-01-27T00:27:04.630+0000] {logging_mixin.py:190} INFO - [2025-01-27T00:27:04.630+0000] {dag.py:3239} INFO - Sync 1 DAGs
[2025-01-27T00:27:04.658+0000] {logging_mixin.py:190} INFO - [2025-01-27T00:27:04.658+0000] {dag.py:4180} INFO - Setting next_dagrun for example_branch_dop_operator_v3 to 2025-01-27 00:26:00+00:00, run_after=2025-01-27 00:27:00+00:00
[2025-01-27T00:27:04.679+0000] {processor.py:208} INFO - Processing /home/airflow/.local/lib/python3.12/site-packages/airflow/example_dags/example_branch_python_dop_operator_3.py took 0.088 seconds
[2025-01-27T00:27:35.802+0000] {processor.py:186} INFO - Started process (PID=194) to work on /home/airflow/.local/lib/python3.12/site-packages/airflow/example_dags/example_branch_python_dop_operator_3.py
[2025-01-27T00:27:35.803+0000] {processor.py:914} INFO - Processing file /home/airflow/.local/lib/python3.12/site-packages/airflow/example_dags/example_branch_python_dop_operator_3.py for tasks to queue
[2025-01-27T00:27:35.805+0000] {logging_mixin.py:190} INFO - [2025-01-27T00:27:35.805+0000] {dagbag.py:588} INFO - Filling up the DagBag from /home/airflow/.local/lib/python3.12/site-packages/airflow/example_dags/example_branch_python_dop_operator_3.py
[2025-01-27T00:27:35.821+0000] {processor.py:925} INFO - DAG(s) 'example_branch_dop_operator_v3' retrieved from /home/airflow/.local/lib/python3.12/site-packages/airflow/example_dags/example_branch_python_dop_operator_3.py
[2025-01-27T00:27:35.843+0000] {logging_mixin.py:190} INFO - [2025-01-27T00:27:35.843+0000] {dag.py:3239} INFO - Sync 1 DAGs
[2025-01-27T00:27:35.880+0000] {logging_mixin.py:190} INFO - [2025-01-27T00:27:35.880+0000] {dag.py:4180} INFO - Setting next_dagrun for example_branch_dop_operator_v3 to 2025-01-27 00:26:00+00:00, run_after=2025-01-27 00:27:00+00:00
[2025-01-27T00:27:35.902+0000] {processor.py:208} INFO - Processing /home/airflow/.local/lib/python3.12/site-packages/airflow/example_dags/example_branch_python_dop_operator_3.py took 0.106 seconds
[2025-01-27T00:28:06.526+0000] {processor.py:186} INFO - Started process (PID=260) to work on /home/airflow/.local/lib/python3.12/site-packages/airflow/example_dags/example_branch_python_dop_operator_3.py
[2025-01-27T00:28:06.527+0000] {processor.py:914} INFO - Processing file /home/airflow/.local/lib/python3.12/site-packages/airflow/example_dags/example_branch_python_dop_operator_3.py for tasks to queue
[2025-01-27T00:28:06.529+0000] {logging_mixin.py:190} INFO - [2025-01-27T00:28:06.529+0000] {dagbag.py:588} INFO - Filling up the DagBag from /home/airflow/.local/lib/python3.12/site-packages/airflow/example_dags/example_branch_python_dop_operator_3.py
[2025-01-27T00:28:06.540+0000] {processor.py:925} INFO - DAG(s) 'example_branch_dop_operator_v3' retrieved from /home/airflow/.local/lib/python3.12/site-packages/airflow/example_dags/example_branch_python_dop_operator_3.py
[2025-01-27T00:28:06.561+0000] {logging_mixin.py:190} INFO - [2025-01-27T00:28:06.560+0000] {dag.py:3239} INFO - Sync 1 DAGs
[2025-01-27T00:28:06.593+0000] {logging_mixin.py:190} INFO - [2025-01-27T00:28:06.592+0000] {dag.py:4180} INFO - Setting next_dagrun for example_branch_dop_operator_v3 to 2025-01-27 00:27:00+00:00, run_after=2025-01-27 00:28:00+00:00
[2025-01-27T00:28:06.614+0000] {processor.py:208} INFO - Processing /home/airflow/.local/lib/python3.12/site-packages/airflow/example_dags/example_branch_python_dop_operator_3.py took 0.097 seconds
[2025-01-27T00:29:30.323+0000] {processor.py:186} INFO - Started process (PID=55) to work on /home/airflow/.local/lib/python3.12/site-packages/airflow/example_dags/example_branch_python_dop_operator_3.py
[2025-01-27T00:29:30.324+0000] {processor.py:914} INFO - Processing file /home/airflow/.local/lib/python3.12/site-packages/airflow/example_dags/example_branch_python_dop_operator_3.py for tasks to queue
[2025-01-27T00:29:30.326+0000] {logging_mixin.py:190} INFO - [2025-01-27T00:29:30.326+0000] {dagbag.py:588} INFO - Filling up the DagBag from /home/airflow/.local/lib/python3.12/site-packages/airflow/example_dags/example_branch_python_dop_operator_3.py
[2025-01-27T00:29:30.340+0000] {processor.py:925} INFO - DAG(s) 'example_branch_dop_operator_v3' retrieved from /home/airflow/.local/lib/python3.12/site-packages/airflow/example_dags/example_branch_python_dop_operator_3.py
[2025-01-27T00:29:30.360+0000] {logging_mixin.py:190} INFO - [2025-01-27T00:29:30.359+0000] {dag.py:3239} INFO - Sync 1 DAGs
[2025-01-27T00:29:30.387+0000] {logging_mixin.py:190} INFO - [2025-01-27T00:29:30.387+0000] {dag.py:4180} INFO - Setting next_dagrun for example_branch_dop_operator_v3 to 2025-01-27 00:28:00+00:00, run_after=2025-01-27 00:29:00+00:00
[2025-01-27T00:29:30.407+0000] {processor.py:208} INFO - Processing /home/airflow/.local/lib/python3.12/site-packages/airflow/example_dags/example_branch_python_dop_operator_3.py took 0.090 seconds
[2025-01-27T00:30:01.455+0000] {processor.py:186} INFO - Started process (PID=120) to work on /home/airflow/.local/lib/python3.12/site-packages/airflow/example_dags/example_branch_python_dop_operator_3.py
[2025-01-27T00:30:01.456+0000] {processor.py:914} INFO - Processing file /home/airflow/.local/lib/python3.12/site-packages/airflow/example_dags/example_branch_python_dop_operator_3.py for tasks to queue
[2025-01-27T00:30:01.460+0000] {logging_mixin.py:190} INFO - [2025-01-27T00:30:01.459+0000] {dagbag.py:588} INFO - Filling up the DagBag from /home/airflow/.local/lib/python3.12/site-packages/airflow/example_dags/example_branch_python_dop_operator_3.py
[2025-01-27T00:30:01.477+0000] {processor.py:925} INFO - DAG(s) 'example_branch_dop_operator_v3' retrieved from /home/airflow/.local/lib/python3.12/site-packages/airflow/example_dags/example_branch_python_dop_operator_3.py
[2025-01-27T00:30:01.511+0000] {logging_mixin.py:190} INFO - [2025-01-27T00:30:01.511+0000] {dag.py:3239} INFO - Sync 1 DAGs
[2025-01-27T00:30:01.560+0000] {logging_mixin.py:190} INFO - [2025-01-27T00:30:01.559+0000] {dag.py:4180} INFO - Setting next_dagrun for example_branch_dop_operator_v3 to 2025-01-27 00:29:00+00:00, run_after=2025-01-27 00:30:00+00:00
[2025-01-27T00:30:01.580+0000] {processor.py:208} INFO - Processing /home/airflow/.local/lib/python3.12/site-packages/airflow/example_dags/example_branch_python_dop_operator_3.py took 0.138 seconds
[2025-01-27T00:30:34.309+0000] {processor.py:186} INFO - Started process (PID=186) to work on /home/airflow/.local/lib/python3.12/site-packages/airflow/example_dags/example_branch_python_dop_operator_3.py
[2025-01-27T00:30:34.310+0000] {processor.py:914} INFO - Processing file /home/airflow/.local/lib/python3.12/site-packages/airflow/example_dags/example_branch_python_dop_operator_3.py for tasks to queue
[2025-01-27T00:30:34.312+0000] {logging_mixin.py:190} INFO - [2025-01-27T00:30:34.312+0000] {dagbag.py:588} INFO - Filling up the DagBag from /home/airflow/.local/lib/python3.12/site-packages/airflow/example_dags/example_branch_python_dop_operator_3.py
[2025-01-27T00:30:34.326+0000] {processor.py:925} INFO - DAG(s) 'example_branch_dop_operator_v3' retrieved from /home/airflow/.local/lib/python3.12/site-packages/airflow/example_dags/example_branch_python_dop_operator_3.py
[2025-01-27T00:30:34.348+0000] {logging_mixin.py:190} INFO - [2025-01-27T00:30:34.347+0000] {dag.py:3239} INFO - Sync 1 DAGs
[2025-01-27T00:30:34.380+0000] {logging_mixin.py:190} INFO - [2025-01-27T00:30:34.379+0000] {dag.py:4180} INFO - Setting next_dagrun for example_branch_dop_operator_v3 to 2025-01-27 00:29:00+00:00, run_after=2025-01-27 00:30:00+00:00
[2025-01-27T00:30:34.399+0000] {processor.py:208} INFO - Processing /home/airflow/.local/lib/python3.12/site-packages/airflow/example_dags/example_branch_python_dop_operator_3.py took 0.096 seconds
[2025-01-27T00:31:05.108+0000] {processor.py:186} INFO - Started process (PID=252) to work on /home/airflow/.local/lib/python3.12/site-packages/airflow/example_dags/example_branch_python_dop_operator_3.py
[2025-01-27T00:31:05.109+0000] {processor.py:914} INFO - Processing file /home/airflow/.local/lib/python3.12/site-packages/airflow/example_dags/example_branch_python_dop_operator_3.py for tasks to queue
[2025-01-27T00:31:05.112+0000] {logging_mixin.py:190} INFO - [2025-01-27T00:31:05.112+0000] {dagbag.py:588} INFO - Filling up the DagBag from /home/airflow/.local/lib/python3.12/site-packages/airflow/example_dags/example_branch_python_dop_operator_3.py
[2025-01-27T00:31:05.125+0000] {processor.py:925} INFO - DAG(s) 'example_branch_dop_operator_v3' retrieved from /home/airflow/.local/lib/python3.12/site-packages/airflow/example_dags/example_branch_python_dop_operator_3.py
[2025-01-27T00:31:05.147+0000] {logging_mixin.py:190} INFO - [2025-01-27T00:31:05.147+0000] {dag.py:3239} INFO - Sync 1 DAGs
[2025-01-27T00:31:05.188+0000] {logging_mixin.py:190} INFO - [2025-01-27T00:31:05.188+0000] {dag.py:4180} INFO - Setting next_dagrun for example_branch_dop_operator_v3 to 2025-01-27 00:30:00+00:00, run_after=2025-01-27 00:31:00+00:00
[2025-01-27T00:31:05.213+0000] {processor.py:208} INFO - Processing /home/airflow/.local/lib/python3.12/site-packages/airflow/example_dags/example_branch_python_dop_operator_3.py took 0.111 seconds
[2025-01-27T00:32:43.560+0000] {processor.py:186} INFO - Started process (PID=55) to work on /home/airflow/.local/lib/python3.12/site-packages/airflow/example_dags/example_branch_python_dop_operator_3.py
[2025-01-27T00:32:43.561+0000] {processor.py:914} INFO - Processing file /home/airflow/.local/lib/python3.12/site-packages/airflow/example_dags/example_branch_python_dop_operator_3.py for tasks to queue
[2025-01-27T00:32:43.564+0000] {logging_mixin.py:190} INFO - [2025-01-27T00:32:43.563+0000] {dagbag.py:588} INFO - Filling up the DagBag from /home/airflow/.local/lib/python3.12/site-packages/airflow/example_dags/example_branch_python_dop_operator_3.py
[2025-01-27T00:32:43.576+0000] {processor.py:925} INFO - DAG(s) 'example_branch_dop_operator_v3' retrieved from /home/airflow/.local/lib/python3.12/site-packages/airflow/example_dags/example_branch_python_dop_operator_3.py
[2025-01-27T00:32:43.595+0000] {logging_mixin.py:190} INFO - [2025-01-27T00:32:43.595+0000] {dag.py:3239} INFO - Sync 1 DAGs
[2025-01-27T00:32:43.621+0000] {logging_mixin.py:190} INFO - [2025-01-27T00:32:43.621+0000] {dag.py:4180} INFO - Setting next_dagrun for example_branch_dop_operator_v3 to 2025-01-27 00:31:00+00:00, run_after=2025-01-27 00:32:00+00:00
[2025-01-27T00:32:43.642+0000] {processor.py:208} INFO - Processing /home/airflow/.local/lib/python3.12/site-packages/airflow/example_dags/example_branch_python_dop_operator_3.py took 0.089 seconds
[2025-01-27T00:33:14.866+0000] {processor.py:186} INFO - Started process (PID=120) to work on /home/airflow/.local/lib/python3.12/site-packages/airflow/example_dags/example_branch_python_dop_operator_3.py
[2025-01-27T00:33:14.867+0000] {processor.py:914} INFO - Processing file /home/airflow/.local/lib/python3.12/site-packages/airflow/example_dags/example_branch_python_dop_operator_3.py for tasks to queue
[2025-01-27T00:33:14.870+0000] {logging_mixin.py:190} INFO - [2025-01-27T00:33:14.869+0000] {dagbag.py:588} INFO - Filling up the DagBag from /home/airflow/.local/lib/python3.12/site-packages/airflow/example_dags/example_branch_python_dop_operator_3.py
[2025-01-27T00:33:14.883+0000] {processor.py:925} INFO - DAG(s) 'example_branch_dop_operator_v3' retrieved from /home/airflow/.local/lib/python3.12/site-packages/airflow/example_dags/example_branch_python_dop_operator_3.py
[2025-01-27T00:33:14.904+0000] {logging_mixin.py:190} INFO - [2025-01-27T00:33:14.904+0000] {dag.py:3239} INFO - Sync 1 DAGs
[2025-01-27T00:33:14.932+0000] {logging_mixin.py:190} INFO - [2025-01-27T00:33:14.932+0000] {dag.py:4180} INFO - Setting next_dagrun for example_branch_dop_operator_v3 to 2025-01-27 00:32:00+00:00, run_after=2025-01-27 00:33:00+00:00
[2025-01-27T00:33:14.953+0000] {processor.py:208} INFO - Processing /home/airflow/.local/lib/python3.12/site-packages/airflow/example_dags/example_branch_python_dop_operator_3.py took 0.092 seconds
[2025-01-27T00:33:46.376+0000] {processor.py:186} INFO - Started process (PID=186) to work on /home/airflow/.local/lib/python3.12/site-packages/airflow/example_dags/example_branch_python_dop_operator_3.py
[2025-01-27T00:33:46.378+0000] {processor.py:914} INFO - Processing file /home/airflow/.local/lib/python3.12/site-packages/airflow/example_dags/example_branch_python_dop_operator_3.py for tasks to queue
[2025-01-27T00:33:46.382+0000] {logging_mixin.py:190} INFO - [2025-01-27T00:33:46.381+0000] {dagbag.py:588} INFO - Filling up the DagBag from /home/airflow/.local/lib/python3.12/site-packages/airflow/example_dags/example_branch_python_dop_operator_3.py
[2025-01-27T00:33:46.405+0000] {processor.py:925} INFO - DAG(s) 'example_branch_dop_operator_v3' retrieved from /home/airflow/.local/lib/python3.12/site-packages/airflow/example_dags/example_branch_python_dop_operator_3.py
[2025-01-27T00:33:46.447+0000] {logging_mixin.py:190} INFO - [2025-01-27T00:33:46.446+0000] {dag.py:3239} INFO - Sync 1 DAGs
[2025-01-27T00:33:46.494+0000] {logging_mixin.py:190} INFO - [2025-01-27T00:33:46.494+0000] {dag.py:4180} INFO - Setting next_dagrun for example_branch_dop_operator_v3 to 2025-01-27 00:32:00+00:00, run_after=2025-01-27 00:33:00+00:00
[2025-01-27T00:33:46.528+0000] {processor.py:208} INFO - Processing /home/airflow/.local/lib/python3.12/site-packages/airflow/example_dags/example_branch_python_dop_operator_3.py took 0.162 seconds
[2025-01-27T00:34:17.616+0000] {processor.py:186} INFO - Started process (PID=252) to work on /home/airflow/.local/lib/python3.12/site-packages/airflow/example_dags/example_branch_python_dop_operator_3.py
[2025-01-27T00:34:17.617+0000] {processor.py:914} INFO - Processing file /home/airflow/.local/lib/python3.12/site-packages/airflow/example_dags/example_branch_python_dop_operator_3.py for tasks to queue
[2025-01-27T00:34:17.620+0000] {logging_mixin.py:190} INFO - [2025-01-27T00:34:17.619+0000] {dagbag.py:588} INFO - Filling up the DagBag from /home/airflow/.local/lib/python3.12/site-packages/airflow/example_dags/example_branch_python_dop_operator_3.py
[2025-01-27T00:34:17.635+0000] {processor.py:925} INFO - DAG(s) 'example_branch_dop_operator_v3' retrieved from /home/airflow/.local/lib/python3.12/site-packages/airflow/example_dags/example_branch_python_dop_operator_3.py
[2025-01-27T00:34:17.695+0000] {logging_mixin.py:190} INFO - [2025-01-27T00:34:17.694+0000] {dag.py:3239} INFO - Sync 1 DAGs
[2025-01-27T00:34:17.734+0000] {logging_mixin.py:190} INFO - [2025-01-27T00:34:17.734+0000] {dag.py:4180} INFO - Setting next_dagrun for example_branch_dop_operator_v3 to 2025-01-27 00:33:00+00:00, run_after=2025-01-27 00:34:00+00:00
[2025-01-27T00:34:17.766+0000] {processor.py:208} INFO - Processing /home/airflow/.local/lib/python3.12/site-packages/airflow/example_dags/example_branch_python_dop_operator_3.py took 0.158 seconds
[2025-01-27T00:34:49.020+0000] {processor.py:186} INFO - Started process (PID=318) to work on /home/airflow/.local/lib/python3.12/site-packages/airflow/example_dags/example_branch_python_dop_operator_3.py
[2025-01-27T00:34:49.021+0000] {processor.py:914} INFO - Processing file /home/airflow/.local/lib/python3.12/site-packages/airflow/example_dags/example_branch_python_dop_operator_3.py for tasks to queue
[2025-01-27T00:34:49.024+0000] {logging_mixin.py:190} INFO - [2025-01-27T00:34:49.023+0000] {dagbag.py:588} INFO - Filling up the DagBag from /home/airflow/.local/lib/python3.12/site-packages/airflow/example_dags/example_branch_python_dop_operator_3.py
[2025-01-27T00:34:49.036+0000] {processor.py:925} INFO - DAG(s) 'example_branch_dop_operator_v3' retrieved from /home/airflow/.local/lib/python3.12/site-packages/airflow/example_dags/example_branch_python_dop_operator_3.py
[2025-01-27T00:34:49.057+0000] {logging_mixin.py:190} INFO - [2025-01-27T00:34:49.057+0000] {dag.py:3239} INFO - Sync 1 DAGs
[2025-01-27T00:34:49.087+0000] {logging_mixin.py:190} INFO - [2025-01-27T00:34:49.087+0000] {dag.py:4180} INFO - Setting next_dagrun for example_branch_dop_operator_v3 to 2025-01-27 00:33:00+00:00, run_after=2025-01-27 00:34:00+00:00
[2025-01-27T00:34:49.109+0000] {processor.py:208} INFO - Processing /home/airflow/.local/lib/python3.12/site-packages/airflow/example_dags/example_branch_python_dop_operator_3.py took 0.096 seconds
[2025-01-27T00:35:20.219+0000] {processor.py:186} INFO - Started process (PID=390) to work on /home/airflow/.local/lib/python3.12/site-packages/airflow/example_dags/example_branch_python_dop_operator_3.py
[2025-01-27T00:35:20.220+0000] {processor.py:914} INFO - Processing file /home/airflow/.local/lib/python3.12/site-packages/airflow/example_dags/example_branch_python_dop_operator_3.py for tasks to queue
[2025-01-27T00:35:20.222+0000] {logging_mixin.py:190} INFO - [2025-01-27T00:35:20.222+0000] {dagbag.py:588} INFO - Filling up the DagBag from /home/airflow/.local/lib/python3.12/site-packages/airflow/example_dags/example_branch_python_dop_operator_3.py
[2025-01-27T00:35:20.232+0000] {processor.py:925} INFO - DAG(s) 'example_branch_dop_operator_v3' retrieved from /home/airflow/.local/lib/python3.12/site-packages/airflow/example_dags/example_branch_python_dop_operator_3.py
[2025-01-27T00:35:20.250+0000] {logging_mixin.py:190} INFO - [2025-01-27T00:35:20.250+0000] {dag.py:3239} INFO - Sync 1 DAGs
[2025-01-27T00:35:20.276+0000] {logging_mixin.py:190} INFO - [2025-01-27T00:35:20.276+0000] {dag.py:4180} INFO - Setting next_dagrun for example_branch_dop_operator_v3 to 2025-01-27 00:34:00+00:00, run_after=2025-01-27 00:35:00+00:00
[2025-01-27T00:35:20.296+0000] {processor.py:208} INFO - Processing /home/airflow/.local/lib/python3.12/site-packages/airflow/example_dags/example_branch_python_dop_operator_3.py took 0.083 seconds
[2025-01-27T00:35:51.497+0000] {processor.py:186} INFO - Started process (PID=456) to work on /home/airflow/.local/lib/python3.12/site-packages/airflow/example_dags/example_branch_python_dop_operator_3.py
[2025-01-27T00:35:51.501+0000] {processor.py:914} INFO - Processing file /home/airflow/.local/lib/python3.12/site-packages/airflow/example_dags/example_branch_python_dop_operator_3.py for tasks to queue
[2025-01-27T00:35:51.508+0000] {logging_mixin.py:190} INFO - [2025-01-27T00:35:51.508+0000] {dagbag.py:588} INFO - Filling up the DagBag from /home/airflow/.local/lib/python3.12/site-packages/airflow/example_dags/example_branch_python_dop_operator_3.py
[2025-01-27T00:35:51.524+0000] {processor.py:925} INFO - DAG(s) 'example_branch_dop_operator_v3' retrieved from /home/airflow/.local/lib/python3.12/site-packages/airflow/example_dags/example_branch_python_dop_operator_3.py
[2025-01-27T00:35:51.563+0000] {logging_mixin.py:190} INFO - [2025-01-27T00:35:51.562+0000] {dag.py:3239} INFO - Sync 1 DAGs
[2025-01-27T00:35:51.603+0000] {logging_mixin.py:190} INFO - [2025-01-27T00:35:51.603+0000] {dag.py:4180} INFO - Setting next_dagrun for example_branch_dop_operator_v3 to 2025-01-27 00:34:00+00:00, run_after=2025-01-27 00:35:00+00:00
[2025-01-27T00:35:51.636+0000] {processor.py:208} INFO - Processing /home/airflow/.local/lib/python3.12/site-packages/airflow/example_dags/example_branch_python_dop_operator_3.py took 0.152 seconds
[2025-01-27T00:36:22.496+0000] {processor.py:186} INFO - Started process (PID=523) to work on /home/airflow/.local/lib/python3.12/site-packages/airflow/example_dags/example_branch_python_dop_operator_3.py
[2025-01-27T00:36:22.497+0000] {processor.py:914} INFO - Processing file /home/airflow/.local/lib/python3.12/site-packages/airflow/example_dags/example_branch_python_dop_operator_3.py for tasks to queue
[2025-01-27T00:36:22.500+0000] {logging_mixin.py:190} INFO - [2025-01-27T00:36:22.500+0000] {dagbag.py:588} INFO - Filling up the DagBag from /home/airflow/.local/lib/python3.12/site-packages/airflow/example_dags/example_branch_python_dop_operator_3.py
[2025-01-27T00:36:22.513+0000] {processor.py:925} INFO - DAG(s) 'example_branch_dop_operator_v3' retrieved from /home/airflow/.local/lib/python3.12/site-packages/airflow/example_dags/example_branch_python_dop_operator_3.py
[2025-01-27T00:36:22.532+0000] {logging_mixin.py:190} INFO - [2025-01-27T00:36:22.532+0000] {dag.py:3239} INFO - Sync 1 DAGs
[2025-01-27T00:36:22.565+0000] {logging_mixin.py:190} INFO - [2025-01-27T00:36:22.565+0000] {dag.py:4180} INFO - Setting next_dagrun for example_branch_dop_operator_v3 to 2025-01-27 00:35:00+00:00, run_after=2025-01-27 00:36:00+00:00
[2025-01-27T00:36:22.594+0000] {processor.py:208} INFO - Processing /home/airflow/.local/lib/python3.12/site-packages/airflow/example_dags/example_branch_python_dop_operator_3.py took 0.104 seconds
[2025-01-27T00:36:53.837+0000] {processor.py:186} INFO - Started process (PID=589) to work on /home/airflow/.local/lib/python3.12/site-packages/airflow/example_dags/example_branch_python_dop_operator_3.py
[2025-01-27T00:36:53.839+0000] {processor.py:914} INFO - Processing file /home/airflow/.local/lib/python3.12/site-packages/airflow/example_dags/example_branch_python_dop_operator_3.py for tasks to queue
[2025-01-27T00:36:53.843+0000] {logging_mixin.py:190} INFO - [2025-01-27T00:36:53.842+0000] {dagbag.py:588} INFO - Filling up the DagBag from /home/airflow/.local/lib/python3.12/site-packages/airflow/example_dags/example_branch_python_dop_operator_3.py
[2025-01-27T00:36:53.862+0000] {processor.py:925} INFO - DAG(s) 'example_branch_dop_operator_v3' retrieved from /home/airflow/.local/lib/python3.12/site-packages/airflow/example_dags/example_branch_python_dop_operator_3.py
[2025-01-27T00:36:53.889+0000] {logging_mixin.py:190} INFO - [2025-01-27T00:36:53.888+0000] {dag.py:3239} INFO - Sync 1 DAGs
[2025-01-27T00:36:53.920+0000] {logging_mixin.py:190} INFO - [2025-01-27T00:36:53.920+0000] {dag.py:4180} INFO - Setting next_dagrun for example_branch_dop_operator_v3 to 2025-01-27 00:35:00+00:00, run_after=2025-01-27 00:36:00+00:00
[2025-01-27T00:36:53.945+0000] {processor.py:208} INFO - Processing /home/airflow/.local/lib/python3.12/site-packages/airflow/example_dags/example_branch_python_dop_operator_3.py took 0.116 seconds
[2025-01-27T00:37:25.172+0000] {processor.py:186} INFO - Started process (PID=655) to work on /home/airflow/.local/lib/python3.12/site-packages/airflow/example_dags/example_branch_python_dop_operator_3.py
[2025-01-27T00:37:25.173+0000] {processor.py:914} INFO - Processing file /home/airflow/.local/lib/python3.12/site-packages/airflow/example_dags/example_branch_python_dop_operator_3.py for tasks to queue
[2025-01-27T00:37:25.176+0000] {logging_mixin.py:190} INFO - [2025-01-27T00:37:25.176+0000] {dagbag.py:588} INFO - Filling up the DagBag from /home/airflow/.local/lib/python3.12/site-packages/airflow/example_dags/example_branch_python_dop_operator_3.py
[2025-01-27T00:37:25.192+0000] {processor.py:925} INFO - DAG(s) 'example_branch_dop_operator_v3' retrieved from /home/airflow/.local/lib/python3.12/site-packages/airflow/example_dags/example_branch_python_dop_operator_3.py
[2025-01-27T00:37:25.217+0000] {logging_mixin.py:190} INFO - [2025-01-27T00:37:25.216+0000] {dag.py:3239} INFO - Sync 1 DAGs
[2025-01-27T00:37:25.256+0000] {logging_mixin.py:190} INFO - [2025-01-27T00:37:25.256+0000] {dag.py:4180} INFO - Setting next_dagrun for example_branch_dop_operator_v3 to 2025-01-27 00:36:00+00:00, run_after=2025-01-27 00:37:00+00:00
[2025-01-27T00:37:25.286+0000] {processor.py:208} INFO - Processing /home/airflow/.local/lib/python3.12/site-packages/airflow/example_dags/example_branch_python_dop_operator_3.py took 0.122 seconds
[2025-01-27T00:37:56.148+0000] {processor.py:186} INFO - Started process (PID=722) to work on /home/airflow/.local/lib/python3.12/site-packages/airflow/example_dags/example_branch_python_dop_operator_3.py
[2025-01-27T00:37:56.149+0000] {processor.py:914} INFO - Processing file /home/airflow/.local/lib/python3.12/site-packages/airflow/example_dags/example_branch_python_dop_operator_3.py for tasks to queue
[2025-01-27T00:37:56.153+0000] {logging_mixin.py:190} INFO - [2025-01-27T00:37:56.152+0000] {dagbag.py:588} INFO - Filling up the DagBag from /home/airflow/.local/lib/python3.12/site-packages/airflow/example_dags/example_branch_python_dop_operator_3.py
[2025-01-27T00:37:56.171+0000] {processor.py:925} INFO - DAG(s) 'example_branch_dop_operator_v3' retrieved from /home/airflow/.local/lib/python3.12/site-packages/airflow/example_dags/example_branch_python_dop_operator_3.py
[2025-01-27T00:37:56.195+0000] {logging_mixin.py:190} INFO - [2025-01-27T00:37:56.195+0000] {dag.py:3239} INFO - Sync 1 DAGs
[2025-01-27T00:37:56.237+0000] {logging_mixin.py:190} INFO - [2025-01-27T00:37:56.237+0000] {dag.py:4180} INFO - Setting next_dagrun for example_branch_dop_operator_v3 to 2025-01-27 00:36:00+00:00, run_after=2025-01-27 00:37:00+00:00
[2025-01-27T00:37:56.270+0000] {processor.py:208} INFO - Processing /home/airflow/.local/lib/python3.12/site-packages/airflow/example_dags/example_branch_python_dop_operator_3.py took 0.129 seconds
[2025-01-27T00:38:27.975+0000] {processor.py:186} INFO - Started process (PID=788) to work on /home/airflow/.local/lib/python3.12/site-packages/airflow/example_dags/example_branch_python_dop_operator_3.py
[2025-01-27T00:38:27.977+0000] {processor.py:914} INFO - Processing file /home/airflow/.local/lib/python3.12/site-packages/airflow/example_dags/example_branch_python_dop_operator_3.py for tasks to queue
[2025-01-27T00:38:27.984+0000] {logging_mixin.py:190} INFO - [2025-01-27T00:38:27.983+0000] {dagbag.py:588} INFO - Filling up the DagBag from /home/airflow/.local/lib/python3.12/site-packages/airflow/example_dags/example_branch_python_dop_operator_3.py
[2025-01-27T00:38:28.006+0000] {processor.py:925} INFO - DAG(s) 'example_branch_dop_operator_v3' retrieved from /home/airflow/.local/lib/python3.12/site-packages/airflow/example_dags/example_branch_python_dop_operator_3.py
[2025-01-27T00:38:28.043+0000] {logging_mixin.py:190} INFO - [2025-01-27T00:38:28.043+0000] {dag.py:3239} INFO - Sync 1 DAGs
[2025-01-27T00:38:28.104+0000] {logging_mixin.py:190} INFO - [2025-01-27T00:38:28.103+0000] {dag.py:4180} INFO - Setting next_dagrun for example_branch_dop_operator_v3 to 2025-01-27 00:37:00+00:00, run_after=2025-01-27 00:38:00+00:00
[2025-01-27T00:38:28.143+0000] {processor.py:208} INFO - Processing /home/airflow/.local/lib/python3.12/site-packages/airflow/example_dags/example_branch_python_dop_operator_3.py took 0.184 seconds
[2025-01-27T00:38:58.600+0000] {processor.py:186} INFO - Started process (PID=854) to work on /home/airflow/.local/lib/python3.12/site-packages/airflow/example_dags/example_branch_python_dop_operator_3.py
[2025-01-27T00:38:58.602+0000] {processor.py:914} INFO - Processing file /home/airflow/.local/lib/python3.12/site-packages/airflow/example_dags/example_branch_python_dop_operator_3.py for tasks to queue
[2025-01-27T00:38:58.605+0000] {logging_mixin.py:190} INFO - [2025-01-27T00:38:58.604+0000] {dagbag.py:588} INFO - Filling up the DagBag from /home/airflow/.local/lib/python3.12/site-packages/airflow/example_dags/example_branch_python_dop_operator_3.py
[2025-01-27T00:38:58.619+0000] {processor.py:925} INFO - DAG(s) 'example_branch_dop_operator_v3' retrieved from /home/airflow/.local/lib/python3.12/site-packages/airflow/example_dags/example_branch_python_dop_operator_3.py
[2025-01-27T00:38:58.646+0000] {logging_mixin.py:190} INFO - [2025-01-27T00:38:58.646+0000] {dag.py:3239} INFO - Sync 1 DAGs
[2025-01-27T00:38:58.682+0000] {logging_mixin.py:190} INFO - [2025-01-27T00:38:58.682+0000] {dag.py:4180} INFO - Setting next_dagrun for example_branch_dop_operator_v3 to 2025-01-27 00:37:00+00:00, run_after=2025-01-27 00:38:00+00:00
[2025-01-27T00:38:58.707+0000] {processor.py:208} INFO - Processing /home/airflow/.local/lib/python3.12/site-packages/airflow/example_dags/example_branch_python_dop_operator_3.py took 0.115 seconds
[2025-01-27T00:39:29.347+0000] {processor.py:186} INFO - Started process (PID=919) to work on /home/airflow/.local/lib/python3.12/site-packages/airflow/example_dags/example_branch_python_dop_operator_3.py
[2025-01-27T00:39:29.348+0000] {processor.py:914} INFO - Processing file /home/airflow/.local/lib/python3.12/site-packages/airflow/example_dags/example_branch_python_dop_operator_3.py for tasks to queue
[2025-01-27T00:39:29.351+0000] {logging_mixin.py:190} INFO - [2025-01-27T00:39:29.351+0000] {dagbag.py:588} INFO - Filling up the DagBag from /home/airflow/.local/lib/python3.12/site-packages/airflow/example_dags/example_branch_python_dop_operator_3.py
[2025-01-27T00:39:29.362+0000] {processor.py:925} INFO - DAG(s) 'example_branch_dop_operator_v3' retrieved from /home/airflow/.local/lib/python3.12/site-packages/airflow/example_dags/example_branch_python_dop_operator_3.py
[2025-01-27T00:39:29.388+0000] {logging_mixin.py:190} INFO - [2025-01-27T00:39:29.387+0000] {dag.py:3239} INFO - Sync 1 DAGs
[2025-01-27T00:39:29.421+0000] {logging_mixin.py:190} INFO - [2025-01-27T00:39:29.421+0000] {dag.py:4180} INFO - Setting next_dagrun for example_branch_dop_operator_v3 to 2025-01-27 00:38:00+00:00, run_after=2025-01-27 00:39:00+00:00
[2025-01-27T00:39:29.449+0000] {processor.py:208} INFO - Processing /home/airflow/.local/lib/python3.12/site-packages/airflow/example_dags/example_branch_python_dop_operator_3.py took 0.108 seconds
[2025-01-27T00:40:00.304+0000] {processor.py:186} INFO - Started process (PID=985) to work on /home/airflow/.local/lib/python3.12/site-packages/airflow/example_dags/example_branch_python_dop_operator_3.py
[2025-01-27T00:40:00.305+0000] {processor.py:914} INFO - Processing file /home/airflow/.local/lib/python3.12/site-packages/airflow/example_dags/example_branch_python_dop_operator_3.py for tasks to queue
[2025-01-27T00:40:00.308+0000] {logging_mixin.py:190} INFO - [2025-01-27T00:40:00.308+0000] {dagbag.py:588} INFO - Filling up the DagBag from /home/airflow/.local/lib/python3.12/site-packages/airflow/example_dags/example_branch_python_dop_operator_3.py
[2025-01-27T00:40:00.318+0000] {processor.py:925} INFO - DAG(s) 'example_branch_dop_operator_v3' retrieved from /home/airflow/.local/lib/python3.12/site-packages/airflow/example_dags/example_branch_python_dop_operator_3.py
[2025-01-27T00:40:00.339+0000] {logging_mixin.py:190} INFO - [2025-01-27T00:40:00.339+0000] {dag.py:3239} INFO - Sync 1 DAGs
[2025-01-27T00:40:00.370+0000] {logging_mixin.py:190} INFO - [2025-01-27T00:40:00.370+0000] {dag.py:4180} INFO - Setting next_dagrun for example_branch_dop_operator_v3 to 2025-01-27 00:39:00+00:00, run_after=2025-01-27 00:40:00+00:00
[2025-01-27T00:40:00.392+0000] {processor.py:208} INFO - Processing /home/airflow/.local/lib/python3.12/site-packages/airflow/example_dags/example_branch_python_dop_operator_3.py took 0.094 seconds
[2025-01-27T00:40:31.554+0000] {processor.py:186} INFO - Started process (PID=1052) to work on /home/airflow/.local/lib/python3.12/site-packages/airflow/example_dags/example_branch_python_dop_operator_3.py
[2025-01-27T00:40:31.556+0000] {processor.py:914} INFO - Processing file /home/airflow/.local/lib/python3.12/site-packages/airflow/example_dags/example_branch_python_dop_operator_3.py for tasks to queue
[2025-01-27T00:40:31.559+0000] {logging_mixin.py:190} INFO - [2025-01-27T00:40:31.559+0000] {dagbag.py:588} INFO - Filling up the DagBag from /home/airflow/.local/lib/python3.12/site-packages/airflow/example_dags/example_branch_python_dop_operator_3.py
[2025-01-27T00:40:31.580+0000] {processor.py:925} INFO - DAG(s) 'example_branch_dop_operator_v3' retrieved from /home/airflow/.local/lib/python3.12/site-packages/airflow/example_dags/example_branch_python_dop_operator_3.py
[2025-01-27T00:40:31.606+0000] {logging_mixin.py:190} INFO - [2025-01-27T00:40:31.606+0000] {dag.py:3239} INFO - Sync 1 DAGs
[2025-01-27T00:40:31.638+0000] {logging_mixin.py:190} INFO - [2025-01-27T00:40:31.638+0000] {dag.py:4180} INFO - Setting next_dagrun for example_branch_dop_operator_v3 to 2025-01-27 00:39:00+00:00, run_after=2025-01-27 00:40:00+00:00
[2025-01-27T00:40:31.663+0000] {processor.py:208} INFO - Processing /home/airflow/.local/lib/python3.12/site-packages/airflow/example_dags/example_branch_python_dop_operator_3.py took 0.120 seconds
