[2025-01-27T00:01:13.673+0000] {processor.py:186} INFO - Started process (PID=58) to work on /home/airflow/.local/lib/python3.12/site-packages/airflow/example_dags/example_sla_dag.py
[2025-01-27T00:01:13.683+0000] {processor.py:914} INFO - Processing file /home/airflow/.local/lib/python3.12/site-packages/airflow/example_dags/example_sla_dag.py for tasks to queue
[2025-01-27T00:01:13.686+0000] {logging_mixin.py:190} INFO - [2025-01-27T00:01:13.686+0000] {dagbag.py:588} INFO - Filling up the DagBag from /home/airflow/.local/lib/python3.12/site-packages/airflow/example_dags/example_sla_dag.py
[2025-01-27T00:01:13.702+0000] {processor.py:925} INFO - DAG(s) 'example_sla_dag' retrieved from /home/airflow/.local/lib/python3.12/site-packages/airflow/example_dags/example_sla_dag.py
[2025-01-27T00:01:13.731+0000] {logging_mixin.py:190} INFO - [2025-01-27T00:01:13.731+0000] {dag.py:3239} INFO - Sync 1 DAGs
[2025-01-27T00:01:13.768+0000] {logging_mixin.py:190} INFO - [2025-01-27T00:01:13.767+0000] {dag.py:4180} INFO - Setting next_dagrun for example_sla_dag to 2025-01-26 23:58:00+00:00, run_after=2025-01-27 00:00:00+00:00
[2025-01-27T00:01:13.797+0000] {processor.py:208} INFO - Processing /home/airflow/.local/lib/python3.12/site-packages/airflow/example_dags/example_sla_dag.py took 0.135 seconds
[2025-01-27T00:01:44.592+0000] {processor.py:186} INFO - Started process (PID=122) to work on /home/airflow/.local/lib/python3.12/site-packages/airflow/example_dags/example_sla_dag.py
[2025-01-27T00:01:44.593+0000] {processor.py:914} INFO - Processing file /home/airflow/.local/lib/python3.12/site-packages/airflow/example_dags/example_sla_dag.py for tasks to queue
[2025-01-27T00:01:44.595+0000] {logging_mixin.py:190} INFO - [2025-01-27T00:01:44.595+0000] {dagbag.py:588} INFO - Filling up the DagBag from /home/airflow/.local/lib/python3.12/site-packages/airflow/example_dags/example_sla_dag.py
[2025-01-27T00:01:44.608+0000] {processor.py:925} INFO - DAG(s) 'example_sla_dag' retrieved from /home/airflow/.local/lib/python3.12/site-packages/airflow/example_dags/example_sla_dag.py
[2025-01-27T00:01:44.626+0000] {logging_mixin.py:190} INFO - [2025-01-27T00:01:44.626+0000] {dag.py:3239} INFO - Sync 1 DAGs
[2025-01-27T00:01:44.659+0000] {logging_mixin.py:190} INFO - [2025-01-27T00:01:44.658+0000] {dag.py:4180} INFO - Setting next_dagrun for example_sla_dag to 2025-01-26 23:58:00+00:00, run_after=2025-01-27 00:00:00+00:00
[2025-01-27T00:01:44.682+0000] {processor.py:208} INFO - Processing /home/airflow/.local/lib/python3.12/site-packages/airflow/example_dags/example_sla_dag.py took 0.096 seconds
[2025-01-27T00:02:16.079+0000] {processor.py:186} INFO - Started process (PID=187) to work on /home/airflow/.local/lib/python3.12/site-packages/airflow/example_dags/example_sla_dag.py
[2025-01-27T00:02:16.080+0000] {processor.py:914} INFO - Processing file /home/airflow/.local/lib/python3.12/site-packages/airflow/example_dags/example_sla_dag.py for tasks to queue
[2025-01-27T00:02:16.083+0000] {logging_mixin.py:190} INFO - [2025-01-27T00:02:16.083+0000] {dagbag.py:588} INFO - Filling up the DagBag from /home/airflow/.local/lib/python3.12/site-packages/airflow/example_dags/example_sla_dag.py
[2025-01-27T00:02:16.093+0000] {processor.py:925} INFO - DAG(s) 'example_sla_dag' retrieved from /home/airflow/.local/lib/python3.12/site-packages/airflow/example_dags/example_sla_dag.py
[2025-01-27T00:02:16.113+0000] {logging_mixin.py:190} INFO - [2025-01-27T00:02:16.113+0000] {dag.py:3239} INFO - Sync 1 DAGs
[2025-01-27T00:02:16.142+0000] {logging_mixin.py:190} INFO - [2025-01-27T00:02:16.142+0000] {dag.py:4180} INFO - Setting next_dagrun for example_sla_dag to 2025-01-27 00:00:00+00:00, run_after=2025-01-27 00:02:00+00:00
[2025-01-27T00:02:16.161+0000] {processor.py:208} INFO - Processing /home/airflow/.local/lib/python3.12/site-packages/airflow/example_dags/example_sla_dag.py took 0.088 seconds
[2025-01-27T00:02:47.199+0000] {processor.py:186} INFO - Started process (PID=252) to work on /home/airflow/.local/lib/python3.12/site-packages/airflow/example_dags/example_sla_dag.py
[2025-01-27T00:02:47.200+0000] {processor.py:914} INFO - Processing file /home/airflow/.local/lib/python3.12/site-packages/airflow/example_dags/example_sla_dag.py for tasks to queue
[2025-01-27T00:02:47.202+0000] {logging_mixin.py:190} INFO - [2025-01-27T00:02:47.202+0000] {dagbag.py:588} INFO - Filling up the DagBag from /home/airflow/.local/lib/python3.12/site-packages/airflow/example_dags/example_sla_dag.py
[2025-01-27T00:02:47.212+0000] {processor.py:925} INFO - DAG(s) 'example_sla_dag' retrieved from /home/airflow/.local/lib/python3.12/site-packages/airflow/example_dags/example_sla_dag.py
[2025-01-27T00:02:47.230+0000] {logging_mixin.py:190} INFO - [2025-01-27T00:02:47.230+0000] {dag.py:3239} INFO - Sync 1 DAGs
[2025-01-27T00:02:47.255+0000] {logging_mixin.py:190} INFO - [2025-01-27T00:02:47.255+0000] {dag.py:4180} INFO - Setting next_dagrun for example_sla_dag to 2025-01-27 00:00:00+00:00, run_after=2025-01-27 00:02:00+00:00
[2025-01-27T00:02:47.275+0000] {processor.py:208} INFO - Processing /home/airflow/.local/lib/python3.12/site-packages/airflow/example_dags/example_sla_dag.py took 0.083 seconds
[2025-01-27T00:03:19.123+0000] {processor.py:186} INFO - Started process (PID=323) to work on /home/airflow/.local/lib/python3.12/site-packages/airflow/example_dags/example_sla_dag.py
[2025-01-27T00:03:19.125+0000] {processor.py:914} INFO - Processing file /home/airflow/.local/lib/python3.12/site-packages/airflow/example_dags/example_sla_dag.py for tasks to queue
[2025-01-27T00:03:19.129+0000] {logging_mixin.py:190} INFO - [2025-01-27T00:03:19.128+0000] {dagbag.py:588} INFO - Filling up the DagBag from /home/airflow/.local/lib/python3.12/site-packages/airflow/example_dags/example_sla_dag.py
[2025-01-27T00:03:19.146+0000] {processor.py:925} INFO - DAG(s) 'example_sla_dag' retrieved from /home/airflow/.local/lib/python3.12/site-packages/airflow/example_dags/example_sla_dag.py
[2025-01-27T00:03:19.179+0000] {logging_mixin.py:190} INFO - [2025-01-27T00:03:19.178+0000] {dag.py:3239} INFO - Sync 1 DAGs
[2025-01-27T00:03:19.226+0000] {logging_mixin.py:190} INFO - [2025-01-27T00:03:19.225+0000] {dag.py:4180} INFO - Setting next_dagrun for example_sla_dag to 2025-01-27 00:00:00+00:00, run_after=2025-01-27 00:02:00+00:00
[2025-01-27T00:03:19.262+0000] {processor.py:208} INFO - Processing /home/airflow/.local/lib/python3.12/site-packages/airflow/example_dags/example_sla_dag.py took 0.145 seconds
[2025-01-27T00:03:49.718+0000] {processor.py:186} INFO - Started process (PID=387) to work on /home/airflow/.local/lib/python3.12/site-packages/airflow/example_dags/example_sla_dag.py
[2025-01-27T00:03:49.719+0000] {processor.py:914} INFO - Processing file /home/airflow/.local/lib/python3.12/site-packages/airflow/example_dags/example_sla_dag.py for tasks to queue
[2025-01-27T00:03:49.721+0000] {logging_mixin.py:190} INFO - [2025-01-27T00:03:49.721+0000] {dagbag.py:588} INFO - Filling up the DagBag from /home/airflow/.local/lib/python3.12/site-packages/airflow/example_dags/example_sla_dag.py
[2025-01-27T00:03:49.733+0000] {processor.py:925} INFO - DAG(s) 'example_sla_dag' retrieved from /home/airflow/.local/lib/python3.12/site-packages/airflow/example_dags/example_sla_dag.py
[2025-01-27T00:03:49.752+0000] {logging_mixin.py:190} INFO - [2025-01-27T00:03:49.752+0000] {dag.py:3239} INFO - Sync 1 DAGs
[2025-01-27T00:03:49.778+0000] {logging_mixin.py:190} INFO - [2025-01-27T00:03:49.778+0000] {dag.py:4180} INFO - Setting next_dagrun for example_sla_dag to 2025-01-27 00:00:00+00:00, run_after=2025-01-27 00:02:00+00:00
[2025-01-27T00:03:49.797+0000] {processor.py:208} INFO - Processing /home/airflow/.local/lib/python3.12/site-packages/airflow/example_dags/example_sla_dag.py took 0.084 seconds
[2025-01-27T00:04:20.026+0000] {processor.py:186} INFO - Started process (PID=452) to work on /home/airflow/.local/lib/python3.12/site-packages/airflow/example_dags/example_sla_dag.py
[2025-01-27T00:04:20.027+0000] {processor.py:914} INFO - Processing file /home/airflow/.local/lib/python3.12/site-packages/airflow/example_dags/example_sla_dag.py for tasks to queue
[2025-01-27T00:04:20.029+0000] {logging_mixin.py:190} INFO - [2025-01-27T00:04:20.029+0000] {dagbag.py:588} INFO - Filling up the DagBag from /home/airflow/.local/lib/python3.12/site-packages/airflow/example_dags/example_sla_dag.py
[2025-01-27T00:04:20.041+0000] {processor.py:925} INFO - DAG(s) 'example_sla_dag' retrieved from /home/airflow/.local/lib/python3.12/site-packages/airflow/example_dags/example_sla_dag.py
[2025-01-27T00:04:20.059+0000] {logging_mixin.py:190} INFO - [2025-01-27T00:04:20.058+0000] {dag.py:3239} INFO - Sync 1 DAGs
[2025-01-27T00:04:20.086+0000] {logging_mixin.py:190} INFO - [2025-01-27T00:04:20.085+0000] {dag.py:4180} INFO - Setting next_dagrun for example_sla_dag to 2025-01-27 00:02:00+00:00, run_after=2025-01-27 00:04:00+00:00
[2025-01-27T00:04:20.102+0000] {processor.py:208} INFO - Processing /home/airflow/.local/lib/python3.12/site-packages/airflow/example_dags/example_sla_dag.py took 0.082 seconds
[2025-01-27T00:04:50.922+0000] {processor.py:186} INFO - Started process (PID=518) to work on /home/airflow/.local/lib/python3.12/site-packages/airflow/example_dags/example_sla_dag.py
[2025-01-27T00:04:50.924+0000] {processor.py:914} INFO - Processing file /home/airflow/.local/lib/python3.12/site-packages/airflow/example_dags/example_sla_dag.py for tasks to queue
[2025-01-27T00:04:50.928+0000] {logging_mixin.py:190} INFO - [2025-01-27T00:04:50.927+0000] {dagbag.py:588} INFO - Filling up the DagBag from /home/airflow/.local/lib/python3.12/site-packages/airflow/example_dags/example_sla_dag.py
[2025-01-27T00:04:50.943+0000] {processor.py:925} INFO - DAG(s) 'example_sla_dag' retrieved from /home/airflow/.local/lib/python3.12/site-packages/airflow/example_dags/example_sla_dag.py
[2025-01-27T00:04:50.963+0000] {logging_mixin.py:190} INFO - [2025-01-27T00:04:50.963+0000] {dag.py:3239} INFO - Sync 1 DAGs
[2025-01-27T00:04:50.990+0000] {logging_mixin.py:190} INFO - [2025-01-27T00:04:50.990+0000] {dag.py:4180} INFO - Setting next_dagrun for example_sla_dag to 2025-01-27 00:02:00+00:00, run_after=2025-01-27 00:04:00+00:00
[2025-01-27T00:04:51.007+0000] {processor.py:208} INFO - Processing /home/airflow/.local/lib/python3.12/site-packages/airflow/example_dags/example_sla_dag.py took 0.099 seconds
[2025-01-27T00:07:11.221+0000] {processor.py:186} INFO - Started process (PID=57) to work on /home/airflow/.local/lib/python3.12/site-packages/airflow/example_dags/example_sla_dag.py
[2025-01-27T00:07:11.222+0000] {processor.py:914} INFO - Processing file /home/airflow/.local/lib/python3.12/site-packages/airflow/example_dags/example_sla_dag.py for tasks to queue
[2025-01-27T00:07:11.224+0000] {logging_mixin.py:190} INFO - [2025-01-27T00:07:11.224+0000] {dagbag.py:588} INFO - Filling up the DagBag from /home/airflow/.local/lib/python3.12/site-packages/airflow/example_dags/example_sla_dag.py
[2025-01-27T00:07:11.235+0000] {processor.py:925} INFO - DAG(s) 'example_sla_dag' retrieved from /home/airflow/.local/lib/python3.12/site-packages/airflow/example_dags/example_sla_dag.py
[2025-01-27T00:07:11.257+0000] {logging_mixin.py:190} INFO - [2025-01-27T00:07:11.256+0000] {dag.py:3239} INFO - Sync 1 DAGs
[2025-01-27T00:07:11.285+0000] {logging_mixin.py:190} INFO - [2025-01-27T00:07:11.285+0000] {dag.py:4180} INFO - Setting next_dagrun for example_sla_dag to 2025-01-27 00:04:00+00:00, run_after=2025-01-27 00:06:00+00:00
[2025-01-27T00:07:11.303+0000] {processor.py:208} INFO - Processing /home/airflow/.local/lib/python3.12/site-packages/airflow/example_dags/example_sla_dag.py took 0.088 seconds
[2025-01-27T00:07:42.562+0000] {processor.py:186} INFO - Started process (PID=123) to work on /home/airflow/.local/lib/python3.12/site-packages/airflow/example_dags/example_sla_dag.py
[2025-01-27T00:07:42.563+0000] {processor.py:914} INFO - Processing file /home/airflow/.local/lib/python3.12/site-packages/airflow/example_dags/example_sla_dag.py for tasks to queue
[2025-01-27T00:07:42.566+0000] {logging_mixin.py:190} INFO - [2025-01-27T00:07:42.566+0000] {dagbag.py:588} INFO - Filling up the DagBag from /home/airflow/.local/lib/python3.12/site-packages/airflow/example_dags/example_sla_dag.py
[2025-01-27T00:07:42.582+0000] {processor.py:925} INFO - DAG(s) 'example_sla_dag' retrieved from /home/airflow/.local/lib/python3.12/site-packages/airflow/example_dags/example_sla_dag.py
[2025-01-27T00:07:42.610+0000] {logging_mixin.py:190} INFO - [2025-01-27T00:07:42.610+0000] {dag.py:3239} INFO - Sync 1 DAGs
[2025-01-27T00:07:42.653+0000] {logging_mixin.py:190} INFO - [2025-01-27T00:07:42.652+0000] {dag.py:4180} INFO - Setting next_dagrun for example_sla_dag to 2025-01-27 00:04:00+00:00, run_after=2025-01-27 00:06:00+00:00
[2025-01-27T00:07:42.681+0000] {processor.py:208} INFO - Processing /home/airflow/.local/lib/python3.12/site-packages/airflow/example_dags/example_sla_dag.py took 0.128 seconds
[2025-01-27T00:08:13.675+0000] {processor.py:186} INFO - Started process (PID=188) to work on /home/airflow/.local/lib/python3.12/site-packages/airflow/example_dags/example_sla_dag.py
[2025-01-27T00:08:13.677+0000] {processor.py:914} INFO - Processing file /home/airflow/.local/lib/python3.12/site-packages/airflow/example_dags/example_sla_dag.py for tasks to queue
[2025-01-27T00:08:13.680+0000] {logging_mixin.py:190} INFO - [2025-01-27T00:08:13.680+0000] {dagbag.py:588} INFO - Filling up the DagBag from /home/airflow/.local/lib/python3.12/site-packages/airflow/example_dags/example_sla_dag.py
[2025-01-27T00:08:13.693+0000] {processor.py:925} INFO - DAG(s) 'example_sla_dag' retrieved from /home/airflow/.local/lib/python3.12/site-packages/airflow/example_dags/example_sla_dag.py
[2025-01-27T00:08:13.715+0000] {logging_mixin.py:190} INFO - [2025-01-27T00:08:13.715+0000] {dag.py:3239} INFO - Sync 1 DAGs
[2025-01-27T00:08:13.743+0000] {logging_mixin.py:190} INFO - [2025-01-27T00:08:13.743+0000] {dag.py:4180} INFO - Setting next_dagrun for example_sla_dag to 2025-01-27 00:06:00+00:00, run_after=2025-01-27 00:08:00+00:00
[2025-01-27T00:08:13.765+0000] {processor.py:208} INFO - Processing /home/airflow/.local/lib/python3.12/site-packages/airflow/example_dags/example_sla_dag.py took 0.096 seconds
[2025-01-27T00:08:45.417+0000] {processor.py:186} INFO - Started process (PID=253) to work on /home/airflow/.local/lib/python3.12/site-packages/airflow/example_dags/example_sla_dag.py
[2025-01-27T00:08:45.418+0000] {processor.py:914} INFO - Processing file /home/airflow/.local/lib/python3.12/site-packages/airflow/example_dags/example_sla_dag.py for tasks to queue
[2025-01-27T00:08:45.422+0000] {logging_mixin.py:190} INFO - [2025-01-27T00:08:45.421+0000] {dagbag.py:588} INFO - Filling up the DagBag from /home/airflow/.local/lib/python3.12/site-packages/airflow/example_dags/example_sla_dag.py
[2025-01-27T00:08:45.437+0000] {processor.py:925} INFO - DAG(s) 'example_sla_dag' retrieved from /home/airflow/.local/lib/python3.12/site-packages/airflow/example_dags/example_sla_dag.py
[2025-01-27T00:08:45.464+0000] {logging_mixin.py:190} INFO - [2025-01-27T00:08:45.464+0000] {dag.py:3239} INFO - Sync 1 DAGs
[2025-01-27T00:08:45.508+0000] {logging_mixin.py:190} INFO - [2025-01-27T00:08:45.508+0000] {dag.py:4180} INFO - Setting next_dagrun for example_sla_dag to 2025-01-27 00:06:00+00:00, run_after=2025-01-27 00:08:00+00:00
[2025-01-27T00:08:45.536+0000] {processor.py:208} INFO - Processing /home/airflow/.local/lib/python3.12/site-packages/airflow/example_dags/example_sla_dag.py took 0.127 seconds
[2025-01-27T00:09:16.628+0000] {processor.py:186} INFO - Started process (PID=318) to work on /home/airflow/.local/lib/python3.12/site-packages/airflow/example_dags/example_sla_dag.py
[2025-01-27T00:09:16.629+0000] {processor.py:914} INFO - Processing file /home/airflow/.local/lib/python3.12/site-packages/airflow/example_dags/example_sla_dag.py for tasks to queue
[2025-01-27T00:09:16.632+0000] {logging_mixin.py:190} INFO - [2025-01-27T00:09:16.631+0000] {dagbag.py:588} INFO - Filling up the DagBag from /home/airflow/.local/lib/python3.12/site-packages/airflow/example_dags/example_sla_dag.py
[2025-01-27T00:09:16.642+0000] {processor.py:925} INFO - DAG(s) 'example_sla_dag' retrieved from /home/airflow/.local/lib/python3.12/site-packages/airflow/example_dags/example_sla_dag.py
[2025-01-27T00:09:16.662+0000] {logging_mixin.py:190} INFO - [2025-01-27T00:09:16.662+0000] {dag.py:3239} INFO - Sync 1 DAGs
[2025-01-27T00:09:16.688+0000] {logging_mixin.py:190} INFO - [2025-01-27T00:09:16.688+0000] {dag.py:4180} INFO - Setting next_dagrun for example_sla_dag to 2025-01-27 00:06:00+00:00, run_after=2025-01-27 00:08:00+00:00
[2025-01-27T00:09:16.708+0000] {processor.py:208} INFO - Processing /home/airflow/.local/lib/python3.12/site-packages/airflow/example_dags/example_sla_dag.py took 0.087 seconds
[2025-01-27T00:09:47.498+0000] {processor.py:186} INFO - Started process (PID=382) to work on /home/airflow/.local/lib/python3.12/site-packages/airflow/example_dags/example_sla_dag.py
[2025-01-27T00:09:47.499+0000] {processor.py:914} INFO - Processing file /home/airflow/.local/lib/python3.12/site-packages/airflow/example_dags/example_sla_dag.py for tasks to queue
[2025-01-27T00:09:47.503+0000] {logging_mixin.py:190} INFO - [2025-01-27T00:09:47.502+0000] {dagbag.py:588} INFO - Filling up the DagBag from /home/airflow/.local/lib/python3.12/site-packages/airflow/example_dags/example_sla_dag.py
[2025-01-27T00:09:47.515+0000] {processor.py:925} INFO - DAG(s) 'example_sla_dag' retrieved from /home/airflow/.local/lib/python3.12/site-packages/airflow/example_dags/example_sla_dag.py
[2025-01-27T00:09:47.535+0000] {logging_mixin.py:190} INFO - [2025-01-27T00:09:47.535+0000] {dag.py:3239} INFO - Sync 1 DAGs
[2025-01-27T00:09:47.567+0000] {logging_mixin.py:190} INFO - [2025-01-27T00:09:47.567+0000] {dag.py:4180} INFO - Setting next_dagrun for example_sla_dag to 2025-01-27 00:06:00+00:00, run_after=2025-01-27 00:08:00+00:00
[2025-01-27T00:09:47.595+0000] {processor.py:208} INFO - Processing /home/airflow/.local/lib/python3.12/site-packages/airflow/example_dags/example_sla_dag.py took 0.103 seconds
[2025-01-27T00:10:19.070+0000] {processor.py:186} INFO - Started process (PID=453) to work on /home/airflow/.local/lib/python3.12/site-packages/airflow/example_dags/example_sla_dag.py
[2025-01-27T00:10:19.071+0000] {processor.py:914} INFO - Processing file /home/airflow/.local/lib/python3.12/site-packages/airflow/example_dags/example_sla_dag.py for tasks to queue
[2025-01-27T00:10:19.074+0000] {logging_mixin.py:190} INFO - [2025-01-27T00:10:19.073+0000] {dagbag.py:588} INFO - Filling up the DagBag from /home/airflow/.local/lib/python3.12/site-packages/airflow/example_dags/example_sla_dag.py
[2025-01-27T00:10:19.084+0000] {processor.py:925} INFO - DAG(s) 'example_sla_dag' retrieved from /home/airflow/.local/lib/python3.12/site-packages/airflow/example_dags/example_sla_dag.py
[2025-01-27T00:10:19.103+0000] {logging_mixin.py:190} INFO - [2025-01-27T00:10:19.103+0000] {dag.py:3239} INFO - Sync 1 DAGs
[2025-01-27T00:10:19.129+0000] {logging_mixin.py:190} INFO - [2025-01-27T00:10:19.129+0000] {dag.py:4180} INFO - Setting next_dagrun for example_sla_dag to 2025-01-27 00:08:00+00:00, run_after=2025-01-27 00:10:00+00:00
[2025-01-27T00:10:19.147+0000] {processor.py:208} INFO - Processing /home/airflow/.local/lib/python3.12/site-packages/airflow/example_dags/example_sla_dag.py took 0.083 seconds
[2025-01-27T00:10:50.324+0000] {processor.py:186} INFO - Started process (PID=518) to work on /home/airflow/.local/lib/python3.12/site-packages/airflow/example_dags/example_sla_dag.py
[2025-01-27T00:10:50.325+0000] {processor.py:914} INFO - Processing file /home/airflow/.local/lib/python3.12/site-packages/airflow/example_dags/example_sla_dag.py for tasks to queue
[2025-01-27T00:10:50.328+0000] {logging_mixin.py:190} INFO - [2025-01-27T00:10:50.327+0000] {dagbag.py:588} INFO - Filling up the DagBag from /home/airflow/.local/lib/python3.12/site-packages/airflow/example_dags/example_sla_dag.py
[2025-01-27T00:10:50.344+0000] {processor.py:925} INFO - DAG(s) 'example_sla_dag' retrieved from /home/airflow/.local/lib/python3.12/site-packages/airflow/example_dags/example_sla_dag.py
[2025-01-27T00:10:50.374+0000] {logging_mixin.py:190} INFO - [2025-01-27T00:10:50.374+0000] {dag.py:3239} INFO - Sync 1 DAGs
[2025-01-27T00:10:50.427+0000] {logging_mixin.py:190} INFO - [2025-01-27T00:10:50.427+0000] {dag.py:4180} INFO - Setting next_dagrun for example_sla_dag to 2025-01-27 00:08:00+00:00, run_after=2025-01-27 00:10:00+00:00
[2025-01-27T00:10:50.456+0000] {processor.py:208} INFO - Processing /home/airflow/.local/lib/python3.12/site-packages/airflow/example_dags/example_sla_dag.py took 0.140 seconds
[2025-01-27T00:12:32.437+0000] {processor.py:186} INFO - Started process (PID=58) to work on /home/airflow/.local/lib/python3.12/site-packages/airflow/example_dags/example_sla_dag.py
[2025-01-27T00:12:32.438+0000] {processor.py:914} INFO - Processing file /home/airflow/.local/lib/python3.12/site-packages/airflow/example_dags/example_sla_dag.py for tasks to queue
[2025-01-27T00:12:32.441+0000] {logging_mixin.py:190} INFO - [2025-01-27T00:12:32.441+0000] {dagbag.py:588} INFO - Filling up the DagBag from /home/airflow/.local/lib/python3.12/site-packages/airflow/example_dags/example_sla_dag.py
[2025-01-27T00:12:32.453+0000] {processor.py:925} INFO - DAG(s) 'example_sla_dag' retrieved from /home/airflow/.local/lib/python3.12/site-packages/airflow/example_dags/example_sla_dag.py
[2025-01-27T00:12:32.475+0000] {logging_mixin.py:190} INFO - [2025-01-27T00:12:32.475+0000] {dag.py:3239} INFO - Sync 1 DAGs
[2025-01-27T00:12:32.503+0000] {logging_mixin.py:190} INFO - [2025-01-27T00:12:32.503+0000] {dag.py:4180} INFO - Setting next_dagrun for example_sla_dag to 2025-01-27 00:10:00+00:00, run_after=2025-01-27 00:12:00+00:00
[2025-01-27T00:12:32.522+0000] {processor.py:208} INFO - Processing /home/airflow/.local/lib/python3.12/site-packages/airflow/example_dags/example_sla_dag.py took 0.091 seconds
[2025-01-27T00:13:03.559+0000] {processor.py:186} INFO - Started process (PID=123) to work on /home/airflow/.local/lib/python3.12/site-packages/airflow/example_dags/example_sla_dag.py
[2025-01-27T00:13:03.561+0000] {processor.py:914} INFO - Processing file /home/airflow/.local/lib/python3.12/site-packages/airflow/example_dags/example_sla_dag.py for tasks to queue
[2025-01-27T00:13:03.564+0000] {logging_mixin.py:190} INFO - [2025-01-27T00:13:03.564+0000] {dagbag.py:588} INFO - Filling up the DagBag from /home/airflow/.local/lib/python3.12/site-packages/airflow/example_dags/example_sla_dag.py
[2025-01-27T00:13:03.581+0000] {processor.py:925} INFO - DAG(s) 'example_sla_dag' retrieved from /home/airflow/.local/lib/python3.12/site-packages/airflow/example_dags/example_sla_dag.py
[2025-01-27T00:13:03.610+0000] {logging_mixin.py:190} INFO - [2025-01-27T00:13:03.610+0000] {dag.py:3239} INFO - Sync 1 DAGs
[2025-01-27T00:13:03.645+0000] {logging_mixin.py:190} INFO - [2025-01-27T00:13:03.645+0000] {dag.py:4180} INFO - Setting next_dagrun for example_sla_dag to 2025-01-27 00:10:00+00:00, run_after=2025-01-27 00:12:00+00:00
[2025-01-27T00:13:03.678+0000] {processor.py:208} INFO - Processing /home/airflow/.local/lib/python3.12/site-packages/airflow/example_dags/example_sla_dag.py took 0.127 seconds
[2025-01-27T00:13:35.012+0000] {processor.py:186} INFO - Started process (PID=188) to work on /home/airflow/.local/lib/python3.12/site-packages/airflow/example_dags/example_sla_dag.py
[2025-01-27T00:13:35.013+0000] {processor.py:914} INFO - Processing file /home/airflow/.local/lib/python3.12/site-packages/airflow/example_dags/example_sla_dag.py for tasks to queue
[2025-01-27T00:13:35.017+0000] {logging_mixin.py:190} INFO - [2025-01-27T00:13:35.016+0000] {dagbag.py:588} INFO - Filling up the DagBag from /home/airflow/.local/lib/python3.12/site-packages/airflow/example_dags/example_sla_dag.py
[2025-01-27T00:13:35.028+0000] {processor.py:925} INFO - DAG(s) 'example_sla_dag' retrieved from /home/airflow/.local/lib/python3.12/site-packages/airflow/example_dags/example_sla_dag.py
[2025-01-27T00:13:35.049+0000] {logging_mixin.py:190} INFO - [2025-01-27T00:13:35.049+0000] {dag.py:3239} INFO - Sync 1 DAGs
[2025-01-27T00:13:35.078+0000] {logging_mixin.py:190} INFO - [2025-01-27T00:13:35.078+0000] {dag.py:4180} INFO - Setting next_dagrun for example_sla_dag to 2025-01-27 00:10:00+00:00, run_after=2025-01-27 00:12:00+00:00
[2025-01-27T00:13:35.098+0000] {processor.py:208} INFO - Processing /home/airflow/.local/lib/python3.12/site-packages/airflow/example_dags/example_sla_dag.py took 0.093 seconds
[2025-01-27T00:14:07.018+0000] {processor.py:186} INFO - Started process (PID=254) to work on /home/airflow/.local/lib/python3.12/site-packages/airflow/example_dags/example_sla_dag.py
[2025-01-27T00:14:07.031+0000] {processor.py:914} INFO - Processing file /home/airflow/.local/lib/python3.12/site-packages/airflow/example_dags/example_sla_dag.py for tasks to queue
[2025-01-27T00:14:07.035+0000] {logging_mixin.py:190} INFO - [2025-01-27T00:14:07.034+0000] {dagbag.py:588} INFO - Filling up the DagBag from /home/airflow/.local/lib/python3.12/site-packages/airflow/example_dags/example_sla_dag.py
[2025-01-27T00:14:07.067+0000] {processor.py:925} INFO - DAG(s) 'example_sla_dag' retrieved from /home/airflow/.local/lib/python3.12/site-packages/airflow/example_dags/example_sla_dag.py
[2025-01-27T00:14:07.125+0000] {logging_mixin.py:190} INFO - [2025-01-27T00:14:07.125+0000] {dag.py:3239} INFO - Sync 1 DAGs
[2025-01-27T00:14:07.215+0000] {logging_mixin.py:190} INFO - [2025-01-27T00:14:07.215+0000] {dag.py:4180} INFO - Setting next_dagrun for example_sla_dag to 2025-01-27 00:12:00+00:00, run_after=2025-01-27 00:14:00+00:00
[2025-01-27T00:14:07.296+0000] {processor.py:208} INFO - Processing /home/airflow/.local/lib/python3.12/site-packages/airflow/example_dags/example_sla_dag.py took 0.285 seconds
[2025-01-27T00:14:37.823+0000] {processor.py:186} INFO - Started process (PID=319) to work on /home/airflow/.local/lib/python3.12/site-packages/airflow/example_dags/example_sla_dag.py
[2025-01-27T00:14:37.824+0000] {processor.py:914} INFO - Processing file /home/airflow/.local/lib/python3.12/site-packages/airflow/example_dags/example_sla_dag.py for tasks to queue
[2025-01-27T00:14:37.827+0000] {logging_mixin.py:190} INFO - [2025-01-27T00:14:37.826+0000] {dagbag.py:588} INFO - Filling up the DagBag from /home/airflow/.local/lib/python3.12/site-packages/airflow/example_dags/example_sla_dag.py
[2025-01-27T00:14:37.837+0000] {processor.py:925} INFO - DAG(s) 'example_sla_dag' retrieved from /home/airflow/.local/lib/python3.12/site-packages/airflow/example_dags/example_sla_dag.py
[2025-01-27T00:14:37.857+0000] {logging_mixin.py:190} INFO - [2025-01-27T00:14:37.857+0000] {dag.py:3239} INFO - Sync 1 DAGs
[2025-01-27T00:14:37.886+0000] {logging_mixin.py:190} INFO - [2025-01-27T00:14:37.886+0000] {dag.py:4180} INFO - Setting next_dagrun for example_sla_dag to 2025-01-27 00:12:00+00:00, run_after=2025-01-27 00:14:00+00:00
[2025-01-27T00:14:37.905+0000] {processor.py:208} INFO - Processing /home/airflow/.local/lib/python3.12/site-packages/airflow/example_dags/example_sla_dag.py took 0.087 seconds
[2025-01-27T00:15:09.068+0000] {processor.py:186} INFO - Started process (PID=390) to work on /home/airflow/.local/lib/python3.12/site-packages/airflow/example_dags/example_sla_dag.py
[2025-01-27T00:15:09.069+0000] {processor.py:914} INFO - Processing file /home/airflow/.local/lib/python3.12/site-packages/airflow/example_dags/example_sla_dag.py for tasks to queue
[2025-01-27T00:15:09.072+0000] {logging_mixin.py:190} INFO - [2025-01-27T00:15:09.071+0000] {dagbag.py:588} INFO - Filling up the DagBag from /home/airflow/.local/lib/python3.12/site-packages/airflow/example_dags/example_sla_dag.py
[2025-01-27T00:15:09.082+0000] {processor.py:925} INFO - DAG(s) 'example_sla_dag' retrieved from /home/airflow/.local/lib/python3.12/site-packages/airflow/example_dags/example_sla_dag.py
[2025-01-27T00:15:09.100+0000] {logging_mixin.py:190} INFO - [2025-01-27T00:15:09.099+0000] {dag.py:3239} INFO - Sync 1 DAGs
[2025-01-27T00:15:09.129+0000] {logging_mixin.py:190} INFO - [2025-01-27T00:15:09.128+0000] {dag.py:4180} INFO - Setting next_dagrun for example_sla_dag to 2025-01-27 00:12:00+00:00, run_after=2025-01-27 00:14:00+00:00
[2025-01-27T00:15:09.147+0000] {processor.py:208} INFO - Processing /home/airflow/.local/lib/python3.12/site-packages/airflow/example_dags/example_sla_dag.py took 0.086 seconds
[2025-01-27T00:16:28.647+0000] {processor.py:186} INFO - Started process (PID=64) to work on /home/airflow/.local/lib/python3.12/site-packages/airflow/example_dags/example_sla_dag.py
[2025-01-27T00:16:28.649+0000] {processor.py:914} INFO - Processing file /home/airflow/.local/lib/python3.12/site-packages/airflow/example_dags/example_sla_dag.py for tasks to queue
[2025-01-27T00:16:28.655+0000] {logging_mixin.py:190} INFO - [2025-01-27T00:16:28.654+0000] {dagbag.py:588} INFO - Filling up the DagBag from /home/airflow/.local/lib/python3.12/site-packages/airflow/example_dags/example_sla_dag.py
[2025-01-27T00:16:28.674+0000] {processor.py:925} INFO - DAG(s) 'example_sla_dag' retrieved from /home/airflow/.local/lib/python3.12/site-packages/airflow/example_dags/example_sla_dag.py
[2025-01-27T00:16:28.721+0000] {logging_mixin.py:190} INFO - [2025-01-27T00:16:28.720+0000] {dag.py:3239} INFO - Sync 1 DAGs
[2025-01-27T00:16:28.758+0000] {logging_mixin.py:190} INFO - [2025-01-27T00:16:28.757+0000] {dag.py:4180} INFO - Setting next_dagrun for example_sla_dag to 2025-01-27 00:14:00+00:00, run_after=2025-01-27 00:16:00+00:00
[2025-01-27T00:16:28.798+0000] {processor.py:208} INFO - Processing /home/airflow/.local/lib/python3.12/site-packages/airflow/example_dags/example_sla_dag.py took 0.168 seconds
[2025-01-27T00:17:00.067+0000] {processor.py:186} INFO - Started process (PID=131) to work on /home/airflow/.local/lib/python3.12/site-packages/airflow/example_dags/example_sla_dag.py
[2025-01-27T00:17:00.068+0000] {processor.py:914} INFO - Processing file /home/airflow/.local/lib/python3.12/site-packages/airflow/example_dags/example_sla_dag.py for tasks to queue
[2025-01-27T00:17:00.070+0000] {logging_mixin.py:190} INFO - [2025-01-27T00:17:00.070+0000] {dagbag.py:588} INFO - Filling up the DagBag from /home/airflow/.local/lib/python3.12/site-packages/airflow/example_dags/example_sla_dag.py
[2025-01-27T00:17:00.081+0000] {processor.py:925} INFO - DAG(s) 'example_sla_dag' retrieved from /home/airflow/.local/lib/python3.12/site-packages/airflow/example_dags/example_sla_dag.py
[2025-01-27T00:17:00.101+0000] {logging_mixin.py:190} INFO - [2025-01-27T00:17:00.101+0000] {dag.py:3239} INFO - Sync 1 DAGs
[2025-01-27T00:17:00.126+0000] {logging_mixin.py:190} INFO - [2025-01-27T00:17:00.126+0000] {dag.py:4180} INFO - Setting next_dagrun for example_sla_dag to 2025-01-27 00:14:00+00:00, run_after=2025-01-27 00:16:00+00:00
[2025-01-27T00:17:00.145+0000] {processor.py:208} INFO - Processing /home/airflow/.local/lib/python3.12/site-packages/airflow/example_dags/example_sla_dag.py took 0.084 seconds
[2025-01-27T00:17:31.093+0000] {processor.py:186} INFO - Started process (PID=197) to work on /home/airflow/.local/lib/python3.12/site-packages/airflow/example_dags/example_sla_dag.py
[2025-01-27T00:17:31.094+0000] {processor.py:914} INFO - Processing file /home/airflow/.local/lib/python3.12/site-packages/airflow/example_dags/example_sla_dag.py for tasks to queue
[2025-01-27T00:17:31.097+0000] {logging_mixin.py:190} INFO - [2025-01-27T00:17:31.096+0000] {dagbag.py:588} INFO - Filling up the DagBag from /home/airflow/.local/lib/python3.12/site-packages/airflow/example_dags/example_sla_dag.py
[2025-01-27T00:17:31.108+0000] {processor.py:925} INFO - DAG(s) 'example_sla_dag' retrieved from /home/airflow/.local/lib/python3.12/site-packages/airflow/example_dags/example_sla_dag.py
[2025-01-27T00:17:31.127+0000] {logging_mixin.py:190} INFO - [2025-01-27T00:17:31.126+0000] {dag.py:3239} INFO - Sync 1 DAGs
[2025-01-27T00:17:31.154+0000] {logging_mixin.py:190} INFO - [2025-01-27T00:17:31.154+0000] {dag.py:4180} INFO - Setting next_dagrun for example_sla_dag to 2025-01-27 00:14:00+00:00, run_after=2025-01-27 00:16:00+00:00
[2025-01-27T00:17:31.173+0000] {processor.py:208} INFO - Processing /home/airflow/.local/lib/python3.12/site-packages/airflow/example_dags/example_sla_dag.py took 0.085 seconds
[2025-01-27T00:18:02.551+0000] {processor.py:186} INFO - Started process (PID=263) to work on /home/airflow/.local/lib/python3.12/site-packages/airflow/example_dags/example_sla_dag.py
[2025-01-27T00:18:02.552+0000] {processor.py:914} INFO - Processing file /home/airflow/.local/lib/python3.12/site-packages/airflow/example_dags/example_sla_dag.py for tasks to queue
[2025-01-27T00:18:02.555+0000] {logging_mixin.py:190} INFO - [2025-01-27T00:18:02.555+0000] {dagbag.py:588} INFO - Filling up the DagBag from /home/airflow/.local/lib/python3.12/site-packages/airflow/example_dags/example_sla_dag.py
[2025-01-27T00:18:02.574+0000] {processor.py:925} INFO - DAG(s) 'example_sla_dag' retrieved from /home/airflow/.local/lib/python3.12/site-packages/airflow/example_dags/example_sla_dag.py
[2025-01-27T00:18:02.601+0000] {logging_mixin.py:190} INFO - [2025-01-27T00:18:02.600+0000] {dag.py:3239} INFO - Sync 1 DAGs
[2025-01-27T00:18:02.637+0000] {logging_mixin.py:190} INFO - [2025-01-27T00:18:02.637+0000] {dag.py:4180} INFO - Setting next_dagrun for example_sla_dag to 2025-01-27 00:16:00+00:00, run_after=2025-01-27 00:18:00+00:00
[2025-01-27T00:18:02.677+0000] {processor.py:208} INFO - Processing /home/airflow/.local/lib/python3.12/site-packages/airflow/example_dags/example_sla_dag.py took 0.141 seconds
[2025-01-27T00:18:33.376+0000] {processor.py:186} INFO - Started process (PID=329) to work on /home/airflow/.local/lib/python3.12/site-packages/airflow/example_dags/example_sla_dag.py
[2025-01-27T00:18:33.377+0000] {processor.py:914} INFO - Processing file /home/airflow/.local/lib/python3.12/site-packages/airflow/example_dags/example_sla_dag.py for tasks to queue
[2025-01-27T00:18:33.380+0000] {logging_mixin.py:190} INFO - [2025-01-27T00:18:33.379+0000] {dagbag.py:588} INFO - Filling up the DagBag from /home/airflow/.local/lib/python3.12/site-packages/airflow/example_dags/example_sla_dag.py
[2025-01-27T00:18:33.392+0000] {processor.py:925} INFO - DAG(s) 'example_sla_dag' retrieved from /home/airflow/.local/lib/python3.12/site-packages/airflow/example_dags/example_sla_dag.py
[2025-01-27T00:18:33.411+0000] {logging_mixin.py:190} INFO - [2025-01-27T00:18:33.411+0000] {dag.py:3239} INFO - Sync 1 DAGs
[2025-01-27T00:18:33.439+0000] {logging_mixin.py:190} INFO - [2025-01-27T00:18:33.439+0000] {dag.py:4180} INFO - Setting next_dagrun for example_sla_dag to 2025-01-27 00:16:00+00:00, run_after=2025-01-27 00:18:00+00:00
[2025-01-27T00:18:33.459+0000] {processor.py:208} INFO - Processing /home/airflow/.local/lib/python3.12/site-packages/airflow/example_dags/example_sla_dag.py took 0.089 seconds
[2025-01-27T00:19:04.781+0000] {processor.py:186} INFO - Started process (PID=396) to work on /home/airflow/.local/lib/python3.12/site-packages/airflow/example_dags/example_sla_dag.py
[2025-01-27T00:19:04.782+0000] {processor.py:914} INFO - Processing file /home/airflow/.local/lib/python3.12/site-packages/airflow/example_dags/example_sla_dag.py for tasks to queue
[2025-01-27T00:19:04.785+0000] {logging_mixin.py:190} INFO - [2025-01-27T00:19:04.784+0000] {dagbag.py:588} INFO - Filling up the DagBag from /home/airflow/.local/lib/python3.12/site-packages/airflow/example_dags/example_sla_dag.py
[2025-01-27T00:19:04.797+0000] {processor.py:925} INFO - DAG(s) 'example_sla_dag' retrieved from /home/airflow/.local/lib/python3.12/site-packages/airflow/example_dags/example_sla_dag.py
[2025-01-27T00:19:04.815+0000] {logging_mixin.py:190} INFO - [2025-01-27T00:19:04.815+0000] {dag.py:3239} INFO - Sync 1 DAGs
[2025-01-27T00:19:04.845+0000] {logging_mixin.py:190} INFO - [2025-01-27T00:19:04.845+0000] {dag.py:4180} INFO - Setting next_dagrun for example_sla_dag to 2025-01-27 00:16:00+00:00, run_after=2025-01-27 00:18:00+00:00
[2025-01-27T00:19:04.864+0000] {processor.py:208} INFO - Processing /home/airflow/.local/lib/python3.12/site-packages/airflow/example_dags/example_sla_dag.py took 0.089 seconds
[2025-01-27T00:19:35.890+0000] {processor.py:186} INFO - Started process (PID=461) to work on /home/airflow/.local/lib/python3.12/site-packages/airflow/example_dags/example_sla_dag.py
[2025-01-27T00:19:35.891+0000] {processor.py:914} INFO - Processing file /home/airflow/.local/lib/python3.12/site-packages/airflow/example_dags/example_sla_dag.py for tasks to queue
[2025-01-27T00:19:35.894+0000] {logging_mixin.py:190} INFO - [2025-01-27T00:19:35.894+0000] {dagbag.py:588} INFO - Filling up the DagBag from /home/airflow/.local/lib/python3.12/site-packages/airflow/example_dags/example_sla_dag.py
[2025-01-27T00:19:35.907+0000] {processor.py:925} INFO - DAG(s) 'example_sla_dag' retrieved from /home/airflow/.local/lib/python3.12/site-packages/airflow/example_dags/example_sla_dag.py
[2025-01-27T00:19:35.930+0000] {logging_mixin.py:190} INFO - [2025-01-27T00:19:35.930+0000] {dag.py:3239} INFO - Sync 1 DAGs
[2025-01-27T00:19:35.957+0000] {logging_mixin.py:190} INFO - [2025-01-27T00:19:35.957+0000] {dag.py:4180} INFO - Setting next_dagrun for example_sla_dag to 2025-01-27 00:16:00+00:00, run_after=2025-01-27 00:18:00+00:00
[2025-01-27T00:19:35.976+0000] {processor.py:208} INFO - Processing /home/airflow/.local/lib/python3.12/site-packages/airflow/example_dags/example_sla_dag.py took 0.091 seconds
[2025-01-27T00:20:07.349+0000] {processor.py:186} INFO - Started process (PID=527) to work on /home/airflow/.local/lib/python3.12/site-packages/airflow/example_dags/example_sla_dag.py
[2025-01-27T00:20:07.350+0000] {processor.py:914} INFO - Processing file /home/airflow/.local/lib/python3.12/site-packages/airflow/example_dags/example_sla_dag.py for tasks to queue
[2025-01-27T00:20:07.353+0000] {logging_mixin.py:190} INFO - [2025-01-27T00:20:07.353+0000] {dagbag.py:588} INFO - Filling up the DagBag from /home/airflow/.local/lib/python3.12/site-packages/airflow/example_dags/example_sla_dag.py
[2025-01-27T00:20:07.366+0000] {processor.py:925} INFO - DAG(s) 'example_sla_dag' retrieved from /home/airflow/.local/lib/python3.12/site-packages/airflow/example_dags/example_sla_dag.py
[2025-01-27T00:20:07.390+0000] {logging_mixin.py:190} INFO - [2025-01-27T00:20:07.389+0000] {dag.py:3239} INFO - Sync 1 DAGs
[2025-01-27T00:20:07.426+0000] {logging_mixin.py:190} INFO - [2025-01-27T00:20:07.425+0000] {dag.py:4180} INFO - Setting next_dagrun for example_sla_dag to 2025-01-27 00:18:00+00:00, run_after=2025-01-27 00:20:00+00:00
[2025-01-27T00:20:07.448+0000] {processor.py:208} INFO - Processing /home/airflow/.local/lib/python3.12/site-packages/airflow/example_dags/example_sla_dag.py took 0.106 seconds
[2025-01-27T00:20:38.603+0000] {processor.py:186} INFO - Started process (PID=593) to work on /home/airflow/.local/lib/python3.12/site-packages/airflow/example_dags/example_sla_dag.py
[2025-01-27T00:20:38.605+0000] {processor.py:914} INFO - Processing file /home/airflow/.local/lib/python3.12/site-packages/airflow/example_dags/example_sla_dag.py for tasks to queue
[2025-01-27T00:20:38.607+0000] {logging_mixin.py:190} INFO - [2025-01-27T00:20:38.607+0000] {dagbag.py:588} INFO - Filling up the DagBag from /home/airflow/.local/lib/python3.12/site-packages/airflow/example_dags/example_sla_dag.py
[2025-01-27T00:20:38.619+0000] {processor.py:925} INFO - DAG(s) 'example_sla_dag' retrieved from /home/airflow/.local/lib/python3.12/site-packages/airflow/example_dags/example_sla_dag.py
[2025-01-27T00:20:38.639+0000] {logging_mixin.py:190} INFO - [2025-01-27T00:20:38.639+0000] {dag.py:3239} INFO - Sync 1 DAGs
[2025-01-27T00:20:38.670+0000] {logging_mixin.py:190} INFO - [2025-01-27T00:20:38.670+0000] {dag.py:4180} INFO - Setting next_dagrun for example_sla_dag to 2025-01-27 00:18:00+00:00, run_after=2025-01-27 00:20:00+00:00
[2025-01-27T00:20:38.687+0000] {processor.py:208} INFO - Processing /home/airflow/.local/lib/python3.12/site-packages/airflow/example_dags/example_sla_dag.py took 0.090 seconds
[2025-01-27T00:21:10.070+0000] {processor.py:186} INFO - Started process (PID=659) to work on /home/airflow/.local/lib/python3.12/site-packages/airflow/example_dags/example_sla_dag.py
[2025-01-27T00:21:10.072+0000] {processor.py:914} INFO - Processing file /home/airflow/.local/lib/python3.12/site-packages/airflow/example_dags/example_sla_dag.py for tasks to queue
[2025-01-27T00:21:10.075+0000] {logging_mixin.py:190} INFO - [2025-01-27T00:21:10.074+0000] {dagbag.py:588} INFO - Filling up the DagBag from /home/airflow/.local/lib/python3.12/site-packages/airflow/example_dags/example_sla_dag.py
[2025-01-27T00:21:10.088+0000] {processor.py:925} INFO - DAG(s) 'example_sla_dag' retrieved from /home/airflow/.local/lib/python3.12/site-packages/airflow/example_dags/example_sla_dag.py
[2025-01-27T00:21:10.109+0000] {logging_mixin.py:190} INFO - [2025-01-27T00:21:10.109+0000] {dag.py:3239} INFO - Sync 1 DAGs
[2025-01-27T00:21:10.138+0000] {logging_mixin.py:190} INFO - [2025-01-27T00:21:10.137+0000] {dag.py:4180} INFO - Setting next_dagrun for example_sla_dag to 2025-01-27 00:18:00+00:00, run_after=2025-01-27 00:20:00+00:00
[2025-01-27T00:21:10.162+0000] {processor.py:208} INFO - Processing /home/airflow/.local/lib/python3.12/site-packages/airflow/example_dags/example_sla_dag.py took 0.099 seconds
[2025-01-27T00:21:40.996+0000] {processor.py:186} INFO - Started process (PID=726) to work on /home/airflow/.local/lib/python3.12/site-packages/airflow/example_dags/example_sla_dag.py
[2025-01-27T00:21:40.997+0000] {processor.py:914} INFO - Processing file /home/airflow/.local/lib/python3.12/site-packages/airflow/example_dags/example_sla_dag.py for tasks to queue
[2025-01-27T00:21:41.001+0000] {logging_mixin.py:190} INFO - [2025-01-27T00:21:41.000+0000] {dagbag.py:588} INFO - Filling up the DagBag from /home/airflow/.local/lib/python3.12/site-packages/airflow/example_dags/example_sla_dag.py
[2025-01-27T00:21:41.011+0000] {processor.py:925} INFO - DAG(s) 'example_sla_dag' retrieved from /home/airflow/.local/lib/python3.12/site-packages/airflow/example_dags/example_sla_dag.py
[2025-01-27T00:21:41.030+0000] {logging_mixin.py:190} INFO - [2025-01-27T00:21:41.030+0000] {dag.py:3239} INFO - Sync 1 DAGs
[2025-01-27T00:21:41.060+0000] {logging_mixin.py:190} INFO - [2025-01-27T00:21:41.060+0000] {dag.py:4180} INFO - Setting next_dagrun for example_sla_dag to 2025-01-27 00:18:00+00:00, run_after=2025-01-27 00:20:00+00:00
[2025-01-27T00:21:41.078+0000] {processor.py:208} INFO - Processing /home/airflow/.local/lib/python3.12/site-packages/airflow/example_dags/example_sla_dag.py took 0.089 seconds
[2025-01-27T00:22:12.237+0000] {processor.py:186} INFO - Started process (PID=792) to work on /home/airflow/.local/lib/python3.12/site-packages/airflow/example_dags/example_sla_dag.py
[2025-01-27T00:22:12.238+0000] {processor.py:914} INFO - Processing file /home/airflow/.local/lib/python3.12/site-packages/airflow/example_dags/example_sla_dag.py for tasks to queue
[2025-01-27T00:22:12.241+0000] {logging_mixin.py:190} INFO - [2025-01-27T00:22:12.240+0000] {dagbag.py:588} INFO - Filling up the DagBag from /home/airflow/.local/lib/python3.12/site-packages/airflow/example_dags/example_sla_dag.py
[2025-01-27T00:22:12.251+0000] {processor.py:925} INFO - DAG(s) 'example_sla_dag' retrieved from /home/airflow/.local/lib/python3.12/site-packages/airflow/example_dags/example_sla_dag.py
[2025-01-27T00:22:12.269+0000] {logging_mixin.py:190} INFO - [2025-01-27T00:22:12.268+0000] {dag.py:3239} INFO - Sync 1 DAGs
[2025-01-27T00:22:12.296+0000] {logging_mixin.py:190} INFO - [2025-01-27T00:22:12.296+0000] {dag.py:4180} INFO - Setting next_dagrun for example_sla_dag to 2025-01-27 00:20:00+00:00, run_after=2025-01-27 00:22:00+00:00
[2025-01-27T00:22:12.313+0000] {processor.py:208} INFO - Processing /home/airflow/.local/lib/python3.12/site-packages/airflow/example_dags/example_sla_dag.py took 0.083 seconds
[2025-01-27T00:26:33.146+0000] {processor.py:186} INFO - Started process (PID=65) to work on /home/airflow/.local/lib/python3.12/site-packages/airflow/example_dags/example_sla_dag.py
[2025-01-27T00:26:33.148+0000] {processor.py:914} INFO - Processing file /home/airflow/.local/lib/python3.12/site-packages/airflow/example_dags/example_sla_dag.py for tasks to queue
[2025-01-27T00:26:33.163+0000] {logging_mixin.py:190} INFO - [2025-01-27T00:26:33.162+0000] {dagbag.py:588} INFO - Filling up the DagBag from /home/airflow/.local/lib/python3.12/site-packages/airflow/example_dags/example_sla_dag.py
[2025-01-27T00:26:33.178+0000] {processor.py:925} INFO - DAG(s) 'example_sla_dag' retrieved from /home/airflow/.local/lib/python3.12/site-packages/airflow/example_dags/example_sla_dag.py
[2025-01-27T00:26:33.205+0000] {logging_mixin.py:190} INFO - [2025-01-27T00:26:33.205+0000] {dag.py:3239} INFO - Sync 1 DAGs
[2025-01-27T00:26:33.241+0000] {logging_mixin.py:190} INFO - [2025-01-27T00:26:33.241+0000] {dag.py:4180} INFO - Setting next_dagrun for example_sla_dag to 2025-01-27 00:24:00+00:00, run_after=2025-01-27 00:26:00+00:00
[2025-01-27T00:26:33.264+0000] {processor.py:208} INFO - Processing /home/airflow/.local/lib/python3.12/site-packages/airflow/example_dags/example_sla_dag.py took 0.129 seconds
[2025-01-27T00:27:04.794+0000] {processor.py:186} INFO - Started process (PID=132) to work on /home/airflow/.local/lib/python3.12/site-packages/airflow/example_dags/example_sla_dag.py
[2025-01-27T00:27:04.795+0000] {processor.py:914} INFO - Processing file /home/airflow/.local/lib/python3.12/site-packages/airflow/example_dags/example_sla_dag.py for tasks to queue
[2025-01-27T00:27:04.798+0000] {logging_mixin.py:190} INFO - [2025-01-27T00:27:04.797+0000] {dagbag.py:588} INFO - Filling up the DagBag from /home/airflow/.local/lib/python3.12/site-packages/airflow/example_dags/example_sla_dag.py
[2025-01-27T00:27:04.809+0000] {processor.py:925} INFO - DAG(s) 'example_sla_dag' retrieved from /home/airflow/.local/lib/python3.12/site-packages/airflow/example_dags/example_sla_dag.py
[2025-01-27T00:27:04.831+0000] {logging_mixin.py:190} INFO - [2025-01-27T00:27:04.830+0000] {dag.py:3239} INFO - Sync 1 DAGs
[2025-01-27T00:27:04.857+0000] {logging_mixin.py:190} INFO - [2025-01-27T00:27:04.857+0000] {dag.py:4180} INFO - Setting next_dagrun for example_sla_dag to 2025-01-27 00:24:00+00:00, run_after=2025-01-27 00:26:00+00:00
[2025-01-27T00:27:04.874+0000] {processor.py:208} INFO - Processing /home/airflow/.local/lib/python3.12/site-packages/airflow/example_dags/example_sla_dag.py took 0.088 seconds
[2025-01-27T00:27:35.985+0000] {processor.py:186} INFO - Started process (PID=197) to work on /home/airflow/.local/lib/python3.12/site-packages/airflow/example_dags/example_sla_dag.py
[2025-01-27T00:27:35.986+0000] {processor.py:914} INFO - Processing file /home/airflow/.local/lib/python3.12/site-packages/airflow/example_dags/example_sla_dag.py for tasks to queue
[2025-01-27T00:27:35.989+0000] {logging_mixin.py:190} INFO - [2025-01-27T00:27:35.989+0000] {dagbag.py:588} INFO - Filling up the DagBag from /home/airflow/.local/lib/python3.12/site-packages/airflow/example_dags/example_sla_dag.py
[2025-01-27T00:27:36.002+0000] {processor.py:925} INFO - DAG(s) 'example_sla_dag' retrieved from /home/airflow/.local/lib/python3.12/site-packages/airflow/example_dags/example_sla_dag.py
[2025-01-27T00:27:36.025+0000] {logging_mixin.py:190} INFO - [2025-01-27T00:27:36.025+0000] {dag.py:3239} INFO - Sync 1 DAGs
[2025-01-27T00:27:36.063+0000] {logging_mixin.py:190} INFO - [2025-01-27T00:27:36.062+0000] {dag.py:4180} INFO - Setting next_dagrun for example_sla_dag to 2025-01-27 00:24:00+00:00, run_after=2025-01-27 00:26:00+00:00
[2025-01-27T00:27:36.085+0000] {processor.py:208} INFO - Processing /home/airflow/.local/lib/python3.12/site-packages/airflow/example_dags/example_sla_dag.py took 0.107 seconds
[2025-01-27T00:28:06.757+0000] {processor.py:186} INFO - Started process (PID=263) to work on /home/airflow/.local/lib/python3.12/site-packages/airflow/example_dags/example_sla_dag.py
[2025-01-27T00:28:06.758+0000] {processor.py:914} INFO - Processing file /home/airflow/.local/lib/python3.12/site-packages/airflow/example_dags/example_sla_dag.py for tasks to queue
[2025-01-27T00:28:06.760+0000] {logging_mixin.py:190} INFO - [2025-01-27T00:28:06.760+0000] {dagbag.py:588} INFO - Filling up the DagBag from /home/airflow/.local/lib/python3.12/site-packages/airflow/example_dags/example_sla_dag.py
[2025-01-27T00:28:06.773+0000] {processor.py:925} INFO - DAG(s) 'example_sla_dag' retrieved from /home/airflow/.local/lib/python3.12/site-packages/airflow/example_dags/example_sla_dag.py
[2025-01-27T00:28:06.794+0000] {logging_mixin.py:190} INFO - [2025-01-27T00:28:06.794+0000] {dag.py:3239} INFO - Sync 1 DAGs
[2025-01-27T00:28:06.825+0000] {logging_mixin.py:190} INFO - [2025-01-27T00:28:06.825+0000] {dag.py:4180} INFO - Setting next_dagrun for example_sla_dag to 2025-01-27 00:26:00+00:00, run_after=2025-01-27 00:28:00+00:00
[2025-01-27T00:28:06.843+0000] {processor.py:208} INFO - Processing /home/airflow/.local/lib/python3.12/site-packages/airflow/example_dags/example_sla_dag.py took 0.094 seconds
[2025-01-27T00:29:30.487+0000] {processor.py:186} INFO - Started process (PID=58) to work on /home/airflow/.local/lib/python3.12/site-packages/airflow/example_dags/example_sla_dag.py
[2025-01-27T00:29:30.488+0000] {processor.py:914} INFO - Processing file /home/airflow/.local/lib/python3.12/site-packages/airflow/example_dags/example_sla_dag.py for tasks to queue
[2025-01-27T00:29:30.490+0000] {logging_mixin.py:190} INFO - [2025-01-27T00:29:30.489+0000] {dagbag.py:588} INFO - Filling up the DagBag from /home/airflow/.local/lib/python3.12/site-packages/airflow/example_dags/example_sla_dag.py
[2025-01-27T00:29:30.501+0000] {processor.py:925} INFO - DAG(s) 'example_sla_dag' retrieved from /home/airflow/.local/lib/python3.12/site-packages/airflow/example_dags/example_sla_dag.py
[2025-01-27T00:29:30.521+0000] {logging_mixin.py:190} INFO - [2025-01-27T00:29:30.521+0000] {dag.py:3239} INFO - Sync 1 DAGs
[2025-01-27T00:29:30.548+0000] {logging_mixin.py:190} INFO - [2025-01-27T00:29:30.548+0000] {dag.py:4180} INFO - Setting next_dagrun for example_sla_dag to 2025-01-27 00:26:00+00:00, run_after=2025-01-27 00:28:00+00:00
[2025-01-27T00:29:30.569+0000] {processor.py:208} INFO - Processing /home/airflow/.local/lib/python3.12/site-packages/airflow/example_dags/example_sla_dag.py took 0.088 seconds
[2025-01-27T00:30:01.683+0000] {processor.py:186} INFO - Started process (PID=123) to work on /home/airflow/.local/lib/python3.12/site-packages/airflow/example_dags/example_sla_dag.py
[2025-01-27T00:30:01.684+0000] {processor.py:914} INFO - Processing file /home/airflow/.local/lib/python3.12/site-packages/airflow/example_dags/example_sla_dag.py for tasks to queue
[2025-01-27T00:30:01.687+0000] {logging_mixin.py:190} INFO - [2025-01-27T00:30:01.687+0000] {dagbag.py:588} INFO - Filling up the DagBag from /home/airflow/.local/lib/python3.12/site-packages/airflow/example_dags/example_sla_dag.py
[2025-01-27T00:30:01.697+0000] {processor.py:925} INFO - DAG(s) 'example_sla_dag' retrieved from /home/airflow/.local/lib/python3.12/site-packages/airflow/example_dags/example_sla_dag.py
[2025-01-27T00:30:01.715+0000] {logging_mixin.py:190} INFO - [2025-01-27T00:30:01.715+0000] {dag.py:3239} INFO - Sync 1 DAGs
[2025-01-27T00:30:01.749+0000] {logging_mixin.py:190} INFO - [2025-01-27T00:30:01.748+0000] {dag.py:4180} INFO - Setting next_dagrun for example_sla_dag to 2025-01-27 00:28:00+00:00, run_after=2025-01-27 00:30:00+00:00
[2025-01-27T00:30:01.770+0000] {processor.py:208} INFO - Processing /home/airflow/.local/lib/python3.12/site-packages/airflow/example_dags/example_sla_dag.py took 0.092 seconds
[2025-01-27T00:30:34.500+0000] {processor.py:186} INFO - Started process (PID=189) to work on /home/airflow/.local/lib/python3.12/site-packages/airflow/example_dags/example_sla_dag.py
[2025-01-27T00:30:34.501+0000] {processor.py:914} INFO - Processing file /home/airflow/.local/lib/python3.12/site-packages/airflow/example_dags/example_sla_dag.py for tasks to queue
[2025-01-27T00:30:34.504+0000] {logging_mixin.py:190} INFO - [2025-01-27T00:30:34.504+0000] {dagbag.py:588} INFO - Filling up the DagBag from /home/airflow/.local/lib/python3.12/site-packages/airflow/example_dags/example_sla_dag.py
[2025-01-27T00:30:34.516+0000] {processor.py:925} INFO - DAG(s) 'example_sla_dag' retrieved from /home/airflow/.local/lib/python3.12/site-packages/airflow/example_dags/example_sla_dag.py
[2025-01-27T00:30:34.535+0000] {logging_mixin.py:190} INFO - [2025-01-27T00:30:34.535+0000] {dag.py:3239} INFO - Sync 1 DAGs
[2025-01-27T00:30:34.563+0000] {logging_mixin.py:190} INFO - [2025-01-27T00:30:34.563+0000] {dag.py:4180} INFO - Setting next_dagrun for example_sla_dag to 2025-01-27 00:28:00+00:00, run_after=2025-01-27 00:30:00+00:00
[2025-01-27T00:30:34.582+0000] {processor.py:208} INFO - Processing /home/airflow/.local/lib/python3.12/site-packages/airflow/example_dags/example_sla_dag.py took 0.087 seconds
[2025-01-27T00:31:05.337+0000] {processor.py:186} INFO - Started process (PID=255) to work on /home/airflow/.local/lib/python3.12/site-packages/airflow/example_dags/example_sla_dag.py
[2025-01-27T00:31:05.338+0000] {processor.py:914} INFO - Processing file /home/airflow/.local/lib/python3.12/site-packages/airflow/example_dags/example_sla_dag.py for tasks to queue
[2025-01-27T00:31:05.340+0000] {logging_mixin.py:190} INFO - [2025-01-27T00:31:05.340+0000] {dagbag.py:588} INFO - Filling up the DagBag from /home/airflow/.local/lib/python3.12/site-packages/airflow/example_dags/example_sla_dag.py
[2025-01-27T00:31:05.351+0000] {processor.py:925} INFO - DAG(s) 'example_sla_dag' retrieved from /home/airflow/.local/lib/python3.12/site-packages/airflow/example_dags/example_sla_dag.py
[2025-01-27T00:31:05.373+0000] {logging_mixin.py:190} INFO - [2025-01-27T00:31:05.372+0000] {dag.py:3239} INFO - Sync 1 DAGs
[2025-01-27T00:31:05.400+0000] {logging_mixin.py:190} INFO - [2025-01-27T00:31:05.400+0000] {dag.py:4180} INFO - Setting next_dagrun for example_sla_dag to 2025-01-27 00:28:00+00:00, run_after=2025-01-27 00:30:00+00:00
[2025-01-27T00:31:05.420+0000] {processor.py:208} INFO - Processing /home/airflow/.local/lib/python3.12/site-packages/airflow/example_dags/example_sla_dag.py took 0.090 seconds
[2025-01-27T00:32:43.744+0000] {processor.py:186} INFO - Started process (PID=58) to work on /home/airflow/.local/lib/python3.12/site-packages/airflow/example_dags/example_sla_dag.py
[2025-01-27T00:32:43.745+0000] {processor.py:914} INFO - Processing file /home/airflow/.local/lib/python3.12/site-packages/airflow/example_dags/example_sla_dag.py for tasks to queue
[2025-01-27T00:32:43.748+0000] {logging_mixin.py:190} INFO - [2025-01-27T00:32:43.748+0000] {dagbag.py:588} INFO - Filling up the DagBag from /home/airflow/.local/lib/python3.12/site-packages/airflow/example_dags/example_sla_dag.py
[2025-01-27T00:32:43.761+0000] {processor.py:925} INFO - DAG(s) 'example_sla_dag' retrieved from /home/airflow/.local/lib/python3.12/site-packages/airflow/example_dags/example_sla_dag.py
[2025-01-27T00:32:43.782+0000] {logging_mixin.py:190} INFO - [2025-01-27T00:32:43.782+0000] {dag.py:3239} INFO - Sync 1 DAGs
[2025-01-27T00:32:43.808+0000] {logging_mixin.py:190} INFO - [2025-01-27T00:32:43.808+0000] {dag.py:4180} INFO - Setting next_dagrun for example_sla_dag to 2025-01-27 00:30:00+00:00, run_after=2025-01-27 00:32:00+00:00
[2025-01-27T00:32:43.826+0000] {processor.py:208} INFO - Processing /home/airflow/.local/lib/python3.12/site-packages/airflow/example_dags/example_sla_dag.py took 0.088 seconds
[2025-01-27T00:33:15.063+0000] {processor.py:186} INFO - Started process (PID=123) to work on /home/airflow/.local/lib/python3.12/site-packages/airflow/example_dags/example_sla_dag.py
[2025-01-27T00:33:15.064+0000] {processor.py:914} INFO - Processing file /home/airflow/.local/lib/python3.12/site-packages/airflow/example_dags/example_sla_dag.py for tasks to queue
[2025-01-27T00:33:15.066+0000] {logging_mixin.py:190} INFO - [2025-01-27T00:33:15.066+0000] {dagbag.py:588} INFO - Filling up the DagBag from /home/airflow/.local/lib/python3.12/site-packages/airflow/example_dags/example_sla_dag.py
[2025-01-27T00:33:15.078+0000] {processor.py:925} INFO - DAG(s) 'example_sla_dag' retrieved from /home/airflow/.local/lib/python3.12/site-packages/airflow/example_dags/example_sla_dag.py
[2025-01-27T00:33:15.096+0000] {logging_mixin.py:190} INFO - [2025-01-27T00:33:15.095+0000] {dag.py:3239} INFO - Sync 1 DAGs
[2025-01-27T00:33:15.123+0000] {logging_mixin.py:190} INFO - [2025-01-27T00:33:15.123+0000] {dag.py:4180} INFO - Setting next_dagrun for example_sla_dag to 2025-01-27 00:30:00+00:00, run_after=2025-01-27 00:32:00+00:00
[2025-01-27T00:33:15.144+0000] {processor.py:208} INFO - Processing /home/airflow/.local/lib/python3.12/site-packages/airflow/example_dags/example_sla_dag.py took 0.087 seconds
[2025-01-27T00:33:46.801+0000] {processor.py:186} INFO - Started process (PID=189) to work on /home/airflow/.local/lib/python3.12/site-packages/airflow/example_dags/example_sla_dag.py
[2025-01-27T00:33:46.802+0000] {processor.py:914} INFO - Processing file /home/airflow/.local/lib/python3.12/site-packages/airflow/example_dags/example_sla_dag.py for tasks to queue
[2025-01-27T00:33:46.804+0000] {logging_mixin.py:190} INFO - [2025-01-27T00:33:46.804+0000] {dagbag.py:588} INFO - Filling up the DagBag from /home/airflow/.local/lib/python3.12/site-packages/airflow/example_dags/example_sla_dag.py
[2025-01-27T00:33:46.814+0000] {processor.py:925} INFO - DAG(s) 'example_sla_dag' retrieved from /home/airflow/.local/lib/python3.12/site-packages/airflow/example_dags/example_sla_dag.py
[2025-01-27T00:33:46.836+0000] {logging_mixin.py:190} INFO - [2025-01-27T00:33:46.835+0000] {dag.py:3239} INFO - Sync 1 DAGs
[2025-01-27T00:33:46.872+0000] {logging_mixin.py:190} INFO - [2025-01-27T00:33:46.872+0000] {dag.py:4180} INFO - Setting next_dagrun for example_sla_dag to 2025-01-27 00:30:00+00:00, run_after=2025-01-27 00:32:00+00:00
[2025-01-27T00:33:46.899+0000] {processor.py:208} INFO - Processing /home/airflow/.local/lib/python3.12/site-packages/airflow/example_dags/example_sla_dag.py took 0.104 seconds
[2025-01-27T00:34:17.903+0000] {processor.py:186} INFO - Started process (PID=255) to work on /home/airflow/.local/lib/python3.12/site-packages/airflow/example_dags/example_sla_dag.py
[2025-01-27T00:34:17.904+0000] {processor.py:914} INFO - Processing file /home/airflow/.local/lib/python3.12/site-packages/airflow/example_dags/example_sla_dag.py for tasks to queue
[2025-01-27T00:34:17.907+0000] {logging_mixin.py:190} INFO - [2025-01-27T00:34:17.906+0000] {dagbag.py:588} INFO - Filling up the DagBag from /home/airflow/.local/lib/python3.12/site-packages/airflow/example_dags/example_sla_dag.py
[2025-01-27T00:34:17.917+0000] {processor.py:925} INFO - DAG(s) 'example_sla_dag' retrieved from /home/airflow/.local/lib/python3.12/site-packages/airflow/example_dags/example_sla_dag.py
[2025-01-27T00:34:17.937+0000] {logging_mixin.py:190} INFO - [2025-01-27T00:34:17.937+0000] {dag.py:3239} INFO - Sync 1 DAGs
[2025-01-27T00:34:17.967+0000] {logging_mixin.py:190} INFO - [2025-01-27T00:34:17.967+0000] {dag.py:4180} INFO - Setting next_dagrun for example_sla_dag to 2025-01-27 00:32:00+00:00, run_after=2025-01-27 00:34:00+00:00
[2025-01-27T00:34:17.990+0000] {processor.py:208} INFO - Processing /home/airflow/.local/lib/python3.12/site-packages/airflow/example_dags/example_sla_dag.py took 0.094 seconds
[2025-01-27T00:34:49.248+0000] {processor.py:186} INFO - Started process (PID=321) to work on /home/airflow/.local/lib/python3.12/site-packages/airflow/example_dags/example_sla_dag.py
[2025-01-27T00:34:49.249+0000] {processor.py:914} INFO - Processing file /home/airflow/.local/lib/python3.12/site-packages/airflow/example_dags/example_sla_dag.py for tasks to queue
[2025-01-27T00:34:49.251+0000] {logging_mixin.py:190} INFO - [2025-01-27T00:34:49.251+0000] {dagbag.py:588} INFO - Filling up the DagBag from /home/airflow/.local/lib/python3.12/site-packages/airflow/example_dags/example_sla_dag.py
[2025-01-27T00:34:49.265+0000] {processor.py:925} INFO - DAG(s) 'example_sla_dag' retrieved from /home/airflow/.local/lib/python3.12/site-packages/airflow/example_dags/example_sla_dag.py
[2025-01-27T00:34:49.290+0000] {logging_mixin.py:190} INFO - [2025-01-27T00:34:49.290+0000] {dag.py:3239} INFO - Sync 1 DAGs
[2025-01-27T00:34:49.320+0000] {logging_mixin.py:190} INFO - [2025-01-27T00:34:49.319+0000] {dag.py:4180} INFO - Setting next_dagrun for example_sla_dag to 2025-01-27 00:32:00+00:00, run_after=2025-01-27 00:34:00+00:00
[2025-01-27T00:34:49.342+0000] {processor.py:208} INFO - Processing /home/airflow/.local/lib/python3.12/site-packages/airflow/example_dags/example_sla_dag.py took 0.101 seconds
[2025-01-27T00:35:20.411+0000] {processor.py:186} INFO - Started process (PID=393) to work on /home/airflow/.local/lib/python3.12/site-packages/airflow/example_dags/example_sla_dag.py
[2025-01-27T00:35:20.412+0000] {processor.py:914} INFO - Processing file /home/airflow/.local/lib/python3.12/site-packages/airflow/example_dags/example_sla_dag.py for tasks to queue
[2025-01-27T00:35:20.414+0000] {logging_mixin.py:190} INFO - [2025-01-27T00:35:20.414+0000] {dagbag.py:588} INFO - Filling up the DagBag from /home/airflow/.local/lib/python3.12/site-packages/airflow/example_dags/example_sla_dag.py
[2025-01-27T00:35:20.424+0000] {processor.py:925} INFO - DAG(s) 'example_sla_dag' retrieved from /home/airflow/.local/lib/python3.12/site-packages/airflow/example_dags/example_sla_dag.py
[2025-01-27T00:35:20.442+0000] {logging_mixin.py:190} INFO - [2025-01-27T00:35:20.442+0000] {dag.py:3239} INFO - Sync 1 DAGs
[2025-01-27T00:35:20.471+0000] {logging_mixin.py:190} INFO - [2025-01-27T00:35:20.471+0000] {dag.py:4180} INFO - Setting next_dagrun for example_sla_dag to 2025-01-27 00:32:00+00:00, run_after=2025-01-27 00:34:00+00:00
[2025-01-27T00:35:20.490+0000] {processor.py:208} INFO - Processing /home/airflow/.local/lib/python3.12/site-packages/airflow/example_dags/example_sla_dag.py took 0.085 seconds
[2025-01-27T00:35:51.751+0000] {processor.py:186} INFO - Started process (PID=459) to work on /home/airflow/.local/lib/python3.12/site-packages/airflow/example_dags/example_sla_dag.py
[2025-01-27T00:35:51.752+0000] {processor.py:914} INFO - Processing file /home/airflow/.local/lib/python3.12/site-packages/airflow/example_dags/example_sla_dag.py for tasks to queue
[2025-01-27T00:35:51.755+0000] {logging_mixin.py:190} INFO - [2025-01-27T00:35:51.755+0000] {dagbag.py:588} INFO - Filling up the DagBag from /home/airflow/.local/lib/python3.12/site-packages/airflow/example_dags/example_sla_dag.py
[2025-01-27T00:35:51.768+0000] {processor.py:925} INFO - DAG(s) 'example_sla_dag' retrieved from /home/airflow/.local/lib/python3.12/site-packages/airflow/example_dags/example_sla_dag.py
[2025-01-27T00:35:51.787+0000] {logging_mixin.py:190} INFO - [2025-01-27T00:35:51.787+0000] {dag.py:3239} INFO - Sync 1 DAGs
[2025-01-27T00:35:51.816+0000] {logging_mixin.py:190} INFO - [2025-01-27T00:35:51.816+0000] {dag.py:4180} INFO - Setting next_dagrun for example_sla_dag to 2025-01-27 00:32:00+00:00, run_after=2025-01-27 00:34:00+00:00
[2025-01-27T00:35:51.836+0000] {processor.py:208} INFO - Processing /home/airflow/.local/lib/python3.12/site-packages/airflow/example_dags/example_sla_dag.py took 0.091 seconds
[2025-01-27T00:36:22.726+0000] {processor.py:186} INFO - Started process (PID=526) to work on /home/airflow/.local/lib/python3.12/site-packages/airflow/example_dags/example_sla_dag.py
[2025-01-27T00:36:22.727+0000] {processor.py:914} INFO - Processing file /home/airflow/.local/lib/python3.12/site-packages/airflow/example_dags/example_sla_dag.py for tasks to queue
[2025-01-27T00:36:22.730+0000] {logging_mixin.py:190} INFO - [2025-01-27T00:36:22.729+0000] {dagbag.py:588} INFO - Filling up the DagBag from /home/airflow/.local/lib/python3.12/site-packages/airflow/example_dags/example_sla_dag.py
[2025-01-27T00:36:22.742+0000] {processor.py:925} INFO - DAG(s) 'example_sla_dag' retrieved from /home/airflow/.local/lib/python3.12/site-packages/airflow/example_dags/example_sla_dag.py
[2025-01-27T00:36:22.762+0000] {logging_mixin.py:190} INFO - [2025-01-27T00:36:22.761+0000] {dag.py:3239} INFO - Sync 1 DAGs
[2025-01-27T00:36:22.790+0000] {logging_mixin.py:190} INFO - [2025-01-27T00:36:22.790+0000] {dag.py:4180} INFO - Setting next_dagrun for example_sla_dag to 2025-01-27 00:34:00+00:00, run_after=2025-01-27 00:36:00+00:00
[2025-01-27T00:36:22.811+0000] {processor.py:208} INFO - Processing /home/airflow/.local/lib/python3.12/site-packages/airflow/example_dags/example_sla_dag.py took 0.090 seconds
[2025-01-27T00:36:54.094+0000] {processor.py:186} INFO - Started process (PID=592) to work on /home/airflow/.local/lib/python3.12/site-packages/airflow/example_dags/example_sla_dag.py
[2025-01-27T00:36:54.095+0000] {processor.py:914} INFO - Processing file /home/airflow/.local/lib/python3.12/site-packages/airflow/example_dags/example_sla_dag.py for tasks to queue
[2025-01-27T00:36:54.099+0000] {logging_mixin.py:190} INFO - [2025-01-27T00:36:54.098+0000] {dagbag.py:588} INFO - Filling up the DagBag from /home/airflow/.local/lib/python3.12/site-packages/airflow/example_dags/example_sla_dag.py
[2025-01-27T00:36:54.113+0000] {processor.py:925} INFO - DAG(s) 'example_sla_dag' retrieved from /home/airflow/.local/lib/python3.12/site-packages/airflow/example_dags/example_sla_dag.py
[2025-01-27T00:36:54.141+0000] {logging_mixin.py:190} INFO - [2025-01-27T00:36:54.140+0000] {dag.py:3239} INFO - Sync 1 DAGs
[2025-01-27T00:36:54.176+0000] {logging_mixin.py:190} INFO - [2025-01-27T00:36:54.176+0000] {dag.py:4180} INFO - Setting next_dagrun for example_sla_dag to 2025-01-27 00:34:00+00:00, run_after=2025-01-27 00:36:00+00:00
[2025-01-27T00:36:54.197+0000] {processor.py:208} INFO - Processing /home/airflow/.local/lib/python3.12/site-packages/airflow/example_dags/example_sla_dag.py took 0.110 seconds
[2025-01-27T00:37:25.437+0000] {processor.py:186} INFO - Started process (PID=658) to work on /home/airflow/.local/lib/python3.12/site-packages/airflow/example_dags/example_sla_dag.py
[2025-01-27T00:37:25.439+0000] {processor.py:914} INFO - Processing file /home/airflow/.local/lib/python3.12/site-packages/airflow/example_dags/example_sla_dag.py for tasks to queue
[2025-01-27T00:37:25.442+0000] {logging_mixin.py:190} INFO - [2025-01-27T00:37:25.442+0000] {dagbag.py:588} INFO - Filling up the DagBag from /home/airflow/.local/lib/python3.12/site-packages/airflow/example_dags/example_sla_dag.py
[2025-01-27T00:37:25.475+0000] {processor.py:925} INFO - DAG(s) 'example_sla_dag' retrieved from /home/airflow/.local/lib/python3.12/site-packages/airflow/example_dags/example_sla_dag.py
[2025-01-27T00:37:25.500+0000] {logging_mixin.py:190} INFO - [2025-01-27T00:37:25.500+0000] {dag.py:3239} INFO - Sync 1 DAGs
[2025-01-27T00:37:25.548+0000] {logging_mixin.py:190} INFO - [2025-01-27T00:37:25.547+0000] {dag.py:4180} INFO - Setting next_dagrun for example_sla_dag to 2025-01-27 00:34:00+00:00, run_after=2025-01-27 00:36:00+00:00
[2025-01-27T00:37:25.574+0000] {processor.py:208} INFO - Processing /home/airflow/.local/lib/python3.12/site-packages/airflow/example_dags/example_sla_dag.py took 0.155 seconds
[2025-01-27T00:37:56.457+0000] {processor.py:186} INFO - Started process (PID=725) to work on /home/airflow/.local/lib/python3.12/site-packages/airflow/example_dags/example_sla_dag.py
[2025-01-27T00:37:56.460+0000] {processor.py:914} INFO - Processing file /home/airflow/.local/lib/python3.12/site-packages/airflow/example_dags/example_sla_dag.py for tasks to queue
[2025-01-27T00:37:56.466+0000] {logging_mixin.py:190} INFO - [2025-01-27T00:37:56.466+0000] {dagbag.py:588} INFO - Filling up the DagBag from /home/airflow/.local/lib/python3.12/site-packages/airflow/example_dags/example_sla_dag.py
[2025-01-27T00:37:56.487+0000] {processor.py:925} INFO - DAG(s) 'example_sla_dag' retrieved from /home/airflow/.local/lib/python3.12/site-packages/airflow/example_dags/example_sla_dag.py
[2025-01-27T00:37:56.521+0000] {logging_mixin.py:190} INFO - [2025-01-27T00:37:56.520+0000] {dag.py:3239} INFO - Sync 1 DAGs
[2025-01-27T00:37:56.561+0000] {logging_mixin.py:190} INFO - [2025-01-27T00:37:56.561+0000] {dag.py:4180} INFO - Setting next_dagrun for example_sla_dag to 2025-01-27 00:34:00+00:00, run_after=2025-01-27 00:36:00+00:00
[2025-01-27T00:37:56.587+0000] {processor.py:208} INFO - Processing /home/airflow/.local/lib/python3.12/site-packages/airflow/example_dags/example_sla_dag.py took 0.139 seconds
[2025-01-27T00:38:28.271+0000] {processor.py:186} INFO - Started process (PID=791) to work on /home/airflow/.local/lib/python3.12/site-packages/airflow/example_dags/example_sla_dag.py
[2025-01-27T00:38:28.272+0000] {processor.py:914} INFO - Processing file /home/airflow/.local/lib/python3.12/site-packages/airflow/example_dags/example_sla_dag.py for tasks to queue
[2025-01-27T00:38:28.275+0000] {logging_mixin.py:190} INFO - [2025-01-27T00:38:28.275+0000] {dagbag.py:588} INFO - Filling up the DagBag from /home/airflow/.local/lib/python3.12/site-packages/airflow/example_dags/example_sla_dag.py
[2025-01-27T00:38:28.289+0000] {processor.py:925} INFO - DAG(s) 'example_sla_dag' retrieved from /home/airflow/.local/lib/python3.12/site-packages/airflow/example_dags/example_sla_dag.py
[2025-01-27T00:38:28.314+0000] {logging_mixin.py:190} INFO - [2025-01-27T00:38:28.313+0000] {dag.py:3239} INFO - Sync 1 DAGs
[2025-01-27T00:38:28.367+0000] {logging_mixin.py:190} INFO - [2025-01-27T00:38:28.367+0000] {dag.py:4180} INFO - Setting next_dagrun for example_sla_dag to 2025-01-27 00:36:00+00:00, run_after=2025-01-27 00:38:00+00:00
[2025-01-27T00:38:28.407+0000] {processor.py:208} INFO - Processing /home/airflow/.local/lib/python3.12/site-packages/airflow/example_dags/example_sla_dag.py took 0.146 seconds
[2025-01-27T00:38:58.860+0000] {processor.py:186} INFO - Started process (PID=857) to work on /home/airflow/.local/lib/python3.12/site-packages/airflow/example_dags/example_sla_dag.py
[2025-01-27T00:38:58.861+0000] {processor.py:914} INFO - Processing file /home/airflow/.local/lib/python3.12/site-packages/airflow/example_dags/example_sla_dag.py for tasks to queue
[2025-01-27T00:38:58.863+0000] {logging_mixin.py:190} INFO - [2025-01-27T00:38:58.863+0000] {dagbag.py:588} INFO - Filling up the DagBag from /home/airflow/.local/lib/python3.12/site-packages/airflow/example_dags/example_sla_dag.py
[2025-01-27T00:38:58.875+0000] {processor.py:925} INFO - DAG(s) 'example_sla_dag' retrieved from /home/airflow/.local/lib/python3.12/site-packages/airflow/example_dags/example_sla_dag.py
[2025-01-27T00:38:58.899+0000] {logging_mixin.py:190} INFO - [2025-01-27T00:38:58.899+0000] {dag.py:3239} INFO - Sync 1 DAGs
[2025-01-27T00:38:58.930+0000] {logging_mixin.py:190} INFO - [2025-01-27T00:38:58.930+0000] {dag.py:4180} INFO - Setting next_dagrun for example_sla_dag to 2025-01-27 00:36:00+00:00, run_after=2025-01-27 00:38:00+00:00
[2025-01-27T00:38:58.952+0000] {processor.py:208} INFO - Processing /home/airflow/.local/lib/python3.12/site-packages/airflow/example_dags/example_sla_dag.py took 0.098 seconds
[2025-01-27T00:39:29.587+0000] {processor.py:186} INFO - Started process (PID=922) to work on /home/airflow/.local/lib/python3.12/site-packages/airflow/example_dags/example_sla_dag.py
[2025-01-27T00:39:29.588+0000] {processor.py:914} INFO - Processing file /home/airflow/.local/lib/python3.12/site-packages/airflow/example_dags/example_sla_dag.py for tasks to queue
[2025-01-27T00:39:29.591+0000] {logging_mixin.py:190} INFO - [2025-01-27T00:39:29.590+0000] {dagbag.py:588} INFO - Filling up the DagBag from /home/airflow/.local/lib/python3.12/site-packages/airflow/example_dags/example_sla_dag.py
[2025-01-27T00:39:29.603+0000] {processor.py:925} INFO - DAG(s) 'example_sla_dag' retrieved from /home/airflow/.local/lib/python3.12/site-packages/airflow/example_dags/example_sla_dag.py
[2025-01-27T00:39:29.626+0000] {logging_mixin.py:190} INFO - [2025-01-27T00:39:29.626+0000] {dag.py:3239} INFO - Sync 1 DAGs
[2025-01-27T00:39:29.660+0000] {logging_mixin.py:190} INFO - [2025-01-27T00:39:29.660+0000] {dag.py:4180} INFO - Setting next_dagrun for example_sla_dag to 2025-01-27 00:36:00+00:00, run_after=2025-01-27 00:38:00+00:00
[2025-01-27T00:39:29.685+0000] {processor.py:208} INFO - Processing /home/airflow/.local/lib/python3.12/site-packages/airflow/example_dags/example_sla_dag.py took 0.105 seconds
[2025-01-27T00:40:00.469+0000] {processor.py:186} INFO - Started process (PID=988) to work on /home/airflow/.local/lib/python3.12/site-packages/airflow/example_dags/example_sla_dag.py
[2025-01-27T00:40:00.470+0000] {processor.py:914} INFO - Processing file /home/airflow/.local/lib/python3.12/site-packages/airflow/example_dags/example_sla_dag.py for tasks to queue
[2025-01-27T00:40:00.473+0000] {logging_mixin.py:190} INFO - [2025-01-27T00:40:00.472+0000] {dagbag.py:588} INFO - Filling up the DagBag from /home/airflow/.local/lib/python3.12/site-packages/airflow/example_dags/example_sla_dag.py
[2025-01-27T00:40:00.486+0000] {processor.py:925} INFO - DAG(s) 'example_sla_dag' retrieved from /home/airflow/.local/lib/python3.12/site-packages/airflow/example_dags/example_sla_dag.py
[2025-01-27T00:40:00.508+0000] {logging_mixin.py:190} INFO - [2025-01-27T00:40:00.508+0000] {dag.py:3239} INFO - Sync 1 DAGs
[2025-01-27T00:40:00.540+0000] {logging_mixin.py:190} INFO - [2025-01-27T00:40:00.539+0000] {dag.py:4180} INFO - Setting next_dagrun for example_sla_dag to 2025-01-27 00:38:00+00:00, run_after=2025-01-27 00:40:00+00:00
[2025-01-27T00:40:00.562+0000] {processor.py:208} INFO - Processing /home/airflow/.local/lib/python3.12/site-packages/airflow/example_dags/example_sla_dag.py took 0.100 seconds
[2025-01-27T00:40:31.783+0000] {processor.py:186} INFO - Started process (PID=1055) to work on /home/airflow/.local/lib/python3.12/site-packages/airflow/example_dags/example_sla_dag.py
[2025-01-27T00:40:31.784+0000] {processor.py:914} INFO - Processing file /home/airflow/.local/lib/python3.12/site-packages/airflow/example_dags/example_sla_dag.py for tasks to queue
[2025-01-27T00:40:31.787+0000] {logging_mixin.py:190} INFO - [2025-01-27T00:40:31.786+0000] {dagbag.py:588} INFO - Filling up the DagBag from /home/airflow/.local/lib/python3.12/site-packages/airflow/example_dags/example_sla_dag.py
[2025-01-27T00:40:31.800+0000] {processor.py:925} INFO - DAG(s) 'example_sla_dag' retrieved from /home/airflow/.local/lib/python3.12/site-packages/airflow/example_dags/example_sla_dag.py
[2025-01-27T00:40:31.820+0000] {logging_mixin.py:190} INFO - [2025-01-27T00:40:31.820+0000] {dag.py:3239} INFO - Sync 1 DAGs
[2025-01-27T00:40:31.849+0000] {logging_mixin.py:190} INFO - [2025-01-27T00:40:31.848+0000] {dag.py:4180} INFO - Setting next_dagrun for example_sla_dag to 2025-01-27 00:38:00+00:00, run_after=2025-01-27 00:40:00+00:00
[2025-01-27T00:40:31.869+0000] {processor.py:208} INFO - Processing /home/airflow/.local/lib/python3.12/site-packages/airflow/example_dags/example_sla_dag.py took 0.094 seconds
