[2025-01-27T00:00:02.385+0000] {processor.py:186} INFO - Started process (PID=282) to work on /home/airflow/.local/lib/python3.12/site-packages/airflow/example_dags/example_latest_only.py
[2025-01-27T00:00:02.386+0000] {processor.py:914} INFO - Processing file /home/airflow/.local/lib/python3.12/site-packages/airflow/example_dags/example_latest_only.py for tasks to queue
[2025-01-27T00:00:02.388+0000] {logging_mixin.py:190} INFO - [2025-01-27T00:00:02.388+0000] {dagbag.py:588} INFO - Filling up the DagBag from /home/airflow/.local/lib/python3.12/site-packages/airflow/example_dags/example_latest_only.py
[2025-01-27T00:00:02.398+0000] {processor.py:925} INFO - DAG(s) 'latest_only' retrieved from /home/airflow/.local/lib/python3.12/site-packages/airflow/example_dags/example_latest_only.py
[2025-01-27T00:00:02.419+0000] {logging_mixin.py:190} INFO - [2025-01-27T00:00:02.419+0000] {dag.py:3239} INFO - Sync 1 DAGs
[2025-01-27T00:00:02.448+0000] {logging_mixin.py:190} INFO - [2025-01-27T00:00:02.448+0000] {dag.py:4180} INFO - Setting next_dagrun for latest_only to 2025-01-26 20:00:00+00:00, run_after=2025-01-27 00:00:00+00:00
[2025-01-27T00:00:02.475+0000] {processor.py:208} INFO - Processing /home/airflow/.local/lib/python3.12/site-packages/airflow/example_dags/example_latest_only.py took 0.098 seconds
[2025-01-27T00:01:16.242+0000] {processor.py:186} INFO - Started process (PID=81) to work on /home/airflow/.local/lib/python3.12/site-packages/airflow/example_dags/example_latest_only.py
[2025-01-27T00:01:16.243+0000] {processor.py:914} INFO - Processing file /home/airflow/.local/lib/python3.12/site-packages/airflow/example_dags/example_latest_only.py for tasks to queue
[2025-01-27T00:01:16.246+0000] {logging_mixin.py:190} INFO - [2025-01-27T00:01:16.246+0000] {dagbag.py:588} INFO - Filling up the DagBag from /home/airflow/.local/lib/python3.12/site-packages/airflow/example_dags/example_latest_only.py
[2025-01-27T00:01:16.253+0000] {processor.py:925} INFO - DAG(s) 'latest_only' retrieved from /home/airflow/.local/lib/python3.12/site-packages/airflow/example_dags/example_latest_only.py
[2025-01-27T00:01:16.271+0000] {logging_mixin.py:190} INFO - [2025-01-27T00:01:16.271+0000] {dag.py:3239} INFO - Sync 1 DAGs
[2025-01-27T00:01:16.298+0000] {logging_mixin.py:190} INFO - [2025-01-27T00:01:16.298+0000] {dag.py:4180} INFO - Setting next_dagrun for latest_only to 2025-01-26 20:00:00+00:00, run_after=2025-01-27 00:00:00+00:00
[2025-01-27T00:01:16.318+0000] {processor.py:208} INFO - Processing /home/airflow/.local/lib/python3.12/site-packages/airflow/example_dags/example_latest_only.py took 0.081 seconds
[2025-01-27T00:01:47.730+0000] {processor.py:186} INFO - Started process (PID=145) to work on /home/airflow/.local/lib/python3.12/site-packages/airflow/example_dags/example_latest_only.py
[2025-01-27T00:01:47.732+0000] {processor.py:914} INFO - Processing file /home/airflow/.local/lib/python3.12/site-packages/airflow/example_dags/example_latest_only.py for tasks to queue
[2025-01-27T00:01:47.735+0000] {logging_mixin.py:190} INFO - [2025-01-27T00:01:47.734+0000] {dagbag.py:588} INFO - Filling up the DagBag from /home/airflow/.local/lib/python3.12/site-packages/airflow/example_dags/example_latest_only.py
[2025-01-27T00:01:47.744+0000] {processor.py:925} INFO - DAG(s) 'latest_only' retrieved from /home/airflow/.local/lib/python3.12/site-packages/airflow/example_dags/example_latest_only.py
[2025-01-27T00:01:47.766+0000] {logging_mixin.py:190} INFO - [2025-01-27T00:01:47.765+0000] {dag.py:3239} INFO - Sync 1 DAGs
[2025-01-27T00:01:47.793+0000] {logging_mixin.py:190} INFO - [2025-01-27T00:01:47.793+0000] {dag.py:4180} INFO - Setting next_dagrun for latest_only to 2025-01-26 20:00:00+00:00, run_after=2025-01-27 00:00:00+00:00
[2025-01-27T00:01:47.816+0000] {processor.py:208} INFO - Processing /home/airflow/.local/lib/python3.12/site-packages/airflow/example_dags/example_latest_only.py took 0.093 seconds
[2025-01-27T00:02:19.439+0000] {processor.py:186} INFO - Started process (PID=216) to work on /home/airflow/.local/lib/python3.12/site-packages/airflow/example_dags/example_latest_only.py
[2025-01-27T00:02:19.441+0000] {processor.py:914} INFO - Processing file /home/airflow/.local/lib/python3.12/site-packages/airflow/example_dags/example_latest_only.py for tasks to queue
[2025-01-27T00:02:19.443+0000] {logging_mixin.py:190} INFO - [2025-01-27T00:02:19.443+0000] {dagbag.py:588} INFO - Filling up the DagBag from /home/airflow/.local/lib/python3.12/site-packages/airflow/example_dags/example_latest_only.py
[2025-01-27T00:02:19.453+0000] {processor.py:925} INFO - DAG(s) 'latest_only' retrieved from /home/airflow/.local/lib/python3.12/site-packages/airflow/example_dags/example_latest_only.py
[2025-01-27T00:02:19.477+0000] {logging_mixin.py:190} INFO - [2025-01-27T00:02:19.476+0000] {dag.py:3239} INFO - Sync 1 DAGs
[2025-01-27T00:02:19.503+0000] {logging_mixin.py:190} INFO - [2025-01-27T00:02:19.503+0000] {dag.py:4180} INFO - Setting next_dagrun for latest_only to 2025-01-26 20:00:00+00:00, run_after=2025-01-27 00:00:00+00:00
[2025-01-27T00:02:19.525+0000] {processor.py:208} INFO - Processing /home/airflow/.local/lib/python3.12/site-packages/airflow/example_dags/example_latest_only.py took 0.092 seconds
[2025-01-27T00:02:50.663+0000] {processor.py:186} INFO - Started process (PID=281) to work on /home/airflow/.local/lib/python3.12/site-packages/airflow/example_dags/example_latest_only.py
[2025-01-27T00:02:50.664+0000] {processor.py:914} INFO - Processing file /home/airflow/.local/lib/python3.12/site-packages/airflow/example_dags/example_latest_only.py for tasks to queue
[2025-01-27T00:02:50.667+0000] {logging_mixin.py:190} INFO - [2025-01-27T00:02:50.667+0000] {dagbag.py:588} INFO - Filling up the DagBag from /home/airflow/.local/lib/python3.12/site-packages/airflow/example_dags/example_latest_only.py
[2025-01-27T00:02:50.675+0000] {processor.py:925} INFO - DAG(s) 'latest_only' retrieved from /home/airflow/.local/lib/python3.12/site-packages/airflow/example_dags/example_latest_only.py
[2025-01-27T00:02:50.695+0000] {logging_mixin.py:190} INFO - [2025-01-27T00:02:50.694+0000] {dag.py:3239} INFO - Sync 1 DAGs
[2025-01-27T00:02:50.720+0000] {logging_mixin.py:190} INFO - [2025-01-27T00:02:50.719+0000] {dag.py:4180} INFO - Setting next_dagrun for latest_only to 2025-01-26 20:00:00+00:00, run_after=2025-01-27 00:00:00+00:00
[2025-01-27T00:02:50.740+0000] {processor.py:208} INFO - Processing /home/airflow/.local/lib/python3.12/site-packages/airflow/example_dags/example_latest_only.py took 0.083 seconds
[2025-01-27T00:03:22.408+0000] {processor.py:186} INFO - Started process (PID=346) to work on /home/airflow/.local/lib/python3.12/site-packages/airflow/example_dags/example_latest_only.py
[2025-01-27T00:03:22.409+0000] {processor.py:914} INFO - Processing file /home/airflow/.local/lib/python3.12/site-packages/airflow/example_dags/example_latest_only.py for tasks to queue
[2025-01-27T00:03:22.412+0000] {logging_mixin.py:190} INFO - [2025-01-27T00:03:22.411+0000] {dagbag.py:588} INFO - Filling up the DagBag from /home/airflow/.local/lib/python3.12/site-packages/airflow/example_dags/example_latest_only.py
[2025-01-27T00:03:22.432+0000] {processor.py:925} INFO - DAG(s) 'latest_only' retrieved from /home/airflow/.local/lib/python3.12/site-packages/airflow/example_dags/example_latest_only.py
[2025-01-27T00:03:22.472+0000] {logging_mixin.py:190} INFO - [2025-01-27T00:03:22.472+0000] {dag.py:3239} INFO - Sync 1 DAGs
[2025-01-27T00:03:22.505+0000] {logging_mixin.py:190} INFO - [2025-01-27T00:03:22.505+0000] {dag.py:4180} INFO - Setting next_dagrun for latest_only to 2025-01-26 20:00:00+00:00, run_after=2025-01-27 00:00:00+00:00
[2025-01-27T00:03:22.526+0000] {processor.py:208} INFO - Processing /home/airflow/.local/lib/python3.12/site-packages/airflow/example_dags/example_latest_only.py took 0.125 seconds
[2025-01-27T00:03:53.703+0000] {processor.py:186} INFO - Started process (PID=411) to work on /home/airflow/.local/lib/python3.12/site-packages/airflow/example_dags/example_latest_only.py
[2025-01-27T00:03:53.705+0000] {processor.py:914} INFO - Processing file /home/airflow/.local/lib/python3.12/site-packages/airflow/example_dags/example_latest_only.py for tasks to queue
[2025-01-27T00:03:53.709+0000] {logging_mixin.py:190} INFO - [2025-01-27T00:03:53.708+0000] {dagbag.py:588} INFO - Filling up the DagBag from /home/airflow/.local/lib/python3.12/site-packages/airflow/example_dags/example_latest_only.py
[2025-01-27T00:03:53.717+0000] {processor.py:925} INFO - DAG(s) 'latest_only' retrieved from /home/airflow/.local/lib/python3.12/site-packages/airflow/example_dags/example_latest_only.py
[2025-01-27T00:03:53.742+0000] {logging_mixin.py:190} INFO - [2025-01-27T00:03:53.741+0000] {dag.py:3239} INFO - Sync 1 DAGs
[2025-01-27T00:03:53.775+0000] {logging_mixin.py:190} INFO - [2025-01-27T00:03:53.775+0000] {dag.py:4180} INFO - Setting next_dagrun for latest_only to 2025-01-26 20:00:00+00:00, run_after=2025-01-27 00:00:00+00:00
[2025-01-27T00:03:53.795+0000] {processor.py:208} INFO - Processing /home/airflow/.local/lib/python3.12/site-packages/airflow/example_dags/example_latest_only.py took 0.098 seconds
[2025-01-27T00:04:24.535+0000] {processor.py:186} INFO - Started process (PID=476) to work on /home/airflow/.local/lib/python3.12/site-packages/airflow/example_dags/example_latest_only.py
[2025-01-27T00:04:24.536+0000] {processor.py:914} INFO - Processing file /home/airflow/.local/lib/python3.12/site-packages/airflow/example_dags/example_latest_only.py for tasks to queue
[2025-01-27T00:04:24.539+0000] {logging_mixin.py:190} INFO - [2025-01-27T00:04:24.538+0000] {dagbag.py:588} INFO - Filling up the DagBag from /home/airflow/.local/lib/python3.12/site-packages/airflow/example_dags/example_latest_only.py
[2025-01-27T00:04:24.546+0000] {processor.py:925} INFO - DAG(s) 'latest_only' retrieved from /home/airflow/.local/lib/python3.12/site-packages/airflow/example_dags/example_latest_only.py
[2025-01-27T00:04:24.564+0000] {logging_mixin.py:190} INFO - [2025-01-27T00:04:24.564+0000] {dag.py:3239} INFO - Sync 1 DAGs
[2025-01-27T00:04:24.588+0000] {logging_mixin.py:190} INFO - [2025-01-27T00:04:24.588+0000] {dag.py:4180} INFO - Setting next_dagrun for latest_only to 2025-01-26 20:00:00+00:00, run_after=2025-01-27 00:00:00+00:00
[2025-01-27T00:04:24.609+0000] {processor.py:208} INFO - Processing /home/airflow/.local/lib/python3.12/site-packages/airflow/example_dags/example_latest_only.py took 0.081 seconds
[2025-01-27T00:04:56.100+0000] {processor.py:186} INFO - Started process (PID=542) to work on /home/airflow/.local/lib/python3.12/site-packages/airflow/example_dags/example_latest_only.py
[2025-01-27T00:04:56.101+0000] {processor.py:914} INFO - Processing file /home/airflow/.local/lib/python3.12/site-packages/airflow/example_dags/example_latest_only.py for tasks to queue
[2025-01-27T00:04:56.104+0000] {logging_mixin.py:190} INFO - [2025-01-27T00:04:56.103+0000] {dagbag.py:588} INFO - Filling up the DagBag from /home/airflow/.local/lib/python3.12/site-packages/airflow/example_dags/example_latest_only.py
[2025-01-27T00:04:56.114+0000] {processor.py:925} INFO - DAG(s) 'latest_only' retrieved from /home/airflow/.local/lib/python3.12/site-packages/airflow/example_dags/example_latest_only.py
[2025-01-27T00:04:56.145+0000] {logging_mixin.py:190} INFO - [2025-01-27T00:04:56.145+0000] {dag.py:3239} INFO - Sync 1 DAGs
[2025-01-27T00:04:56.176+0000] {logging_mixin.py:190} INFO - [2025-01-27T00:04:56.176+0000] {dag.py:4180} INFO - Setting next_dagrun for latest_only to 2025-01-26 20:00:00+00:00, run_after=2025-01-27 00:00:00+00:00
[2025-01-27T00:04:56.197+0000] {processor.py:208} INFO - Processing /home/airflow/.local/lib/python3.12/site-packages/airflow/example_dags/example_latest_only.py took 0.103 seconds
[2025-01-27T00:07:13.556+0000] {processor.py:186} INFO - Started process (PID=80) to work on /home/airflow/.local/lib/python3.12/site-packages/airflow/example_dags/example_latest_only.py
[2025-01-27T00:07:13.557+0000] {processor.py:914} INFO - Processing file /home/airflow/.local/lib/python3.12/site-packages/airflow/example_dags/example_latest_only.py for tasks to queue
[2025-01-27T00:07:13.560+0000] {logging_mixin.py:190} INFO - [2025-01-27T00:07:13.559+0000] {dagbag.py:588} INFO - Filling up the DagBag from /home/airflow/.local/lib/python3.12/site-packages/airflow/example_dags/example_latest_only.py
[2025-01-27T00:07:13.567+0000] {processor.py:925} INFO - DAG(s) 'latest_only' retrieved from /home/airflow/.local/lib/python3.12/site-packages/airflow/example_dags/example_latest_only.py
[2025-01-27T00:07:13.588+0000] {logging_mixin.py:190} INFO - [2025-01-27T00:07:13.587+0000] {dag.py:3239} INFO - Sync 1 DAGs
[2025-01-27T00:07:13.612+0000] {logging_mixin.py:190} INFO - [2025-01-27T00:07:13.611+0000] {dag.py:4180} INFO - Setting next_dagrun for latest_only to 2025-01-26 20:00:00+00:00, run_after=2025-01-27 00:00:00+00:00
[2025-01-27T00:07:13.631+0000] {processor.py:208} INFO - Processing /home/airflow/.local/lib/python3.12/site-packages/airflow/example_dags/example_latest_only.py took 0.081 seconds
[2025-01-27T00:07:44.826+0000] {processor.py:186} INFO - Started process (PID=146) to work on /home/airflow/.local/lib/python3.12/site-packages/airflow/example_dags/example_latest_only.py
[2025-01-27T00:07:44.827+0000] {processor.py:914} INFO - Processing file /home/airflow/.local/lib/python3.12/site-packages/airflow/example_dags/example_latest_only.py for tasks to queue
[2025-01-27T00:07:44.832+0000] {logging_mixin.py:190} INFO - [2025-01-27T00:07:44.830+0000] {dagbag.py:588} INFO - Filling up the DagBag from /home/airflow/.local/lib/python3.12/site-packages/airflow/example_dags/example_latest_only.py
[2025-01-27T00:07:44.862+0000] {processor.py:925} INFO - DAG(s) 'latest_only' retrieved from /home/airflow/.local/lib/python3.12/site-packages/airflow/example_dags/example_latest_only.py
[2025-01-27T00:07:44.901+0000] {logging_mixin.py:190} INFO - [2025-01-27T00:07:44.901+0000] {dag.py:3239} INFO - Sync 1 DAGs
[2025-01-27T00:07:44.949+0000] {logging_mixin.py:190} INFO - [2025-01-27T00:07:44.949+0000] {dag.py:4180} INFO - Setting next_dagrun for latest_only to 2025-01-26 20:00:00+00:00, run_after=2025-01-27 00:00:00+00:00
[2025-01-27T00:07:44.980+0000] {processor.py:208} INFO - Processing /home/airflow/.local/lib/python3.12/site-packages/airflow/example_dags/example_latest_only.py took 0.164 seconds
[2025-01-27T00:08:15.760+0000] {processor.py:186} INFO - Started process (PID=211) to work on /home/airflow/.local/lib/python3.12/site-packages/airflow/example_dags/example_latest_only.py
[2025-01-27T00:08:15.761+0000] {processor.py:914} INFO - Processing file /home/airflow/.local/lib/python3.12/site-packages/airflow/example_dags/example_latest_only.py for tasks to queue
[2025-01-27T00:08:15.763+0000] {logging_mixin.py:190} INFO - [2025-01-27T00:08:15.763+0000] {dagbag.py:588} INFO - Filling up the DagBag from /home/airflow/.local/lib/python3.12/site-packages/airflow/example_dags/example_latest_only.py
[2025-01-27T00:08:15.771+0000] {processor.py:925} INFO - DAG(s) 'latest_only' retrieved from /home/airflow/.local/lib/python3.12/site-packages/airflow/example_dags/example_latest_only.py
[2025-01-27T00:08:15.792+0000] {logging_mixin.py:190} INFO - [2025-01-27T00:08:15.791+0000] {dag.py:3239} INFO - Sync 1 DAGs
[2025-01-27T00:08:15.819+0000] {logging_mixin.py:190} INFO - [2025-01-27T00:08:15.818+0000] {dag.py:4180} INFO - Setting next_dagrun for latest_only to 2025-01-26 20:00:00+00:00, run_after=2025-01-27 00:00:00+00:00
[2025-01-27T00:08:15.838+0000] {processor.py:208} INFO - Processing /home/airflow/.local/lib/python3.12/site-packages/airflow/example_dags/example_latest_only.py took 0.084 seconds
[2025-01-27T00:08:47.825+0000] {processor.py:186} INFO - Started process (PID=282) to work on /home/airflow/.local/lib/python3.12/site-packages/airflow/example_dags/example_latest_only.py
[2025-01-27T00:08:47.826+0000] {processor.py:914} INFO - Processing file /home/airflow/.local/lib/python3.12/site-packages/airflow/example_dags/example_latest_only.py for tasks to queue
[2025-01-27T00:08:47.829+0000] {logging_mixin.py:190} INFO - [2025-01-27T00:08:47.829+0000] {dagbag.py:588} INFO - Filling up the DagBag from /home/airflow/.local/lib/python3.12/site-packages/airflow/example_dags/example_latest_only.py
[2025-01-27T00:08:47.839+0000] {processor.py:925} INFO - DAG(s) 'latest_only' retrieved from /home/airflow/.local/lib/python3.12/site-packages/airflow/example_dags/example_latest_only.py
[2025-01-27T00:08:47.862+0000] {logging_mixin.py:190} INFO - [2025-01-27T00:08:47.861+0000] {dag.py:3239} INFO - Sync 1 DAGs
[2025-01-27T00:08:47.894+0000] {logging_mixin.py:190} INFO - [2025-01-27T00:08:47.894+0000] {dag.py:4180} INFO - Setting next_dagrun for latest_only to 2025-01-26 20:00:00+00:00, run_after=2025-01-27 00:00:00+00:00
[2025-01-27T00:08:47.914+0000] {processor.py:208} INFO - Processing /home/airflow/.local/lib/python3.12/site-packages/airflow/example_dags/example_latest_only.py took 0.097 seconds
[2025-01-27T00:09:18.709+0000] {processor.py:186} INFO - Started process (PID=346) to work on /home/airflow/.local/lib/python3.12/site-packages/airflow/example_dags/example_latest_only.py
[2025-01-27T00:09:18.710+0000] {processor.py:914} INFO - Processing file /home/airflow/.local/lib/python3.12/site-packages/airflow/example_dags/example_latest_only.py for tasks to queue
[2025-01-27T00:09:18.713+0000] {logging_mixin.py:190} INFO - [2025-01-27T00:09:18.712+0000] {dagbag.py:588} INFO - Filling up the DagBag from /home/airflow/.local/lib/python3.12/site-packages/airflow/example_dags/example_latest_only.py
[2025-01-27T00:09:18.722+0000] {processor.py:925} INFO - DAG(s) 'latest_only' retrieved from /home/airflow/.local/lib/python3.12/site-packages/airflow/example_dags/example_latest_only.py
[2025-01-27T00:09:18.744+0000] {logging_mixin.py:190} INFO - [2025-01-27T00:09:18.743+0000] {dag.py:3239} INFO - Sync 1 DAGs
[2025-01-27T00:09:18.770+0000] {logging_mixin.py:190} INFO - [2025-01-27T00:09:18.769+0000] {dag.py:4180} INFO - Setting next_dagrun for latest_only to 2025-01-26 20:00:00+00:00, run_after=2025-01-27 00:00:00+00:00
[2025-01-27T00:09:18.790+0000] {processor.py:208} INFO - Processing /home/airflow/.local/lib/python3.12/site-packages/airflow/example_dags/example_latest_only.py took 0.091 seconds
[2025-01-27T00:09:49.604+0000] {processor.py:186} INFO - Started process (PID=412) to work on /home/airflow/.local/lib/python3.12/site-packages/airflow/example_dags/example_latest_only.py
[2025-01-27T00:09:49.606+0000] {processor.py:914} INFO - Processing file /home/airflow/.local/lib/python3.12/site-packages/airflow/example_dags/example_latest_only.py for tasks to queue
[2025-01-27T00:09:49.608+0000] {logging_mixin.py:190} INFO - [2025-01-27T00:09:49.608+0000] {dagbag.py:588} INFO - Filling up the DagBag from /home/airflow/.local/lib/python3.12/site-packages/airflow/example_dags/example_latest_only.py
[2025-01-27T00:09:49.617+0000] {processor.py:925} INFO - DAG(s) 'latest_only' retrieved from /home/airflow/.local/lib/python3.12/site-packages/airflow/example_dags/example_latest_only.py
[2025-01-27T00:09:49.637+0000] {logging_mixin.py:190} INFO - [2025-01-27T00:09:49.637+0000] {dag.py:3239} INFO - Sync 1 DAGs
[2025-01-27T00:09:49.667+0000] {logging_mixin.py:190} INFO - [2025-01-27T00:09:49.666+0000] {dag.py:4180} INFO - Setting next_dagrun for latest_only to 2025-01-26 20:00:00+00:00, run_after=2025-01-27 00:00:00+00:00
[2025-01-27T00:09:49.689+0000] {processor.py:208} INFO - Processing /home/airflow/.local/lib/python3.12/site-packages/airflow/example_dags/example_latest_only.py took 0.091 seconds
[2025-01-27T00:10:21.104+0000] {processor.py:186} INFO - Started process (PID=476) to work on /home/airflow/.local/lib/python3.12/site-packages/airflow/example_dags/example_latest_only.py
[2025-01-27T00:10:21.105+0000] {processor.py:914} INFO - Processing file /home/airflow/.local/lib/python3.12/site-packages/airflow/example_dags/example_latest_only.py for tasks to queue
[2025-01-27T00:10:21.108+0000] {logging_mixin.py:190} INFO - [2025-01-27T00:10:21.107+0000] {dagbag.py:588} INFO - Filling up the DagBag from /home/airflow/.local/lib/python3.12/site-packages/airflow/example_dags/example_latest_only.py
[2025-01-27T00:10:21.115+0000] {processor.py:925} INFO - DAG(s) 'latest_only' retrieved from /home/airflow/.local/lib/python3.12/site-packages/airflow/example_dags/example_latest_only.py
[2025-01-27T00:10:21.137+0000] {logging_mixin.py:190} INFO - [2025-01-27T00:10:21.137+0000] {dag.py:3239} INFO - Sync 1 DAGs
[2025-01-27T00:10:21.168+0000] {logging_mixin.py:190} INFO - [2025-01-27T00:10:21.168+0000] {dag.py:4180} INFO - Setting next_dagrun for latest_only to 2025-01-26 20:00:00+00:00, run_after=2025-01-27 00:00:00+00:00
[2025-01-27T00:10:21.202+0000] {processor.py:208} INFO - Processing /home/airflow/.local/lib/python3.12/site-packages/airflow/example_dags/example_latest_only.py took 0.103 seconds
[2025-01-27T00:10:52.626+0000] {processor.py:186} INFO - Started process (PID=541) to work on /home/airflow/.local/lib/python3.12/site-packages/airflow/example_dags/example_latest_only.py
[2025-01-27T00:10:52.628+0000] {processor.py:914} INFO - Processing file /home/airflow/.local/lib/python3.12/site-packages/airflow/example_dags/example_latest_only.py for tasks to queue
[2025-01-27T00:10:52.631+0000] {logging_mixin.py:190} INFO - [2025-01-27T00:10:52.630+0000] {dagbag.py:588} INFO - Filling up the DagBag from /home/airflow/.local/lib/python3.12/site-packages/airflow/example_dags/example_latest_only.py
[2025-01-27T00:10:52.640+0000] {processor.py:925} INFO - DAG(s) 'latest_only' retrieved from /home/airflow/.local/lib/python3.12/site-packages/airflow/example_dags/example_latest_only.py
[2025-01-27T00:10:52.663+0000] {logging_mixin.py:190} INFO - [2025-01-27T00:10:52.663+0000] {dag.py:3239} INFO - Sync 1 DAGs
[2025-01-27T00:10:52.690+0000] {logging_mixin.py:190} INFO - [2025-01-27T00:10:52.690+0000] {dag.py:4180} INFO - Setting next_dagrun for latest_only to 2025-01-26 20:00:00+00:00, run_after=2025-01-27 00:00:00+00:00
[2025-01-27T00:10:52.710+0000] {processor.py:208} INFO - Processing /home/airflow/.local/lib/python3.12/site-packages/airflow/example_dags/example_latest_only.py took 0.092 seconds
[2025-01-27T00:12:34.681+0000] {processor.py:186} INFO - Started process (PID=81) to work on /home/airflow/.local/lib/python3.12/site-packages/airflow/example_dags/example_latest_only.py
[2025-01-27T00:12:34.682+0000] {processor.py:914} INFO - Processing file /home/airflow/.local/lib/python3.12/site-packages/airflow/example_dags/example_latest_only.py for tasks to queue
[2025-01-27T00:12:34.684+0000] {logging_mixin.py:190} INFO - [2025-01-27T00:12:34.684+0000] {dagbag.py:588} INFO - Filling up the DagBag from /home/airflow/.local/lib/python3.12/site-packages/airflow/example_dags/example_latest_only.py
[2025-01-27T00:12:34.691+0000] {processor.py:925} INFO - DAG(s) 'latest_only' retrieved from /home/airflow/.local/lib/python3.12/site-packages/airflow/example_dags/example_latest_only.py
[2025-01-27T00:12:34.709+0000] {logging_mixin.py:190} INFO - [2025-01-27T00:12:34.709+0000] {dag.py:3239} INFO - Sync 1 DAGs
[2025-01-27T00:12:34.734+0000] {logging_mixin.py:190} INFO - [2025-01-27T00:12:34.734+0000] {dag.py:4180} INFO - Setting next_dagrun for latest_only to 2025-01-26 20:00:00+00:00, run_after=2025-01-27 00:00:00+00:00
[2025-01-27T00:12:34.753+0000] {processor.py:208} INFO - Processing /home/airflow/.local/lib/python3.12/site-packages/airflow/example_dags/example_latest_only.py took 0.078 seconds
[2025-01-27T00:13:06.165+0000] {processor.py:186} INFO - Started process (PID=146) to work on /home/airflow/.local/lib/python3.12/site-packages/airflow/example_dags/example_latest_only.py
[2025-01-27T00:13:06.166+0000] {processor.py:914} INFO - Processing file /home/airflow/.local/lib/python3.12/site-packages/airflow/example_dags/example_latest_only.py for tasks to queue
[2025-01-27T00:13:06.169+0000] {logging_mixin.py:190} INFO - [2025-01-27T00:13:06.169+0000] {dagbag.py:588} INFO - Filling up the DagBag from /home/airflow/.local/lib/python3.12/site-packages/airflow/example_dags/example_latest_only.py
[2025-01-27T00:13:06.180+0000] {processor.py:925} INFO - DAG(s) 'latest_only' retrieved from /home/airflow/.local/lib/python3.12/site-packages/airflow/example_dags/example_latest_only.py
[2025-01-27T00:13:06.204+0000] {logging_mixin.py:190} INFO - [2025-01-27T00:13:06.204+0000] {dag.py:3239} INFO - Sync 1 DAGs
[2025-01-27T00:13:06.231+0000] {logging_mixin.py:190} INFO - [2025-01-27T00:13:06.231+0000] {dag.py:4180} INFO - Setting next_dagrun for latest_only to 2025-01-26 20:00:00+00:00, run_after=2025-01-27 00:00:00+00:00
[2025-01-27T00:13:06.250+0000] {processor.py:208} INFO - Processing /home/airflow/.local/lib/python3.12/site-packages/airflow/example_dags/example_latest_only.py took 0.091 seconds
[2025-01-27T00:13:37.277+0000] {processor.py:186} INFO - Started process (PID=211) to work on /home/airflow/.local/lib/python3.12/site-packages/airflow/example_dags/example_latest_only.py
[2025-01-27T00:13:37.278+0000] {processor.py:914} INFO - Processing file /home/airflow/.local/lib/python3.12/site-packages/airflow/example_dags/example_latest_only.py for tasks to queue
[2025-01-27T00:13:37.281+0000] {logging_mixin.py:190} INFO - [2025-01-27T00:13:37.280+0000] {dagbag.py:588} INFO - Filling up the DagBag from /home/airflow/.local/lib/python3.12/site-packages/airflow/example_dags/example_latest_only.py
[2025-01-27T00:13:37.289+0000] {processor.py:925} INFO - DAG(s) 'latest_only' retrieved from /home/airflow/.local/lib/python3.12/site-packages/airflow/example_dags/example_latest_only.py
[2025-01-27T00:13:37.309+0000] {logging_mixin.py:190} INFO - [2025-01-27T00:13:37.309+0000] {dag.py:3239} INFO - Sync 1 DAGs
[2025-01-27T00:13:37.337+0000] {logging_mixin.py:190} INFO - [2025-01-27T00:13:37.336+0000] {dag.py:4180} INFO - Setting next_dagrun for latest_only to 2025-01-26 20:00:00+00:00, run_after=2025-01-27 00:00:00+00:00
[2025-01-27T00:13:37.357+0000] {processor.py:208} INFO - Processing /home/airflow/.local/lib/python3.12/site-packages/airflow/example_dags/example_latest_only.py took 0.087 seconds
[2025-01-27T00:14:10.620+0000] {processor.py:186} INFO - Started process (PID=283) to work on /home/airflow/.local/lib/python3.12/site-packages/airflow/example_dags/example_latest_only.py
[2025-01-27T00:14:10.622+0000] {processor.py:914} INFO - Processing file /home/airflow/.local/lib/python3.12/site-packages/airflow/example_dags/example_latest_only.py for tasks to queue
[2025-01-27T00:14:10.627+0000] {logging_mixin.py:190} INFO - [2025-01-27T00:14:10.626+0000] {dagbag.py:588} INFO - Filling up the DagBag from /home/airflow/.local/lib/python3.12/site-packages/airflow/example_dags/example_latest_only.py
[2025-01-27T00:14:10.641+0000] {processor.py:925} INFO - DAG(s) 'latest_only' retrieved from /home/airflow/.local/lib/python3.12/site-packages/airflow/example_dags/example_latest_only.py
[2025-01-27T00:14:10.667+0000] {logging_mixin.py:190} INFO - [2025-01-27T00:14:10.666+0000] {dag.py:3239} INFO - Sync 1 DAGs
[2025-01-27T00:14:10.704+0000] {logging_mixin.py:190} INFO - [2025-01-27T00:14:10.704+0000] {dag.py:4180} INFO - Setting next_dagrun for latest_only to 2025-01-26 20:00:00+00:00, run_after=2025-01-27 00:00:00+00:00
[2025-01-27T00:14:10.740+0000] {processor.py:208} INFO - Processing /home/airflow/.local/lib/python3.12/site-packages/airflow/example_dags/example_latest_only.py took 0.129 seconds
[2025-01-27T00:14:42.078+0000] {processor.py:186} INFO - Started process (PID=348) to work on /home/airflow/.local/lib/python3.12/site-packages/airflow/example_dags/example_latest_only.py
[2025-01-27T00:14:42.079+0000] {processor.py:914} INFO - Processing file /home/airflow/.local/lib/python3.12/site-packages/airflow/example_dags/example_latest_only.py for tasks to queue
[2025-01-27T00:14:42.081+0000] {logging_mixin.py:190} INFO - [2025-01-27T00:14:42.081+0000] {dagbag.py:588} INFO - Filling up the DagBag from /home/airflow/.local/lib/python3.12/site-packages/airflow/example_dags/example_latest_only.py
[2025-01-27T00:14:42.088+0000] {processor.py:925} INFO - DAG(s) 'latest_only' retrieved from /home/airflow/.local/lib/python3.12/site-packages/airflow/example_dags/example_latest_only.py
[2025-01-27T00:14:42.107+0000] {logging_mixin.py:190} INFO - [2025-01-27T00:14:42.107+0000] {dag.py:3239} INFO - Sync 1 DAGs
[2025-01-27T00:14:42.130+0000] {logging_mixin.py:190} INFO - [2025-01-27T00:14:42.130+0000] {dag.py:4180} INFO - Setting next_dagrun for latest_only to 2025-01-26 20:00:00+00:00, run_after=2025-01-27 00:00:00+00:00
[2025-01-27T00:14:42.152+0000] {processor.py:208} INFO - Processing /home/airflow/.local/lib/python3.12/site-packages/airflow/example_dags/example_latest_only.py took 0.080 seconds
[2025-01-27T00:16:32.024+0000] {processor.py:186} INFO - Started process (PID=87) to work on /home/airflow/.local/lib/python3.12/site-packages/airflow/example_dags/example_latest_only.py
[2025-01-27T00:16:32.026+0000] {processor.py:914} INFO - Processing file /home/airflow/.local/lib/python3.12/site-packages/airflow/example_dags/example_latest_only.py for tasks to queue
[2025-01-27T00:16:32.029+0000] {logging_mixin.py:190} INFO - [2025-01-27T00:16:32.029+0000] {dagbag.py:588} INFO - Filling up the DagBag from /home/airflow/.local/lib/python3.12/site-packages/airflow/example_dags/example_latest_only.py
[2025-01-27T00:16:32.041+0000] {processor.py:925} INFO - DAG(s) 'latest_only' retrieved from /home/airflow/.local/lib/python3.12/site-packages/airflow/example_dags/example_latest_only.py
[2025-01-27T00:16:32.075+0000] {logging_mixin.py:190} INFO - [2025-01-27T00:16:32.074+0000] {dag.py:3239} INFO - Sync 1 DAGs
[2025-01-27T00:16:32.129+0000] {logging_mixin.py:190} INFO - [2025-01-27T00:16:32.129+0000] {dag.py:4180} INFO - Setting next_dagrun for latest_only to 2025-01-26 20:00:00+00:00, run_after=2025-01-27 00:00:00+00:00
[2025-01-27T00:16:32.177+0000] {processor.py:208} INFO - Processing /home/airflow/.local/lib/python3.12/site-packages/airflow/example_dags/example_latest_only.py took 0.160 seconds
[2025-01-27T00:17:03.392+0000] {processor.py:186} INFO - Started process (PID=154) to work on /home/airflow/.local/lib/python3.12/site-packages/airflow/example_dags/example_latest_only.py
[2025-01-27T00:17:03.393+0000] {processor.py:914} INFO - Processing file /home/airflow/.local/lib/python3.12/site-packages/airflow/example_dags/example_latest_only.py for tasks to queue
[2025-01-27T00:17:03.396+0000] {logging_mixin.py:190} INFO - [2025-01-27T00:17:03.396+0000] {dagbag.py:588} INFO - Filling up the DagBag from /home/airflow/.local/lib/python3.12/site-packages/airflow/example_dags/example_latest_only.py
[2025-01-27T00:17:03.404+0000] {processor.py:925} INFO - DAG(s) 'latest_only' retrieved from /home/airflow/.local/lib/python3.12/site-packages/airflow/example_dags/example_latest_only.py
[2025-01-27T00:17:03.425+0000] {logging_mixin.py:190} INFO - [2025-01-27T00:17:03.424+0000] {dag.py:3239} INFO - Sync 1 DAGs
[2025-01-27T00:17:03.469+0000] {logging_mixin.py:190} INFO - [2025-01-27T00:17:03.469+0000] {dag.py:4180} INFO - Setting next_dagrun for latest_only to 2025-01-26 20:00:00+00:00, run_after=2025-01-27 00:00:00+00:00
[2025-01-27T00:17:03.491+0000] {processor.py:208} INFO - Processing /home/airflow/.local/lib/python3.12/site-packages/airflow/example_dags/example_latest_only.py took 0.106 seconds
[2025-01-27T00:17:34.183+0000] {processor.py:186} INFO - Started process (PID=220) to work on /home/airflow/.local/lib/python3.12/site-packages/airflow/example_dags/example_latest_only.py
[2025-01-27T00:17:34.184+0000] {processor.py:914} INFO - Processing file /home/airflow/.local/lib/python3.12/site-packages/airflow/example_dags/example_latest_only.py for tasks to queue
[2025-01-27T00:17:34.186+0000] {logging_mixin.py:190} INFO - [2025-01-27T00:17:34.186+0000] {dagbag.py:588} INFO - Filling up the DagBag from /home/airflow/.local/lib/python3.12/site-packages/airflow/example_dags/example_latest_only.py
[2025-01-27T00:17:34.193+0000] {processor.py:925} INFO - DAG(s) 'latest_only' retrieved from /home/airflow/.local/lib/python3.12/site-packages/airflow/example_dags/example_latest_only.py
[2025-01-27T00:17:34.216+0000] {logging_mixin.py:190} INFO - [2025-01-27T00:17:34.216+0000] {dag.py:3239} INFO - Sync 1 DAGs
[2025-01-27T00:17:34.242+0000] {logging_mixin.py:190} INFO - [2025-01-27T00:17:34.242+0000] {dag.py:4180} INFO - Setting next_dagrun for latest_only to 2025-01-26 20:00:00+00:00, run_after=2025-01-27 00:00:00+00:00
[2025-01-27T00:17:34.262+0000] {processor.py:208} INFO - Processing /home/airflow/.local/lib/python3.12/site-packages/airflow/example_dags/example_latest_only.py took 0.087 seconds
[2025-01-27T00:18:05.968+0000] {processor.py:186} INFO - Started process (PID=286) to work on /home/airflow/.local/lib/python3.12/site-packages/airflow/example_dags/example_latest_only.py
[2025-01-27T00:18:05.969+0000] {processor.py:914} INFO - Processing file /home/airflow/.local/lib/python3.12/site-packages/airflow/example_dags/example_latest_only.py for tasks to queue
[2025-01-27T00:18:05.972+0000] {logging_mixin.py:190} INFO - [2025-01-27T00:18:05.971+0000] {dagbag.py:588} INFO - Filling up the DagBag from /home/airflow/.local/lib/python3.12/site-packages/airflow/example_dags/example_latest_only.py
[2025-01-27T00:18:05.979+0000] {processor.py:925} INFO - DAG(s) 'latest_only' retrieved from /home/airflow/.local/lib/python3.12/site-packages/airflow/example_dags/example_latest_only.py
[2025-01-27T00:18:05.998+0000] {logging_mixin.py:190} INFO - [2025-01-27T00:18:05.998+0000] {dag.py:3239} INFO - Sync 1 DAGs
[2025-01-27T00:18:06.022+0000] {logging_mixin.py:190} INFO - [2025-01-27T00:18:06.022+0000] {dag.py:4180} INFO - Setting next_dagrun for latest_only to 2025-01-26 20:00:00+00:00, run_after=2025-01-27 00:00:00+00:00
[2025-01-27T00:18:06.041+0000] {processor.py:208} INFO - Processing /home/airflow/.local/lib/python3.12/site-packages/airflow/example_dags/example_latest_only.py took 0.080 seconds
[2025-01-27T00:18:37.464+0000] {processor.py:186} INFO - Started process (PID=352) to work on /home/airflow/.local/lib/python3.12/site-packages/airflow/example_dags/example_latest_only.py
[2025-01-27T00:18:37.465+0000] {processor.py:914} INFO - Processing file /home/airflow/.local/lib/python3.12/site-packages/airflow/example_dags/example_latest_only.py for tasks to queue
[2025-01-27T00:18:37.468+0000] {logging_mixin.py:190} INFO - [2025-01-27T00:18:37.468+0000] {dagbag.py:588} INFO - Filling up the DagBag from /home/airflow/.local/lib/python3.12/site-packages/airflow/example_dags/example_latest_only.py
[2025-01-27T00:18:37.476+0000] {processor.py:925} INFO - DAG(s) 'latest_only' retrieved from /home/airflow/.local/lib/python3.12/site-packages/airflow/example_dags/example_latest_only.py
[2025-01-27T00:18:37.494+0000] {logging_mixin.py:190} INFO - [2025-01-27T00:18:37.494+0000] {dag.py:3239} INFO - Sync 1 DAGs
[2025-01-27T00:18:37.522+0000] {logging_mixin.py:190} INFO - [2025-01-27T00:18:37.522+0000] {dag.py:4180} INFO - Setting next_dagrun for latest_only to 2025-01-26 20:00:00+00:00, run_after=2025-01-27 00:00:00+00:00
[2025-01-27T00:18:37.547+0000] {processor.py:208} INFO - Processing /home/airflow/.local/lib/python3.12/site-packages/airflow/example_dags/example_latest_only.py took 0.089 seconds
[2025-01-27T00:19:08.849+0000] {processor.py:186} INFO - Started process (PID=419) to work on /home/airflow/.local/lib/python3.12/site-packages/airflow/example_dags/example_latest_only.py
[2025-01-27T00:19:08.853+0000] {processor.py:914} INFO - Processing file /home/airflow/.local/lib/python3.12/site-packages/airflow/example_dags/example_latest_only.py for tasks to queue
[2025-01-27T00:19:08.856+0000] {logging_mixin.py:190} INFO - [2025-01-27T00:19:08.855+0000] {dagbag.py:588} INFO - Filling up the DagBag from /home/airflow/.local/lib/python3.12/site-packages/airflow/example_dags/example_latest_only.py
[2025-01-27T00:19:08.864+0000] {processor.py:925} INFO - DAG(s) 'latest_only' retrieved from /home/airflow/.local/lib/python3.12/site-packages/airflow/example_dags/example_latest_only.py
[2025-01-27T00:19:08.888+0000] {logging_mixin.py:190} INFO - [2025-01-27T00:19:08.888+0000] {dag.py:3239} INFO - Sync 1 DAGs
[2025-01-27T00:19:08.945+0000] {logging_mixin.py:190} INFO - [2025-01-27T00:19:08.944+0000] {dag.py:4180} INFO - Setting next_dagrun for latest_only to 2025-01-26 20:00:00+00:00, run_after=2025-01-27 00:00:00+00:00
[2025-01-27T00:19:08.979+0000] {processor.py:208} INFO - Processing /home/airflow/.local/lib/python3.12/site-packages/airflow/example_dags/example_latest_only.py took 0.137 seconds
[2025-01-27T00:19:40.265+0000] {processor.py:186} INFO - Started process (PID=484) to work on /home/airflow/.local/lib/python3.12/site-packages/airflow/example_dags/example_latest_only.py
[2025-01-27T00:19:40.266+0000] {processor.py:914} INFO - Processing file /home/airflow/.local/lib/python3.12/site-packages/airflow/example_dags/example_latest_only.py for tasks to queue
[2025-01-27T00:19:40.269+0000] {logging_mixin.py:190} INFO - [2025-01-27T00:19:40.268+0000] {dagbag.py:588} INFO - Filling up the DagBag from /home/airflow/.local/lib/python3.12/site-packages/airflow/example_dags/example_latest_only.py
[2025-01-27T00:19:40.276+0000] {processor.py:925} INFO - DAG(s) 'latest_only' retrieved from /home/airflow/.local/lib/python3.12/site-packages/airflow/example_dags/example_latest_only.py
[2025-01-27T00:19:40.296+0000] {logging_mixin.py:190} INFO - [2025-01-27T00:19:40.296+0000] {dag.py:3239} INFO - Sync 1 DAGs
[2025-01-27T00:19:40.328+0000] {logging_mixin.py:190} INFO - [2025-01-27T00:19:40.328+0000] {dag.py:4180} INFO - Setting next_dagrun for latest_only to 2025-01-26 20:00:00+00:00, run_after=2025-01-27 00:00:00+00:00
[2025-01-27T00:19:40.348+0000] {processor.py:208} INFO - Processing /home/airflow/.local/lib/python3.12/site-packages/airflow/example_dags/example_latest_only.py took 0.089 seconds
[2025-01-27T00:20:11.643+0000] {processor.py:186} INFO - Started process (PID=550) to work on /home/airflow/.local/lib/python3.12/site-packages/airflow/example_dags/example_latest_only.py
[2025-01-27T00:20:11.645+0000] {processor.py:914} INFO - Processing file /home/airflow/.local/lib/python3.12/site-packages/airflow/example_dags/example_latest_only.py for tasks to queue
[2025-01-27T00:20:11.647+0000] {logging_mixin.py:190} INFO - [2025-01-27T00:20:11.647+0000] {dagbag.py:588} INFO - Filling up the DagBag from /home/airflow/.local/lib/python3.12/site-packages/airflow/example_dags/example_latest_only.py
[2025-01-27T00:20:11.657+0000] {processor.py:925} INFO - DAG(s) 'latest_only' retrieved from /home/airflow/.local/lib/python3.12/site-packages/airflow/example_dags/example_latest_only.py
[2025-01-27T00:20:11.681+0000] {logging_mixin.py:190} INFO - [2025-01-27T00:20:11.681+0000] {dag.py:3239} INFO - Sync 1 DAGs
[2025-01-27T00:20:11.714+0000] {logging_mixin.py:190} INFO - [2025-01-27T00:20:11.713+0000] {dag.py:4180} INFO - Setting next_dagrun for latest_only to 2025-01-26 20:00:00+00:00, run_after=2025-01-27 00:00:00+00:00
[2025-01-27T00:20:11.741+0000] {processor.py:208} INFO - Processing /home/airflow/.local/lib/python3.12/site-packages/airflow/example_dags/example_latest_only.py took 0.106 seconds
[2025-01-27T00:20:42.813+0000] {processor.py:186} INFO - Started process (PID=616) to work on /home/airflow/.local/lib/python3.12/site-packages/airflow/example_dags/example_latest_only.py
[2025-01-27T00:20:42.814+0000] {processor.py:914} INFO - Processing file /home/airflow/.local/lib/python3.12/site-packages/airflow/example_dags/example_latest_only.py for tasks to queue
[2025-01-27T00:20:42.818+0000] {logging_mixin.py:190} INFO - [2025-01-27T00:20:42.817+0000] {dagbag.py:588} INFO - Filling up the DagBag from /home/airflow/.local/lib/python3.12/site-packages/airflow/example_dags/example_latest_only.py
[2025-01-27T00:20:42.829+0000] {processor.py:925} INFO - DAG(s) 'latest_only' retrieved from /home/airflow/.local/lib/python3.12/site-packages/airflow/example_dags/example_latest_only.py
[2025-01-27T00:20:42.855+0000] {logging_mixin.py:190} INFO - [2025-01-27T00:20:42.855+0000] {dag.py:3239} INFO - Sync 1 DAGs
[2025-01-27T00:20:42.886+0000] {logging_mixin.py:190} INFO - [2025-01-27T00:20:42.885+0000] {dag.py:4180} INFO - Setting next_dagrun for latest_only to 2025-01-26 20:00:00+00:00, run_after=2025-01-27 00:00:00+00:00
[2025-01-27T00:20:42.911+0000] {processor.py:208} INFO - Processing /home/airflow/.local/lib/python3.12/site-packages/airflow/example_dags/example_latest_only.py took 0.106 seconds
[2025-01-27T00:21:14.299+0000] {processor.py:186} INFO - Started process (PID=682) to work on /home/airflow/.local/lib/python3.12/site-packages/airflow/example_dags/example_latest_only.py
[2025-01-27T00:21:14.300+0000] {processor.py:914} INFO - Processing file /home/airflow/.local/lib/python3.12/site-packages/airflow/example_dags/example_latest_only.py for tasks to queue
[2025-01-27T00:21:14.302+0000] {logging_mixin.py:190} INFO - [2025-01-27T00:21:14.302+0000] {dagbag.py:588} INFO - Filling up the DagBag from /home/airflow/.local/lib/python3.12/site-packages/airflow/example_dags/example_latest_only.py
[2025-01-27T00:21:14.310+0000] {processor.py:925} INFO - DAG(s) 'latest_only' retrieved from /home/airflow/.local/lib/python3.12/site-packages/airflow/example_dags/example_latest_only.py
[2025-01-27T00:21:14.330+0000] {logging_mixin.py:190} INFO - [2025-01-27T00:21:14.329+0000] {dag.py:3239} INFO - Sync 1 DAGs
[2025-01-27T00:21:14.356+0000] {logging_mixin.py:190} INFO - [2025-01-27T00:21:14.356+0000] {dag.py:4180} INFO - Setting next_dagrun for latest_only to 2025-01-26 20:00:00+00:00, run_after=2025-01-27 00:00:00+00:00
[2025-01-27T00:21:14.375+0000] {processor.py:208} INFO - Processing /home/airflow/.local/lib/python3.12/site-packages/airflow/example_dags/example_latest_only.py took 0.084 seconds
[2025-01-27T00:21:45.214+0000] {processor.py:186} INFO - Started process (PID=749) to work on /home/airflow/.local/lib/python3.12/site-packages/airflow/example_dags/example_latest_only.py
[2025-01-27T00:21:45.215+0000] {processor.py:914} INFO - Processing file /home/airflow/.local/lib/python3.12/site-packages/airflow/example_dags/example_latest_only.py for tasks to queue
[2025-01-27T00:21:45.218+0000] {logging_mixin.py:190} INFO - [2025-01-27T00:21:45.217+0000] {dagbag.py:588} INFO - Filling up the DagBag from /home/airflow/.local/lib/python3.12/site-packages/airflow/example_dags/example_latest_only.py
[2025-01-27T00:21:45.225+0000] {processor.py:925} INFO - DAG(s) 'latest_only' retrieved from /home/airflow/.local/lib/python3.12/site-packages/airflow/example_dags/example_latest_only.py
[2025-01-27T00:21:45.244+0000] {logging_mixin.py:190} INFO - [2025-01-27T00:21:45.243+0000] {dag.py:3239} INFO - Sync 1 DAGs
[2025-01-27T00:21:45.274+0000] {logging_mixin.py:190} INFO - [2025-01-27T00:21:45.273+0000] {dag.py:4180} INFO - Setting next_dagrun for latest_only to 2025-01-26 20:00:00+00:00, run_after=2025-01-27 00:00:00+00:00
[2025-01-27T00:21:45.293+0000] {processor.py:208} INFO - Processing /home/airflow/.local/lib/python3.12/site-packages/airflow/example_dags/example_latest_only.py took 0.085 seconds
[2025-01-27T00:22:16.547+0000] {processor.py:186} INFO - Started process (PID=815) to work on /home/airflow/.local/lib/python3.12/site-packages/airflow/example_dags/example_latest_only.py
[2025-01-27T00:22:16.549+0000] {processor.py:914} INFO - Processing file /home/airflow/.local/lib/python3.12/site-packages/airflow/example_dags/example_latest_only.py for tasks to queue
[2025-01-27T00:22:16.553+0000] {logging_mixin.py:190} INFO - [2025-01-27T00:22:16.552+0000] {dagbag.py:588} INFO - Filling up the DagBag from /home/airflow/.local/lib/python3.12/site-packages/airflow/example_dags/example_latest_only.py
[2025-01-27T00:22:16.573+0000] {processor.py:925} INFO - DAG(s) 'latest_only' retrieved from /home/airflow/.local/lib/python3.12/site-packages/airflow/example_dags/example_latest_only.py
[2025-01-27T00:22:16.618+0000] {logging_mixin.py:190} INFO - [2025-01-27T00:22:16.617+0000] {dag.py:3239} INFO - Sync 1 DAGs
[2025-01-27T00:22:16.687+0000] {logging_mixin.py:190} INFO - [2025-01-27T00:22:16.687+0000] {dag.py:4180} INFO - Setting next_dagrun for latest_only to 2025-01-26 20:00:00+00:00, run_after=2025-01-27 00:00:00+00:00
[2025-01-27T00:22:16.741+0000] {processor.py:208} INFO - Processing /home/airflow/.local/lib/python3.12/site-packages/airflow/example_dags/example_latest_only.py took 0.210 seconds
[2025-01-27T00:26:36.265+0000] {processor.py:186} INFO - Started process (PID=88) to work on /home/airflow/.local/lib/python3.12/site-packages/airflow/example_dags/example_latest_only.py
[2025-01-27T00:26:36.266+0000] {processor.py:914} INFO - Processing file /home/airflow/.local/lib/python3.12/site-packages/airflow/example_dags/example_latest_only.py for tasks to queue
[2025-01-27T00:26:36.269+0000] {logging_mixin.py:190} INFO - [2025-01-27T00:26:36.269+0000] {dagbag.py:588} INFO - Filling up the DagBag from /home/airflow/.local/lib/python3.12/site-packages/airflow/example_dags/example_latest_only.py
[2025-01-27T00:26:36.280+0000] {processor.py:925} INFO - DAG(s) 'latest_only' retrieved from /home/airflow/.local/lib/python3.12/site-packages/airflow/example_dags/example_latest_only.py
[2025-01-27T00:26:36.303+0000] {logging_mixin.py:190} INFO - [2025-01-27T00:26:36.302+0000] {dag.py:3239} INFO - Sync 1 DAGs
[2025-01-27T00:26:36.337+0000] {logging_mixin.py:190} INFO - [2025-01-27T00:26:36.337+0000] {dag.py:4180} INFO - Setting next_dagrun for latest_only to 2025-01-26 20:00:00+00:00, run_after=2025-01-27 00:00:00+00:00
[2025-01-27T00:26:36.365+0000] {processor.py:208} INFO - Processing /home/airflow/.local/lib/python3.12/site-packages/airflow/example_dags/example_latest_only.py took 0.109 seconds
[2025-01-27T00:27:07.230+0000] {processor.py:186} INFO - Started process (PID=155) to work on /home/airflow/.local/lib/python3.12/site-packages/airflow/example_dags/example_latest_only.py
[2025-01-27T00:27:07.231+0000] {processor.py:914} INFO - Processing file /home/airflow/.local/lib/python3.12/site-packages/airflow/example_dags/example_latest_only.py for tasks to queue
[2025-01-27T00:27:07.233+0000] {logging_mixin.py:190} INFO - [2025-01-27T00:27:07.233+0000] {dagbag.py:588} INFO - Filling up the DagBag from /home/airflow/.local/lib/python3.12/site-packages/airflow/example_dags/example_latest_only.py
[2025-01-27T00:27:07.240+0000] {processor.py:925} INFO - DAG(s) 'latest_only' retrieved from /home/airflow/.local/lib/python3.12/site-packages/airflow/example_dags/example_latest_only.py
[2025-01-27T00:27:07.261+0000] {logging_mixin.py:190} INFO - [2025-01-27T00:27:07.261+0000] {dag.py:3239} INFO - Sync 1 DAGs
[2025-01-27T00:27:07.294+0000] {logging_mixin.py:190} INFO - [2025-01-27T00:27:07.294+0000] {dag.py:4180} INFO - Setting next_dagrun for latest_only to 2025-01-26 20:00:00+00:00, run_after=2025-01-27 00:00:00+00:00
[2025-01-27T00:27:07.321+0000] {processor.py:208} INFO - Processing /home/airflow/.local/lib/python3.12/site-packages/airflow/example_dags/example_latest_only.py took 0.099 seconds
[2025-01-27T00:27:39.051+0000] {processor.py:186} INFO - Started process (PID=220) to work on /home/airflow/.local/lib/python3.12/site-packages/airflow/example_dags/example_latest_only.py
[2025-01-27T00:27:39.052+0000] {processor.py:914} INFO - Processing file /home/airflow/.local/lib/python3.12/site-packages/airflow/example_dags/example_latest_only.py for tasks to queue
[2025-01-27T00:27:39.055+0000] {logging_mixin.py:190} INFO - [2025-01-27T00:27:39.055+0000] {dagbag.py:588} INFO - Filling up the DagBag from /home/airflow/.local/lib/python3.12/site-packages/airflow/example_dags/example_latest_only.py
[2025-01-27T00:27:39.067+0000] {processor.py:925} INFO - DAG(s) 'latest_only' retrieved from /home/airflow/.local/lib/python3.12/site-packages/airflow/example_dags/example_latest_only.py
[2025-01-27T00:27:39.094+0000] {logging_mixin.py:190} INFO - [2025-01-27T00:27:39.094+0000] {dag.py:3239} INFO - Sync 1 DAGs
[2025-01-27T00:27:39.124+0000] {logging_mixin.py:190} INFO - [2025-01-27T00:27:39.124+0000] {dag.py:4180} INFO - Setting next_dagrun for latest_only to 2025-01-26 20:00:00+00:00, run_after=2025-01-27 00:00:00+00:00
[2025-01-27T00:27:39.143+0000] {processor.py:208} INFO - Processing /home/airflow/.local/lib/python3.12/site-packages/airflow/example_dags/example_latest_only.py took 0.100 seconds
[2025-01-27T00:28:10.096+0000] {processor.py:186} INFO - Started process (PID=286) to work on /home/airflow/.local/lib/python3.12/site-packages/airflow/example_dags/example_latest_only.py
[2025-01-27T00:28:10.097+0000] {processor.py:914} INFO - Processing file /home/airflow/.local/lib/python3.12/site-packages/airflow/example_dags/example_latest_only.py for tasks to queue
[2025-01-27T00:28:10.100+0000] {logging_mixin.py:190} INFO - [2025-01-27T00:28:10.100+0000] {dagbag.py:588} INFO - Filling up the DagBag from /home/airflow/.local/lib/python3.12/site-packages/airflow/example_dags/example_latest_only.py
[2025-01-27T00:28:10.110+0000] {processor.py:925} INFO - DAG(s) 'latest_only' retrieved from /home/airflow/.local/lib/python3.12/site-packages/airflow/example_dags/example_latest_only.py
[2025-01-27T00:28:10.133+0000] {logging_mixin.py:190} INFO - [2025-01-27T00:28:10.132+0000] {dag.py:3239} INFO - Sync 1 DAGs
[2025-01-27T00:28:10.158+0000] {logging_mixin.py:190} INFO - [2025-01-27T00:28:10.158+0000] {dag.py:4180} INFO - Setting next_dagrun for latest_only to 2025-01-26 20:00:00+00:00, run_after=2025-01-27 00:00:00+00:00
[2025-01-27T00:28:10.180+0000] {processor.py:208} INFO - Processing /home/airflow/.local/lib/python3.12/site-packages/airflow/example_dags/example_latest_only.py took 0.096 seconds
[2025-01-27T00:29:32.808+0000] {processor.py:186} INFO - Started process (PID=81) to work on /home/airflow/.local/lib/python3.12/site-packages/airflow/example_dags/example_latest_only.py
[2025-01-27T00:29:32.809+0000] {processor.py:914} INFO - Processing file /home/airflow/.local/lib/python3.12/site-packages/airflow/example_dags/example_latest_only.py for tasks to queue
[2025-01-27T00:29:32.812+0000] {logging_mixin.py:190} INFO - [2025-01-27T00:29:32.811+0000] {dagbag.py:588} INFO - Filling up the DagBag from /home/airflow/.local/lib/python3.12/site-packages/airflow/example_dags/example_latest_only.py
[2025-01-27T00:29:32.821+0000] {processor.py:925} INFO - DAG(s) 'latest_only' retrieved from /home/airflow/.local/lib/python3.12/site-packages/airflow/example_dags/example_latest_only.py
[2025-01-27T00:29:32.842+0000] {logging_mixin.py:190} INFO - [2025-01-27T00:29:32.842+0000] {dag.py:3239} INFO - Sync 1 DAGs
[2025-01-27T00:29:32.864+0000] {logging_mixin.py:190} INFO - [2025-01-27T00:29:32.864+0000] {dag.py:4180} INFO - Setting next_dagrun for latest_only to 2025-01-26 20:00:00+00:00, run_after=2025-01-27 00:00:00+00:00
[2025-01-27T00:29:32.882+0000] {processor.py:208} INFO - Processing /home/airflow/.local/lib/python3.12/site-packages/airflow/example_dags/example_latest_only.py took 0.081 seconds
[2025-01-27T00:30:04.399+0000] {processor.py:186} INFO - Started process (PID=146) to work on /home/airflow/.local/lib/python3.12/site-packages/airflow/example_dags/example_latest_only.py
[2025-01-27T00:30:04.400+0000] {processor.py:914} INFO - Processing file /home/airflow/.local/lib/python3.12/site-packages/airflow/example_dags/example_latest_only.py for tasks to queue
[2025-01-27T00:30:04.403+0000] {logging_mixin.py:190} INFO - [2025-01-27T00:30:04.403+0000] {dagbag.py:588} INFO - Filling up the DagBag from /home/airflow/.local/lib/python3.12/site-packages/airflow/example_dags/example_latest_only.py
[2025-01-27T00:30:04.411+0000] {processor.py:925} INFO - DAG(s) 'latest_only' retrieved from /home/airflow/.local/lib/python3.12/site-packages/airflow/example_dags/example_latest_only.py
[2025-01-27T00:30:04.430+0000] {logging_mixin.py:190} INFO - [2025-01-27T00:30:04.429+0000] {dag.py:3239} INFO - Sync 1 DAGs
[2025-01-27T00:30:04.459+0000] {logging_mixin.py:190} INFO - [2025-01-27T00:30:04.459+0000] {dag.py:4180} INFO - Setting next_dagrun for latest_only to 2025-01-26 20:00:00+00:00, run_after=2025-01-27 00:00:00+00:00
[2025-01-27T00:30:04.478+0000] {processor.py:208} INFO - Processing /home/airflow/.local/lib/python3.12/site-packages/airflow/example_dags/example_latest_only.py took 0.087 seconds
[2025-01-27T00:30:37.011+0000] {processor.py:186} INFO - Started process (PID=218) to work on /home/airflow/.local/lib/python3.12/site-packages/airflow/example_dags/example_latest_only.py
[2025-01-27T00:30:37.012+0000] {processor.py:914} INFO - Processing file /home/airflow/.local/lib/python3.12/site-packages/airflow/example_dags/example_latest_only.py for tasks to queue
[2025-01-27T00:30:37.015+0000] {logging_mixin.py:190} INFO - [2025-01-27T00:30:37.014+0000] {dagbag.py:588} INFO - Filling up the DagBag from /home/airflow/.local/lib/python3.12/site-packages/airflow/example_dags/example_latest_only.py
[2025-01-27T00:30:37.025+0000] {processor.py:925} INFO - DAG(s) 'latest_only' retrieved from /home/airflow/.local/lib/python3.12/site-packages/airflow/example_dags/example_latest_only.py
[2025-01-27T00:30:37.047+0000] {logging_mixin.py:190} INFO - [2025-01-27T00:30:37.046+0000] {dag.py:3239} INFO - Sync 1 DAGs
[2025-01-27T00:30:37.076+0000] {logging_mixin.py:190} INFO - [2025-01-27T00:30:37.076+0000] {dag.py:4180} INFO - Setting next_dagrun for latest_only to 2025-01-26 20:00:00+00:00, run_after=2025-01-27 00:00:00+00:00
[2025-01-27T00:30:37.098+0000] {processor.py:208} INFO - Processing /home/airflow/.local/lib/python3.12/site-packages/airflow/example_dags/example_latest_only.py took 0.093 seconds
[2025-01-27T00:31:08.594+0000] {processor.py:186} INFO - Started process (PID=283) to work on /home/airflow/.local/lib/python3.12/site-packages/airflow/example_dags/example_latest_only.py
[2025-01-27T00:31:08.595+0000] {processor.py:914} INFO - Processing file /home/airflow/.local/lib/python3.12/site-packages/airflow/example_dags/example_latest_only.py for tasks to queue
[2025-01-27T00:31:08.598+0000] {logging_mixin.py:190} INFO - [2025-01-27T00:31:08.598+0000] {dagbag.py:588} INFO - Filling up the DagBag from /home/airflow/.local/lib/python3.12/site-packages/airflow/example_dags/example_latest_only.py
[2025-01-27T00:31:08.605+0000] {processor.py:925} INFO - DAG(s) 'latest_only' retrieved from /home/airflow/.local/lib/python3.12/site-packages/airflow/example_dags/example_latest_only.py
[2025-01-27T00:31:08.623+0000] {logging_mixin.py:190} INFO - [2025-01-27T00:31:08.623+0000] {dag.py:3239} INFO - Sync 1 DAGs
[2025-01-27T00:31:08.651+0000] {logging_mixin.py:190} INFO - [2025-01-27T00:31:08.651+0000] {dag.py:4180} INFO - Setting next_dagrun for latest_only to 2025-01-26 20:00:00+00:00, run_after=2025-01-27 00:00:00+00:00
[2025-01-27T00:31:08.671+0000] {processor.py:208} INFO - Processing /home/airflow/.local/lib/python3.12/site-packages/airflow/example_dags/example_latest_only.py took 0.084 seconds
[2025-01-27T00:32:46.086+0000] {processor.py:186} INFO - Started process (PID=81) to work on /home/airflow/.local/lib/python3.12/site-packages/airflow/example_dags/example_latest_only.py
[2025-01-27T00:32:46.087+0000] {processor.py:914} INFO - Processing file /home/airflow/.local/lib/python3.12/site-packages/airflow/example_dags/example_latest_only.py for tasks to queue
[2025-01-27T00:32:46.089+0000] {logging_mixin.py:190} INFO - [2025-01-27T00:32:46.089+0000] {dagbag.py:588} INFO - Filling up the DagBag from /home/airflow/.local/lib/python3.12/site-packages/airflow/example_dags/example_latest_only.py
[2025-01-27T00:32:46.097+0000] {processor.py:925} INFO - DAG(s) 'latest_only' retrieved from /home/airflow/.local/lib/python3.12/site-packages/airflow/example_dags/example_latest_only.py
[2025-01-27T00:32:46.115+0000] {logging_mixin.py:190} INFO - [2025-01-27T00:32:46.115+0000] {dag.py:3239} INFO - Sync 1 DAGs
[2025-01-27T00:32:46.141+0000] {logging_mixin.py:190} INFO - [2025-01-27T00:32:46.141+0000] {dag.py:4180} INFO - Setting next_dagrun for latest_only to 2025-01-26 20:00:00+00:00, run_after=2025-01-27 00:00:00+00:00
[2025-01-27T00:32:46.160+0000] {processor.py:208} INFO - Processing /home/airflow/.local/lib/python3.12/site-packages/airflow/example_dags/example_latest_only.py took 0.080 seconds
[2025-01-27T00:33:17.338+0000] {processor.py:186} INFO - Started process (PID=146) to work on /home/airflow/.local/lib/python3.12/site-packages/airflow/example_dags/example_latest_only.py
[2025-01-27T00:33:17.339+0000] {processor.py:914} INFO - Processing file /home/airflow/.local/lib/python3.12/site-packages/airflow/example_dags/example_latest_only.py for tasks to queue
[2025-01-27T00:33:17.342+0000] {logging_mixin.py:190} INFO - [2025-01-27T00:33:17.342+0000] {dagbag.py:588} INFO - Filling up the DagBag from /home/airflow/.local/lib/python3.12/site-packages/airflow/example_dags/example_latest_only.py
[2025-01-27T00:33:17.351+0000] {processor.py:925} INFO - DAG(s) 'latest_only' retrieved from /home/airflow/.local/lib/python3.12/site-packages/airflow/example_dags/example_latest_only.py
[2025-01-27T00:33:17.370+0000] {logging_mixin.py:190} INFO - [2025-01-27T00:33:17.370+0000] {dag.py:3239} INFO - Sync 1 DAGs
[2025-01-27T00:33:17.396+0000] {logging_mixin.py:190} INFO - [2025-01-27T00:33:17.395+0000] {dag.py:4180} INFO - Setting next_dagrun for latest_only to 2025-01-26 20:00:00+00:00, run_after=2025-01-27 00:00:00+00:00
[2025-01-27T00:33:17.416+0000] {processor.py:208} INFO - Processing /home/airflow/.local/lib/python3.12/site-packages/airflow/example_dags/example_latest_only.py took 0.085 seconds
[2025-01-27T00:33:49.353+0000] {processor.py:186} INFO - Started process (PID=212) to work on /home/airflow/.local/lib/python3.12/site-packages/airflow/example_dags/example_latest_only.py
[2025-01-27T00:33:49.356+0000] {processor.py:914} INFO - Processing file /home/airflow/.local/lib/python3.12/site-packages/airflow/example_dags/example_latest_only.py for tasks to queue
[2025-01-27T00:33:49.359+0000] {logging_mixin.py:190} INFO - [2025-01-27T00:33:49.358+0000] {dagbag.py:588} INFO - Filling up the DagBag from /home/airflow/.local/lib/python3.12/site-packages/airflow/example_dags/example_latest_only.py
[2025-01-27T00:33:49.366+0000] {processor.py:925} INFO - DAG(s) 'latest_only' retrieved from /home/airflow/.local/lib/python3.12/site-packages/airflow/example_dags/example_latest_only.py
[2025-01-27T00:33:49.389+0000] {logging_mixin.py:190} INFO - [2025-01-27T00:33:49.389+0000] {dag.py:3239} INFO - Sync 1 DAGs
[2025-01-27T00:33:49.415+0000] {logging_mixin.py:190} INFO - [2025-01-27T00:33:49.415+0000] {dag.py:4180} INFO - Setting next_dagrun for latest_only to 2025-01-26 20:00:00+00:00, run_after=2025-01-27 00:00:00+00:00
[2025-01-27T00:33:49.439+0000] {processor.py:208} INFO - Processing /home/airflow/.local/lib/python3.12/site-packages/airflow/example_dags/example_latest_only.py took 0.092 seconds
[2025-01-27T00:34:20.971+0000] {processor.py:186} INFO - Started process (PID=284) to work on /home/airflow/.local/lib/python3.12/site-packages/airflow/example_dags/example_latest_only.py
[2025-01-27T00:34:20.973+0000] {processor.py:914} INFO - Processing file /home/airflow/.local/lib/python3.12/site-packages/airflow/example_dags/example_latest_only.py for tasks to queue
[2025-01-27T00:34:20.976+0000] {logging_mixin.py:190} INFO - [2025-01-27T00:34:20.976+0000] {dagbag.py:588} INFO - Filling up the DagBag from /home/airflow/.local/lib/python3.12/site-packages/airflow/example_dags/example_latest_only.py
[2025-01-27T00:34:20.988+0000] {processor.py:925} INFO - DAG(s) 'latest_only' retrieved from /home/airflow/.local/lib/python3.12/site-packages/airflow/example_dags/example_latest_only.py
[2025-01-27T00:34:21.021+0000] {logging_mixin.py:190} INFO - [2025-01-27T00:34:21.021+0000] {dag.py:3239} INFO - Sync 1 DAGs
[2025-01-27T00:34:21.069+0000] {logging_mixin.py:190} INFO - [2025-01-27T00:34:21.068+0000] {dag.py:4180} INFO - Setting next_dagrun for latest_only to 2025-01-26 20:00:00+00:00, run_after=2025-01-27 00:00:00+00:00
[2025-01-27T00:34:21.109+0000] {processor.py:208} INFO - Processing /home/airflow/.local/lib/python3.12/site-packages/airflow/example_dags/example_latest_only.py took 0.148 seconds
[2025-01-27T00:34:52.429+0000] {processor.py:186} INFO - Started process (PID=350) to work on /home/airflow/.local/lib/python3.12/site-packages/airflow/example_dags/example_latest_only.py
[2025-01-27T00:34:52.430+0000] {processor.py:914} INFO - Processing file /home/airflow/.local/lib/python3.12/site-packages/airflow/example_dags/example_latest_only.py for tasks to queue
[2025-01-27T00:34:52.433+0000] {logging_mixin.py:190} INFO - [2025-01-27T00:34:52.433+0000] {dagbag.py:588} INFO - Filling up the DagBag from /home/airflow/.local/lib/python3.12/site-packages/airflow/example_dags/example_latest_only.py
[2025-01-27T00:34:52.443+0000] {processor.py:925} INFO - DAG(s) 'latest_only' retrieved from /home/airflow/.local/lib/python3.12/site-packages/airflow/example_dags/example_latest_only.py
[2025-01-27T00:34:52.466+0000] {logging_mixin.py:190} INFO - [2025-01-27T00:34:52.465+0000] {dag.py:3239} INFO - Sync 1 DAGs
[2025-01-27T00:34:52.506+0000] {logging_mixin.py:190} INFO - [2025-01-27T00:34:52.506+0000] {dag.py:4180} INFO - Setting next_dagrun for latest_only to 2025-01-26 20:00:00+00:00, run_after=2025-01-27 00:00:00+00:00
[2025-01-27T00:34:52.546+0000] {processor.py:208} INFO - Processing /home/airflow/.local/lib/python3.12/site-packages/airflow/example_dags/example_latest_only.py took 0.123 seconds
[2025-01-27T00:35:23.620+0000] {processor.py:186} INFO - Started process (PID=416) to work on /home/airflow/.local/lib/python3.12/site-packages/airflow/example_dags/example_latest_only.py
[2025-01-27T00:35:23.621+0000] {processor.py:914} INFO - Processing file /home/airflow/.local/lib/python3.12/site-packages/airflow/example_dags/example_latest_only.py for tasks to queue
[2025-01-27T00:35:23.624+0000] {logging_mixin.py:190} INFO - [2025-01-27T00:35:23.623+0000] {dagbag.py:588} INFO - Filling up the DagBag from /home/airflow/.local/lib/python3.12/site-packages/airflow/example_dags/example_latest_only.py
[2025-01-27T00:35:23.632+0000] {processor.py:925} INFO - DAG(s) 'latest_only' retrieved from /home/airflow/.local/lib/python3.12/site-packages/airflow/example_dags/example_latest_only.py
[2025-01-27T00:35:23.651+0000] {logging_mixin.py:190} INFO - [2025-01-27T00:35:23.651+0000] {dag.py:3239} INFO - Sync 1 DAGs
[2025-01-27T00:35:23.679+0000] {logging_mixin.py:190} INFO - [2025-01-27T00:35:23.678+0000] {dag.py:4180} INFO - Setting next_dagrun for latest_only to 2025-01-26 20:00:00+00:00, run_after=2025-01-27 00:00:00+00:00
[2025-01-27T00:35:23.699+0000] {processor.py:208} INFO - Processing /home/airflow/.local/lib/python3.12/site-packages/airflow/example_dags/example_latest_only.py took 0.085 seconds
[2025-01-27T00:35:54.773+0000] {processor.py:186} INFO - Started process (PID=482) to work on /home/airflow/.local/lib/python3.12/site-packages/airflow/example_dags/example_latest_only.py
[2025-01-27T00:35:54.774+0000] {processor.py:914} INFO - Processing file /home/airflow/.local/lib/python3.12/site-packages/airflow/example_dags/example_latest_only.py for tasks to queue
[2025-01-27T00:35:54.777+0000] {logging_mixin.py:190} INFO - [2025-01-27T00:35:54.777+0000] {dagbag.py:588} INFO - Filling up the DagBag from /home/airflow/.local/lib/python3.12/site-packages/airflow/example_dags/example_latest_only.py
[2025-01-27T00:35:54.786+0000] {processor.py:925} INFO - DAG(s) 'latest_only' retrieved from /home/airflow/.local/lib/python3.12/site-packages/airflow/example_dags/example_latest_only.py
[2025-01-27T00:35:54.804+0000] {logging_mixin.py:190} INFO - [2025-01-27T00:35:54.804+0000] {dag.py:3239} INFO - Sync 1 DAGs
[2025-01-27T00:35:54.829+0000] {logging_mixin.py:190} INFO - [2025-01-27T00:35:54.829+0000] {dag.py:4180} INFO - Setting next_dagrun for latest_only to 2025-01-26 20:00:00+00:00, run_after=2025-01-27 00:00:00+00:00
[2025-01-27T00:35:54.847+0000] {processor.py:208} INFO - Processing /home/airflow/.local/lib/python3.12/site-packages/airflow/example_dags/example_latest_only.py took 0.080 seconds
[2025-01-27T00:36:25.780+0000] {processor.py:186} INFO - Started process (PID=549) to work on /home/airflow/.local/lib/python3.12/site-packages/airflow/example_dags/example_latest_only.py
[2025-01-27T00:36:25.781+0000] {processor.py:914} INFO - Processing file /home/airflow/.local/lib/python3.12/site-packages/airflow/example_dags/example_latest_only.py for tasks to queue
[2025-01-27T00:36:25.784+0000] {logging_mixin.py:190} INFO - [2025-01-27T00:36:25.783+0000] {dagbag.py:588} INFO - Filling up the DagBag from /home/airflow/.local/lib/python3.12/site-packages/airflow/example_dags/example_latest_only.py
[2025-01-27T00:36:25.791+0000] {processor.py:925} INFO - DAG(s) 'latest_only' retrieved from /home/airflow/.local/lib/python3.12/site-packages/airflow/example_dags/example_latest_only.py
[2025-01-27T00:36:25.812+0000] {logging_mixin.py:190} INFO - [2025-01-27T00:36:25.812+0000] {dag.py:3239} INFO - Sync 1 DAGs
[2025-01-27T00:36:25.851+0000] {logging_mixin.py:190} INFO - [2025-01-27T00:36:25.851+0000] {dag.py:4180} INFO - Setting next_dagrun for latest_only to 2025-01-26 20:00:00+00:00, run_after=2025-01-27 00:00:00+00:00
[2025-01-27T00:36:25.872+0000] {processor.py:208} INFO - Processing /home/airflow/.local/lib/python3.12/site-packages/airflow/example_dags/example_latest_only.py took 0.098 seconds
[2025-01-27T00:36:57.404+0000] {processor.py:186} INFO - Started process (PID=615) to work on /home/airflow/.local/lib/python3.12/site-packages/airflow/example_dags/example_latest_only.py
[2025-01-27T00:36:57.406+0000] {processor.py:914} INFO - Processing file /home/airflow/.local/lib/python3.12/site-packages/airflow/example_dags/example_latest_only.py for tasks to queue
[2025-01-27T00:36:57.409+0000] {logging_mixin.py:190} INFO - [2025-01-27T00:36:57.408+0000] {dagbag.py:588} INFO - Filling up the DagBag from /home/airflow/.local/lib/python3.12/site-packages/airflow/example_dags/example_latest_only.py
[2025-01-27T00:36:57.422+0000] {processor.py:925} INFO - DAG(s) 'latest_only' retrieved from /home/airflow/.local/lib/python3.12/site-packages/airflow/example_dags/example_latest_only.py
[2025-01-27T00:36:57.448+0000] {logging_mixin.py:190} INFO - [2025-01-27T00:36:57.448+0000] {dag.py:3239} INFO - Sync 1 DAGs
[2025-01-27T00:36:57.477+0000] {logging_mixin.py:190} INFO - [2025-01-27T00:36:57.477+0000] {dag.py:4180} INFO - Setting next_dagrun for latest_only to 2025-01-26 20:00:00+00:00, run_after=2025-01-27 00:00:00+00:00
[2025-01-27T00:36:57.495+0000] {processor.py:208} INFO - Processing /home/airflow/.local/lib/python3.12/site-packages/airflow/example_dags/example_latest_only.py took 0.101 seconds
[2025-01-27T00:37:30.455+0000] {processor.py:186} INFO - Started process (PID=681) to work on /home/airflow/.local/lib/python3.12/site-packages/airflow/example_dags/example_latest_only.py
[2025-01-27T00:37:30.456+0000] {processor.py:914} INFO - Processing file /home/airflow/.local/lib/python3.12/site-packages/airflow/example_dags/example_latest_only.py for tasks to queue
[2025-01-27T00:37:30.458+0000] {logging_mixin.py:190} INFO - [2025-01-27T00:37:30.458+0000] {dagbag.py:588} INFO - Filling up the DagBag from /home/airflow/.local/lib/python3.12/site-packages/airflow/example_dags/example_latest_only.py
[2025-01-27T00:37:30.467+0000] {processor.py:925} INFO - DAG(s) 'latest_only' retrieved from /home/airflow/.local/lib/python3.12/site-packages/airflow/example_dags/example_latest_only.py
[2025-01-27T00:37:30.494+0000] {logging_mixin.py:190} INFO - [2025-01-27T00:37:30.494+0000] {dag.py:3239} INFO - Sync 1 DAGs
[2025-01-27T00:37:30.524+0000] {logging_mixin.py:190} INFO - [2025-01-27T00:37:30.524+0000] {dag.py:4180} INFO - Setting next_dagrun for latest_only to 2025-01-26 20:00:00+00:00, run_after=2025-01-27 00:00:00+00:00
[2025-01-27T00:37:30.550+0000] {processor.py:208} INFO - Processing /home/airflow/.local/lib/python3.12/site-packages/airflow/example_dags/example_latest_only.py took 0.100 seconds
[2025-01-27T00:38:01.657+0000] {processor.py:186} INFO - Started process (PID=748) to work on /home/airflow/.local/lib/python3.12/site-packages/airflow/example_dags/example_latest_only.py
[2025-01-27T00:38:01.658+0000] {processor.py:914} INFO - Processing file /home/airflow/.local/lib/python3.12/site-packages/airflow/example_dags/example_latest_only.py for tasks to queue
[2025-01-27T00:38:01.661+0000] {logging_mixin.py:190} INFO - [2025-01-27T00:38:01.660+0000] {dagbag.py:588} INFO - Filling up the DagBag from /home/airflow/.local/lib/python3.12/site-packages/airflow/example_dags/example_latest_only.py
[2025-01-27T00:38:01.669+0000] {processor.py:925} INFO - DAG(s) 'latest_only' retrieved from /home/airflow/.local/lib/python3.12/site-packages/airflow/example_dags/example_latest_only.py
[2025-01-27T00:38:01.691+0000] {logging_mixin.py:190} INFO - [2025-01-27T00:38:01.691+0000] {dag.py:3239} INFO - Sync 1 DAGs
[2025-01-27T00:38:01.718+0000] {logging_mixin.py:190} INFO - [2025-01-27T00:38:01.718+0000] {dag.py:4180} INFO - Setting next_dagrun for latest_only to 2025-01-26 20:00:00+00:00, run_after=2025-01-27 00:00:00+00:00
[2025-01-27T00:38:01.738+0000] {processor.py:208} INFO - Processing /home/airflow/.local/lib/python3.12/site-packages/airflow/example_dags/example_latest_only.py took 0.087 seconds
[2025-01-27T00:38:33.206+0000] {processor.py:186} INFO - Started process (PID=814) to work on /home/airflow/.local/lib/python3.12/site-packages/airflow/example_dags/example_latest_only.py
[2025-01-27T00:38:33.207+0000] {processor.py:914} INFO - Processing file /home/airflow/.local/lib/python3.12/site-packages/airflow/example_dags/example_latest_only.py for tasks to queue
[2025-01-27T00:38:33.209+0000] {logging_mixin.py:190} INFO - [2025-01-27T00:38:33.209+0000] {dagbag.py:588} INFO - Filling up the DagBag from /home/airflow/.local/lib/python3.12/site-packages/airflow/example_dags/example_latest_only.py
[2025-01-27T00:38:33.218+0000] {processor.py:925} INFO - DAG(s) 'latest_only' retrieved from /home/airflow/.local/lib/python3.12/site-packages/airflow/example_dags/example_latest_only.py
[2025-01-27T00:38:33.236+0000] {logging_mixin.py:190} INFO - [2025-01-27T00:38:33.236+0000] {dag.py:3239} INFO - Sync 1 DAGs
[2025-01-27T00:38:33.265+0000] {logging_mixin.py:190} INFO - [2025-01-27T00:38:33.265+0000] {dag.py:4180} INFO - Setting next_dagrun for latest_only to 2025-01-26 20:00:00+00:00, run_after=2025-01-27 00:00:00+00:00
[2025-01-27T00:38:33.284+0000] {processor.py:208} INFO - Processing /home/airflow/.local/lib/python3.12/site-packages/airflow/example_dags/example_latest_only.py took 0.085 seconds
[2025-01-27T00:39:04.341+0000] {processor.py:186} INFO - Started process (PID=880) to work on /home/airflow/.local/lib/python3.12/site-packages/airflow/example_dags/example_latest_only.py
[2025-01-27T00:39:04.342+0000] {processor.py:914} INFO - Processing file /home/airflow/.local/lib/python3.12/site-packages/airflow/example_dags/example_latest_only.py for tasks to queue
[2025-01-27T00:39:04.344+0000] {logging_mixin.py:190} INFO - [2025-01-27T00:39:04.344+0000] {dagbag.py:588} INFO - Filling up the DagBag from /home/airflow/.local/lib/python3.12/site-packages/airflow/example_dags/example_latest_only.py
[2025-01-27T00:39:04.352+0000] {processor.py:925} INFO - DAG(s) 'latest_only' retrieved from /home/airflow/.local/lib/python3.12/site-packages/airflow/example_dags/example_latest_only.py
[2025-01-27T00:39:04.372+0000] {logging_mixin.py:190} INFO - [2025-01-27T00:39:04.371+0000] {dag.py:3239} INFO - Sync 1 DAGs
[2025-01-27T00:39:04.401+0000] {logging_mixin.py:190} INFO - [2025-01-27T00:39:04.400+0000] {dag.py:4180} INFO - Setting next_dagrun for latest_only to 2025-01-26 20:00:00+00:00, run_after=2025-01-27 00:00:00+00:00
[2025-01-27T00:39:04.424+0000] {processor.py:208} INFO - Processing /home/airflow/.local/lib/python3.12/site-packages/airflow/example_dags/example_latest_only.py took 0.089 seconds
[2025-01-27T00:39:35.820+0000] {processor.py:186} INFO - Started process (PID=946) to work on /home/airflow/.local/lib/python3.12/site-packages/airflow/example_dags/example_latest_only.py
[2025-01-27T00:39:35.822+0000] {processor.py:914} INFO - Processing file /home/airflow/.local/lib/python3.12/site-packages/airflow/example_dags/example_latest_only.py for tasks to queue
[2025-01-27T00:39:35.829+0000] {logging_mixin.py:190} INFO - [2025-01-27T00:39:35.827+0000] {dagbag.py:588} INFO - Filling up the DagBag from /home/airflow/.local/lib/python3.12/site-packages/airflow/example_dags/example_latest_only.py
[2025-01-27T00:39:35.839+0000] {processor.py:925} INFO - DAG(s) 'latest_only' retrieved from /home/airflow/.local/lib/python3.12/site-packages/airflow/example_dags/example_latest_only.py
[2025-01-27T00:39:35.870+0000] {logging_mixin.py:190} INFO - [2025-01-27T00:39:35.870+0000] {dag.py:3239} INFO - Sync 1 DAGs
[2025-01-27T00:39:35.909+0000] {logging_mixin.py:190} INFO - [2025-01-27T00:39:35.909+0000] {dag.py:4180} INFO - Setting next_dagrun for latest_only to 2025-01-26 20:00:00+00:00, run_after=2025-01-27 00:00:00+00:00
[2025-01-27T00:39:35.939+0000] {processor.py:208} INFO - Processing /home/airflow/.local/lib/python3.12/site-packages/airflow/example_dags/example_latest_only.py took 0.126 seconds
[2025-01-27T00:40:06.992+0000] {processor.py:186} INFO - Started process (PID=1012) to work on /home/airflow/.local/lib/python3.12/site-packages/airflow/example_dags/example_latest_only.py
[2025-01-27T00:40:06.993+0000] {processor.py:914} INFO - Processing file /home/airflow/.local/lib/python3.12/site-packages/airflow/example_dags/example_latest_only.py for tasks to queue
[2025-01-27T00:40:06.995+0000] {logging_mixin.py:190} INFO - [2025-01-27T00:40:06.995+0000] {dagbag.py:588} INFO - Filling up the DagBag from /home/airflow/.local/lib/python3.12/site-packages/airflow/example_dags/example_latest_only.py
[2025-01-27T00:40:07.002+0000] {processor.py:925} INFO - DAG(s) 'latest_only' retrieved from /home/airflow/.local/lib/python3.12/site-packages/airflow/example_dags/example_latest_only.py
[2025-01-27T00:40:07.024+0000] {logging_mixin.py:190} INFO - [2025-01-27T00:40:07.023+0000] {dag.py:3239} INFO - Sync 1 DAGs
[2025-01-27T00:40:07.053+0000] {logging_mixin.py:190} INFO - [2025-01-27T00:40:07.053+0000] {dag.py:4180} INFO - Setting next_dagrun for latest_only to 2025-01-26 20:00:00+00:00, run_after=2025-01-27 00:00:00+00:00
[2025-01-27T00:40:07.073+0000] {processor.py:208} INFO - Processing /home/airflow/.local/lib/python3.12/site-packages/airflow/example_dags/example_latest_only.py took 0.088 seconds
