[2025-01-27T00:01:14.298+0000] {processor.py:186} INFO - Started process (PID=64) to work on /home/airflow/.local/lib/python3.12/site-packages/airflow/example_dags/example_skip_dag.py
[2025-01-27T00:01:14.299+0000] {processor.py:914} INFO - Processing file /home/airflow/.local/lib/python3.12/site-packages/airflow/example_dags/example_skip_dag.py for tasks to queue
[2025-01-27T00:01:14.302+0000] {logging_mixin.py:190} INFO - [2025-01-27T00:01:14.302+0000] {dagbag.py:588} INFO - Filling up the DagBag from /home/airflow/.local/lib/python3.12/site-packages/airflow/example_dags/example_skip_dag.py
[2025-01-27T00:01:14.313+0000] {processor.py:925} INFO - DAG(s) 'example_skip_dag' retrieved from /home/airflow/.local/lib/python3.12/site-packages/airflow/example_dags/example_skip_dag.py
[2025-01-27T00:01:14.337+0000] {logging_mixin.py:190} INFO - [2025-01-27T00:01:14.336+0000] {dag.py:3239} INFO - Sync 1 DAGs
[2025-01-27T00:01:14.365+0000] {logging_mixin.py:190} INFO - [2025-01-27T00:01:14.365+0000] {dag.py:4180} INFO - Setting next_dagrun for example_skip_dag to 2025-01-26 00:00:00+00:00, run_after=2025-01-27 00:00:00+00:00
[2025-01-27T00:01:14.402+0000] {processor.py:208} INFO - Processing /home/airflow/.local/lib/python3.12/site-packages/airflow/example_dags/example_skip_dag.py took 0.111 seconds
[2025-01-27T00:01:44.937+0000] {processor.py:186} INFO - Started process (PID=128) to work on /home/airflow/.local/lib/python3.12/site-packages/airflow/example_dags/example_skip_dag.py
[2025-01-27T00:01:44.938+0000] {processor.py:914} INFO - Processing file /home/airflow/.local/lib/python3.12/site-packages/airflow/example_dags/example_skip_dag.py for tasks to queue
[2025-01-27T00:01:44.942+0000] {logging_mixin.py:190} INFO - [2025-01-27T00:01:44.941+0000] {dagbag.py:588} INFO - Filling up the DagBag from /home/airflow/.local/lib/python3.12/site-packages/airflow/example_dags/example_skip_dag.py
[2025-01-27T00:01:44.952+0000] {processor.py:925} INFO - DAG(s) 'example_skip_dag' retrieved from /home/airflow/.local/lib/python3.12/site-packages/airflow/example_dags/example_skip_dag.py
[2025-01-27T00:01:44.976+0000] {logging_mixin.py:190} INFO - [2025-01-27T00:01:44.976+0000] {dag.py:3239} INFO - Sync 1 DAGs
[2025-01-27T00:01:45.003+0000] {logging_mixin.py:190} INFO - [2025-01-27T00:01:45.003+0000] {dag.py:4180} INFO - Setting next_dagrun for example_skip_dag to 2025-01-26 00:00:00+00:00, run_after=2025-01-27 00:00:00+00:00
[2025-01-27T00:01:45.025+0000] {processor.py:208} INFO - Processing /home/airflow/.local/lib/python3.12/site-packages/airflow/example_dags/example_skip_dag.py took 0.094 seconds
[2025-01-27T00:02:16.564+0000] {processor.py:186} INFO - Started process (PID=193) to work on /home/airflow/.local/lib/python3.12/site-packages/airflow/example_dags/example_skip_dag.py
[2025-01-27T00:02:16.565+0000] {processor.py:914} INFO - Processing file /home/airflow/.local/lib/python3.12/site-packages/airflow/example_dags/example_skip_dag.py for tasks to queue
[2025-01-27T00:02:16.568+0000] {logging_mixin.py:190} INFO - [2025-01-27T00:02:16.567+0000] {dagbag.py:588} INFO - Filling up the DagBag from /home/airflow/.local/lib/python3.12/site-packages/airflow/example_dags/example_skip_dag.py
[2025-01-27T00:02:16.576+0000] {processor.py:925} INFO - DAG(s) 'example_skip_dag' retrieved from /home/airflow/.local/lib/python3.12/site-packages/airflow/example_dags/example_skip_dag.py
[2025-01-27T00:02:16.598+0000] {logging_mixin.py:190} INFO - [2025-01-27T00:02:16.598+0000] {dag.py:3239} INFO - Sync 1 DAGs
[2025-01-27T00:02:16.626+0000] {logging_mixin.py:190} INFO - [2025-01-27T00:02:16.625+0000] {dag.py:4180} INFO - Setting next_dagrun for example_skip_dag to 2025-01-26 00:00:00+00:00, run_after=2025-01-27 00:00:00+00:00
[2025-01-27T00:02:16.656+0000] {processor.py:208} INFO - Processing /home/airflow/.local/lib/python3.12/site-packages/airflow/example_dags/example_skip_dag.py took 0.098 seconds
[2025-01-27T00:02:47.830+0000] {processor.py:186} INFO - Started process (PID=258) to work on /home/airflow/.local/lib/python3.12/site-packages/airflow/example_dags/example_skip_dag.py
[2025-01-27T00:02:47.831+0000] {processor.py:914} INFO - Processing file /home/airflow/.local/lib/python3.12/site-packages/airflow/example_dags/example_skip_dag.py for tasks to queue
[2025-01-27T00:02:47.834+0000] {logging_mixin.py:190} INFO - [2025-01-27T00:02:47.833+0000] {dagbag.py:588} INFO - Filling up the DagBag from /home/airflow/.local/lib/python3.12/site-packages/airflow/example_dags/example_skip_dag.py
[2025-01-27T00:02:47.841+0000] {processor.py:925} INFO - DAG(s) 'example_skip_dag' retrieved from /home/airflow/.local/lib/python3.12/site-packages/airflow/example_dags/example_skip_dag.py
[2025-01-27T00:02:47.866+0000] {logging_mixin.py:190} INFO - [2025-01-27T00:02:47.866+0000] {dag.py:3239} INFO - Sync 1 DAGs
[2025-01-27T00:02:47.890+0000] {logging_mixin.py:190} INFO - [2025-01-27T00:02:47.889+0000] {dag.py:4180} INFO - Setting next_dagrun for example_skip_dag to 2025-01-26 00:00:00+00:00, run_after=2025-01-27 00:00:00+00:00
[2025-01-27T00:02:47.907+0000] {processor.py:208} INFO - Processing /home/airflow/.local/lib/python3.12/site-packages/airflow/example_dags/example_skip_dag.py took 0.082 seconds
[2025-01-27T00:03:19.930+0000] {processor.py:186} INFO - Started process (PID=329) to work on /home/airflow/.local/lib/python3.12/site-packages/airflow/example_dags/example_skip_dag.py
[2025-01-27T00:03:19.931+0000] {processor.py:914} INFO - Processing file /home/airflow/.local/lib/python3.12/site-packages/airflow/example_dags/example_skip_dag.py for tasks to queue
[2025-01-27T00:03:19.934+0000] {logging_mixin.py:190} INFO - [2025-01-27T00:03:19.934+0000] {dagbag.py:588} INFO - Filling up the DagBag from /home/airflow/.local/lib/python3.12/site-packages/airflow/example_dags/example_skip_dag.py
[2025-01-27T00:03:19.945+0000] {processor.py:925} INFO - DAG(s) 'example_skip_dag' retrieved from /home/airflow/.local/lib/python3.12/site-packages/airflow/example_dags/example_skip_dag.py
[2025-01-27T00:03:19.974+0000] {logging_mixin.py:190} INFO - [2025-01-27T00:03:19.973+0000] {dag.py:3239} INFO - Sync 1 DAGs
[2025-01-27T00:03:20.013+0000] {logging_mixin.py:190} INFO - [2025-01-27T00:03:20.013+0000] {dag.py:4180} INFO - Setting next_dagrun for example_skip_dag to 2025-01-26 00:00:00+00:00, run_after=2025-01-27 00:00:00+00:00
[2025-01-27T00:03:20.044+0000] {processor.py:208} INFO - Processing /home/airflow/.local/lib/python3.12/site-packages/airflow/example_dags/example_skip_dag.py took 0.123 seconds
[2025-01-27T00:03:50.483+0000] {processor.py:186} INFO - Started process (PID=394) to work on /home/airflow/.local/lib/python3.12/site-packages/airflow/example_dags/example_skip_dag.py
[2025-01-27T00:03:50.484+0000] {processor.py:914} INFO - Processing file /home/airflow/.local/lib/python3.12/site-packages/airflow/example_dags/example_skip_dag.py for tasks to queue
[2025-01-27T00:03:50.487+0000] {logging_mixin.py:190} INFO - [2025-01-27T00:03:50.486+0000] {dagbag.py:588} INFO - Filling up the DagBag from /home/airflow/.local/lib/python3.12/site-packages/airflow/example_dags/example_skip_dag.py
[2025-01-27T00:03:50.495+0000] {processor.py:925} INFO - DAG(s) 'example_skip_dag' retrieved from /home/airflow/.local/lib/python3.12/site-packages/airflow/example_dags/example_skip_dag.py
[2025-01-27T00:03:50.516+0000] {logging_mixin.py:190} INFO - [2025-01-27T00:03:50.516+0000] {dag.py:3239} INFO - Sync 1 DAGs
[2025-01-27T00:03:50.545+0000] {logging_mixin.py:190} INFO - [2025-01-27T00:03:50.544+0000] {dag.py:4180} INFO - Setting next_dagrun for example_skip_dag to 2025-01-26 00:00:00+00:00, run_after=2025-01-27 00:00:00+00:00
[2025-01-27T00:03:50.568+0000] {processor.py:208} INFO - Processing /home/airflow/.local/lib/python3.12/site-packages/airflow/example_dags/example_skip_dag.py took 0.090 seconds
[2025-01-27T00:04:21.535+0000] {processor.py:186} INFO - Started process (PID=459) to work on /home/airflow/.local/lib/python3.12/site-packages/airflow/example_dags/example_skip_dag.py
[2025-01-27T00:04:21.536+0000] {processor.py:914} INFO - Processing file /home/airflow/.local/lib/python3.12/site-packages/airflow/example_dags/example_skip_dag.py for tasks to queue
[2025-01-27T00:04:21.539+0000] {logging_mixin.py:190} INFO - [2025-01-27T00:04:21.539+0000] {dagbag.py:588} INFO - Filling up the DagBag from /home/airflow/.local/lib/python3.12/site-packages/airflow/example_dags/example_skip_dag.py
[2025-01-27T00:04:21.548+0000] {processor.py:925} INFO - DAG(s) 'example_skip_dag' retrieved from /home/airflow/.local/lib/python3.12/site-packages/airflow/example_dags/example_skip_dag.py
[2025-01-27T00:04:21.570+0000] {logging_mixin.py:190} INFO - [2025-01-27T00:04:21.570+0000] {dag.py:3239} INFO - Sync 1 DAGs
[2025-01-27T00:04:21.593+0000] {logging_mixin.py:190} INFO - [2025-01-27T00:04:21.592+0000] {dag.py:4180} INFO - Setting next_dagrun for example_skip_dag to 2025-01-26 00:00:00+00:00, run_after=2025-01-27 00:00:00+00:00
[2025-01-27T00:04:21.612+0000] {processor.py:208} INFO - Processing /home/airflow/.local/lib/python3.12/site-packages/airflow/example_dags/example_skip_dag.py took 0.086 seconds
[2025-01-27T00:04:51.651+0000] {processor.py:186} INFO - Started process (PID=524) to work on /home/airflow/.local/lib/python3.12/site-packages/airflow/example_dags/example_skip_dag.py
[2025-01-27T00:04:51.652+0000] {processor.py:914} INFO - Processing file /home/airflow/.local/lib/python3.12/site-packages/airflow/example_dags/example_skip_dag.py for tasks to queue
[2025-01-27T00:04:51.655+0000] {logging_mixin.py:190} INFO - [2025-01-27T00:04:51.655+0000] {dagbag.py:588} INFO - Filling up the DagBag from /home/airflow/.local/lib/python3.12/site-packages/airflow/example_dags/example_skip_dag.py
[2025-01-27T00:04:51.663+0000] {processor.py:925} INFO - DAG(s) 'example_skip_dag' retrieved from /home/airflow/.local/lib/python3.12/site-packages/airflow/example_dags/example_skip_dag.py
[2025-01-27T00:04:51.683+0000] {logging_mixin.py:190} INFO - [2025-01-27T00:04:51.682+0000] {dag.py:3239} INFO - Sync 1 DAGs
[2025-01-27T00:04:51.704+0000] {logging_mixin.py:190} INFO - [2025-01-27T00:04:51.704+0000] {dag.py:4180} INFO - Setting next_dagrun for example_skip_dag to 2025-01-26 00:00:00+00:00, run_after=2025-01-27 00:00:00+00:00
[2025-01-27T00:04:51.734+0000] {processor.py:208} INFO - Processing /home/airflow/.local/lib/python3.12/site-packages/airflow/example_dags/example_skip_dag.py took 0.088 seconds
[2025-01-27T00:07:11.594+0000] {processor.py:186} INFO - Started process (PID=63) to work on /home/airflow/.local/lib/python3.12/site-packages/airflow/example_dags/example_skip_dag.py
[2025-01-27T00:07:11.595+0000] {processor.py:914} INFO - Processing file /home/airflow/.local/lib/python3.12/site-packages/airflow/example_dags/example_skip_dag.py for tasks to queue
[2025-01-27T00:07:11.599+0000] {logging_mixin.py:190} INFO - [2025-01-27T00:07:11.599+0000] {dagbag.py:588} INFO - Filling up the DagBag from /home/airflow/.local/lib/python3.12/site-packages/airflow/example_dags/example_skip_dag.py
[2025-01-27T00:07:11.607+0000] {processor.py:925} INFO - DAG(s) 'example_skip_dag' retrieved from /home/airflow/.local/lib/python3.12/site-packages/airflow/example_dags/example_skip_dag.py
[2025-01-27T00:07:11.628+0000] {logging_mixin.py:190} INFO - [2025-01-27T00:07:11.627+0000] {dag.py:3239} INFO - Sync 1 DAGs
[2025-01-27T00:07:11.656+0000] {logging_mixin.py:190} INFO - [2025-01-27T00:07:11.655+0000] {dag.py:4180} INFO - Setting next_dagrun for example_skip_dag to 2025-01-26 00:00:00+00:00, run_after=2025-01-27 00:00:00+00:00
[2025-01-27T00:07:11.678+0000] {processor.py:208} INFO - Processing /home/airflow/.local/lib/python3.12/site-packages/airflow/example_dags/example_skip_dag.py took 0.089 seconds
[2025-01-27T00:07:42.923+0000] {processor.py:186} INFO - Started process (PID=129) to work on /home/airflow/.local/lib/python3.12/site-packages/airflow/example_dags/example_skip_dag.py
[2025-01-27T00:07:42.924+0000] {processor.py:914} INFO - Processing file /home/airflow/.local/lib/python3.12/site-packages/airflow/example_dags/example_skip_dag.py for tasks to queue
[2025-01-27T00:07:42.926+0000] {logging_mixin.py:190} INFO - [2025-01-27T00:07:42.926+0000] {dagbag.py:588} INFO - Filling up the DagBag from /home/airflow/.local/lib/python3.12/site-packages/airflow/example_dags/example_skip_dag.py
[2025-01-27T00:07:42.933+0000] {processor.py:925} INFO - DAG(s) 'example_skip_dag' retrieved from /home/airflow/.local/lib/python3.12/site-packages/airflow/example_dags/example_skip_dag.py
[2025-01-27T00:07:42.955+0000] {logging_mixin.py:190} INFO - [2025-01-27T00:07:42.955+0000] {dag.py:3239} INFO - Sync 1 DAGs
[2025-01-27T00:07:42.981+0000] {logging_mixin.py:190} INFO - [2025-01-27T00:07:42.981+0000] {dag.py:4180} INFO - Setting next_dagrun for example_skip_dag to 2025-01-26 00:00:00+00:00, run_after=2025-01-27 00:00:00+00:00
[2025-01-27T00:07:43.003+0000] {processor.py:208} INFO - Processing /home/airflow/.local/lib/python3.12/site-packages/airflow/example_dags/example_skip_dag.py took 0.086 seconds
[2025-01-27T00:08:14.099+0000] {processor.py:186} INFO - Started process (PID=194) to work on /home/airflow/.local/lib/python3.12/site-packages/airflow/example_dags/example_skip_dag.py
[2025-01-27T00:08:14.100+0000] {processor.py:914} INFO - Processing file /home/airflow/.local/lib/python3.12/site-packages/airflow/example_dags/example_skip_dag.py for tasks to queue
[2025-01-27T00:08:14.103+0000] {logging_mixin.py:190} INFO - [2025-01-27T00:08:14.102+0000] {dagbag.py:588} INFO - Filling up the DagBag from /home/airflow/.local/lib/python3.12/site-packages/airflow/example_dags/example_skip_dag.py
[2025-01-27T00:08:14.112+0000] {processor.py:925} INFO - DAG(s) 'example_skip_dag' retrieved from /home/airflow/.local/lib/python3.12/site-packages/airflow/example_dags/example_skip_dag.py
[2025-01-27T00:08:14.134+0000] {logging_mixin.py:190} INFO - [2025-01-27T00:08:14.134+0000] {dag.py:3239} INFO - Sync 1 DAGs
[2025-01-27T00:08:14.157+0000] {logging_mixin.py:190} INFO - [2025-01-27T00:08:14.157+0000] {dag.py:4180} INFO - Setting next_dagrun for example_skip_dag to 2025-01-26 00:00:00+00:00, run_after=2025-01-27 00:00:00+00:00
[2025-01-27T00:08:14.177+0000] {processor.py:208} INFO - Processing /home/airflow/.local/lib/python3.12/site-packages/airflow/example_dags/example_skip_dag.py took 0.083 seconds
[2025-01-27T00:08:45.837+0000] {processor.py:186} INFO - Started process (PID=259) to work on /home/airflow/.local/lib/python3.12/site-packages/airflow/example_dags/example_skip_dag.py
[2025-01-27T00:08:45.838+0000] {processor.py:914} INFO - Processing file /home/airflow/.local/lib/python3.12/site-packages/airflow/example_dags/example_skip_dag.py for tasks to queue
[2025-01-27T00:08:45.841+0000] {logging_mixin.py:190} INFO - [2025-01-27T00:08:45.841+0000] {dagbag.py:588} INFO - Filling up the DagBag from /home/airflow/.local/lib/python3.12/site-packages/airflow/example_dags/example_skip_dag.py
[2025-01-27T00:08:45.851+0000] {processor.py:925} INFO - DAG(s) 'example_skip_dag' retrieved from /home/airflow/.local/lib/python3.12/site-packages/airflow/example_dags/example_skip_dag.py
[2025-01-27T00:08:45.877+0000] {logging_mixin.py:190} INFO - [2025-01-27T00:08:45.877+0000] {dag.py:3239} INFO - Sync 1 DAGs
[2025-01-27T00:08:45.908+0000] {logging_mixin.py:190} INFO - [2025-01-27T00:08:45.907+0000] {dag.py:4180} INFO - Setting next_dagrun for example_skip_dag to 2025-01-26 00:00:00+00:00, run_after=2025-01-27 00:00:00+00:00
[2025-01-27T00:08:45.930+0000] {processor.py:208} INFO - Processing /home/airflow/.local/lib/python3.12/site-packages/airflow/example_dags/example_skip_dag.py took 0.098 seconds
[2025-01-27T00:09:16.942+0000] {processor.py:186} INFO - Started process (PID=324) to work on /home/airflow/.local/lib/python3.12/site-packages/airflow/example_dags/example_skip_dag.py
[2025-01-27T00:09:16.943+0000] {processor.py:914} INFO - Processing file /home/airflow/.local/lib/python3.12/site-packages/airflow/example_dags/example_skip_dag.py for tasks to queue
[2025-01-27T00:09:16.945+0000] {logging_mixin.py:190} INFO - [2025-01-27T00:09:16.945+0000] {dagbag.py:588} INFO - Filling up the DagBag from /home/airflow/.local/lib/python3.12/site-packages/airflow/example_dags/example_skip_dag.py
[2025-01-27T00:09:16.956+0000] {processor.py:925} INFO - DAG(s) 'example_skip_dag' retrieved from /home/airflow/.local/lib/python3.12/site-packages/airflow/example_dags/example_skip_dag.py
[2025-01-27T00:09:16.978+0000] {logging_mixin.py:190} INFO - [2025-01-27T00:09:16.978+0000] {dag.py:3239} INFO - Sync 1 DAGs
[2025-01-27T00:09:17.005+0000] {logging_mixin.py:190} INFO - [2025-01-27T00:09:17.004+0000] {dag.py:4180} INFO - Setting next_dagrun for example_skip_dag to 2025-01-26 00:00:00+00:00, run_after=2025-01-27 00:00:00+00:00
[2025-01-27T00:09:17.025+0000] {processor.py:208} INFO - Processing /home/airflow/.local/lib/python3.12/site-packages/airflow/example_dags/example_skip_dag.py took 0.089 seconds
[2025-01-27T00:09:47.906+0000] {processor.py:186} INFO - Started process (PID=395) to work on /home/airflow/.local/lib/python3.12/site-packages/airflow/example_dags/example_skip_dag.py
[2025-01-27T00:09:47.907+0000] {processor.py:914} INFO - Processing file /home/airflow/.local/lib/python3.12/site-packages/airflow/example_dags/example_skip_dag.py for tasks to queue
[2025-01-27T00:09:47.911+0000] {logging_mixin.py:190} INFO - [2025-01-27T00:09:47.910+0000] {dagbag.py:588} INFO - Filling up the DagBag from /home/airflow/.local/lib/python3.12/site-packages/airflow/example_dags/example_skip_dag.py
[2025-01-27T00:09:47.922+0000] {processor.py:925} INFO - DAG(s) 'example_skip_dag' retrieved from /home/airflow/.local/lib/python3.12/site-packages/airflow/example_dags/example_skip_dag.py
[2025-01-27T00:09:47.965+0000] {logging_mixin.py:190} INFO - [2025-01-27T00:09:47.965+0000] {dag.py:3239} INFO - Sync 1 DAGs
[2025-01-27T00:09:48.004+0000] {logging_mixin.py:190} INFO - [2025-01-27T00:09:48.004+0000] {dag.py:4180} INFO - Setting next_dagrun for example_skip_dag to 2025-01-26 00:00:00+00:00, run_after=2025-01-27 00:00:00+00:00
[2025-01-27T00:09:48.023+0000] {processor.py:208} INFO - Processing /home/airflow/.local/lib/python3.12/site-packages/airflow/example_dags/example_skip_dag.py took 0.128 seconds
[2025-01-27T00:10:19.390+0000] {processor.py:186} INFO - Started process (PID=459) to work on /home/airflow/.local/lib/python3.12/site-packages/airflow/example_dags/example_skip_dag.py
[2025-01-27T00:10:19.391+0000] {processor.py:914} INFO - Processing file /home/airflow/.local/lib/python3.12/site-packages/airflow/example_dags/example_skip_dag.py for tasks to queue
[2025-01-27T00:10:19.394+0000] {logging_mixin.py:190} INFO - [2025-01-27T00:10:19.393+0000] {dagbag.py:588} INFO - Filling up the DagBag from /home/airflow/.local/lib/python3.12/site-packages/airflow/example_dags/example_skip_dag.py
[2025-01-27T00:10:19.403+0000] {processor.py:925} INFO - DAG(s) 'example_skip_dag' retrieved from /home/airflow/.local/lib/python3.12/site-packages/airflow/example_dags/example_skip_dag.py
[2025-01-27T00:10:19.424+0000] {logging_mixin.py:190} INFO - [2025-01-27T00:10:19.424+0000] {dag.py:3239} INFO - Sync 1 DAGs
[2025-01-27T00:10:19.452+0000] {logging_mixin.py:190} INFO - [2025-01-27T00:10:19.451+0000] {dag.py:4180} INFO - Setting next_dagrun for example_skip_dag to 2025-01-26 00:00:00+00:00, run_after=2025-01-27 00:00:00+00:00
[2025-01-27T00:10:19.471+0000] {processor.py:208} INFO - Processing /home/airflow/.local/lib/python3.12/site-packages/airflow/example_dags/example_skip_dag.py took 0.086 seconds
[2025-01-27T00:10:50.847+0000] {processor.py:186} INFO - Started process (PID=524) to work on /home/airflow/.local/lib/python3.12/site-packages/airflow/example_dags/example_skip_dag.py
[2025-01-27T00:10:50.848+0000] {processor.py:914} INFO - Processing file /home/airflow/.local/lib/python3.12/site-packages/airflow/example_dags/example_skip_dag.py for tasks to queue
[2025-01-27T00:10:50.852+0000] {logging_mixin.py:190} INFO - [2025-01-27T00:10:50.852+0000] {dagbag.py:588} INFO - Filling up the DagBag from /home/airflow/.local/lib/python3.12/site-packages/airflow/example_dags/example_skip_dag.py
[2025-01-27T00:10:50.863+0000] {processor.py:925} INFO - DAG(s) 'example_skip_dag' retrieved from /home/airflow/.local/lib/python3.12/site-packages/airflow/example_dags/example_skip_dag.py
[2025-01-27T00:10:50.894+0000] {logging_mixin.py:190} INFO - [2025-01-27T00:10:50.894+0000] {dag.py:3239} INFO - Sync 1 DAGs
[2025-01-27T00:10:50.926+0000] {logging_mixin.py:190} INFO - [2025-01-27T00:10:50.926+0000] {dag.py:4180} INFO - Setting next_dagrun for example_skip_dag to 2025-01-26 00:00:00+00:00, run_after=2025-01-27 00:00:00+00:00
[2025-01-27T00:10:50.961+0000] {processor.py:208} INFO - Processing /home/airflow/.local/lib/python3.12/site-packages/airflow/example_dags/example_skip_dag.py took 0.122 seconds
[2025-01-27T00:12:32.818+0000] {processor.py:186} INFO - Started process (PID=64) to work on /home/airflow/.local/lib/python3.12/site-packages/airflow/example_dags/example_skip_dag.py
[2025-01-27T00:12:32.819+0000] {processor.py:914} INFO - Processing file /home/airflow/.local/lib/python3.12/site-packages/airflow/example_dags/example_skip_dag.py for tasks to queue
[2025-01-27T00:12:32.822+0000] {logging_mixin.py:190} INFO - [2025-01-27T00:12:32.822+0000] {dagbag.py:588} INFO - Filling up the DagBag from /home/airflow/.local/lib/python3.12/site-packages/airflow/example_dags/example_skip_dag.py
[2025-01-27T00:12:32.833+0000] {processor.py:925} INFO - DAG(s) 'example_skip_dag' retrieved from /home/airflow/.local/lib/python3.12/site-packages/airflow/example_dags/example_skip_dag.py
[2025-01-27T00:12:32.862+0000] {logging_mixin.py:190} INFO - [2025-01-27T00:12:32.862+0000] {dag.py:3239} INFO - Sync 1 DAGs
[2025-01-27T00:12:32.899+0000] {logging_mixin.py:190} INFO - [2025-01-27T00:12:32.898+0000] {dag.py:4180} INFO - Setting next_dagrun for example_skip_dag to 2025-01-26 00:00:00+00:00, run_after=2025-01-27 00:00:00+00:00
[2025-01-27T00:12:32.922+0000] {processor.py:208} INFO - Processing /home/airflow/.local/lib/python3.12/site-packages/airflow/example_dags/example_skip_dag.py took 0.108 seconds
[2025-01-27T00:13:03.946+0000] {processor.py:186} INFO - Started process (PID=129) to work on /home/airflow/.local/lib/python3.12/site-packages/airflow/example_dags/example_skip_dag.py
[2025-01-27T00:13:03.949+0000] {processor.py:914} INFO - Processing file /home/airflow/.local/lib/python3.12/site-packages/airflow/example_dags/example_skip_dag.py for tasks to queue
[2025-01-27T00:13:03.952+0000] {logging_mixin.py:190} INFO - [2025-01-27T00:13:03.951+0000] {dagbag.py:588} INFO - Filling up the DagBag from /home/airflow/.local/lib/python3.12/site-packages/airflow/example_dags/example_skip_dag.py
[2025-01-27T00:13:03.960+0000] {processor.py:925} INFO - DAG(s) 'example_skip_dag' retrieved from /home/airflow/.local/lib/python3.12/site-packages/airflow/example_dags/example_skip_dag.py
[2025-01-27T00:13:03.985+0000] {logging_mixin.py:190} INFO - [2025-01-27T00:13:03.985+0000] {dag.py:3239} INFO - Sync 1 DAGs
[2025-01-27T00:13:04.012+0000] {logging_mixin.py:190} INFO - [2025-01-27T00:13:04.012+0000] {dag.py:4180} INFO - Setting next_dagrun for example_skip_dag to 2025-01-26 00:00:00+00:00, run_after=2025-01-27 00:00:00+00:00
[2025-01-27T00:13:04.037+0000] {processor.py:208} INFO - Processing /home/airflow/.local/lib/python3.12/site-packages/airflow/example_dags/example_skip_dag.py took 0.097 seconds
[2025-01-27T00:13:35.349+0000] {processor.py:186} INFO - Started process (PID=194) to work on /home/airflow/.local/lib/python3.12/site-packages/airflow/example_dags/example_skip_dag.py
[2025-01-27T00:13:35.351+0000] {processor.py:914} INFO - Processing file /home/airflow/.local/lib/python3.12/site-packages/airflow/example_dags/example_skip_dag.py for tasks to queue
[2025-01-27T00:13:35.354+0000] {logging_mixin.py:190} INFO - [2025-01-27T00:13:35.353+0000] {dagbag.py:588} INFO - Filling up the DagBag from /home/airflow/.local/lib/python3.12/site-packages/airflow/example_dags/example_skip_dag.py
[2025-01-27T00:13:35.365+0000] {processor.py:925} INFO - DAG(s) 'example_skip_dag' retrieved from /home/airflow/.local/lib/python3.12/site-packages/airflow/example_dags/example_skip_dag.py
[2025-01-27T00:13:35.402+0000] {logging_mixin.py:190} INFO - [2025-01-27T00:13:35.401+0000] {dag.py:3239} INFO - Sync 1 DAGs
[2025-01-27T00:13:35.433+0000] {logging_mixin.py:190} INFO - [2025-01-27T00:13:35.433+0000] {dag.py:4180} INFO - Setting next_dagrun for example_skip_dag to 2025-01-26 00:00:00+00:00, run_after=2025-01-27 00:00:00+00:00
[2025-01-27T00:13:35.454+0000] {processor.py:208} INFO - Processing /home/airflow/.local/lib/python3.12/site-packages/airflow/example_dags/example_skip_dag.py took 0.111 seconds
[2025-01-27T00:14:08.165+0000] {processor.py:186} INFO - Started process (PID=266) to work on /home/airflow/.local/lib/python3.12/site-packages/airflow/example_dags/example_skip_dag.py
[2025-01-27T00:14:08.166+0000] {processor.py:914} INFO - Processing file /home/airflow/.local/lib/python3.12/site-packages/airflow/example_dags/example_skip_dag.py for tasks to queue
[2025-01-27T00:14:08.169+0000] {logging_mixin.py:190} INFO - [2025-01-27T00:14:08.169+0000] {dagbag.py:588} INFO - Filling up the DagBag from /home/airflow/.local/lib/python3.12/site-packages/airflow/example_dags/example_skip_dag.py
[2025-01-27T00:14:08.189+0000] {processor.py:925} INFO - DAG(s) 'example_skip_dag' retrieved from /home/airflow/.local/lib/python3.12/site-packages/airflow/example_dags/example_skip_dag.py
[2025-01-27T00:14:08.245+0000] {logging_mixin.py:190} INFO - [2025-01-27T00:14:08.235+0000] {dag.py:3239} INFO - Sync 1 DAGs
[2025-01-27T00:14:08.325+0000] {logging_mixin.py:190} INFO - [2025-01-27T00:14:08.322+0000] {dag.py:4180} INFO - Setting next_dagrun for example_skip_dag to 2025-01-26 00:00:00+00:00, run_after=2025-01-27 00:00:00+00:00
[2025-01-27T00:14:08.369+0000] {processor.py:208} INFO - Processing /home/airflow/.local/lib/python3.12/site-packages/airflow/example_dags/example_skip_dag.py took 0.223 seconds
[2025-01-27T00:14:39.301+0000] {processor.py:186} INFO - Started process (PID=331) to work on /home/airflow/.local/lib/python3.12/site-packages/airflow/example_dags/example_skip_dag.py
[2025-01-27T00:14:39.302+0000] {processor.py:914} INFO - Processing file /home/airflow/.local/lib/python3.12/site-packages/airflow/example_dags/example_skip_dag.py for tasks to queue
[2025-01-27T00:14:39.305+0000] {logging_mixin.py:190} INFO - [2025-01-27T00:14:39.305+0000] {dagbag.py:588} INFO - Filling up the DagBag from /home/airflow/.local/lib/python3.12/site-packages/airflow/example_dags/example_skip_dag.py
[2025-01-27T00:14:39.315+0000] {processor.py:925} INFO - DAG(s) 'example_skip_dag' retrieved from /home/airflow/.local/lib/python3.12/site-packages/airflow/example_dags/example_skip_dag.py
[2025-01-27T00:14:39.339+0000] {logging_mixin.py:190} INFO - [2025-01-27T00:14:39.338+0000] {dag.py:3239} INFO - Sync 1 DAGs
[2025-01-27T00:14:39.363+0000] {logging_mixin.py:190} INFO - [2025-01-27T00:14:39.363+0000] {dag.py:4180} INFO - Setting next_dagrun for example_skip_dag to 2025-01-26 00:00:00+00:00, run_after=2025-01-27 00:00:00+00:00
[2025-01-27T00:14:39.382+0000] {processor.py:208} INFO - Processing /home/airflow/.local/lib/python3.12/site-packages/airflow/example_dags/example_skip_dag.py took 0.086 seconds
[2025-01-27T00:15:09.424+0000] {processor.py:186} INFO - Started process (PID=396) to work on /home/airflow/.local/lib/python3.12/site-packages/airflow/example_dags/example_skip_dag.py
[2025-01-27T00:15:09.425+0000] {processor.py:914} INFO - Processing file /home/airflow/.local/lib/python3.12/site-packages/airflow/example_dags/example_skip_dag.py for tasks to queue
[2025-01-27T00:15:09.427+0000] {logging_mixin.py:190} INFO - [2025-01-27T00:15:09.427+0000] {dagbag.py:588} INFO - Filling up the DagBag from /home/airflow/.local/lib/python3.12/site-packages/airflow/example_dags/example_skip_dag.py
[2025-01-27T00:15:09.435+0000] {processor.py:925} INFO - DAG(s) 'example_skip_dag' retrieved from /home/airflow/.local/lib/python3.12/site-packages/airflow/example_dags/example_skip_dag.py
[2025-01-27T00:15:09.459+0000] {logging_mixin.py:190} INFO - [2025-01-27T00:15:09.459+0000] {dag.py:3239} INFO - Sync 1 DAGs
[2025-01-27T00:15:09.486+0000] {logging_mixin.py:190} INFO - [2025-01-27T00:15:09.485+0000] {dag.py:4180} INFO - Setting next_dagrun for example_skip_dag to 2025-01-26 00:00:00+00:00, run_after=2025-01-27 00:00:00+00:00
[2025-01-27T00:15:09.507+0000] {processor.py:208} INFO - Processing /home/airflow/.local/lib/python3.12/site-packages/airflow/example_dags/example_skip_dag.py took 0.088 seconds
[2025-01-27T00:16:29.252+0000] {processor.py:186} INFO - Started process (PID=70) to work on /home/airflow/.local/lib/python3.12/site-packages/airflow/example_dags/example_skip_dag.py
[2025-01-27T00:16:29.253+0000] {processor.py:914} INFO - Processing file /home/airflow/.local/lib/python3.12/site-packages/airflow/example_dags/example_skip_dag.py for tasks to queue
[2025-01-27T00:16:29.257+0000] {logging_mixin.py:190} INFO - [2025-01-27T00:16:29.256+0000] {dagbag.py:588} INFO - Filling up the DagBag from /home/airflow/.local/lib/python3.12/site-packages/airflow/example_dags/example_skip_dag.py
[2025-01-27T00:16:29.278+0000] {processor.py:925} INFO - DAG(s) 'example_skip_dag' retrieved from /home/airflow/.local/lib/python3.12/site-packages/airflow/example_dags/example_skip_dag.py
[2025-01-27T00:16:29.309+0000] {logging_mixin.py:190} INFO - [2025-01-27T00:16:29.309+0000] {dag.py:3239} INFO - Sync 1 DAGs
[2025-01-27T00:16:29.348+0000] {logging_mixin.py:190} INFO - [2025-01-27T00:16:29.348+0000] {dag.py:4180} INFO - Setting next_dagrun for example_skip_dag to 2025-01-26 00:00:00+00:00, run_after=2025-01-27 00:00:00+00:00
[2025-01-27T00:16:29.374+0000] {processor.py:208} INFO - Processing /home/airflow/.local/lib/python3.12/site-packages/airflow/example_dags/example_skip_dag.py took 0.130 seconds
[2025-01-27T00:17:00.530+0000] {processor.py:186} INFO - Started process (PID=137) to work on /home/airflow/.local/lib/python3.12/site-packages/airflow/example_dags/example_skip_dag.py
[2025-01-27T00:17:00.531+0000] {processor.py:914} INFO - Processing file /home/airflow/.local/lib/python3.12/site-packages/airflow/example_dags/example_skip_dag.py for tasks to queue
[2025-01-27T00:17:00.533+0000] {logging_mixin.py:190} INFO - [2025-01-27T00:17:00.533+0000] {dagbag.py:588} INFO - Filling up the DagBag from /home/airflow/.local/lib/python3.12/site-packages/airflow/example_dags/example_skip_dag.py
[2025-01-27T00:17:00.541+0000] {processor.py:925} INFO - DAG(s) 'example_skip_dag' retrieved from /home/airflow/.local/lib/python3.12/site-packages/airflow/example_dags/example_skip_dag.py
[2025-01-27T00:17:00.565+0000] {logging_mixin.py:190} INFO - [2025-01-27T00:17:00.565+0000] {dag.py:3239} INFO - Sync 1 DAGs
[2025-01-27T00:17:00.591+0000] {logging_mixin.py:190} INFO - [2025-01-27T00:17:00.591+0000] {dag.py:4180} INFO - Setting next_dagrun for example_skip_dag to 2025-01-26 00:00:00+00:00, run_after=2025-01-27 00:00:00+00:00
[2025-01-27T00:17:00.612+0000] {processor.py:208} INFO - Processing /home/airflow/.local/lib/python3.12/site-packages/airflow/example_dags/example_skip_dag.py took 0.089 seconds
[2025-01-27T00:17:31.458+0000] {processor.py:186} INFO - Started process (PID=203) to work on /home/airflow/.local/lib/python3.12/site-packages/airflow/example_dags/example_skip_dag.py
[2025-01-27T00:17:31.459+0000] {processor.py:914} INFO - Processing file /home/airflow/.local/lib/python3.12/site-packages/airflow/example_dags/example_skip_dag.py for tasks to queue
[2025-01-27T00:17:31.462+0000] {logging_mixin.py:190} INFO - [2025-01-27T00:17:31.462+0000] {dagbag.py:588} INFO - Filling up the DagBag from /home/airflow/.local/lib/python3.12/site-packages/airflow/example_dags/example_skip_dag.py
[2025-01-27T00:17:31.473+0000] {processor.py:925} INFO - DAG(s) 'example_skip_dag' retrieved from /home/airflow/.local/lib/python3.12/site-packages/airflow/example_dags/example_skip_dag.py
[2025-01-27T00:17:31.499+0000] {logging_mixin.py:190} INFO - [2025-01-27T00:17:31.498+0000] {dag.py:3239} INFO - Sync 1 DAGs
[2025-01-27T00:17:31.531+0000] {logging_mixin.py:190} INFO - [2025-01-27T00:17:31.531+0000] {dag.py:4180} INFO - Setting next_dagrun for example_skip_dag to 2025-01-26 00:00:00+00:00, run_after=2025-01-27 00:00:00+00:00
[2025-01-27T00:17:31.551+0000] {processor.py:208} INFO - Processing /home/airflow/.local/lib/python3.12/site-packages/airflow/example_dags/example_skip_dag.py took 0.101 seconds
[2025-01-27T00:18:02.938+0000] {processor.py:186} INFO - Started process (PID=269) to work on /home/airflow/.local/lib/python3.12/site-packages/airflow/example_dags/example_skip_dag.py
[2025-01-27T00:18:02.939+0000] {processor.py:914} INFO - Processing file /home/airflow/.local/lib/python3.12/site-packages/airflow/example_dags/example_skip_dag.py for tasks to queue
[2025-01-27T00:18:02.941+0000] {logging_mixin.py:190} INFO - [2025-01-27T00:18:02.941+0000] {dagbag.py:588} INFO - Filling up the DagBag from /home/airflow/.local/lib/python3.12/site-packages/airflow/example_dags/example_skip_dag.py
[2025-01-27T00:18:02.949+0000] {processor.py:925} INFO - DAG(s) 'example_skip_dag' retrieved from /home/airflow/.local/lib/python3.12/site-packages/airflow/example_dags/example_skip_dag.py
[2025-01-27T00:18:02.969+0000] {logging_mixin.py:190} INFO - [2025-01-27T00:18:02.969+0000] {dag.py:3239} INFO - Sync 1 DAGs
[2025-01-27T00:18:02.996+0000] {logging_mixin.py:190} INFO - [2025-01-27T00:18:02.995+0000] {dag.py:4180} INFO - Setting next_dagrun for example_skip_dag to 2025-01-26 00:00:00+00:00, run_after=2025-01-27 00:00:00+00:00
[2025-01-27T00:18:03.016+0000] {processor.py:208} INFO - Processing /home/airflow/.local/lib/python3.12/site-packages/airflow/example_dags/example_skip_dag.py took 0.083 seconds
[2025-01-27T00:18:33.699+0000] {processor.py:186} INFO - Started process (PID=335) to work on /home/airflow/.local/lib/python3.12/site-packages/airflow/example_dags/example_skip_dag.py
[2025-01-27T00:18:33.700+0000] {processor.py:914} INFO - Processing file /home/airflow/.local/lib/python3.12/site-packages/airflow/example_dags/example_skip_dag.py for tasks to queue
[2025-01-27T00:18:33.702+0000] {logging_mixin.py:190} INFO - [2025-01-27T00:18:33.702+0000] {dagbag.py:588} INFO - Filling up the DagBag from /home/airflow/.local/lib/python3.12/site-packages/airflow/example_dags/example_skip_dag.py
[2025-01-27T00:18:33.712+0000] {processor.py:925} INFO - DAG(s) 'example_skip_dag' retrieved from /home/airflow/.local/lib/python3.12/site-packages/airflow/example_dags/example_skip_dag.py
[2025-01-27T00:18:33.733+0000] {logging_mixin.py:190} INFO - [2025-01-27T00:18:33.732+0000] {dag.py:3239} INFO - Sync 1 DAGs
[2025-01-27T00:18:33.761+0000] {logging_mixin.py:190} INFO - [2025-01-27T00:18:33.761+0000] {dag.py:4180} INFO - Setting next_dagrun for example_skip_dag to 2025-01-26 00:00:00+00:00, run_after=2025-01-27 00:00:00+00:00
[2025-01-27T00:18:33.782+0000] {processor.py:208} INFO - Processing /home/airflow/.local/lib/python3.12/site-packages/airflow/example_dags/example_skip_dag.py took 0.089 seconds
[2025-01-27T00:19:05.102+0000] {processor.py:186} INFO - Started process (PID=402) to work on /home/airflow/.local/lib/python3.12/site-packages/airflow/example_dags/example_skip_dag.py
[2025-01-27T00:19:05.103+0000] {processor.py:914} INFO - Processing file /home/airflow/.local/lib/python3.12/site-packages/airflow/example_dags/example_skip_dag.py for tasks to queue
[2025-01-27T00:19:05.105+0000] {logging_mixin.py:190} INFO - [2025-01-27T00:19:05.105+0000] {dagbag.py:588} INFO - Filling up the DagBag from /home/airflow/.local/lib/python3.12/site-packages/airflow/example_dags/example_skip_dag.py
[2025-01-27T00:19:05.114+0000] {processor.py:925} INFO - DAG(s) 'example_skip_dag' retrieved from /home/airflow/.local/lib/python3.12/site-packages/airflow/example_dags/example_skip_dag.py
[2025-01-27T00:19:05.138+0000] {logging_mixin.py:190} INFO - [2025-01-27T00:19:05.138+0000] {dag.py:3239} INFO - Sync 1 DAGs
[2025-01-27T00:19:05.169+0000] {logging_mixin.py:190} INFO - [2025-01-27T00:19:05.169+0000] {dag.py:4180} INFO - Setting next_dagrun for example_skip_dag to 2025-01-26 00:00:00+00:00, run_after=2025-01-27 00:00:00+00:00
[2025-01-27T00:19:05.193+0000] {processor.py:208} INFO - Processing /home/airflow/.local/lib/python3.12/site-packages/airflow/example_dags/example_skip_dag.py took 0.098 seconds
[2025-01-27T00:19:36.225+0000] {processor.py:186} INFO - Started process (PID=467) to work on /home/airflow/.local/lib/python3.12/site-packages/airflow/example_dags/example_skip_dag.py
[2025-01-27T00:19:36.226+0000] {processor.py:914} INFO - Processing file /home/airflow/.local/lib/python3.12/site-packages/airflow/example_dags/example_skip_dag.py for tasks to queue
[2025-01-27T00:19:36.228+0000] {logging_mixin.py:190} INFO - [2025-01-27T00:19:36.228+0000] {dagbag.py:588} INFO - Filling up the DagBag from /home/airflow/.local/lib/python3.12/site-packages/airflow/example_dags/example_skip_dag.py
[2025-01-27T00:19:36.236+0000] {processor.py:925} INFO - DAG(s) 'example_skip_dag' retrieved from /home/airflow/.local/lib/python3.12/site-packages/airflow/example_dags/example_skip_dag.py
[2025-01-27T00:19:36.258+0000] {logging_mixin.py:190} INFO - [2025-01-27T00:19:36.257+0000] {dag.py:3239} INFO - Sync 1 DAGs
[2025-01-27T00:19:36.283+0000] {logging_mixin.py:190} INFO - [2025-01-27T00:19:36.283+0000] {dag.py:4180} INFO - Setting next_dagrun for example_skip_dag to 2025-01-26 00:00:00+00:00, run_after=2025-01-27 00:00:00+00:00
[2025-01-27T00:19:36.305+0000] {processor.py:208} INFO - Processing /home/airflow/.local/lib/python3.12/site-packages/airflow/example_dags/example_skip_dag.py took 0.086 seconds
[2025-01-27T00:20:07.758+0000] {processor.py:186} INFO - Started process (PID=533) to work on /home/airflow/.local/lib/python3.12/site-packages/airflow/example_dags/example_skip_dag.py
[2025-01-27T00:20:07.759+0000] {processor.py:914} INFO - Processing file /home/airflow/.local/lib/python3.12/site-packages/airflow/example_dags/example_skip_dag.py for tasks to queue
[2025-01-27T00:20:07.763+0000] {logging_mixin.py:190} INFO - [2025-01-27T00:20:07.762+0000] {dagbag.py:588} INFO - Filling up the DagBag from /home/airflow/.local/lib/python3.12/site-packages/airflow/example_dags/example_skip_dag.py
[2025-01-27T00:20:07.776+0000] {processor.py:925} INFO - DAG(s) 'example_skip_dag' retrieved from /home/airflow/.local/lib/python3.12/site-packages/airflow/example_dags/example_skip_dag.py
[2025-01-27T00:20:07.805+0000] {logging_mixin.py:190} INFO - [2025-01-27T00:20:07.805+0000] {dag.py:3239} INFO - Sync 1 DAGs
[2025-01-27T00:20:07.859+0000] {logging_mixin.py:190} INFO - [2025-01-27T00:20:07.859+0000] {dag.py:4180} INFO - Setting next_dagrun for example_skip_dag to 2025-01-26 00:00:00+00:00, run_after=2025-01-27 00:00:00+00:00
[2025-01-27T00:20:07.880+0000] {processor.py:208} INFO - Processing /home/airflow/.local/lib/python3.12/site-packages/airflow/example_dags/example_skip_dag.py took 0.128 seconds
[2025-01-27T00:20:38.958+0000] {processor.py:186} INFO - Started process (PID=599) to work on /home/airflow/.local/lib/python3.12/site-packages/airflow/example_dags/example_skip_dag.py
[2025-01-27T00:20:38.960+0000] {processor.py:914} INFO - Processing file /home/airflow/.local/lib/python3.12/site-packages/airflow/example_dags/example_skip_dag.py for tasks to queue
[2025-01-27T00:20:38.962+0000] {logging_mixin.py:190} INFO - [2025-01-27T00:20:38.962+0000] {dagbag.py:588} INFO - Filling up the DagBag from /home/airflow/.local/lib/python3.12/site-packages/airflow/example_dags/example_skip_dag.py
[2025-01-27T00:20:38.970+0000] {processor.py:925} INFO - DAG(s) 'example_skip_dag' retrieved from /home/airflow/.local/lib/python3.12/site-packages/airflow/example_dags/example_skip_dag.py
[2025-01-27T00:20:38.998+0000] {logging_mixin.py:190} INFO - [2025-01-27T00:20:38.998+0000] {dag.py:3239} INFO - Sync 1 DAGs
[2025-01-27T00:20:39.026+0000] {logging_mixin.py:190} INFO - [2025-01-27T00:20:39.026+0000] {dag.py:4180} INFO - Setting next_dagrun for example_skip_dag to 2025-01-26 00:00:00+00:00, run_after=2025-01-27 00:00:00+00:00
[2025-01-27T00:20:39.045+0000] {processor.py:208} INFO - Processing /home/airflow/.local/lib/python3.12/site-packages/airflow/example_dags/example_skip_dag.py took 0.094 seconds
[2025-01-27T00:21:10.503+0000] {processor.py:186} INFO - Started process (PID=665) to work on /home/airflow/.local/lib/python3.12/site-packages/airflow/example_dags/example_skip_dag.py
[2025-01-27T00:21:10.504+0000] {processor.py:914} INFO - Processing file /home/airflow/.local/lib/python3.12/site-packages/airflow/example_dags/example_skip_dag.py for tasks to queue
[2025-01-27T00:21:10.507+0000] {logging_mixin.py:190} INFO - [2025-01-27T00:21:10.506+0000] {dagbag.py:588} INFO - Filling up the DagBag from /home/airflow/.local/lib/python3.12/site-packages/airflow/example_dags/example_skip_dag.py
[2025-01-27T00:21:10.516+0000] {processor.py:925} INFO - DAG(s) 'example_skip_dag' retrieved from /home/airflow/.local/lib/python3.12/site-packages/airflow/example_dags/example_skip_dag.py
[2025-01-27T00:21:10.536+0000] {logging_mixin.py:190} INFO - [2025-01-27T00:21:10.536+0000] {dag.py:3239} INFO - Sync 1 DAGs
[2025-01-27T00:21:10.566+0000] {logging_mixin.py:190} INFO - [2025-01-27T00:21:10.566+0000] {dag.py:4180} INFO - Setting next_dagrun for example_skip_dag to 2025-01-26 00:00:00+00:00, run_after=2025-01-27 00:00:00+00:00
[2025-01-27T00:21:10.584+0000] {processor.py:208} INFO - Processing /home/airflow/.local/lib/python3.12/site-packages/airflow/example_dags/example_skip_dag.py took 0.086 seconds
[2025-01-27T00:21:41.340+0000] {processor.py:186} INFO - Started process (PID=732) to work on /home/airflow/.local/lib/python3.12/site-packages/airflow/example_dags/example_skip_dag.py
[2025-01-27T00:21:41.341+0000] {processor.py:914} INFO - Processing file /home/airflow/.local/lib/python3.12/site-packages/airflow/example_dags/example_skip_dag.py for tasks to queue
[2025-01-27T00:21:41.344+0000] {logging_mixin.py:190} INFO - [2025-01-27T00:21:41.344+0000] {dagbag.py:588} INFO - Filling up the DagBag from /home/airflow/.local/lib/python3.12/site-packages/airflow/example_dags/example_skip_dag.py
[2025-01-27T00:21:41.352+0000] {processor.py:925} INFO - DAG(s) 'example_skip_dag' retrieved from /home/airflow/.local/lib/python3.12/site-packages/airflow/example_dags/example_skip_dag.py
[2025-01-27T00:21:41.381+0000] {logging_mixin.py:190} INFO - [2025-01-27T00:21:41.381+0000] {dag.py:3239} INFO - Sync 1 DAGs
[2025-01-27T00:21:41.418+0000] {logging_mixin.py:190} INFO - [2025-01-27T00:21:41.418+0000] {dag.py:4180} INFO - Setting next_dagrun for example_skip_dag to 2025-01-26 00:00:00+00:00, run_after=2025-01-27 00:00:00+00:00
[2025-01-27T00:21:41.447+0000] {processor.py:208} INFO - Processing /home/airflow/.local/lib/python3.12/site-packages/airflow/example_dags/example_skip_dag.py took 0.113 seconds
[2025-01-27T00:22:12.568+0000] {processor.py:186} INFO - Started process (PID=798) to work on /home/airflow/.local/lib/python3.12/site-packages/airflow/example_dags/example_skip_dag.py
[2025-01-27T00:22:12.569+0000] {processor.py:914} INFO - Processing file /home/airflow/.local/lib/python3.12/site-packages/airflow/example_dags/example_skip_dag.py for tasks to queue
[2025-01-27T00:22:12.571+0000] {logging_mixin.py:190} INFO - [2025-01-27T00:22:12.571+0000] {dagbag.py:588} INFO - Filling up the DagBag from /home/airflow/.local/lib/python3.12/site-packages/airflow/example_dags/example_skip_dag.py
[2025-01-27T00:22:12.584+0000] {processor.py:925} INFO - DAG(s) 'example_skip_dag' retrieved from /home/airflow/.local/lib/python3.12/site-packages/airflow/example_dags/example_skip_dag.py
[2025-01-27T00:22:12.620+0000] {logging_mixin.py:190} INFO - [2025-01-27T00:22:12.620+0000] {dag.py:3239} INFO - Sync 1 DAGs
[2025-01-27T00:22:12.661+0000] {logging_mixin.py:190} INFO - [2025-01-27T00:22:12.661+0000] {dag.py:4180} INFO - Setting next_dagrun for example_skip_dag to 2025-01-26 00:00:00+00:00, run_after=2025-01-27 00:00:00+00:00
[2025-01-27T00:22:12.689+0000] {processor.py:208} INFO - Processing /home/airflow/.local/lib/python3.12/site-packages/airflow/example_dags/example_skip_dag.py took 0.129 seconds
[2025-01-27T00:26:33.562+0000] {processor.py:186} INFO - Started process (PID=71) to work on /home/airflow/.local/lib/python3.12/site-packages/airflow/example_dags/example_skip_dag.py
[2025-01-27T00:26:33.564+0000] {processor.py:914} INFO - Processing file /home/airflow/.local/lib/python3.12/site-packages/airflow/example_dags/example_skip_dag.py for tasks to queue
[2025-01-27T00:26:33.567+0000] {logging_mixin.py:190} INFO - [2025-01-27T00:26:33.566+0000] {dagbag.py:588} INFO - Filling up the DagBag from /home/airflow/.local/lib/python3.12/site-packages/airflow/example_dags/example_skip_dag.py
[2025-01-27T00:26:33.579+0000] {processor.py:925} INFO - DAG(s) 'example_skip_dag' retrieved from /home/airflow/.local/lib/python3.12/site-packages/airflow/example_dags/example_skip_dag.py
[2025-01-27T00:26:33.606+0000] {logging_mixin.py:190} INFO - [2025-01-27T00:26:33.605+0000] {dag.py:3239} INFO - Sync 1 DAGs
[2025-01-27T00:26:33.635+0000] {logging_mixin.py:190} INFO - [2025-01-27T00:26:33.635+0000] {dag.py:4180} INFO - Setting next_dagrun for example_skip_dag to 2025-01-26 00:00:00+00:00, run_after=2025-01-27 00:00:00+00:00
[2025-01-27T00:26:33.660+0000] {processor.py:208} INFO - Processing /home/airflow/.local/lib/python3.12/site-packages/airflow/example_dags/example_skip_dag.py took 0.106 seconds
[2025-01-27T00:27:05.218+0000] {processor.py:186} INFO - Started process (PID=138) to work on /home/airflow/.local/lib/python3.12/site-packages/airflow/example_dags/example_skip_dag.py
[2025-01-27T00:27:05.220+0000] {processor.py:914} INFO - Processing file /home/airflow/.local/lib/python3.12/site-packages/airflow/example_dags/example_skip_dag.py for tasks to queue
[2025-01-27T00:27:05.224+0000] {logging_mixin.py:190} INFO - [2025-01-27T00:27:05.224+0000] {dagbag.py:588} INFO - Filling up the DagBag from /home/airflow/.local/lib/python3.12/site-packages/airflow/example_dags/example_skip_dag.py
[2025-01-27T00:27:05.238+0000] {processor.py:925} INFO - DAG(s) 'example_skip_dag' retrieved from /home/airflow/.local/lib/python3.12/site-packages/airflow/example_dags/example_skip_dag.py
[2025-01-27T00:27:05.262+0000] {logging_mixin.py:190} INFO - [2025-01-27T00:27:05.262+0000] {dag.py:3239} INFO - Sync 1 DAGs
[2025-01-27T00:27:05.294+0000] {logging_mixin.py:190} INFO - [2025-01-27T00:27:05.294+0000] {dag.py:4180} INFO - Setting next_dagrun for example_skip_dag to 2025-01-26 00:00:00+00:00, run_after=2025-01-27 00:00:00+00:00
[2025-01-27T00:27:05.317+0000] {processor.py:208} INFO - Processing /home/airflow/.local/lib/python3.12/site-packages/airflow/example_dags/example_skip_dag.py took 0.108 seconds
[2025-01-27T00:27:36.494+0000] {processor.py:186} INFO - Started process (PID=203) to work on /home/airflow/.local/lib/python3.12/site-packages/airflow/example_dags/example_skip_dag.py
[2025-01-27T00:27:36.497+0000] {processor.py:914} INFO - Processing file /home/airflow/.local/lib/python3.12/site-packages/airflow/example_dags/example_skip_dag.py for tasks to queue
[2025-01-27T00:27:36.509+0000] {logging_mixin.py:190} INFO - [2025-01-27T00:27:36.508+0000] {dagbag.py:588} INFO - Filling up the DagBag from /home/airflow/.local/lib/python3.12/site-packages/airflow/example_dags/example_skip_dag.py
[2025-01-27T00:27:36.528+0000] {processor.py:925} INFO - DAG(s) 'example_skip_dag' retrieved from /home/airflow/.local/lib/python3.12/site-packages/airflow/example_dags/example_skip_dag.py
[2025-01-27T00:27:36.569+0000] {logging_mixin.py:190} INFO - [2025-01-27T00:27:36.569+0000] {dag.py:3239} INFO - Sync 1 DAGs
[2025-01-27T00:27:36.600+0000] {logging_mixin.py:190} INFO - [2025-01-27T00:27:36.600+0000] {dag.py:4180} INFO - Setting next_dagrun for example_skip_dag to 2025-01-26 00:00:00+00:00, run_after=2025-01-27 00:00:00+00:00
[2025-01-27T00:27:36.625+0000] {processor.py:208} INFO - Processing /home/airflow/.local/lib/python3.12/site-packages/airflow/example_dags/example_skip_dag.py took 0.140 seconds
[2025-01-27T00:28:07.121+0000] {processor.py:186} INFO - Started process (PID=269) to work on /home/airflow/.local/lib/python3.12/site-packages/airflow/example_dags/example_skip_dag.py
[2025-01-27T00:28:07.122+0000] {processor.py:914} INFO - Processing file /home/airflow/.local/lib/python3.12/site-packages/airflow/example_dags/example_skip_dag.py for tasks to queue
[2025-01-27T00:28:07.125+0000] {logging_mixin.py:190} INFO - [2025-01-27T00:28:07.124+0000] {dagbag.py:588} INFO - Filling up the DagBag from /home/airflow/.local/lib/python3.12/site-packages/airflow/example_dags/example_skip_dag.py
[2025-01-27T00:28:07.137+0000] {processor.py:925} INFO - DAG(s) 'example_skip_dag' retrieved from /home/airflow/.local/lib/python3.12/site-packages/airflow/example_dags/example_skip_dag.py
[2025-01-27T00:28:07.161+0000] {logging_mixin.py:190} INFO - [2025-01-27T00:28:07.160+0000] {dag.py:3239} INFO - Sync 1 DAGs
[2025-01-27T00:28:07.186+0000] {logging_mixin.py:190} INFO - [2025-01-27T00:28:07.186+0000] {dag.py:4180} INFO - Setting next_dagrun for example_skip_dag to 2025-01-26 00:00:00+00:00, run_after=2025-01-27 00:00:00+00:00
[2025-01-27T00:28:07.208+0000] {processor.py:208} INFO - Processing /home/airflow/.local/lib/python3.12/site-packages/airflow/example_dags/example_skip_dag.py took 0.093 seconds
[2025-01-27T00:29:30.814+0000] {processor.py:186} INFO - Started process (PID=64) to work on /home/airflow/.local/lib/python3.12/site-packages/airflow/example_dags/example_skip_dag.py
[2025-01-27T00:29:30.815+0000] {processor.py:914} INFO - Processing file /home/airflow/.local/lib/python3.12/site-packages/airflow/example_dags/example_skip_dag.py for tasks to queue
[2025-01-27T00:29:30.818+0000] {logging_mixin.py:190} INFO - [2025-01-27T00:29:30.818+0000] {dagbag.py:588} INFO - Filling up the DagBag from /home/airflow/.local/lib/python3.12/site-packages/airflow/example_dags/example_skip_dag.py
[2025-01-27T00:29:30.827+0000] {processor.py:925} INFO - DAG(s) 'example_skip_dag' retrieved from /home/airflow/.local/lib/python3.12/site-packages/airflow/example_dags/example_skip_dag.py
[2025-01-27T00:29:30.847+0000] {logging_mixin.py:190} INFO - [2025-01-27T00:29:30.847+0000] {dag.py:3239} INFO - Sync 1 DAGs
[2025-01-27T00:29:30.871+0000] {logging_mixin.py:190} INFO - [2025-01-27T00:29:30.871+0000] {dag.py:4180} INFO - Setting next_dagrun for example_skip_dag to 2025-01-26 00:00:00+00:00, run_after=2025-01-27 00:00:00+00:00
[2025-01-27T00:29:30.890+0000] {processor.py:208} INFO - Processing /home/airflow/.local/lib/python3.12/site-packages/airflow/example_dags/example_skip_dag.py took 0.081 seconds
[2025-01-27T00:30:02.012+0000] {processor.py:186} INFO - Started process (PID=129) to work on /home/airflow/.local/lib/python3.12/site-packages/airflow/example_dags/example_skip_dag.py
[2025-01-27T00:30:02.013+0000] {processor.py:914} INFO - Processing file /home/airflow/.local/lib/python3.12/site-packages/airflow/example_dags/example_skip_dag.py for tasks to queue
[2025-01-27T00:30:02.015+0000] {logging_mixin.py:190} INFO - [2025-01-27T00:30:02.015+0000] {dagbag.py:588} INFO - Filling up the DagBag from /home/airflow/.local/lib/python3.12/site-packages/airflow/example_dags/example_skip_dag.py
[2025-01-27T00:30:02.024+0000] {processor.py:925} INFO - DAG(s) 'example_skip_dag' retrieved from /home/airflow/.local/lib/python3.12/site-packages/airflow/example_dags/example_skip_dag.py
[2025-01-27T00:30:02.048+0000] {logging_mixin.py:190} INFO - [2025-01-27T00:30:02.048+0000] {dag.py:3239} INFO - Sync 1 DAGs
[2025-01-27T00:30:02.077+0000] {logging_mixin.py:190} INFO - [2025-01-27T00:30:02.076+0000] {dag.py:4180} INFO - Setting next_dagrun for example_skip_dag to 2025-01-26 00:00:00+00:00, run_after=2025-01-27 00:00:00+00:00
[2025-01-27T00:30:02.116+0000] {processor.py:208} INFO - Processing /home/airflow/.local/lib/python3.12/site-packages/airflow/example_dags/example_skip_dag.py took 0.109 seconds
[2025-01-27T00:30:34.887+0000] {processor.py:186} INFO - Started process (PID=195) to work on /home/airflow/.local/lib/python3.12/site-packages/airflow/example_dags/example_skip_dag.py
[2025-01-27T00:30:34.888+0000] {processor.py:914} INFO - Processing file /home/airflow/.local/lib/python3.12/site-packages/airflow/example_dags/example_skip_dag.py for tasks to queue
[2025-01-27T00:30:34.890+0000] {logging_mixin.py:190} INFO - [2025-01-27T00:30:34.890+0000] {dagbag.py:588} INFO - Filling up the DagBag from /home/airflow/.local/lib/python3.12/site-packages/airflow/example_dags/example_skip_dag.py
[2025-01-27T00:30:34.899+0000] {processor.py:925} INFO - DAG(s) 'example_skip_dag' retrieved from /home/airflow/.local/lib/python3.12/site-packages/airflow/example_dags/example_skip_dag.py
[2025-01-27T00:30:34.923+0000] {logging_mixin.py:190} INFO - [2025-01-27T00:30:34.922+0000] {dag.py:3239} INFO - Sync 1 DAGs
[2025-01-27T00:30:34.949+0000] {logging_mixin.py:190} INFO - [2025-01-27T00:30:34.949+0000] {dag.py:4180} INFO - Setting next_dagrun for example_skip_dag to 2025-01-26 00:00:00+00:00, run_after=2025-01-27 00:00:00+00:00
[2025-01-27T00:30:34.970+0000] {processor.py:208} INFO - Processing /home/airflow/.local/lib/python3.12/site-packages/airflow/example_dags/example_skip_dag.py took 0.089 seconds
[2025-01-27T00:31:05.828+0000] {processor.py:186} INFO - Started process (PID=266) to work on /home/airflow/.local/lib/python3.12/site-packages/airflow/example_dags/example_skip_dag.py
[2025-01-27T00:31:05.831+0000] {processor.py:914} INFO - Processing file /home/airflow/.local/lib/python3.12/site-packages/airflow/example_dags/example_skip_dag.py for tasks to queue
[2025-01-27T00:31:05.838+0000] {logging_mixin.py:190} INFO - [2025-01-27T00:31:05.836+0000] {dagbag.py:588} INFO - Filling up the DagBag from /home/airflow/.local/lib/python3.12/site-packages/airflow/example_dags/example_skip_dag.py
[2025-01-27T00:31:05.849+0000] {processor.py:925} INFO - DAG(s) 'example_skip_dag' retrieved from /home/airflow/.local/lib/python3.12/site-packages/airflow/example_dags/example_skip_dag.py
[2025-01-27T00:31:05.877+0000] {logging_mixin.py:190} INFO - [2025-01-27T00:31:05.876+0000] {dag.py:3239} INFO - Sync 1 DAGs
[2025-01-27T00:31:05.917+0000] {logging_mixin.py:190} INFO - [2025-01-27T00:31:05.917+0000] {dag.py:4180} INFO - Setting next_dagrun for example_skip_dag to 2025-01-26 00:00:00+00:00, run_after=2025-01-27 00:00:00+00:00
[2025-01-27T00:31:05.935+0000] {processor.py:208} INFO - Processing /home/airflow/.local/lib/python3.12/site-packages/airflow/example_dags/example_skip_dag.py took 0.118 seconds
[2025-01-27T00:32:44.091+0000] {processor.py:186} INFO - Started process (PID=64) to work on /home/airflow/.local/lib/python3.12/site-packages/airflow/example_dags/example_skip_dag.py
[2025-01-27T00:32:44.092+0000] {processor.py:914} INFO - Processing file /home/airflow/.local/lib/python3.12/site-packages/airflow/example_dags/example_skip_dag.py for tasks to queue
[2025-01-27T00:32:44.095+0000] {logging_mixin.py:190} INFO - [2025-01-27T00:32:44.094+0000] {dagbag.py:588} INFO - Filling up the DagBag from /home/airflow/.local/lib/python3.12/site-packages/airflow/example_dags/example_skip_dag.py
[2025-01-27T00:32:44.102+0000] {processor.py:925} INFO - DAG(s) 'example_skip_dag' retrieved from /home/airflow/.local/lib/python3.12/site-packages/airflow/example_dags/example_skip_dag.py
[2025-01-27T00:32:44.124+0000] {logging_mixin.py:190} INFO - [2025-01-27T00:32:44.124+0000] {dag.py:3239} INFO - Sync 1 DAGs
[2025-01-27T00:32:44.148+0000] {logging_mixin.py:190} INFO - [2025-01-27T00:32:44.148+0000] {dag.py:4180} INFO - Setting next_dagrun for example_skip_dag to 2025-01-26 00:00:00+00:00, run_after=2025-01-27 00:00:00+00:00
[2025-01-27T00:32:44.167+0000] {processor.py:208} INFO - Processing /home/airflow/.local/lib/python3.12/site-packages/airflow/example_dags/example_skip_dag.py took 0.081 seconds
[2025-01-27T00:33:15.384+0000] {processor.py:186} INFO - Started process (PID=129) to work on /home/airflow/.local/lib/python3.12/site-packages/airflow/example_dags/example_skip_dag.py
[2025-01-27T00:33:15.385+0000] {processor.py:914} INFO - Processing file /home/airflow/.local/lib/python3.12/site-packages/airflow/example_dags/example_skip_dag.py for tasks to queue
[2025-01-27T00:33:15.388+0000] {logging_mixin.py:190} INFO - [2025-01-27T00:33:15.387+0000] {dagbag.py:588} INFO - Filling up the DagBag from /home/airflow/.local/lib/python3.12/site-packages/airflow/example_dags/example_skip_dag.py
[2025-01-27T00:33:15.398+0000] {processor.py:925} INFO - DAG(s) 'example_skip_dag' retrieved from /home/airflow/.local/lib/python3.12/site-packages/airflow/example_dags/example_skip_dag.py
[2025-01-27T00:33:15.422+0000] {logging_mixin.py:190} INFO - [2025-01-27T00:33:15.422+0000] {dag.py:3239} INFO - Sync 1 DAGs
[2025-01-27T00:33:15.450+0000] {logging_mixin.py:190} INFO - [2025-01-27T00:33:15.450+0000] {dag.py:4180} INFO - Setting next_dagrun for example_skip_dag to 2025-01-26 00:00:00+00:00, run_after=2025-01-27 00:00:00+00:00
[2025-01-27T00:33:15.473+0000] {processor.py:208} INFO - Processing /home/airflow/.local/lib/python3.12/site-packages/airflow/example_dags/example_skip_dag.py took 0.096 seconds
[2025-01-27T00:33:47.152+0000] {processor.py:186} INFO - Started process (PID=195) to work on /home/airflow/.local/lib/python3.12/site-packages/airflow/example_dags/example_skip_dag.py
[2025-01-27T00:33:47.154+0000] {processor.py:914} INFO - Processing file /home/airflow/.local/lib/python3.12/site-packages/airflow/example_dags/example_skip_dag.py for tasks to queue
[2025-01-27T00:33:47.157+0000] {logging_mixin.py:190} INFO - [2025-01-27T00:33:47.156+0000] {dagbag.py:588} INFO - Filling up the DagBag from /home/airflow/.local/lib/python3.12/site-packages/airflow/example_dags/example_skip_dag.py
[2025-01-27T00:33:47.165+0000] {processor.py:925} INFO - DAG(s) 'example_skip_dag' retrieved from /home/airflow/.local/lib/python3.12/site-packages/airflow/example_dags/example_skip_dag.py
[2025-01-27T00:33:47.190+0000] {logging_mixin.py:190} INFO - [2025-01-27T00:33:47.190+0000] {dag.py:3239} INFO - Sync 1 DAGs
[2025-01-27T00:33:47.216+0000] {logging_mixin.py:190} INFO - [2025-01-27T00:33:47.215+0000] {dag.py:4180} INFO - Setting next_dagrun for example_skip_dag to 2025-01-26 00:00:00+00:00, run_after=2025-01-27 00:00:00+00:00
[2025-01-27T00:33:47.243+0000] {processor.py:208} INFO - Processing /home/airflow/.local/lib/python3.12/site-packages/airflow/example_dags/example_skip_dag.py took 0.097 seconds
[2025-01-27T00:34:18.433+0000] {processor.py:186} INFO - Started process (PID=261) to work on /home/airflow/.local/lib/python3.12/site-packages/airflow/example_dags/example_skip_dag.py
[2025-01-27T00:34:18.437+0000] {processor.py:914} INFO - Processing file /home/airflow/.local/lib/python3.12/site-packages/airflow/example_dags/example_skip_dag.py for tasks to queue
[2025-01-27T00:34:18.441+0000] {logging_mixin.py:190} INFO - [2025-01-27T00:34:18.440+0000] {dagbag.py:588} INFO - Filling up the DagBag from /home/airflow/.local/lib/python3.12/site-packages/airflow/example_dags/example_skip_dag.py
[2025-01-27T00:34:18.454+0000] {processor.py:925} INFO - DAG(s) 'example_skip_dag' retrieved from /home/airflow/.local/lib/python3.12/site-packages/airflow/example_dags/example_skip_dag.py
[2025-01-27T00:34:18.494+0000] {logging_mixin.py:190} INFO - [2025-01-27T00:34:18.493+0000] {dag.py:3239} INFO - Sync 1 DAGs
[2025-01-27T00:34:18.531+0000] {logging_mixin.py:190} INFO - [2025-01-27T00:34:18.531+0000] {dag.py:4180} INFO - Setting next_dagrun for example_skip_dag to 2025-01-26 00:00:00+00:00, run_after=2025-01-27 00:00:00+00:00
[2025-01-27T00:34:18.552+0000] {processor.py:208} INFO - Processing /home/airflow/.local/lib/python3.12/site-packages/airflow/example_dags/example_skip_dag.py took 0.127 seconds
[2025-01-27T00:34:49.713+0000] {processor.py:186} INFO - Started process (PID=327) to work on /home/airflow/.local/lib/python3.12/site-packages/airflow/example_dags/example_skip_dag.py
[2025-01-27T00:34:49.714+0000] {processor.py:914} INFO - Processing file /home/airflow/.local/lib/python3.12/site-packages/airflow/example_dags/example_skip_dag.py for tasks to queue
[2025-01-27T00:34:49.717+0000] {logging_mixin.py:190} INFO - [2025-01-27T00:34:49.716+0000] {dagbag.py:588} INFO - Filling up the DagBag from /home/airflow/.local/lib/python3.12/site-packages/airflow/example_dags/example_skip_dag.py
[2025-01-27T00:34:49.725+0000] {processor.py:925} INFO - DAG(s) 'example_skip_dag' retrieved from /home/airflow/.local/lib/python3.12/site-packages/airflow/example_dags/example_skip_dag.py
[2025-01-27T00:34:49.745+0000] {logging_mixin.py:190} INFO - [2025-01-27T00:34:49.745+0000] {dag.py:3239} INFO - Sync 1 DAGs
[2025-01-27T00:34:49.776+0000] {logging_mixin.py:190} INFO - [2025-01-27T00:34:49.773+0000] {dag.py:4180} INFO - Setting next_dagrun for example_skip_dag to 2025-01-26 00:00:00+00:00, run_after=2025-01-27 00:00:00+00:00
[2025-01-27T00:34:49.812+0000] {processor.py:208} INFO - Processing /home/airflow/.local/lib/python3.12/site-packages/airflow/example_dags/example_skip_dag.py took 0.106 seconds
[2025-01-27T00:35:20.748+0000] {processor.py:186} INFO - Started process (PID=399) to work on /home/airflow/.local/lib/python3.12/site-packages/airflow/example_dags/example_skip_dag.py
[2025-01-27T00:35:20.749+0000] {processor.py:914} INFO - Processing file /home/airflow/.local/lib/python3.12/site-packages/airflow/example_dags/example_skip_dag.py for tasks to queue
[2025-01-27T00:35:20.751+0000] {logging_mixin.py:190} INFO - [2025-01-27T00:35:20.751+0000] {dagbag.py:588} INFO - Filling up the DagBag from /home/airflow/.local/lib/python3.12/site-packages/airflow/example_dags/example_skip_dag.py
[2025-01-27T00:35:20.760+0000] {processor.py:925} INFO - DAG(s) 'example_skip_dag' retrieved from /home/airflow/.local/lib/python3.12/site-packages/airflow/example_dags/example_skip_dag.py
[2025-01-27T00:35:20.792+0000] {logging_mixin.py:190} INFO - [2025-01-27T00:35:20.792+0000] {dag.py:3239} INFO - Sync 1 DAGs
[2025-01-27T00:35:20.828+0000] {logging_mixin.py:190} INFO - [2025-01-27T00:35:20.828+0000] {dag.py:4180} INFO - Setting next_dagrun for example_skip_dag to 2025-01-26 00:00:00+00:00, run_after=2025-01-27 00:00:00+00:00
[2025-01-27T00:35:20.852+0000] {processor.py:208} INFO - Processing /home/airflow/.local/lib/python3.12/site-packages/airflow/example_dags/example_skip_dag.py took 0.111 seconds
[2025-01-27T00:35:52.069+0000] {processor.py:186} INFO - Started process (PID=465) to work on /home/airflow/.local/lib/python3.12/site-packages/airflow/example_dags/example_skip_dag.py
[2025-01-27T00:35:52.070+0000] {processor.py:914} INFO - Processing file /home/airflow/.local/lib/python3.12/site-packages/airflow/example_dags/example_skip_dag.py for tasks to queue
[2025-01-27T00:35:52.073+0000] {logging_mixin.py:190} INFO - [2025-01-27T00:35:52.072+0000] {dagbag.py:588} INFO - Filling up the DagBag from /home/airflow/.local/lib/python3.12/site-packages/airflow/example_dags/example_skip_dag.py
[2025-01-27T00:35:52.080+0000] {processor.py:925} INFO - DAG(s) 'example_skip_dag' retrieved from /home/airflow/.local/lib/python3.12/site-packages/airflow/example_dags/example_skip_dag.py
[2025-01-27T00:35:52.104+0000] {logging_mixin.py:190} INFO - [2025-01-27T00:35:52.103+0000] {dag.py:3239} INFO - Sync 1 DAGs
[2025-01-27T00:35:52.132+0000] {logging_mixin.py:190} INFO - [2025-01-27T00:35:52.131+0000] {dag.py:4180} INFO - Setting next_dagrun for example_skip_dag to 2025-01-26 00:00:00+00:00, run_after=2025-01-27 00:00:00+00:00
[2025-01-27T00:35:52.150+0000] {processor.py:208} INFO - Processing /home/airflow/.local/lib/python3.12/site-packages/airflow/example_dags/example_skip_dag.py took 0.087 seconds
[2025-01-27T00:36:23.151+0000] {processor.py:186} INFO - Started process (PID=532) to work on /home/airflow/.local/lib/python3.12/site-packages/airflow/example_dags/example_skip_dag.py
[2025-01-27T00:36:23.152+0000] {processor.py:914} INFO - Processing file /home/airflow/.local/lib/python3.12/site-packages/airflow/example_dags/example_skip_dag.py for tasks to queue
[2025-01-27T00:36:23.155+0000] {logging_mixin.py:190} INFO - [2025-01-27T00:36:23.155+0000] {dagbag.py:588} INFO - Filling up the DagBag from /home/airflow/.local/lib/python3.12/site-packages/airflow/example_dags/example_skip_dag.py
[2025-01-27T00:36:23.164+0000] {processor.py:925} INFO - DAG(s) 'example_skip_dag' retrieved from /home/airflow/.local/lib/python3.12/site-packages/airflow/example_dags/example_skip_dag.py
[2025-01-27T00:36:23.186+0000] {logging_mixin.py:190} INFO - [2025-01-27T00:36:23.186+0000] {dag.py:3239} INFO - Sync 1 DAGs
[2025-01-27T00:36:23.209+0000] {logging_mixin.py:190} INFO - [2025-01-27T00:36:23.209+0000] {dag.py:4180} INFO - Setting next_dagrun for example_skip_dag to 2025-01-26 00:00:00+00:00, run_after=2025-01-27 00:00:00+00:00
[2025-01-27T00:36:23.228+0000] {processor.py:208} INFO - Processing /home/airflow/.local/lib/python3.12/site-packages/airflow/example_dags/example_skip_dag.py took 0.083 seconds
[2025-01-27T00:36:54.454+0000] {processor.py:186} INFO - Started process (PID=598) to work on /home/airflow/.local/lib/python3.12/site-packages/airflow/example_dags/example_skip_dag.py
[2025-01-27T00:36:54.455+0000] {processor.py:914} INFO - Processing file /home/airflow/.local/lib/python3.12/site-packages/airflow/example_dags/example_skip_dag.py for tasks to queue
[2025-01-27T00:36:54.458+0000] {logging_mixin.py:190} INFO - [2025-01-27T00:36:54.457+0000] {dagbag.py:588} INFO - Filling up the DagBag from /home/airflow/.local/lib/python3.12/site-packages/airflow/example_dags/example_skip_dag.py
[2025-01-27T00:36:54.466+0000] {processor.py:925} INFO - DAG(s) 'example_skip_dag' retrieved from /home/airflow/.local/lib/python3.12/site-packages/airflow/example_dags/example_skip_dag.py
[2025-01-27T00:36:54.488+0000] {logging_mixin.py:190} INFO - [2025-01-27T00:36:54.487+0000] {dag.py:3239} INFO - Sync 1 DAGs
[2025-01-27T00:36:54.513+0000] {logging_mixin.py:190} INFO - [2025-01-27T00:36:54.513+0000] {dag.py:4180} INFO - Setting next_dagrun for example_skip_dag to 2025-01-26 00:00:00+00:00, run_after=2025-01-27 00:00:00+00:00
[2025-01-27T00:36:54.534+0000] {processor.py:208} INFO - Processing /home/airflow/.local/lib/python3.12/site-packages/airflow/example_dags/example_skip_dag.py took 0.086 seconds
[2025-01-27T00:37:26.141+0000] {processor.py:186} INFO - Started process (PID=664) to work on /home/airflow/.local/lib/python3.12/site-packages/airflow/example_dags/example_skip_dag.py
[2025-01-27T00:37:26.147+0000] {processor.py:914} INFO - Processing file /home/airflow/.local/lib/python3.12/site-packages/airflow/example_dags/example_skip_dag.py for tasks to queue
[2025-01-27T00:37:26.150+0000] {logging_mixin.py:190} INFO - [2025-01-27T00:37:26.150+0000] {dagbag.py:588} INFO - Filling up the DagBag from /home/airflow/.local/lib/python3.12/site-packages/airflow/example_dags/example_skip_dag.py
[2025-01-27T00:37:26.172+0000] {processor.py:925} INFO - DAG(s) 'example_skip_dag' retrieved from /home/airflow/.local/lib/python3.12/site-packages/airflow/example_dags/example_skip_dag.py
[2025-01-27T00:37:26.255+0000] {logging_mixin.py:190} INFO - [2025-01-27T00:37:26.255+0000] {dag.py:3239} INFO - Sync 1 DAGs
[2025-01-27T00:37:26.338+0000] {logging_mixin.py:190} INFO - [2025-01-27T00:37:26.338+0000] {dag.py:4180} INFO - Setting next_dagrun for example_skip_dag to 2025-01-26 00:00:00+00:00, run_after=2025-01-27 00:00:00+00:00
[2025-01-27T00:37:26.426+0000] {processor.py:208} INFO - Processing /home/airflow/.local/lib/python3.12/site-packages/airflow/example_dags/example_skip_dag.py took 0.302 seconds
[2025-01-27T00:37:56.852+0000] {processor.py:186} INFO - Started process (PID=731) to work on /home/airflow/.local/lib/python3.12/site-packages/airflow/example_dags/example_skip_dag.py
[2025-01-27T00:37:56.853+0000] {processor.py:914} INFO - Processing file /home/airflow/.local/lib/python3.12/site-packages/airflow/example_dags/example_skip_dag.py for tasks to queue
[2025-01-27T00:37:56.856+0000] {logging_mixin.py:190} INFO - [2025-01-27T00:37:56.856+0000] {dagbag.py:588} INFO - Filling up the DagBag from /home/airflow/.local/lib/python3.12/site-packages/airflow/example_dags/example_skip_dag.py
[2025-01-27T00:37:56.865+0000] {processor.py:925} INFO - DAG(s) 'example_skip_dag' retrieved from /home/airflow/.local/lib/python3.12/site-packages/airflow/example_dags/example_skip_dag.py
[2025-01-27T00:37:56.893+0000] {logging_mixin.py:190} INFO - [2025-01-27T00:37:56.892+0000] {dag.py:3239} INFO - Sync 1 DAGs
[2025-01-27T00:37:56.918+0000] {logging_mixin.py:190} INFO - [2025-01-27T00:37:56.917+0000] {dag.py:4180} INFO - Setting next_dagrun for example_skip_dag to 2025-01-26 00:00:00+00:00, run_after=2025-01-27 00:00:00+00:00
[2025-01-27T00:37:56.939+0000] {processor.py:208} INFO - Processing /home/airflow/.local/lib/python3.12/site-packages/airflow/example_dags/example_skip_dag.py took 0.093 seconds
[2025-01-27T00:38:28.845+0000] {processor.py:186} INFO - Started process (PID=797) to work on /home/airflow/.local/lib/python3.12/site-packages/airflow/example_dags/example_skip_dag.py
[2025-01-27T00:38:28.847+0000] {processor.py:914} INFO - Processing file /home/airflow/.local/lib/python3.12/site-packages/airflow/example_dags/example_skip_dag.py for tasks to queue
[2025-01-27T00:38:28.851+0000] {logging_mixin.py:190} INFO - [2025-01-27T00:38:28.850+0000] {dagbag.py:588} INFO - Filling up the DagBag from /home/airflow/.local/lib/python3.12/site-packages/airflow/example_dags/example_skip_dag.py
[2025-01-27T00:38:28.868+0000] {processor.py:925} INFO - DAG(s) 'example_skip_dag' retrieved from /home/airflow/.local/lib/python3.12/site-packages/airflow/example_dags/example_skip_dag.py
[2025-01-27T00:38:28.898+0000] {logging_mixin.py:190} INFO - [2025-01-27T00:38:28.898+0000] {dag.py:3239} INFO - Sync 1 DAGs
[2025-01-27T00:38:28.942+0000] {logging_mixin.py:190} INFO - [2025-01-27T00:38:28.942+0000] {dag.py:4180} INFO - Setting next_dagrun for example_skip_dag to 2025-01-26 00:00:00+00:00, run_after=2025-01-27 00:00:00+00:00
[2025-01-27T00:38:28.977+0000] {processor.py:208} INFO - Processing /home/airflow/.local/lib/python3.12/site-packages/airflow/example_dags/example_skip_dag.py took 0.142 seconds
[2025-01-27T00:38:59.506+0000] {processor.py:186} INFO - Started process (PID=863) to work on /home/airflow/.local/lib/python3.12/site-packages/airflow/example_dags/example_skip_dag.py
[2025-01-27T00:38:59.508+0000] {processor.py:914} INFO - Processing file /home/airflow/.local/lib/python3.12/site-packages/airflow/example_dags/example_skip_dag.py for tasks to queue
[2025-01-27T00:38:59.516+0000] {logging_mixin.py:190} INFO - [2025-01-27T00:38:59.515+0000] {dagbag.py:588} INFO - Filling up the DagBag from /home/airflow/.local/lib/python3.12/site-packages/airflow/example_dags/example_skip_dag.py
[2025-01-27T00:38:59.530+0000] {processor.py:925} INFO - DAG(s) 'example_skip_dag' retrieved from /home/airflow/.local/lib/python3.12/site-packages/airflow/example_dags/example_skip_dag.py
[2025-01-27T00:38:59.558+0000] {logging_mixin.py:190} INFO - [2025-01-27T00:38:59.558+0000] {dag.py:3239} INFO - Sync 1 DAGs
[2025-01-27T00:38:59.600+0000] {logging_mixin.py:190} INFO - [2025-01-27T00:38:59.600+0000] {dag.py:4180} INFO - Setting next_dagrun for example_skip_dag to 2025-01-26 00:00:00+00:00, run_after=2025-01-27 00:00:00+00:00
[2025-01-27T00:38:59.626+0000] {processor.py:208} INFO - Processing /home/airflow/.local/lib/python3.12/site-packages/airflow/example_dags/example_skip_dag.py took 0.128 seconds
[2025-01-27T00:39:30.014+0000] {processor.py:186} INFO - Started process (PID=928) to work on /home/airflow/.local/lib/python3.12/site-packages/airflow/example_dags/example_skip_dag.py
[2025-01-27T00:39:30.015+0000] {processor.py:914} INFO - Processing file /home/airflow/.local/lib/python3.12/site-packages/airflow/example_dags/example_skip_dag.py for tasks to queue
[2025-01-27T00:39:30.019+0000] {logging_mixin.py:190} INFO - [2025-01-27T00:39:30.018+0000] {dagbag.py:588} INFO - Filling up the DagBag from /home/airflow/.local/lib/python3.12/site-packages/airflow/example_dags/example_skip_dag.py
[2025-01-27T00:39:30.027+0000] {processor.py:925} INFO - DAG(s) 'example_skip_dag' retrieved from /home/airflow/.local/lib/python3.12/site-packages/airflow/example_dags/example_skip_dag.py
[2025-01-27T00:39:30.049+0000] {logging_mixin.py:190} INFO - [2025-01-27T00:39:30.049+0000] {dag.py:3239} INFO - Sync 1 DAGs
[2025-01-27T00:39:30.081+0000] {logging_mixin.py:190} INFO - [2025-01-27T00:39:30.080+0000] {dag.py:4180} INFO - Setting next_dagrun for example_skip_dag to 2025-01-26 00:00:00+00:00, run_after=2025-01-27 00:00:00+00:00
[2025-01-27T00:39:30.114+0000] {processor.py:208} INFO - Processing /home/airflow/.local/lib/python3.12/site-packages/airflow/example_dags/example_skip_dag.py took 0.107 seconds
[2025-01-27T00:40:00.834+0000] {processor.py:186} INFO - Started process (PID=994) to work on /home/airflow/.local/lib/python3.12/site-packages/airflow/example_dags/example_skip_dag.py
[2025-01-27T00:40:00.835+0000] {processor.py:914} INFO - Processing file /home/airflow/.local/lib/python3.12/site-packages/airflow/example_dags/example_skip_dag.py for tasks to queue
[2025-01-27T00:40:00.837+0000] {logging_mixin.py:190} INFO - [2025-01-27T00:40:00.837+0000] {dagbag.py:588} INFO - Filling up the DagBag from /home/airflow/.local/lib/python3.12/site-packages/airflow/example_dags/example_skip_dag.py
[2025-01-27T00:40:00.847+0000] {processor.py:925} INFO - DAG(s) 'example_skip_dag' retrieved from /home/airflow/.local/lib/python3.12/site-packages/airflow/example_dags/example_skip_dag.py
[2025-01-27T00:40:00.870+0000] {logging_mixin.py:190} INFO - [2025-01-27T00:40:00.870+0000] {dag.py:3239} INFO - Sync 1 DAGs
[2025-01-27T00:40:00.899+0000] {logging_mixin.py:190} INFO - [2025-01-27T00:40:00.898+0000] {dag.py:4180} INFO - Setting next_dagrun for example_skip_dag to 2025-01-26 00:00:00+00:00, run_after=2025-01-27 00:00:00+00:00
[2025-01-27T00:40:00.922+0000] {processor.py:208} INFO - Processing /home/airflow/.local/lib/python3.12/site-packages/airflow/example_dags/example_skip_dag.py took 0.097 seconds
[2025-01-27T00:40:32.165+0000] {processor.py:186} INFO - Started process (PID=1061) to work on /home/airflow/.local/lib/python3.12/site-packages/airflow/example_dags/example_skip_dag.py
[2025-01-27T00:40:32.166+0000] {processor.py:914} INFO - Processing file /home/airflow/.local/lib/python3.12/site-packages/airflow/example_dags/example_skip_dag.py for tasks to queue
[2025-01-27T00:40:32.169+0000] {logging_mixin.py:190} INFO - [2025-01-27T00:40:32.168+0000] {dagbag.py:588} INFO - Filling up the DagBag from /home/airflow/.local/lib/python3.12/site-packages/airflow/example_dags/example_skip_dag.py
[2025-01-27T00:40:32.178+0000] {processor.py:925} INFO - DAG(s) 'example_skip_dag' retrieved from /home/airflow/.local/lib/python3.12/site-packages/airflow/example_dags/example_skip_dag.py
[2025-01-27T00:40:32.199+0000] {logging_mixin.py:190} INFO - [2025-01-27T00:40:32.199+0000] {dag.py:3239} INFO - Sync 1 DAGs
[2025-01-27T00:40:32.226+0000] {logging_mixin.py:190} INFO - [2025-01-27T00:40:32.226+0000] {dag.py:4180} INFO - Setting next_dagrun for example_skip_dag to 2025-01-26 00:00:00+00:00, run_after=2025-01-27 00:00:00+00:00
[2025-01-27T00:40:32.245+0000] {processor.py:208} INFO - Processing /home/airflow/.local/lib/python3.12/site-packages/airflow/example_dags/example_skip_dag.py took 0.085 seconds
