[2025-01-27T00:01:12.606+0000] {processor.py:186} INFO - Started process (PID=50) to work on /home/airflow/.local/lib/python3.12/site-packages/airflow/example_dags/example_complex.py
[2025-01-27T00:01:12.607+0000] {processor.py:914} INFO - Processing file /home/airflow/.local/lib/python3.12/site-packages/airflow/example_dags/example_complex.py for tasks to queue
[2025-01-27T00:01:12.612+0000] {logging_mixin.py:190} INFO - [2025-01-27T00:01:12.612+0000] {dagbag.py:588} INFO - Filling up the DagBag from /home/airflow/.local/lib/python3.12/site-packages/airflow/example_dags/example_complex.py
[2025-01-27T00:01:12.646+0000] {processor.py:925} INFO - DAG(s) 'example_complex' retrieved from /home/airflow/.local/lib/python3.12/site-packages/airflow/example_dags/example_complex.py
[2025-01-27T00:01:12.713+0000] {logging_mixin.py:190} INFO - [2025-01-27T00:01:12.713+0000] {dag.py:3239} INFO - Sync 1 DAGs
[2025-01-27T00:01:12.745+0000] {logging_mixin.py:190} INFO - [2025-01-27T00:01:12.744+0000] {dag.py:4180} INFO - Setting next_dagrun for example_complex to None, run_after=None
[2025-01-27T00:01:12.779+0000] {processor.py:208} INFO - Processing /home/airflow/.local/lib/python3.12/site-packages/airflow/example_dags/example_complex.py took 0.181 seconds
[2025-01-27T00:01:44.147+0000] {processor.py:186} INFO - Started process (PID=114) to work on /home/airflow/.local/lib/python3.12/site-packages/airflow/example_dags/example_complex.py
[2025-01-27T00:01:44.149+0000] {processor.py:914} INFO - Processing file /home/airflow/.local/lib/python3.12/site-packages/airflow/example_dags/example_complex.py for tasks to queue
[2025-01-27T00:01:44.151+0000] {logging_mixin.py:190} INFO - [2025-01-27T00:01:44.151+0000] {dagbag.py:588} INFO - Filling up the DagBag from /home/airflow/.local/lib/python3.12/site-packages/airflow/example_dags/example_complex.py
[2025-01-27T00:01:44.164+0000] {processor.py:925} INFO - DAG(s) 'example_complex' retrieved from /home/airflow/.local/lib/python3.12/site-packages/airflow/example_dags/example_complex.py
[2025-01-27T00:01:44.197+0000] {logging_mixin.py:190} INFO - [2025-01-27T00:01:44.197+0000] {dag.py:3239} INFO - Sync 1 DAGs
[2025-01-27T00:01:44.212+0000] {logging_mixin.py:190} INFO - [2025-01-27T00:01:44.212+0000] {dag.py:4180} INFO - Setting next_dagrun for example_complex to None, run_after=None
[2025-01-27T00:01:44.231+0000] {processor.py:208} INFO - Processing /home/airflow/.local/lib/python3.12/site-packages/airflow/example_dags/example_complex.py took 0.094 seconds
[2025-01-27T00:02:14.941+0000] {processor.py:186} INFO - Started process (PID=179) to work on /home/airflow/.local/lib/python3.12/site-packages/airflow/example_dags/example_complex.py
[2025-01-27T00:02:14.942+0000] {processor.py:914} INFO - Processing file /home/airflow/.local/lib/python3.12/site-packages/airflow/example_dags/example_complex.py for tasks to queue
[2025-01-27T00:02:14.945+0000] {logging_mixin.py:190} INFO - [2025-01-27T00:02:14.944+0000] {dagbag.py:588} INFO - Filling up the DagBag from /home/airflow/.local/lib/python3.12/site-packages/airflow/example_dags/example_complex.py
[2025-01-27T00:02:14.969+0000] {processor.py:925} INFO - DAG(s) 'example_complex' retrieved from /home/airflow/.local/lib/python3.12/site-packages/airflow/example_dags/example_complex.py
[2025-01-27T00:02:15.038+0000] {logging_mixin.py:190} INFO - [2025-01-27T00:02:15.038+0000] {dag.py:3239} INFO - Sync 1 DAGs
[2025-01-27T00:02:15.065+0000] {logging_mixin.py:190} INFO - [2025-01-27T00:02:15.064+0000] {dag.py:4180} INFO - Setting next_dagrun for example_complex to None, run_after=None
[2025-01-27T00:02:15.133+0000] {processor.py:208} INFO - Processing /home/airflow/.local/lib/python3.12/site-packages/airflow/example_dags/example_complex.py took 0.200 seconds
[2025-01-27T00:02:45.451+0000] {processor.py:186} INFO - Started process (PID=243) to work on /home/airflow/.local/lib/python3.12/site-packages/airflow/example_dags/example_complex.py
[2025-01-27T00:02:45.452+0000] {processor.py:914} INFO - Processing file /home/airflow/.local/lib/python3.12/site-packages/airflow/example_dags/example_complex.py for tasks to queue
[2025-01-27T00:02:45.455+0000] {logging_mixin.py:190} INFO - [2025-01-27T00:02:45.454+0000] {dagbag.py:588} INFO - Filling up the DagBag from /home/airflow/.local/lib/python3.12/site-packages/airflow/example_dags/example_complex.py
[2025-01-27T00:02:45.472+0000] {processor.py:925} INFO - DAG(s) 'example_complex' retrieved from /home/airflow/.local/lib/python3.12/site-packages/airflow/example_dags/example_complex.py
[2025-01-27T00:02:45.509+0000] {logging_mixin.py:190} INFO - [2025-01-27T00:02:45.509+0000] {dag.py:3239} INFO - Sync 1 DAGs
[2025-01-27T00:02:45.527+0000] {logging_mixin.py:190} INFO - [2025-01-27T00:02:45.526+0000] {dag.py:4180} INFO - Setting next_dagrun for example_complex to None, run_after=None
[2025-01-27T00:02:45.549+0000] {processor.py:208} INFO - Processing /home/airflow/.local/lib/python3.12/site-packages/airflow/example_dags/example_complex.py took 0.105 seconds
[2025-01-27T00:03:15.935+0000] {processor.py:186} INFO - Started process (PID=308) to work on /home/airflow/.local/lib/python3.12/site-packages/airflow/example_dags/example_complex.py
[2025-01-27T00:03:15.937+0000] {processor.py:914} INFO - Processing file /home/airflow/.local/lib/python3.12/site-packages/airflow/example_dags/example_complex.py for tasks to queue
[2025-01-27T00:03:15.940+0000] {logging_mixin.py:190} INFO - [2025-01-27T00:03:15.939+0000] {dagbag.py:588} INFO - Filling up the DagBag from /home/airflow/.local/lib/python3.12/site-packages/airflow/example_dags/example_complex.py
[2025-01-27T00:03:15.958+0000] {processor.py:925} INFO - DAG(s) 'example_complex' retrieved from /home/airflow/.local/lib/python3.12/site-packages/airflow/example_dags/example_complex.py
[2025-01-27T00:03:16.021+0000] {logging_mixin.py:190} INFO - [2025-01-27T00:03:16.021+0000] {dag.py:3239} INFO - Sync 1 DAGs
[2025-01-27T00:03:16.042+0000] {logging_mixin.py:190} INFO - [2025-01-27T00:03:16.042+0000] {dag.py:4180} INFO - Setting next_dagrun for example_complex to None, run_after=None
[2025-01-27T00:03:16.100+0000] {processor.py:208} INFO - Processing /home/airflow/.local/lib/python3.12/site-packages/airflow/example_dags/example_complex.py took 0.176 seconds
[2025-01-27T00:03:46.663+0000] {processor.py:186} INFO - Started process (PID=372) to work on /home/airflow/.local/lib/python3.12/site-packages/airflow/example_dags/example_complex.py
[2025-01-27T00:03:46.664+0000] {processor.py:914} INFO - Processing file /home/airflow/.local/lib/python3.12/site-packages/airflow/example_dags/example_complex.py for tasks to queue
[2025-01-27T00:03:46.667+0000] {logging_mixin.py:190} INFO - [2025-01-27T00:03:46.667+0000] {dagbag.py:588} INFO - Filling up the DagBag from /home/airflow/.local/lib/python3.12/site-packages/airflow/example_dags/example_complex.py
[2025-01-27T00:03:46.682+0000] {processor.py:925} INFO - DAG(s) 'example_complex' retrieved from /home/airflow/.local/lib/python3.12/site-packages/airflow/example_dags/example_complex.py
[2025-01-27T00:03:46.717+0000] {logging_mixin.py:190} INFO - [2025-01-27T00:03:46.717+0000] {dag.py:3239} INFO - Sync 1 DAGs
[2025-01-27T00:03:46.735+0000] {logging_mixin.py:190} INFO - [2025-01-27T00:03:46.734+0000] {dag.py:4180} INFO - Setting next_dagrun for example_complex to None, run_after=None
[2025-01-27T00:03:46.754+0000] {processor.py:208} INFO - Processing /home/airflow/.local/lib/python3.12/site-packages/airflow/example_dags/example_complex.py took 0.098 seconds
[2025-01-27T00:04:17.596+0000] {processor.py:186} INFO - Started process (PID=437) to work on /home/airflow/.local/lib/python3.12/site-packages/airflow/example_dags/example_complex.py
[2025-01-27T00:04:17.597+0000] {processor.py:914} INFO - Processing file /home/airflow/.local/lib/python3.12/site-packages/airflow/example_dags/example_complex.py for tasks to queue
[2025-01-27T00:04:17.601+0000] {logging_mixin.py:190} INFO - [2025-01-27T00:04:17.601+0000] {dagbag.py:588} INFO - Filling up the DagBag from /home/airflow/.local/lib/python3.12/site-packages/airflow/example_dags/example_complex.py
[2025-01-27T00:04:17.630+0000] {processor.py:925} INFO - DAG(s) 'example_complex' retrieved from /home/airflow/.local/lib/python3.12/site-packages/airflow/example_dags/example_complex.py
[2025-01-27T00:04:17.707+0000] {logging_mixin.py:190} INFO - [2025-01-27T00:04:17.706+0000] {dag.py:3239} INFO - Sync 1 DAGs
[2025-01-27T00:04:17.742+0000] {logging_mixin.py:190} INFO - [2025-01-27T00:04:17.742+0000] {dag.py:4180} INFO - Setting next_dagrun for example_complex to None, run_after=None
[2025-01-27T00:04:17.774+0000] {processor.py:208} INFO - Processing /home/airflow/.local/lib/python3.12/site-packages/airflow/example_dags/example_complex.py took 0.186 seconds
[2025-01-27T00:04:48.060+0000] {processor.py:186} INFO - Started process (PID=501) to work on /home/airflow/.local/lib/python3.12/site-packages/airflow/example_dags/example_complex.py
[2025-01-27T00:04:48.062+0000] {processor.py:914} INFO - Processing file /home/airflow/.local/lib/python3.12/site-packages/airflow/example_dags/example_complex.py for tasks to queue
[2025-01-27T00:04:48.064+0000] {logging_mixin.py:190} INFO - [2025-01-27T00:04:48.063+0000] {dagbag.py:588} INFO - Filling up the DagBag from /home/airflow/.local/lib/python3.12/site-packages/airflow/example_dags/example_complex.py
[2025-01-27T00:04:48.076+0000] {processor.py:925} INFO - DAG(s) 'example_complex' retrieved from /home/airflow/.local/lib/python3.12/site-packages/airflow/example_dags/example_complex.py
[2025-01-27T00:04:48.109+0000] {logging_mixin.py:190} INFO - [2025-01-27T00:04:48.109+0000] {dag.py:3239} INFO - Sync 1 DAGs
[2025-01-27T00:04:48.124+0000] {logging_mixin.py:190} INFO - [2025-01-27T00:04:48.124+0000] {dag.py:4180} INFO - Setting next_dagrun for example_complex to None, run_after=None
[2025-01-27T00:04:48.149+0000] {processor.py:208} INFO - Processing /home/airflow/.local/lib/python3.12/site-packages/airflow/example_dags/example_complex.py took 0.095 seconds
[2025-01-27T00:06:07.354+0000] {processor.py:186} INFO - Started process (PID=49) to work on /home/airflow/.local/lib/python3.12/site-packages/airflow/example_dags/example_complex.py
[2025-01-27T00:06:07.355+0000] {processor.py:914} INFO - Processing file /home/airflow/.local/lib/python3.12/site-packages/airflow/example_dags/example_complex.py for tasks to queue
[2025-01-27T00:06:07.357+0000] {logging_mixin.py:190} INFO - [2025-01-27T00:06:07.357+0000] {dagbag.py:588} INFO - Filling up the DagBag from /home/airflow/.local/lib/python3.12/site-packages/airflow/example_dags/example_complex.py
[2025-01-27T00:06:07.372+0000] {processor.py:925} INFO - DAG(s) 'example_complex' retrieved from /home/airflow/.local/lib/python3.12/site-packages/airflow/example_dags/example_complex.py
[2025-01-27T00:06:07.449+0000] {logging_mixin.py:190} INFO - [2025-01-27T00:06:07.448+0000] {dag.py:3239} INFO - Sync 1 DAGs
[2025-01-27T00:06:07.530+0000] {logging_mixin.py:190} INFO - [2025-01-27T00:06:07.530+0000] {dag.py:4180} INFO - Setting next_dagrun for example_complex to None, run_after=None
[2025-01-27T00:06:07.619+0000] {processor.py:208} INFO - Processing /home/airflow/.local/lib/python3.12/site-packages/airflow/example_dags/example_complex.py took 0.272 seconds
[2025-01-27T00:07:10.757+0000] {processor.py:186} INFO - Started process (PID=49) to work on /home/airflow/.local/lib/python3.12/site-packages/airflow/example_dags/example_complex.py
[2025-01-27T00:07:10.758+0000] {processor.py:914} INFO - Processing file /home/airflow/.local/lib/python3.12/site-packages/airflow/example_dags/example_complex.py for tasks to queue
[2025-01-27T00:07:10.760+0000] {logging_mixin.py:190} INFO - [2025-01-27T00:07:10.760+0000] {dagbag.py:588} INFO - Filling up the DagBag from /home/airflow/.local/lib/python3.12/site-packages/airflow/example_dags/example_complex.py
[2025-01-27T00:07:10.773+0000] {processor.py:925} INFO - DAG(s) 'example_complex' retrieved from /home/airflow/.local/lib/python3.12/site-packages/airflow/example_dags/example_complex.py
[2025-01-27T00:07:10.805+0000] {logging_mixin.py:190} INFO - [2025-01-27T00:07:10.804+0000] {dag.py:3239} INFO - Sync 1 DAGs
[2025-01-27T00:07:10.819+0000] {logging_mixin.py:190} INFO - [2025-01-27T00:07:10.818+0000] {dag.py:4180} INFO - Setting next_dagrun for example_complex to None, run_after=None
[2025-01-27T00:07:10.837+0000] {processor.py:208} INFO - Processing /home/airflow/.local/lib/python3.12/site-packages/airflow/example_dags/example_complex.py took 0.085 seconds
[2025-01-27T00:07:41.861+0000] {processor.py:186} INFO - Started process (PID=115) to work on /home/airflow/.local/lib/python3.12/site-packages/airflow/example_dags/example_complex.py
[2025-01-27T00:07:41.862+0000] {processor.py:914} INFO - Processing file /home/airflow/.local/lib/python3.12/site-packages/airflow/example_dags/example_complex.py for tasks to queue
[2025-01-27T00:07:41.864+0000] {logging_mixin.py:190} INFO - [2025-01-27T00:07:41.863+0000] {dagbag.py:588} INFO - Filling up the DagBag from /home/airflow/.local/lib/python3.12/site-packages/airflow/example_dags/example_complex.py
[2025-01-27T00:07:41.875+0000] {processor.py:925} INFO - DAG(s) 'example_complex' retrieved from /home/airflow/.local/lib/python3.12/site-packages/airflow/example_dags/example_complex.py
[2025-01-27T00:07:41.908+0000] {logging_mixin.py:190} INFO - [2025-01-27T00:07:41.907+0000] {dag.py:3239} INFO - Sync 1 DAGs
[2025-01-27T00:07:41.923+0000] {logging_mixin.py:190} INFO - [2025-01-27T00:07:41.923+0000] {dag.py:4180} INFO - Setting next_dagrun for example_complex to None, run_after=None
[2025-01-27T00:07:41.941+0000] {processor.py:208} INFO - Processing /home/airflow/.local/lib/python3.12/site-packages/airflow/example_dags/example_complex.py took 0.086 seconds
[2025-01-27T00:08:12.448+0000] {processor.py:186} INFO - Started process (PID=179) to work on /home/airflow/.local/lib/python3.12/site-packages/airflow/example_dags/example_complex.py
[2025-01-27T00:08:12.449+0000] {processor.py:914} INFO - Processing file /home/airflow/.local/lib/python3.12/site-packages/airflow/example_dags/example_complex.py for tasks to queue
[2025-01-27T00:08:12.451+0000] {logging_mixin.py:190} INFO - [2025-01-27T00:08:12.451+0000] {dagbag.py:588} INFO - Filling up the DagBag from /home/airflow/.local/lib/python3.12/site-packages/airflow/example_dags/example_complex.py
[2025-01-27T00:08:12.469+0000] {processor.py:925} INFO - DAG(s) 'example_complex' retrieved from /home/airflow/.local/lib/python3.12/site-packages/airflow/example_dags/example_complex.py
[2025-01-27T00:08:12.507+0000] {logging_mixin.py:190} INFO - [2025-01-27T00:08:12.507+0000] {dag.py:3239} INFO - Sync 1 DAGs
[2025-01-27T00:08:12.525+0000] {logging_mixin.py:190} INFO - [2025-01-27T00:08:12.525+0000] {dag.py:4180} INFO - Setting next_dagrun for example_complex to None, run_after=None
[2025-01-27T00:08:12.545+0000] {processor.py:208} INFO - Processing /home/airflow/.local/lib/python3.12/site-packages/airflow/example_dags/example_complex.py took 0.104 seconds
[2025-01-27T00:08:42.971+0000] {processor.py:186} INFO - Started process (PID=243) to work on /home/airflow/.local/lib/python3.12/site-packages/airflow/example_dags/example_complex.py
[2025-01-27T00:08:42.972+0000] {processor.py:914} INFO - Processing file /home/airflow/.local/lib/python3.12/site-packages/airflow/example_dags/example_complex.py for tasks to queue
[2025-01-27T00:08:42.974+0000] {logging_mixin.py:190} INFO - [2025-01-27T00:08:42.974+0000] {dagbag.py:588} INFO - Filling up the DagBag from /home/airflow/.local/lib/python3.12/site-packages/airflow/example_dags/example_complex.py
[2025-01-27T00:08:42.987+0000] {processor.py:925} INFO - DAG(s) 'example_complex' retrieved from /home/airflow/.local/lib/python3.12/site-packages/airflow/example_dags/example_complex.py
[2025-01-27T00:08:43.023+0000] {logging_mixin.py:190} INFO - [2025-01-27T00:08:43.023+0000] {dag.py:3239} INFO - Sync 1 DAGs
[2025-01-27T00:08:43.039+0000] {logging_mixin.py:190} INFO - [2025-01-27T00:08:43.038+0000] {dag.py:4180} INFO - Setting next_dagrun for example_complex to None, run_after=None
[2025-01-27T00:08:43.056+0000] {processor.py:208} INFO - Processing /home/airflow/.local/lib/python3.12/site-packages/airflow/example_dags/example_complex.py took 0.093 seconds
[2025-01-27T00:09:14.232+0000] {processor.py:186} INFO - Started process (PID=308) to work on /home/airflow/.local/lib/python3.12/site-packages/airflow/example_dags/example_complex.py
[2025-01-27T00:09:14.234+0000] {processor.py:914} INFO - Processing file /home/airflow/.local/lib/python3.12/site-packages/airflow/example_dags/example_complex.py for tasks to queue
[2025-01-27T00:09:14.236+0000] {logging_mixin.py:190} INFO - [2025-01-27T00:09:14.236+0000] {dagbag.py:588} INFO - Filling up the DagBag from /home/airflow/.local/lib/python3.12/site-packages/airflow/example_dags/example_complex.py
[2025-01-27T00:09:14.252+0000] {processor.py:925} INFO - DAG(s) 'example_complex' retrieved from /home/airflow/.local/lib/python3.12/site-packages/airflow/example_dags/example_complex.py
[2025-01-27T00:09:14.292+0000] {logging_mixin.py:190} INFO - [2025-01-27T00:09:14.292+0000] {dag.py:3239} INFO - Sync 1 DAGs
[2025-01-27T00:09:14.310+0000] {logging_mixin.py:190} INFO - [2025-01-27T00:09:14.310+0000] {dag.py:4180} INFO - Setting next_dagrun for example_complex to None, run_after=None
[2025-01-27T00:09:14.331+0000] {processor.py:208} INFO - Processing /home/airflow/.local/lib/python3.12/site-packages/airflow/example_dags/example_complex.py took 0.106 seconds
[2025-01-27T00:09:44.559+0000] {processor.py:186} INFO - Started process (PID=371) to work on /home/airflow/.local/lib/python3.12/site-packages/airflow/example_dags/example_complex.py
[2025-01-27T00:09:44.560+0000] {processor.py:914} INFO - Processing file /home/airflow/.local/lib/python3.12/site-packages/airflow/example_dags/example_complex.py for tasks to queue
[2025-01-27T00:09:44.563+0000] {logging_mixin.py:190} INFO - [2025-01-27T00:09:44.563+0000] {dagbag.py:588} INFO - Filling up the DagBag from /home/airflow/.local/lib/python3.12/site-packages/airflow/example_dags/example_complex.py
[2025-01-27T00:09:44.580+0000] {processor.py:925} INFO - DAG(s) 'example_complex' retrieved from /home/airflow/.local/lib/python3.12/site-packages/airflow/example_dags/example_complex.py
[2025-01-27T00:09:44.614+0000] {logging_mixin.py:190} INFO - [2025-01-27T00:09:44.614+0000] {dag.py:3239} INFO - Sync 1 DAGs
[2025-01-27T00:09:44.630+0000] {logging_mixin.py:190} INFO - [2025-01-27T00:09:44.630+0000] {dag.py:4180} INFO - Setting next_dagrun for example_complex to None, run_after=None
[2025-01-27T00:09:44.652+0000] {processor.py:208} INFO - Processing /home/airflow/.local/lib/python3.12/site-packages/airflow/example_dags/example_complex.py took 0.100 seconds
[2025-01-27T00:10:15.655+0000] {processor.py:186} INFO - Started process (PID=438) to work on /home/airflow/.local/lib/python3.12/site-packages/airflow/example_dags/example_complex.py
[2025-01-27T00:10:15.657+0000] {processor.py:914} INFO - Processing file /home/airflow/.local/lib/python3.12/site-packages/airflow/example_dags/example_complex.py for tasks to queue
[2025-01-27T00:10:15.664+0000] {logging_mixin.py:190} INFO - [2025-01-27T00:10:15.663+0000] {dagbag.py:588} INFO - Filling up the DagBag from /home/airflow/.local/lib/python3.12/site-packages/airflow/example_dags/example_complex.py
[2025-01-27T00:10:15.686+0000] {processor.py:925} INFO - DAG(s) 'example_complex' retrieved from /home/airflow/.local/lib/python3.12/site-packages/airflow/example_dags/example_complex.py
[2025-01-27T00:10:15.748+0000] {logging_mixin.py:190} INFO - [2025-01-27T00:10:15.748+0000] {dag.py:3239} INFO - Sync 1 DAGs
[2025-01-27T00:10:15.783+0000] {logging_mixin.py:190} INFO - [2025-01-27T00:10:15.783+0000] {dag.py:4180} INFO - Setting next_dagrun for example_complex to None, run_after=None
[2025-01-27T00:10:15.809+0000] {processor.py:208} INFO - Processing /home/airflow/.local/lib/python3.12/site-packages/airflow/example_dags/example_complex.py took 0.163 seconds
[2025-01-27T00:10:46.538+0000] {processor.py:186} INFO - Started process (PID=502) to work on /home/airflow/.local/lib/python3.12/site-packages/airflow/example_dags/example_complex.py
[2025-01-27T00:10:46.545+0000] {processor.py:914} INFO - Processing file /home/airflow/.local/lib/python3.12/site-packages/airflow/example_dags/example_complex.py for tasks to queue
[2025-01-27T00:10:46.553+0000] {logging_mixin.py:190} INFO - [2025-01-27T00:10:46.552+0000] {dagbag.py:588} INFO - Filling up the DagBag from /home/airflow/.local/lib/python3.12/site-packages/airflow/example_dags/example_complex.py
[2025-01-27T00:10:46.572+0000] {processor.py:925} INFO - DAG(s) 'example_complex' retrieved from /home/airflow/.local/lib/python3.12/site-packages/airflow/example_dags/example_complex.py
[2025-01-27T00:10:46.618+0000] {logging_mixin.py:190} INFO - [2025-01-27T00:10:46.618+0000] {dag.py:3239} INFO - Sync 1 DAGs
[2025-01-27T00:10:46.640+0000] {logging_mixin.py:190} INFO - [2025-01-27T00:10:46.640+0000] {dag.py:4180} INFO - Setting next_dagrun for example_complex to None, run_after=None
[2025-01-27T00:10:46.660+0000] {processor.py:208} INFO - Processing /home/airflow/.local/lib/python3.12/site-packages/airflow/example_dags/example_complex.py took 0.130 seconds
[2025-01-27T00:11:16.806+0000] {processor.py:186} INFO - Started process (PID=566) to work on /home/airflow/.local/lib/python3.12/site-packages/airflow/example_dags/example_complex.py
[2025-01-27T00:11:16.807+0000] {processor.py:914} INFO - Processing file /home/airflow/.local/lib/python3.12/site-packages/airflow/example_dags/example_complex.py for tasks to queue
[2025-01-27T00:11:16.811+0000] {logging_mixin.py:190} INFO - [2025-01-27T00:11:16.811+0000] {dagbag.py:588} INFO - Filling up the DagBag from /home/airflow/.local/lib/python3.12/site-packages/airflow/example_dags/example_complex.py
[2025-01-27T00:11:16.828+0000] {processor.py:925} INFO - DAG(s) 'example_complex' retrieved from /home/airflow/.local/lib/python3.12/site-packages/airflow/example_dags/example_complex.py
[2025-01-27T00:11:16.875+0000] {logging_mixin.py:190} INFO - [2025-01-27T00:11:16.875+0000] {dag.py:3239} INFO - Sync 1 DAGs
[2025-01-27T00:11:16.899+0000] {logging_mixin.py:190} INFO - [2025-01-27T00:11:16.898+0000] {dag.py:4180} INFO - Setting next_dagrun for example_complex to None, run_after=None
[2025-01-27T00:11:16.930+0000] {processor.py:208} INFO - Processing /home/airflow/.local/lib/python3.12/site-packages/airflow/example_dags/example_complex.py took 0.131 seconds
[2025-01-27T00:12:31.979+0000] {processor.py:186} INFO - Started process (PID=50) to work on /home/airflow/.local/lib/python3.12/site-packages/airflow/example_dags/example_complex.py
[2025-01-27T00:12:31.980+0000] {processor.py:914} INFO - Processing file /home/airflow/.local/lib/python3.12/site-packages/airflow/example_dags/example_complex.py for tasks to queue
[2025-01-27T00:12:31.983+0000] {logging_mixin.py:190} INFO - [2025-01-27T00:12:31.983+0000] {dagbag.py:588} INFO - Filling up the DagBag from /home/airflow/.local/lib/python3.12/site-packages/airflow/example_dags/example_complex.py
[2025-01-27T00:12:32.000+0000] {processor.py:925} INFO - DAG(s) 'example_complex' retrieved from /home/airflow/.local/lib/python3.12/site-packages/airflow/example_dags/example_complex.py
[2025-01-27T00:12:32.029+0000] {logging_mixin.py:190} INFO - [2025-01-27T00:12:32.029+0000] {dag.py:3239} INFO - Sync 1 DAGs
[2025-01-27T00:12:32.043+0000] {logging_mixin.py:190} INFO - [2025-01-27T00:12:32.043+0000] {dag.py:4180} INFO - Setting next_dagrun for example_complex to None, run_after=None
[2025-01-27T00:12:32.061+0000] {processor.py:208} INFO - Processing /home/airflow/.local/lib/python3.12/site-packages/airflow/example_dags/example_complex.py took 0.087 seconds
[2025-01-27T00:13:02.962+0000] {processor.py:186} INFO - Started process (PID=115) to work on /home/airflow/.local/lib/python3.12/site-packages/airflow/example_dags/example_complex.py
[2025-01-27T00:13:02.965+0000] {processor.py:914} INFO - Processing file /home/airflow/.local/lib/python3.12/site-packages/airflow/example_dags/example_complex.py for tasks to queue
[2025-01-27T00:13:02.968+0000] {logging_mixin.py:190} INFO - [2025-01-27T00:13:02.968+0000] {dagbag.py:588} INFO - Filling up the DagBag from /home/airflow/.local/lib/python3.12/site-packages/airflow/example_dags/example_complex.py
[2025-01-27T00:13:02.982+0000] {processor.py:925} INFO - DAG(s) 'example_complex' retrieved from /home/airflow/.local/lib/python3.12/site-packages/airflow/example_dags/example_complex.py
[2025-01-27T00:13:03.059+0000] {logging_mixin.py:190} INFO - [2025-01-27T00:13:03.059+0000] {dag.py:3239} INFO - Sync 1 DAGs
[2025-01-27T00:13:03.080+0000] {logging_mixin.py:190} INFO - [2025-01-27T00:13:03.080+0000] {dag.py:4180} INFO - Setting next_dagrun for example_complex to None, run_after=None
[2025-01-27T00:13:03.108+0000] {processor.py:208} INFO - Processing /home/airflow/.local/lib/python3.12/site-packages/airflow/example_dags/example_complex.py took 0.153 seconds
[2025-01-27T00:13:34.429+0000] {processor.py:186} INFO - Started process (PID=180) to work on /home/airflow/.local/lib/python3.12/site-packages/airflow/example_dags/example_complex.py
[2025-01-27T00:13:34.430+0000] {processor.py:914} INFO - Processing file /home/airflow/.local/lib/python3.12/site-packages/airflow/example_dags/example_complex.py for tasks to queue
[2025-01-27T00:13:34.433+0000] {logging_mixin.py:190} INFO - [2025-01-27T00:13:34.433+0000] {dagbag.py:588} INFO - Filling up the DagBag from /home/airflow/.local/lib/python3.12/site-packages/airflow/example_dags/example_complex.py
[2025-01-27T00:13:34.447+0000] {processor.py:925} INFO - DAG(s) 'example_complex' retrieved from /home/airflow/.local/lib/python3.12/site-packages/airflow/example_dags/example_complex.py
[2025-01-27T00:13:34.485+0000] {logging_mixin.py:190} INFO - [2025-01-27T00:13:34.485+0000] {dag.py:3239} INFO - Sync 1 DAGs
[2025-01-27T00:13:34.509+0000] {logging_mixin.py:190} INFO - [2025-01-27T00:13:34.509+0000] {dag.py:4180} INFO - Setting next_dagrun for example_complex to None, run_after=None
[2025-01-27T00:13:34.534+0000] {processor.py:208} INFO - Processing /home/airflow/.local/lib/python3.12/site-packages/airflow/example_dags/example_complex.py took 0.111 seconds
[2025-01-27T00:14:05.818+0000] {processor.py:186} INFO - Started process (PID=246) to work on /home/airflow/.local/lib/python3.12/site-packages/airflow/example_dags/example_complex.py
[2025-01-27T00:14:05.838+0000] {processor.py:914} INFO - Processing file /home/airflow/.local/lib/python3.12/site-packages/airflow/example_dags/example_complex.py for tasks to queue
[2025-01-27T00:14:05.864+0000] {logging_mixin.py:190} INFO - [2025-01-27T00:14:05.864+0000] {dagbag.py:588} INFO - Filling up the DagBag from /home/airflow/.local/lib/python3.12/site-packages/airflow/example_dags/example_complex.py
[2025-01-27T00:14:05.927+0000] {processor.py:925} INFO - DAG(s) 'example_complex' retrieved from /home/airflow/.local/lib/python3.12/site-packages/airflow/example_dags/example_complex.py
[2025-01-27T00:14:06.036+0000] {logging_mixin.py:190} INFO - [2025-01-27T00:14:06.035+0000] {dag.py:3239} INFO - Sync 1 DAGs
[2025-01-27T00:14:06.063+0000] {logging_mixin.py:190} INFO - [2025-01-27T00:14:06.062+0000] {dag.py:4180} INFO - Setting next_dagrun for example_complex to None, run_after=None
[2025-01-27T00:14:06.104+0000] {processor.py:208} INFO - Processing /home/airflow/.local/lib/python3.12/site-packages/airflow/example_dags/example_complex.py took 0.295 seconds
[2025-01-27T00:14:37.308+0000] {processor.py:186} INFO - Started process (PID=311) to work on /home/airflow/.local/lib/python3.12/site-packages/airflow/example_dags/example_complex.py
[2025-01-27T00:14:37.309+0000] {processor.py:914} INFO - Processing file /home/airflow/.local/lib/python3.12/site-packages/airflow/example_dags/example_complex.py for tasks to queue
[2025-01-27T00:14:37.312+0000] {logging_mixin.py:190} INFO - [2025-01-27T00:14:37.311+0000] {dagbag.py:588} INFO - Filling up the DagBag from /home/airflow/.local/lib/python3.12/site-packages/airflow/example_dags/example_complex.py
[2025-01-27T00:14:37.328+0000] {processor.py:925} INFO - DAG(s) 'example_complex' retrieved from /home/airflow/.local/lib/python3.12/site-packages/airflow/example_dags/example_complex.py
[2025-01-27T00:14:37.358+0000] {logging_mixin.py:190} INFO - [2025-01-27T00:14:37.357+0000] {dag.py:3239} INFO - Sync 1 DAGs
[2025-01-27T00:14:37.374+0000] {logging_mixin.py:190} INFO - [2025-01-27T00:14:37.373+0000] {dag.py:4180} INFO - Setting next_dagrun for example_complex to None, run_after=None
[2025-01-27T00:14:37.393+0000] {processor.py:208} INFO - Processing /home/airflow/.local/lib/python3.12/site-packages/airflow/example_dags/example_complex.py took 0.092 seconds
[2025-01-27T00:15:08.556+0000] {processor.py:186} INFO - Started process (PID=382) to work on /home/airflow/.local/lib/python3.12/site-packages/airflow/example_dags/example_complex.py
[2025-01-27T00:15:08.557+0000] {processor.py:914} INFO - Processing file /home/airflow/.local/lib/python3.12/site-packages/airflow/example_dags/example_complex.py for tasks to queue
[2025-01-27T00:15:08.559+0000] {logging_mixin.py:190} INFO - [2025-01-27T00:15:08.559+0000] {dagbag.py:588} INFO - Filling up the DagBag from /home/airflow/.local/lib/python3.12/site-packages/airflow/example_dags/example_complex.py
[2025-01-27T00:15:08.574+0000] {processor.py:925} INFO - DAG(s) 'example_complex' retrieved from /home/airflow/.local/lib/python3.12/site-packages/airflow/example_dags/example_complex.py
[2025-01-27T00:15:08.607+0000] {logging_mixin.py:190} INFO - [2025-01-27T00:15:08.606+0000] {dag.py:3239} INFO - Sync 1 DAGs
[2025-01-27T00:15:08.624+0000] {logging_mixin.py:190} INFO - [2025-01-27T00:15:08.624+0000] {dag.py:4180} INFO - Setting next_dagrun for example_complex to None, run_after=None
[2025-01-27T00:15:08.644+0000] {processor.py:208} INFO - Processing /home/airflow/.local/lib/python3.12/site-packages/airflow/example_dags/example_complex.py took 0.094 seconds
[2025-01-27T00:16:27.976+0000] {processor.py:186} INFO - Started process (PID=50) to work on /home/airflow/.local/lib/python3.12/site-packages/airflow/example_dags/example_complex.py
[2025-01-27T00:16:27.977+0000] {processor.py:914} INFO - Processing file /home/airflow/.local/lib/python3.12/site-packages/airflow/example_dags/example_complex.py for tasks to queue
[2025-01-27T00:16:27.980+0000] {logging_mixin.py:190} INFO - [2025-01-27T00:16:27.980+0000] {dagbag.py:588} INFO - Filling up the DagBag from /home/airflow/.local/lib/python3.12/site-packages/airflow/example_dags/example_complex.py
[2025-01-27T00:16:27.993+0000] {processor.py:925} INFO - DAG(s) 'example_complex' retrieved from /home/airflow/.local/lib/python3.12/site-packages/airflow/example_dags/example_complex.py
[2025-01-27T00:16:28.029+0000] {logging_mixin.py:190} INFO - [2025-01-27T00:16:28.028+0000] {dag.py:3239} INFO - Sync 1 DAGs
[2025-01-27T00:16:28.043+0000] {logging_mixin.py:190} INFO - [2025-01-27T00:16:28.043+0000] {dag.py:4180} INFO - Setting next_dagrun for example_complex to None, run_after=None
[2025-01-27T00:16:28.064+0000] {processor.py:208} INFO - Processing /home/airflow/.local/lib/python3.12/site-packages/airflow/example_dags/example_complex.py took 0.094 seconds
[2025-01-27T00:16:59.324+0000] {processor.py:186} INFO - Started process (PID=123) to work on /home/airflow/.local/lib/python3.12/site-packages/airflow/example_dags/example_complex.py
[2025-01-27T00:16:59.325+0000] {processor.py:914} INFO - Processing file /home/airflow/.local/lib/python3.12/site-packages/airflow/example_dags/example_complex.py for tasks to queue
[2025-01-27T00:16:59.327+0000] {logging_mixin.py:190} INFO - [2025-01-27T00:16:59.327+0000] {dagbag.py:588} INFO - Filling up the DagBag from /home/airflow/.local/lib/python3.12/site-packages/airflow/example_dags/example_complex.py
[2025-01-27T00:16:59.341+0000] {processor.py:925} INFO - DAG(s) 'example_complex' retrieved from /home/airflow/.local/lib/python3.12/site-packages/airflow/example_dags/example_complex.py
[2025-01-27T00:16:59.374+0000] {logging_mixin.py:190} INFO - [2025-01-27T00:16:59.373+0000] {dag.py:3239} INFO - Sync 1 DAGs
[2025-01-27T00:16:59.389+0000] {logging_mixin.py:190} INFO - [2025-01-27T00:16:59.389+0000] {dag.py:4180} INFO - Setting next_dagrun for example_complex to None, run_after=None
[2025-01-27T00:16:59.408+0000] {processor.py:208} INFO - Processing /home/airflow/.local/lib/python3.12/site-packages/airflow/example_dags/example_complex.py took 0.090 seconds
[2025-01-27T00:17:29.935+0000] {processor.py:186} INFO - Started process (PID=188) to work on /home/airflow/.local/lib/python3.12/site-packages/airflow/example_dags/example_complex.py
[2025-01-27T00:17:29.936+0000] {processor.py:914} INFO - Processing file /home/airflow/.local/lib/python3.12/site-packages/airflow/example_dags/example_complex.py for tasks to queue
[2025-01-27T00:17:29.938+0000] {logging_mixin.py:190} INFO - [2025-01-27T00:17:29.938+0000] {dagbag.py:588} INFO - Filling up the DagBag from /home/airflow/.local/lib/python3.12/site-packages/airflow/example_dags/example_complex.py
[2025-01-27T00:17:29.949+0000] {processor.py:925} INFO - DAG(s) 'example_complex' retrieved from /home/airflow/.local/lib/python3.12/site-packages/airflow/example_dags/example_complex.py
[2025-01-27T00:17:30.007+0000] {logging_mixin.py:190} INFO - [2025-01-27T00:17:30.007+0000] {dag.py:3239} INFO - Sync 1 DAGs
[2025-01-27T00:17:30.028+0000] {logging_mixin.py:190} INFO - [2025-01-27T00:17:30.028+0000] {dag.py:4180} INFO - Setting next_dagrun for example_complex to None, run_after=None
[2025-01-27T00:17:30.052+0000] {processor.py:208} INFO - Processing /home/airflow/.local/lib/python3.12/site-packages/airflow/example_dags/example_complex.py took 0.122 seconds
[2025-01-27T00:18:00.174+0000] {processor.py:186} INFO - Started process (PID=253) to work on /home/airflow/.local/lib/python3.12/site-packages/airflow/example_dags/example_complex.py
[2025-01-27T00:18:00.175+0000] {processor.py:914} INFO - Processing file /home/airflow/.local/lib/python3.12/site-packages/airflow/example_dags/example_complex.py for tasks to queue
[2025-01-27T00:18:00.178+0000] {logging_mixin.py:190} INFO - [2025-01-27T00:18:00.178+0000] {dagbag.py:588} INFO - Filling up the DagBag from /home/airflow/.local/lib/python3.12/site-packages/airflow/example_dags/example_complex.py
[2025-01-27T00:18:00.193+0000] {processor.py:925} INFO - DAG(s) 'example_complex' retrieved from /home/airflow/.local/lib/python3.12/site-packages/airflow/example_dags/example_complex.py
[2025-01-27T00:18:00.225+0000] {logging_mixin.py:190} INFO - [2025-01-27T00:18:00.224+0000] {dag.py:3239} INFO - Sync 1 DAGs
[2025-01-27T00:18:00.240+0000] {logging_mixin.py:190} INFO - [2025-01-27T00:18:00.239+0000] {dag.py:4180} INFO - Setting next_dagrun for example_complex to None, run_after=None
[2025-01-27T00:18:00.260+0000] {processor.py:208} INFO - Processing /home/airflow/.local/lib/python3.12/site-packages/airflow/example_dags/example_complex.py took 0.093 seconds
[2025-01-27T00:18:30.923+0000] {processor.py:186} INFO - Started process (PID=319) to work on /home/airflow/.local/lib/python3.12/site-packages/airflow/example_dags/example_complex.py
[2025-01-27T00:18:30.924+0000] {processor.py:914} INFO - Processing file /home/airflow/.local/lib/python3.12/site-packages/airflow/example_dags/example_complex.py for tasks to queue
[2025-01-27T00:18:30.926+0000] {logging_mixin.py:190} INFO - [2025-01-27T00:18:30.926+0000] {dagbag.py:588} INFO - Filling up the DagBag from /home/airflow/.local/lib/python3.12/site-packages/airflow/example_dags/example_complex.py
[2025-01-27T00:18:30.938+0000] {processor.py:925} INFO - DAG(s) 'example_complex' retrieved from /home/airflow/.local/lib/python3.12/site-packages/airflow/example_dags/example_complex.py
[2025-01-27T00:18:30.967+0000] {logging_mixin.py:190} INFO - [2025-01-27T00:18:30.967+0000] {dag.py:3239} INFO - Sync 1 DAGs
[2025-01-27T00:18:30.981+0000] {logging_mixin.py:190} INFO - [2025-01-27T00:18:30.980+0000] {dag.py:4180} INFO - Setting next_dagrun for example_complex to None, run_after=None
[2025-01-27T00:18:31.002+0000] {processor.py:208} INFO - Processing /home/airflow/.local/lib/python3.12/site-packages/airflow/example_dags/example_complex.py took 0.085 seconds
[2025-01-27T00:19:01.346+0000] {processor.py:186} INFO - Started process (PID=385) to work on /home/airflow/.local/lib/python3.12/site-packages/airflow/example_dags/example_complex.py
[2025-01-27T00:19:01.347+0000] {processor.py:914} INFO - Processing file /home/airflow/.local/lib/python3.12/site-packages/airflow/example_dags/example_complex.py for tasks to queue
[2025-01-27T00:19:01.350+0000] {logging_mixin.py:190} INFO - [2025-01-27T00:19:01.350+0000] {dagbag.py:588} INFO - Filling up the DagBag from /home/airflow/.local/lib/python3.12/site-packages/airflow/example_dags/example_complex.py
[2025-01-27T00:19:01.362+0000] {processor.py:925} INFO - DAG(s) 'example_complex' retrieved from /home/airflow/.local/lib/python3.12/site-packages/airflow/example_dags/example_complex.py
[2025-01-27T00:19:01.410+0000] {logging_mixin.py:190} INFO - [2025-01-27T00:19:01.410+0000] {dag.py:3239} INFO - Sync 1 DAGs
[2025-01-27T00:19:01.439+0000] {logging_mixin.py:190} INFO - [2025-01-27T00:19:01.439+0000] {dag.py:4180} INFO - Setting next_dagrun for example_complex to None, run_after=None
[2025-01-27T00:19:01.469+0000] {processor.py:208} INFO - Processing /home/airflow/.local/lib/python3.12/site-packages/airflow/example_dags/example_complex.py took 0.128 seconds
[2025-01-27T00:19:31.953+0000] {processor.py:186} INFO - Started process (PID=450) to work on /home/airflow/.local/lib/python3.12/site-packages/airflow/example_dags/example_complex.py
[2025-01-27T00:19:31.954+0000] {processor.py:914} INFO - Processing file /home/airflow/.local/lib/python3.12/site-packages/airflow/example_dags/example_complex.py for tasks to queue
[2025-01-27T00:19:31.957+0000] {logging_mixin.py:190} INFO - [2025-01-27T00:19:31.957+0000] {dagbag.py:588} INFO - Filling up the DagBag from /home/airflow/.local/lib/python3.12/site-packages/airflow/example_dags/example_complex.py
[2025-01-27T00:19:31.970+0000] {processor.py:925} INFO - DAG(s) 'example_complex' retrieved from /home/airflow/.local/lib/python3.12/site-packages/airflow/example_dags/example_complex.py
[2025-01-27T00:19:32.004+0000] {logging_mixin.py:190} INFO - [2025-01-27T00:19:32.004+0000] {dag.py:3239} INFO - Sync 1 DAGs
[2025-01-27T00:19:32.023+0000] {logging_mixin.py:190} INFO - [2025-01-27T00:19:32.023+0000] {dag.py:4180} INFO - Setting next_dagrun for example_complex to None, run_after=None
[2025-01-27T00:19:32.047+0000] {processor.py:208} INFO - Processing /home/airflow/.local/lib/python3.12/site-packages/airflow/example_dags/example_complex.py took 0.101 seconds
[2025-01-27T00:20:02.239+0000] {processor.py:186} INFO - Started process (PID=516) to work on /home/airflow/.local/lib/python3.12/site-packages/airflow/example_dags/example_complex.py
[2025-01-27T00:20:02.240+0000] {processor.py:914} INFO - Processing file /home/airflow/.local/lib/python3.12/site-packages/airflow/example_dags/example_complex.py for tasks to queue
[2025-01-27T00:20:02.243+0000] {logging_mixin.py:190} INFO - [2025-01-27T00:20:02.242+0000] {dagbag.py:588} INFO - Filling up the DagBag from /home/airflow/.local/lib/python3.12/site-packages/airflow/example_dags/example_complex.py
[2025-01-27T00:20:02.255+0000] {processor.py:925} INFO - DAG(s) 'example_complex' retrieved from /home/airflow/.local/lib/python3.12/site-packages/airflow/example_dags/example_complex.py
[2025-01-27T00:20:02.285+0000] {logging_mixin.py:190} INFO - [2025-01-27T00:20:02.285+0000] {dag.py:3239} INFO - Sync 1 DAGs
[2025-01-27T00:20:02.299+0000] {logging_mixin.py:190} INFO - [2025-01-27T00:20:02.298+0000] {dag.py:4180} INFO - Setting next_dagrun for example_complex to None, run_after=None
[2025-01-27T00:20:02.319+0000] {processor.py:208} INFO - Processing /home/airflow/.local/lib/python3.12/site-packages/airflow/example_dags/example_complex.py took 0.088 seconds
[2025-01-27T00:20:32.420+0000] {processor.py:186} INFO - Started process (PID=582) to work on /home/airflow/.local/lib/python3.12/site-packages/airflow/example_dags/example_complex.py
[2025-01-27T00:20:32.421+0000] {processor.py:914} INFO - Processing file /home/airflow/.local/lib/python3.12/site-packages/airflow/example_dags/example_complex.py for tasks to queue
[2025-01-27T00:20:32.424+0000] {logging_mixin.py:190} INFO - [2025-01-27T00:20:32.424+0000] {dagbag.py:588} INFO - Filling up the DagBag from /home/airflow/.local/lib/python3.12/site-packages/airflow/example_dags/example_complex.py
[2025-01-27T00:20:32.436+0000] {processor.py:925} INFO - DAG(s) 'example_complex' retrieved from /home/airflow/.local/lib/python3.12/site-packages/airflow/example_dags/example_complex.py
[2025-01-27T00:20:32.470+0000] {logging_mixin.py:190} INFO - [2025-01-27T00:20:32.469+0000] {dag.py:3239} INFO - Sync 1 DAGs
[2025-01-27T00:20:32.484+0000] {logging_mixin.py:190} INFO - [2025-01-27T00:20:32.484+0000] {dag.py:4180} INFO - Setting next_dagrun for example_complex to None, run_after=None
[2025-01-27T00:20:32.506+0000] {processor.py:208} INFO - Processing /home/airflow/.local/lib/python3.12/site-packages/airflow/example_dags/example_complex.py took 0.094 seconds
[2025-01-27T00:21:02.808+0000] {processor.py:186} INFO - Started process (PID=648) to work on /home/airflow/.local/lib/python3.12/site-packages/airflow/example_dags/example_complex.py
[2025-01-27T00:21:02.809+0000] {processor.py:914} INFO - Processing file /home/airflow/.local/lib/python3.12/site-packages/airflow/example_dags/example_complex.py for tasks to queue
[2025-01-27T00:21:02.812+0000] {logging_mixin.py:190} INFO - [2025-01-27T00:21:02.812+0000] {dagbag.py:588} INFO - Filling up the DagBag from /home/airflow/.local/lib/python3.12/site-packages/airflow/example_dags/example_complex.py
[2025-01-27T00:21:02.831+0000] {processor.py:925} INFO - DAG(s) 'example_complex' retrieved from /home/airflow/.local/lib/python3.12/site-packages/airflow/example_dags/example_complex.py
[2025-01-27T00:21:02.875+0000] {logging_mixin.py:190} INFO - [2025-01-27T00:21:02.875+0000] {dag.py:3239} INFO - Sync 1 DAGs
[2025-01-27T00:21:02.895+0000] {logging_mixin.py:190} INFO - [2025-01-27T00:21:02.895+0000] {dag.py:4180} INFO - Setting next_dagrun for example_complex to None, run_after=None
[2025-01-27T00:21:02.923+0000] {processor.py:208} INFO - Processing /home/airflow/.local/lib/python3.12/site-packages/airflow/example_dags/example_complex.py took 0.123 seconds
[2025-01-27T00:21:33.555+0000] {processor.py:186} INFO - Started process (PID=715) to work on /home/airflow/.local/lib/python3.12/site-packages/airflow/example_dags/example_complex.py
[2025-01-27T00:21:33.556+0000] {processor.py:914} INFO - Processing file /home/airflow/.local/lib/python3.12/site-packages/airflow/example_dags/example_complex.py for tasks to queue
[2025-01-27T00:21:33.560+0000] {logging_mixin.py:190} INFO - [2025-01-27T00:21:33.559+0000] {dagbag.py:588} INFO - Filling up the DagBag from /home/airflow/.local/lib/python3.12/site-packages/airflow/example_dags/example_complex.py
[2025-01-27T00:21:33.575+0000] {processor.py:925} INFO - DAG(s) 'example_complex' retrieved from /home/airflow/.local/lib/python3.12/site-packages/airflow/example_dags/example_complex.py
[2025-01-27T00:21:33.618+0000] {logging_mixin.py:190} INFO - [2025-01-27T00:21:33.617+0000] {dag.py:3239} INFO - Sync 1 DAGs
[2025-01-27T00:21:33.641+0000] {logging_mixin.py:190} INFO - [2025-01-27T00:21:33.640+0000] {dag.py:4180} INFO - Setting next_dagrun for example_complex to None, run_after=None
[2025-01-27T00:21:33.668+0000] {processor.py:208} INFO - Processing /home/airflow/.local/lib/python3.12/site-packages/airflow/example_dags/example_complex.py took 0.120 seconds
[2025-01-27T00:22:04.323+0000] {processor.py:186} INFO - Started process (PID=781) to work on /home/airflow/.local/lib/python3.12/site-packages/airflow/example_dags/example_complex.py
[2025-01-27T00:22:04.324+0000] {processor.py:914} INFO - Processing file /home/airflow/.local/lib/python3.12/site-packages/airflow/example_dags/example_complex.py for tasks to queue
[2025-01-27T00:22:04.328+0000] {logging_mixin.py:190} INFO - [2025-01-27T00:22:04.327+0000] {dagbag.py:588} INFO - Filling up the DagBag from /home/airflow/.local/lib/python3.12/site-packages/airflow/example_dags/example_complex.py
[2025-01-27T00:22:04.353+0000] {processor.py:925} INFO - DAG(s) 'example_complex' retrieved from /home/airflow/.local/lib/python3.12/site-packages/airflow/example_dags/example_complex.py
[2025-01-27T00:22:04.416+0000] {logging_mixin.py:190} INFO - [2025-01-27T00:22:04.416+0000] {dag.py:3239} INFO - Sync 1 DAGs
[2025-01-27T00:22:04.462+0000] {logging_mixin.py:190} INFO - [2025-01-27T00:22:04.461+0000] {dag.py:4180} INFO - Setting next_dagrun for example_complex to None, run_after=None
[2025-01-27T00:22:04.518+0000] {processor.py:208} INFO - Processing /home/airflow/.local/lib/python3.12/site-packages/airflow/example_dags/example_complex.py took 0.205 seconds
[2025-01-27T00:22:35.547+0000] {processor.py:186} INFO - Started process (PID=847) to work on /home/airflow/.local/lib/python3.12/site-packages/airflow/example_dags/example_complex.py
[2025-01-27T00:22:35.550+0000] {processor.py:914} INFO - Processing file /home/airflow/.local/lib/python3.12/site-packages/airflow/example_dags/example_complex.py for tasks to queue
[2025-01-27T00:22:35.553+0000] {logging_mixin.py:190} INFO - [2025-01-27T00:22:35.553+0000] {dagbag.py:588} INFO - Filling up the DagBag from /home/airflow/.local/lib/python3.12/site-packages/airflow/example_dags/example_complex.py
[2025-01-27T00:22:35.568+0000] {processor.py:925} INFO - DAG(s) 'example_complex' retrieved from /home/airflow/.local/lib/python3.12/site-packages/airflow/example_dags/example_complex.py
[2025-01-27T00:22:35.606+0000] {logging_mixin.py:190} INFO - [2025-01-27T00:22:35.605+0000] {dag.py:3239} INFO - Sync 1 DAGs
[2025-01-27T00:22:35.623+0000] {logging_mixin.py:190} INFO - [2025-01-27T00:22:35.623+0000] {dag.py:4180} INFO - Setting next_dagrun for example_complex to None, run_after=None
[2025-01-27T00:22:35.644+0000] {processor.py:208} INFO - Processing /home/airflow/.local/lib/python3.12/site-packages/airflow/example_dags/example_complex.py took 0.104 seconds
[2025-01-27T00:26:32.283+0000] {processor.py:186} INFO - Started process (PID=57) to work on /home/airflow/.local/lib/python3.12/site-packages/airflow/example_dags/example_complex.py
[2025-01-27T00:26:32.284+0000] {processor.py:914} INFO - Processing file /home/airflow/.local/lib/python3.12/site-packages/airflow/example_dags/example_complex.py for tasks to queue
[2025-01-27T00:26:32.288+0000] {logging_mixin.py:190} INFO - [2025-01-27T00:26:32.287+0000] {dagbag.py:588} INFO - Filling up the DagBag from /home/airflow/.local/lib/python3.12/site-packages/airflow/example_dags/example_complex.py
[2025-01-27T00:26:32.311+0000] {processor.py:925} INFO - DAG(s) 'example_complex' retrieved from /home/airflow/.local/lib/python3.12/site-packages/airflow/example_dags/example_complex.py
[2025-01-27T00:26:32.358+0000] {logging_mixin.py:190} INFO - [2025-01-27T00:26:32.358+0000] {dag.py:3239} INFO - Sync 1 DAGs
[2025-01-27T00:26:32.379+0000] {logging_mixin.py:190} INFO - [2025-01-27T00:26:32.379+0000] {dag.py:4180} INFO - Setting next_dagrun for example_complex to None, run_after=None
[2025-01-27T00:26:32.405+0000] {processor.py:208} INFO - Processing /home/airflow/.local/lib/python3.12/site-packages/airflow/example_dags/example_complex.py took 0.133 seconds
[2025-01-27T00:27:04.254+0000] {processor.py:186} INFO - Started process (PID=124) to work on /home/airflow/.local/lib/python3.12/site-packages/airflow/example_dags/example_complex.py
[2025-01-27T00:27:04.256+0000] {processor.py:914} INFO - Processing file /home/airflow/.local/lib/python3.12/site-packages/airflow/example_dags/example_complex.py for tasks to queue
[2025-01-27T00:27:04.259+0000] {logging_mixin.py:190} INFO - [2025-01-27T00:27:04.258+0000] {dagbag.py:588} INFO - Filling up the DagBag from /home/airflow/.local/lib/python3.12/site-packages/airflow/example_dags/example_complex.py
[2025-01-27T00:27:04.272+0000] {processor.py:925} INFO - DAG(s) 'example_complex' retrieved from /home/airflow/.local/lib/python3.12/site-packages/airflow/example_dags/example_complex.py
[2025-01-27T00:27:04.315+0000] {logging_mixin.py:190} INFO - [2025-01-27T00:27:04.315+0000] {dag.py:3239} INFO - Sync 1 DAGs
[2025-01-27T00:27:04.344+0000] {logging_mixin.py:190} INFO - [2025-01-27T00:27:04.344+0000] {dag.py:4180} INFO - Setting next_dagrun for example_complex to None, run_after=None
[2025-01-27T00:27:04.374+0000] {processor.py:208} INFO - Processing /home/airflow/.local/lib/python3.12/site-packages/airflow/example_dags/example_complex.py took 0.128 seconds
[2025-01-27T00:27:35.149+0000] {processor.py:186} INFO - Started process (PID=189) to work on /home/airflow/.local/lib/python3.12/site-packages/airflow/example_dags/example_complex.py
[2025-01-27T00:27:35.150+0000] {processor.py:914} INFO - Processing file /home/airflow/.local/lib/python3.12/site-packages/airflow/example_dags/example_complex.py for tasks to queue
[2025-01-27T00:27:35.154+0000] {logging_mixin.py:190} INFO - [2025-01-27T00:27:35.153+0000] {dagbag.py:588} INFO - Filling up the DagBag from /home/airflow/.local/lib/python3.12/site-packages/airflow/example_dags/example_complex.py
[2025-01-27T00:27:35.173+0000] {processor.py:925} INFO - DAG(s) 'example_complex' retrieved from /home/airflow/.local/lib/python3.12/site-packages/airflow/example_dags/example_complex.py
[2025-01-27T00:27:35.224+0000] {logging_mixin.py:190} INFO - [2025-01-27T00:27:35.223+0000] {dag.py:3239} INFO - Sync 1 DAGs
[2025-01-27T00:27:35.250+0000] {logging_mixin.py:190} INFO - [2025-01-27T00:27:35.250+0000] {dag.py:4180} INFO - Setting next_dagrun for example_complex to None, run_after=None
[2025-01-27T00:27:35.280+0000] {processor.py:208} INFO - Processing /home/airflow/.local/lib/python3.12/site-packages/airflow/example_dags/example_complex.py took 0.140 seconds
[2025-01-27T00:28:05.873+0000] {processor.py:186} INFO - Started process (PID=255) to work on /home/airflow/.local/lib/python3.12/site-packages/airflow/example_dags/example_complex.py
[2025-01-27T00:28:05.874+0000] {processor.py:914} INFO - Processing file /home/airflow/.local/lib/python3.12/site-packages/airflow/example_dags/example_complex.py for tasks to queue
[2025-01-27T00:28:05.877+0000] {logging_mixin.py:190} INFO - [2025-01-27T00:28:05.876+0000] {dagbag.py:588} INFO - Filling up the DagBag from /home/airflow/.local/lib/python3.12/site-packages/airflow/example_dags/example_complex.py
[2025-01-27T00:28:05.893+0000] {processor.py:925} INFO - DAG(s) 'example_complex' retrieved from /home/airflow/.local/lib/python3.12/site-packages/airflow/example_dags/example_complex.py
[2025-01-27T00:28:05.936+0000] {logging_mixin.py:190} INFO - [2025-01-27T00:28:05.936+0000] {dag.py:3239} INFO - Sync 1 DAGs
[2025-01-27T00:28:05.954+0000] {logging_mixin.py:190} INFO - [2025-01-27T00:28:05.954+0000] {dag.py:4180} INFO - Setting next_dagrun for example_complex to None, run_after=None
[2025-01-27T00:28:05.976+0000] {processor.py:208} INFO - Processing /home/airflow/.local/lib/python3.12/site-packages/airflow/example_dags/example_complex.py took 0.110 seconds
[2025-01-27T00:29:30.001+0000] {processor.py:186} INFO - Started process (PID=50) to work on /home/airflow/.local/lib/python3.12/site-packages/airflow/example_dags/example_complex.py
[2025-01-27T00:29:30.002+0000] {processor.py:914} INFO - Processing file /home/airflow/.local/lib/python3.12/site-packages/airflow/example_dags/example_complex.py for tasks to queue
[2025-01-27T00:29:30.005+0000] {logging_mixin.py:190} INFO - [2025-01-27T00:29:30.004+0000] {dagbag.py:588} INFO - Filling up the DagBag from /home/airflow/.local/lib/python3.12/site-packages/airflow/example_dags/example_complex.py
[2025-01-27T00:29:30.022+0000] {processor.py:925} INFO - DAG(s) 'example_complex' retrieved from /home/airflow/.local/lib/python3.12/site-packages/airflow/example_dags/example_complex.py
[2025-01-27T00:29:30.054+0000] {logging_mixin.py:190} INFO - [2025-01-27T00:29:30.054+0000] {dag.py:3239} INFO - Sync 1 DAGs
[2025-01-27T00:29:30.071+0000] {logging_mixin.py:190} INFO - [2025-01-27T00:29:30.071+0000] {dag.py:4180} INFO - Setting next_dagrun for example_complex to None, run_after=None
[2025-01-27T00:29:30.090+0000] {processor.py:208} INFO - Processing /home/airflow/.local/lib/python3.12/site-packages/airflow/example_dags/example_complex.py took 0.097 seconds
[2025-01-27T00:30:01.124+0000] {processor.py:186} INFO - Started process (PID=115) to work on /home/airflow/.local/lib/python3.12/site-packages/airflow/example_dags/example_complex.py
[2025-01-27T00:30:01.125+0000] {processor.py:914} INFO - Processing file /home/airflow/.local/lib/python3.12/site-packages/airflow/example_dags/example_complex.py for tasks to queue
[2025-01-27T00:30:01.127+0000] {logging_mixin.py:190} INFO - [2025-01-27T00:30:01.127+0000] {dagbag.py:588} INFO - Filling up the DagBag from /home/airflow/.local/lib/python3.12/site-packages/airflow/example_dags/example_complex.py
[2025-01-27T00:30:01.139+0000] {processor.py:925} INFO - DAG(s) 'example_complex' retrieved from /home/airflow/.local/lib/python3.12/site-packages/airflow/example_dags/example_complex.py
[2025-01-27T00:30:01.173+0000] {logging_mixin.py:190} INFO - [2025-01-27T00:30:01.173+0000] {dag.py:3239} INFO - Sync 1 DAGs
[2025-01-27T00:30:01.190+0000] {logging_mixin.py:190} INFO - [2025-01-27T00:30:01.190+0000] {dag.py:4180} INFO - Setting next_dagrun for example_complex to None, run_after=None
[2025-01-27T00:30:01.208+0000] {processor.py:208} INFO - Processing /home/airflow/.local/lib/python3.12/site-packages/airflow/example_dags/example_complex.py took 0.090 seconds
[2025-01-27T00:30:33.852+0000] {processor.py:186} INFO - Started process (PID=181) to work on /home/airflow/.local/lib/python3.12/site-packages/airflow/example_dags/example_complex.py
[2025-01-27T00:30:33.853+0000] {processor.py:914} INFO - Processing file /home/airflow/.local/lib/python3.12/site-packages/airflow/example_dags/example_complex.py for tasks to queue
[2025-01-27T00:30:33.856+0000] {logging_mixin.py:190} INFO - [2025-01-27T00:30:33.856+0000] {dagbag.py:588} INFO - Filling up the DagBag from /home/airflow/.local/lib/python3.12/site-packages/airflow/example_dags/example_complex.py
[2025-01-27T00:30:33.894+0000] {processor.py:925} INFO - DAG(s) 'example_complex' retrieved from /home/airflow/.local/lib/python3.12/site-packages/airflow/example_dags/example_complex.py
[2025-01-27T00:30:34.016+0000] {logging_mixin.py:190} INFO - [2025-01-27T00:30:34.015+0000] {dag.py:3239} INFO - Sync 1 DAGs
[2025-01-27T00:30:34.046+0000] {logging_mixin.py:190} INFO - [2025-01-27T00:30:34.046+0000] {dag.py:4180} INFO - Setting next_dagrun for example_complex to None, run_after=None
[2025-01-27T00:30:34.077+0000] {processor.py:208} INFO - Processing /home/airflow/.local/lib/python3.12/site-packages/airflow/example_dags/example_complex.py took 0.236 seconds
[2025-01-27T00:31:04.746+0000] {processor.py:186} INFO - Started process (PID=247) to work on /home/airflow/.local/lib/python3.12/site-packages/airflow/example_dags/example_complex.py
[2025-01-27T00:31:04.747+0000] {processor.py:914} INFO - Processing file /home/airflow/.local/lib/python3.12/site-packages/airflow/example_dags/example_complex.py for tasks to queue
[2025-01-27T00:31:04.756+0000] {logging_mixin.py:190} INFO - [2025-01-27T00:31:04.754+0000] {dagbag.py:588} INFO - Filling up the DagBag from /home/airflow/.local/lib/python3.12/site-packages/airflow/example_dags/example_complex.py
[2025-01-27T00:31:04.778+0000] {processor.py:925} INFO - DAG(s) 'example_complex' retrieved from /home/airflow/.local/lib/python3.12/site-packages/airflow/example_dags/example_complex.py
[2025-01-27T00:31:04.859+0000] {logging_mixin.py:190} INFO - [2025-01-27T00:31:04.856+0000] {dag.py:3239} INFO - Sync 1 DAGs
[2025-01-27T00:31:04.887+0000] {logging_mixin.py:190} INFO - [2025-01-27T00:31:04.887+0000] {dag.py:4180} INFO - Setting next_dagrun for example_complex to None, run_after=None
[2025-01-27T00:31:04.920+0000] {processor.py:208} INFO - Processing /home/airflow/.local/lib/python3.12/site-packages/airflow/example_dags/example_complex.py took 0.186 seconds
[2025-01-27T00:32:43.224+0000] {processor.py:186} INFO - Started process (PID=50) to work on /home/airflow/.local/lib/python3.12/site-packages/airflow/example_dags/example_complex.py
[2025-01-27T00:32:43.225+0000] {processor.py:914} INFO - Processing file /home/airflow/.local/lib/python3.12/site-packages/airflow/example_dags/example_complex.py for tasks to queue
[2025-01-27T00:32:43.228+0000] {logging_mixin.py:190} INFO - [2025-01-27T00:32:43.227+0000] {dagbag.py:588} INFO - Filling up the DagBag from /home/airflow/.local/lib/python3.12/site-packages/airflow/example_dags/example_complex.py
[2025-01-27T00:32:43.240+0000] {processor.py:925} INFO - DAG(s) 'example_complex' retrieved from /home/airflow/.local/lib/python3.12/site-packages/airflow/example_dags/example_complex.py
[2025-01-27T00:32:43.277+0000] {logging_mixin.py:190} INFO - [2025-01-27T00:32:43.277+0000] {dag.py:3239} INFO - Sync 1 DAGs
[2025-01-27T00:32:43.294+0000] {logging_mixin.py:190} INFO - [2025-01-27T00:32:43.294+0000] {dag.py:4180} INFO - Setting next_dagrun for example_complex to None, run_after=None
[2025-01-27T00:32:43.316+0000] {processor.py:208} INFO - Processing /home/airflow/.local/lib/python3.12/site-packages/airflow/example_dags/example_complex.py took 0.097 seconds
[2025-01-27T00:33:14.577+0000] {processor.py:186} INFO - Started process (PID=115) to work on /home/airflow/.local/lib/python3.12/site-packages/airflow/example_dags/example_complex.py
[2025-01-27T00:33:14.578+0000] {processor.py:914} INFO - Processing file /home/airflow/.local/lib/python3.12/site-packages/airflow/example_dags/example_complex.py for tasks to queue
[2025-01-27T00:33:14.580+0000] {logging_mixin.py:190} INFO - [2025-01-27T00:33:14.580+0000] {dagbag.py:588} INFO - Filling up the DagBag from /home/airflow/.local/lib/python3.12/site-packages/airflow/example_dags/example_complex.py
[2025-01-27T00:33:14.593+0000] {processor.py:925} INFO - DAG(s) 'example_complex' retrieved from /home/airflow/.local/lib/python3.12/site-packages/airflow/example_dags/example_complex.py
[2025-01-27T00:33:14.634+0000] {logging_mixin.py:190} INFO - [2025-01-27T00:33:14.634+0000] {dag.py:3239} INFO - Sync 1 DAGs
[2025-01-27T00:33:14.657+0000] {logging_mixin.py:190} INFO - [2025-01-27T00:33:14.657+0000] {dag.py:4180} INFO - Setting next_dagrun for example_complex to None, run_after=None
[2025-01-27T00:33:14.677+0000] {processor.py:208} INFO - Processing /home/airflow/.local/lib/python3.12/site-packages/airflow/example_dags/example_complex.py took 0.105 seconds
[2025-01-27T00:33:46.019+0000] {processor.py:186} INFO - Started process (PID=181) to work on /home/airflow/.local/lib/python3.12/site-packages/airflow/example_dags/example_complex.py
[2025-01-27T00:33:46.020+0000] {processor.py:914} INFO - Processing file /home/airflow/.local/lib/python3.12/site-packages/airflow/example_dags/example_complex.py for tasks to queue
[2025-01-27T00:33:46.023+0000] {logging_mixin.py:190} INFO - [2025-01-27T00:33:46.023+0000] {dagbag.py:588} INFO - Filling up the DagBag from /home/airflow/.local/lib/python3.12/site-packages/airflow/example_dags/example_complex.py
[2025-01-27T00:33:46.045+0000] {processor.py:925} INFO - DAG(s) 'example_complex' retrieved from /home/airflow/.local/lib/python3.12/site-packages/airflow/example_dags/example_complex.py
[2025-01-27T00:33:46.086+0000] {logging_mixin.py:190} INFO - [2025-01-27T00:33:46.085+0000] {dag.py:3239} INFO - Sync 1 DAGs
[2025-01-27T00:33:46.108+0000] {logging_mixin.py:190} INFO - [2025-01-27T00:33:46.108+0000] {dag.py:4180} INFO - Setting next_dagrun for example_complex to None, run_after=None
[2025-01-27T00:33:46.140+0000] {processor.py:208} INFO - Processing /home/airflow/.local/lib/python3.12/site-packages/airflow/example_dags/example_complex.py took 0.129 seconds
[2025-01-27T00:34:17.272+0000] {processor.py:186} INFO - Started process (PID=247) to work on /home/airflow/.local/lib/python3.12/site-packages/airflow/example_dags/example_complex.py
[2025-01-27T00:34:17.273+0000] {processor.py:914} INFO - Processing file /home/airflow/.local/lib/python3.12/site-packages/airflow/example_dags/example_complex.py for tasks to queue
[2025-01-27T00:34:17.276+0000] {logging_mixin.py:190} INFO - [2025-01-27T00:34:17.275+0000] {dagbag.py:588} INFO - Filling up the DagBag from /home/airflow/.local/lib/python3.12/site-packages/airflow/example_dags/example_complex.py
[2025-01-27T00:34:17.290+0000] {processor.py:925} INFO - DAG(s) 'example_complex' retrieved from /home/airflow/.local/lib/python3.12/site-packages/airflow/example_dags/example_complex.py
[2025-01-27T00:34:17.333+0000] {logging_mixin.py:190} INFO - [2025-01-27T00:34:17.333+0000] {dag.py:3239} INFO - Sync 1 DAGs
[2025-01-27T00:34:17.355+0000] {logging_mixin.py:190} INFO - [2025-01-27T00:34:17.355+0000] {dag.py:4180} INFO - Setting next_dagrun for example_complex to None, run_after=None
[2025-01-27T00:34:17.386+0000] {processor.py:208} INFO - Processing /home/airflow/.local/lib/python3.12/site-packages/airflow/example_dags/example_complex.py took 0.120 seconds
[2025-01-27T00:34:48.776+0000] {processor.py:186} INFO - Started process (PID=313) to work on /home/airflow/.local/lib/python3.12/site-packages/airflow/example_dags/example_complex.py
[2025-01-27T00:34:48.777+0000] {processor.py:914} INFO - Processing file /home/airflow/.local/lib/python3.12/site-packages/airflow/example_dags/example_complex.py for tasks to queue
[2025-01-27T00:34:48.779+0000] {logging_mixin.py:190} INFO - [2025-01-27T00:34:48.779+0000] {dagbag.py:588} INFO - Filling up the DagBag from /home/airflow/.local/lib/python3.12/site-packages/airflow/example_dags/example_complex.py
[2025-01-27T00:34:48.793+0000] {processor.py:925} INFO - DAG(s) 'example_complex' retrieved from /home/airflow/.local/lib/python3.12/site-packages/airflow/example_dags/example_complex.py
[2025-01-27T00:34:48.825+0000] {logging_mixin.py:190} INFO - [2025-01-27T00:34:48.825+0000] {dag.py:3239} INFO - Sync 1 DAGs
[2025-01-27T00:34:48.840+0000] {logging_mixin.py:190} INFO - [2025-01-27T00:34:48.840+0000] {dag.py:4180} INFO - Setting next_dagrun for example_complex to None, run_after=None
[2025-01-27T00:34:48.860+0000] {processor.py:208} INFO - Processing /home/airflow/.local/lib/python3.12/site-packages/airflow/example_dags/example_complex.py took 0.091 seconds
[2025-01-27T00:35:19.909+0000] {processor.py:186} INFO - Started process (PID=379) to work on /home/airflow/.local/lib/python3.12/site-packages/airflow/example_dags/example_complex.py
[2025-01-27T00:35:19.911+0000] {processor.py:914} INFO - Processing file /home/airflow/.local/lib/python3.12/site-packages/airflow/example_dags/example_complex.py for tasks to queue
[2025-01-27T00:35:19.914+0000] {logging_mixin.py:190} INFO - [2025-01-27T00:35:19.914+0000] {dagbag.py:588} INFO - Filling up the DagBag from /home/airflow/.local/lib/python3.12/site-packages/airflow/example_dags/example_complex.py
[2025-01-27T00:35:19.937+0000] {processor.py:925} INFO - DAG(s) 'example_complex' retrieved from /home/airflow/.local/lib/python3.12/site-packages/airflow/example_dags/example_complex.py
[2025-01-27T00:35:19.992+0000] {logging_mixin.py:190} INFO - [2025-01-27T00:35:19.992+0000] {dag.py:3239} INFO - Sync 1 DAGs
[2025-01-27T00:35:20.009+0000] {logging_mixin.py:190} INFO - [2025-01-27T00:35:20.008+0000] {dag.py:4180} INFO - Setting next_dagrun for example_complex to None, run_after=None
[2025-01-27T00:35:20.035+0000] {processor.py:208} INFO - Processing /home/airflow/.local/lib/python3.12/site-packages/airflow/example_dags/example_complex.py took 0.133 seconds
[2025-01-27T00:35:51.164+0000] {processor.py:186} INFO - Started process (PID=451) to work on /home/airflow/.local/lib/python3.12/site-packages/airflow/example_dags/example_complex.py
[2025-01-27T00:35:51.165+0000] {processor.py:914} INFO - Processing file /home/airflow/.local/lib/python3.12/site-packages/airflow/example_dags/example_complex.py for tasks to queue
[2025-01-27T00:35:51.168+0000] {logging_mixin.py:190} INFO - [2025-01-27T00:35:51.168+0000] {dagbag.py:588} INFO - Filling up the DagBag from /home/airflow/.local/lib/python3.12/site-packages/airflow/example_dags/example_complex.py
[2025-01-27T00:35:51.182+0000] {processor.py:925} INFO - DAG(s) 'example_complex' retrieved from /home/airflow/.local/lib/python3.12/site-packages/airflow/example_dags/example_complex.py
[2025-01-27T00:35:51.219+0000] {logging_mixin.py:190} INFO - [2025-01-27T00:35:51.218+0000] {dag.py:3239} INFO - Sync 1 DAGs
[2025-01-27T00:35:51.237+0000] {logging_mixin.py:190} INFO - [2025-01-27T00:35:51.237+0000] {dag.py:4180} INFO - Setting next_dagrun for example_complex to None, run_after=None
[2025-01-27T00:35:51.256+0000] {processor.py:208} INFO - Processing /home/airflow/.local/lib/python3.12/site-packages/airflow/example_dags/example_complex.py took 0.099 seconds
[2025-01-27T00:36:22.184+0000] {processor.py:186} INFO - Started process (PID=518) to work on /home/airflow/.local/lib/python3.12/site-packages/airflow/example_dags/example_complex.py
[2025-01-27T00:36:22.186+0000] {processor.py:914} INFO - Processing file /home/airflow/.local/lib/python3.12/site-packages/airflow/example_dags/example_complex.py for tasks to queue
[2025-01-27T00:36:22.189+0000] {logging_mixin.py:190} INFO - [2025-01-27T00:36:22.188+0000] {dagbag.py:588} INFO - Filling up the DagBag from /home/airflow/.local/lib/python3.12/site-packages/airflow/example_dags/example_complex.py
[2025-01-27T00:36:22.209+0000] {processor.py:925} INFO - DAG(s) 'example_complex' retrieved from /home/airflow/.local/lib/python3.12/site-packages/airflow/example_dags/example_complex.py
[2025-01-27T00:36:22.245+0000] {logging_mixin.py:190} INFO - [2025-01-27T00:36:22.245+0000] {dag.py:3239} INFO - Sync 1 DAGs
[2025-01-27T00:36:22.263+0000] {logging_mixin.py:190} INFO - [2025-01-27T00:36:22.263+0000] {dag.py:4180} INFO - Setting next_dagrun for example_complex to None, run_after=None
[2025-01-27T00:36:22.282+0000] {processor.py:208} INFO - Processing /home/airflow/.local/lib/python3.12/site-packages/airflow/example_dags/example_complex.py took 0.105 seconds
[2025-01-27T00:36:53.524+0000] {processor.py:186} INFO - Started process (PID=584) to work on /home/airflow/.local/lib/python3.12/site-packages/airflow/example_dags/example_complex.py
[2025-01-27T00:36:53.526+0000] {processor.py:914} INFO - Processing file /home/airflow/.local/lib/python3.12/site-packages/airflow/example_dags/example_complex.py for tasks to queue
[2025-01-27T00:36:53.528+0000] {logging_mixin.py:190} INFO - [2025-01-27T00:36:53.528+0000] {dagbag.py:588} INFO - Filling up the DagBag from /home/airflow/.local/lib/python3.12/site-packages/airflow/example_dags/example_complex.py
[2025-01-27T00:36:53.545+0000] {processor.py:925} INFO - DAG(s) 'example_complex' retrieved from /home/airflow/.local/lib/python3.12/site-packages/airflow/example_dags/example_complex.py
[2025-01-27T00:36:53.584+0000] {logging_mixin.py:190} INFO - [2025-01-27T00:36:53.584+0000] {dag.py:3239} INFO - Sync 1 DAGs
[2025-01-27T00:36:53.604+0000] {logging_mixin.py:190} INFO - [2025-01-27T00:36:53.604+0000] {dag.py:4180} INFO - Setting next_dagrun for example_complex to None, run_after=None
[2025-01-27T00:36:53.631+0000] {processor.py:208} INFO - Processing /home/airflow/.local/lib/python3.12/site-packages/airflow/example_dags/example_complex.py took 0.115 seconds
[2025-01-27T00:37:24.777+0000] {processor.py:186} INFO - Started process (PID=650) to work on /home/airflow/.local/lib/python3.12/site-packages/airflow/example_dags/example_complex.py
[2025-01-27T00:37:24.778+0000] {processor.py:914} INFO - Processing file /home/airflow/.local/lib/python3.12/site-packages/airflow/example_dags/example_complex.py for tasks to queue
[2025-01-27T00:37:24.782+0000] {logging_mixin.py:190} INFO - [2025-01-27T00:37:24.781+0000] {dagbag.py:588} INFO - Filling up the DagBag from /home/airflow/.local/lib/python3.12/site-packages/airflow/example_dags/example_complex.py
[2025-01-27T00:37:24.804+0000] {processor.py:925} INFO - DAG(s) 'example_complex' retrieved from /home/airflow/.local/lib/python3.12/site-packages/airflow/example_dags/example_complex.py
[2025-01-27T00:37:24.851+0000] {logging_mixin.py:190} INFO - [2025-01-27T00:37:24.850+0000] {dag.py:3239} INFO - Sync 1 DAGs
[2025-01-27T00:37:24.875+0000] {logging_mixin.py:190} INFO - [2025-01-27T00:37:24.875+0000] {dag.py:4180} INFO - Setting next_dagrun for example_complex to None, run_after=None
[2025-01-27T00:37:24.900+0000] {processor.py:208} INFO - Processing /home/airflow/.local/lib/python3.12/site-packages/airflow/example_dags/example_complex.py took 0.130 seconds
[2025-01-27T00:37:55.743+0000] {processor.py:186} INFO - Started process (PID=717) to work on /home/airflow/.local/lib/python3.12/site-packages/airflow/example_dags/example_complex.py
[2025-01-27T00:37:55.744+0000] {processor.py:914} INFO - Processing file /home/airflow/.local/lib/python3.12/site-packages/airflow/example_dags/example_complex.py for tasks to queue
[2025-01-27T00:37:55.747+0000] {logging_mixin.py:190} INFO - [2025-01-27T00:37:55.747+0000] {dagbag.py:588} INFO - Filling up the DagBag from /home/airflow/.local/lib/python3.12/site-packages/airflow/example_dags/example_complex.py
[2025-01-27T00:37:55.763+0000] {processor.py:925} INFO - DAG(s) 'example_complex' retrieved from /home/airflow/.local/lib/python3.12/site-packages/airflow/example_dags/example_complex.py
[2025-01-27T00:37:55.805+0000] {logging_mixin.py:190} INFO - [2025-01-27T00:37:55.804+0000] {dag.py:3239} INFO - Sync 1 DAGs
[2025-01-27T00:37:55.823+0000] {logging_mixin.py:190} INFO - [2025-01-27T00:37:55.822+0000] {dag.py:4180} INFO - Setting next_dagrun for example_complex to None, run_after=None
[2025-01-27T00:37:55.846+0000] {processor.py:208} INFO - Processing /home/airflow/.local/lib/python3.12/site-packages/airflow/example_dags/example_complex.py took 0.111 seconds
[2025-01-27T00:38:27.263+0000] {processor.py:186} INFO - Started process (PID=783) to work on /home/airflow/.local/lib/python3.12/site-packages/airflow/example_dags/example_complex.py
[2025-01-27T00:38:27.265+0000] {processor.py:914} INFO - Processing file /home/airflow/.local/lib/python3.12/site-packages/airflow/example_dags/example_complex.py for tasks to queue
[2025-01-27T00:38:27.269+0000] {logging_mixin.py:190} INFO - [2025-01-27T00:38:27.268+0000] {dagbag.py:588} INFO - Filling up the DagBag from /home/airflow/.local/lib/python3.12/site-packages/airflow/example_dags/example_complex.py
[2025-01-27T00:38:27.288+0000] {processor.py:925} INFO - DAG(s) 'example_complex' retrieved from /home/airflow/.local/lib/python3.12/site-packages/airflow/example_dags/example_complex.py
[2025-01-27T00:38:27.343+0000] {logging_mixin.py:190} INFO - [2025-01-27T00:38:27.343+0000] {dag.py:3239} INFO - Sync 1 DAGs
[2025-01-27T00:38:27.373+0000] {logging_mixin.py:190} INFO - [2025-01-27T00:38:27.372+0000] {dag.py:4180} INFO - Setting next_dagrun for example_complex to None, run_after=None
[2025-01-27T00:38:27.422+0000] {processor.py:208} INFO - Processing /home/airflow/.local/lib/python3.12/site-packages/airflow/example_dags/example_complex.py took 0.167 seconds
[2025-01-27T00:38:58.240+0000] {processor.py:186} INFO - Started process (PID=849) to work on /home/airflow/.local/lib/python3.12/site-packages/airflow/example_dags/example_complex.py
[2025-01-27T00:38:58.241+0000] {processor.py:914} INFO - Processing file /home/airflow/.local/lib/python3.12/site-packages/airflow/example_dags/example_complex.py for tasks to queue
[2025-01-27T00:38:58.244+0000] {logging_mixin.py:190} INFO - [2025-01-27T00:38:58.244+0000] {dagbag.py:588} INFO - Filling up the DagBag from /home/airflow/.local/lib/python3.12/site-packages/airflow/example_dags/example_complex.py
[2025-01-27T00:38:58.263+0000] {processor.py:925} INFO - DAG(s) 'example_complex' retrieved from /home/airflow/.local/lib/python3.12/site-packages/airflow/example_dags/example_complex.py
[2025-01-27T00:38:58.311+0000] {logging_mixin.py:190} INFO - [2025-01-27T00:38:58.311+0000] {dag.py:3239} INFO - Sync 1 DAGs
[2025-01-27T00:38:58.336+0000] {logging_mixin.py:190} INFO - [2025-01-27T00:38:58.336+0000] {dag.py:4180} INFO - Setting next_dagrun for example_complex to None, run_after=None
[2025-01-27T00:38:58.368+0000] {processor.py:208} INFO - Processing /home/airflow/.local/lib/python3.12/site-packages/airflow/example_dags/example_complex.py took 0.136 seconds
[2025-01-27T00:39:29.052+0000] {processor.py:186} INFO - Started process (PID=914) to work on /home/airflow/.local/lib/python3.12/site-packages/airflow/example_dags/example_complex.py
[2025-01-27T00:39:29.053+0000] {processor.py:914} INFO - Processing file /home/airflow/.local/lib/python3.12/site-packages/airflow/example_dags/example_complex.py for tasks to queue
[2025-01-27T00:39:29.056+0000] {logging_mixin.py:190} INFO - [2025-01-27T00:39:29.055+0000] {dagbag.py:588} INFO - Filling up the DagBag from /home/airflow/.local/lib/python3.12/site-packages/airflow/example_dags/example_complex.py
[2025-01-27T00:39:29.069+0000] {processor.py:925} INFO - DAG(s) 'example_complex' retrieved from /home/airflow/.local/lib/python3.12/site-packages/airflow/example_dags/example_complex.py
[2025-01-27T00:39:29.110+0000] {logging_mixin.py:190} INFO - [2025-01-27T00:39:29.109+0000] {dag.py:3239} INFO - Sync 1 DAGs
[2025-01-27T00:39:29.128+0000] {logging_mixin.py:190} INFO - [2025-01-27T00:39:29.127+0000] {dag.py:4180} INFO - Setting next_dagrun for example_complex to None, run_after=None
[2025-01-27T00:39:29.149+0000] {processor.py:208} INFO - Processing /home/airflow/.local/lib/python3.12/site-packages/airflow/example_dags/example_complex.py took 0.103 seconds
[2025-01-27T00:39:59.767+0000] {processor.py:186} INFO - Started process (PID=980) to work on /home/airflow/.local/lib/python3.12/site-packages/airflow/example_dags/example_complex.py
[2025-01-27T00:39:59.768+0000] {processor.py:914} INFO - Processing file /home/airflow/.local/lib/python3.12/site-packages/airflow/example_dags/example_complex.py for tasks to queue
[2025-01-27T00:39:59.771+0000] {logging_mixin.py:190} INFO - [2025-01-27T00:39:59.771+0000] {dagbag.py:588} INFO - Filling up the DagBag from /home/airflow/.local/lib/python3.12/site-packages/airflow/example_dags/example_complex.py
[2025-01-27T00:39:59.787+0000] {processor.py:925} INFO - DAG(s) 'example_complex' retrieved from /home/airflow/.local/lib/python3.12/site-packages/airflow/example_dags/example_complex.py
[2025-01-27T00:39:59.819+0000] {logging_mixin.py:190} INFO - [2025-01-27T00:39:59.819+0000] {dag.py:3239} INFO - Sync 1 DAGs
[2025-01-27T00:39:59.838+0000] {logging_mixin.py:190} INFO - [2025-01-27T00:39:59.838+0000] {dag.py:4180} INFO - Setting next_dagrun for example_complex to None, run_after=None
[2025-01-27T00:39:59.859+0000] {processor.py:208} INFO - Processing /home/airflow/.local/lib/python3.12/site-packages/airflow/example_dags/example_complex.py took 0.100 seconds
[2025-01-27T00:40:30.126+0000] {processor.py:186} INFO - Started process (PID=1046) to work on /home/airflow/.local/lib/python3.12/site-packages/airflow/example_dags/example_complex.py
[2025-01-27T00:40:30.127+0000] {processor.py:914} INFO - Processing file /home/airflow/.local/lib/python3.12/site-packages/airflow/example_dags/example_complex.py for tasks to queue
[2025-01-27T00:40:30.130+0000] {logging_mixin.py:190} INFO - [2025-01-27T00:40:30.130+0000] {dagbag.py:588} INFO - Filling up the DagBag from /home/airflow/.local/lib/python3.12/site-packages/airflow/example_dags/example_complex.py
[2025-01-27T00:40:30.142+0000] {processor.py:925} INFO - DAG(s) 'example_complex' retrieved from /home/airflow/.local/lib/python3.12/site-packages/airflow/example_dags/example_complex.py
[2025-01-27T00:40:30.185+0000] {logging_mixin.py:190} INFO - [2025-01-27T00:40:30.184+0000] {dag.py:3239} INFO - Sync 1 DAGs
[2025-01-27T00:40:30.211+0000] {logging_mixin.py:190} INFO - [2025-01-27T00:40:30.211+0000] {dag.py:4180} INFO - Setting next_dagrun for example_complex to None, run_after=None
[2025-01-27T00:40:30.238+0000] {processor.py:208} INFO - Processing /home/airflow/.local/lib/python3.12/site-packages/airflow/example_dags/example_complex.py took 0.120 seconds
