[2025-01-27T00:01:15.046+0000] {processor.py:186} INFO - Started process (PID=73) to work on /home/airflow/.local/lib/python3.12/site-packages/airflow/example_dags/tutorial.py
[2025-01-27T00:01:15.048+0000] {processor.py:914} INFO - Processing file /home/airflow/.local/lib/python3.12/site-packages/airflow/example_dags/tutorial.py for tasks to queue
[2025-01-27T00:01:15.051+0000] {logging_mixin.py:190} INFO - [2025-01-27T00:01:15.051+0000] {dagbag.py:588} INFO - Filling up the DagBag from /home/airflow/.local/lib/python3.12/site-packages/airflow/example_dags/tutorial.py
[2025-01-27T00:01:15.068+0000] {processor.py:925} INFO - DAG(s) 'tutorial' retrieved from /home/airflow/.local/lib/python3.12/site-packages/airflow/example_dags/tutorial.py
[2025-01-27T00:01:15.092+0000] {logging_mixin.py:190} INFO - [2025-01-27T00:01:15.092+0000] {dag.py:3239} INFO - Sync 1 DAGs
[2025-01-27T00:01:15.121+0000] {logging_mixin.py:190} INFO - [2025-01-27T00:01:15.121+0000] {dag.py:4180} INFO - Setting next_dagrun for tutorial to 2025-01-26 00:00:00+00:00, run_after=2025-01-27 00:00:00+00:00
[2025-01-27T00:01:15.157+0000] {processor.py:208} INFO - Processing /home/airflow/.local/lib/python3.12/site-packages/airflow/example_dags/tutorial.py took 0.116 seconds
[2025-01-27T00:01:45.599+0000] {processor.py:186} INFO - Started process (PID=137) to work on /home/airflow/.local/lib/python3.12/site-packages/airflow/example_dags/tutorial.py
[2025-01-27T00:01:45.600+0000] {processor.py:914} INFO - Processing file /home/airflow/.local/lib/python3.12/site-packages/airflow/example_dags/tutorial.py for tasks to queue
[2025-01-27T00:01:45.602+0000] {logging_mixin.py:190} INFO - [2025-01-27T00:01:45.602+0000] {dagbag.py:588} INFO - Filling up the DagBag from /home/airflow/.local/lib/python3.12/site-packages/airflow/example_dags/tutorial.py
[2025-01-27T00:01:45.611+0000] {processor.py:925} INFO - DAG(s) 'tutorial' retrieved from /home/airflow/.local/lib/python3.12/site-packages/airflow/example_dags/tutorial.py
[2025-01-27T00:01:45.639+0000] {logging_mixin.py:190} INFO - [2025-01-27T00:01:45.638+0000] {dag.py:3239} INFO - Sync 1 DAGs
[2025-01-27T00:01:45.670+0000] {logging_mixin.py:190} INFO - [2025-01-27T00:01:45.670+0000] {dag.py:4180} INFO - Setting next_dagrun for tutorial to 2025-01-26 00:00:00+00:00, run_after=2025-01-27 00:00:00+00:00
[2025-01-27T00:01:45.697+0000] {processor.py:208} INFO - Processing /home/airflow/.local/lib/python3.12/site-packages/airflow/example_dags/tutorial.py took 0.104 seconds
[2025-01-27T00:02:17.251+0000] {processor.py:186} INFO - Started process (PID=202) to work on /home/airflow/.local/lib/python3.12/site-packages/airflow/example_dags/tutorial.py
[2025-01-27T00:02:17.252+0000] {processor.py:914} INFO - Processing file /home/airflow/.local/lib/python3.12/site-packages/airflow/example_dags/tutorial.py for tasks to queue
[2025-01-27T00:02:17.255+0000] {logging_mixin.py:190} INFO - [2025-01-27T00:02:17.255+0000] {dagbag.py:588} INFO - Filling up the DagBag from /home/airflow/.local/lib/python3.12/site-packages/airflow/example_dags/tutorial.py
[2025-01-27T00:02:17.263+0000] {processor.py:925} INFO - DAG(s) 'tutorial' retrieved from /home/airflow/.local/lib/python3.12/site-packages/airflow/example_dags/tutorial.py
[2025-01-27T00:02:17.283+0000] {logging_mixin.py:190} INFO - [2025-01-27T00:02:17.283+0000] {dag.py:3239} INFO - Sync 1 DAGs
[2025-01-27T00:02:17.309+0000] {logging_mixin.py:190} INFO - [2025-01-27T00:02:17.309+0000] {dag.py:4180} INFO - Setting next_dagrun for tutorial to 2025-01-26 00:00:00+00:00, run_after=2025-01-27 00:00:00+00:00
[2025-01-27T00:02:17.329+0000] {processor.py:208} INFO - Processing /home/airflow/.local/lib/python3.12/site-packages/airflow/example_dags/tutorial.py took 0.085 seconds
[2025-01-27T00:02:48.590+0000] {processor.py:186} INFO - Started process (PID=267) to work on /home/airflow/.local/lib/python3.12/site-packages/airflow/example_dags/tutorial.py
[2025-01-27T00:02:48.591+0000] {processor.py:914} INFO - Processing file /home/airflow/.local/lib/python3.12/site-packages/airflow/example_dags/tutorial.py for tasks to queue
[2025-01-27T00:02:48.593+0000] {logging_mixin.py:190} INFO - [2025-01-27T00:02:48.593+0000] {dagbag.py:588} INFO - Filling up the DagBag from /home/airflow/.local/lib/python3.12/site-packages/airflow/example_dags/tutorial.py
[2025-01-27T00:02:48.602+0000] {processor.py:925} INFO - DAG(s) 'tutorial' retrieved from /home/airflow/.local/lib/python3.12/site-packages/airflow/example_dags/tutorial.py
[2025-01-27T00:02:48.620+0000] {logging_mixin.py:190} INFO - [2025-01-27T00:02:48.620+0000] {dag.py:3239} INFO - Sync 1 DAGs
[2025-01-27T00:02:48.644+0000] {logging_mixin.py:190} INFO - [2025-01-27T00:02:48.644+0000] {dag.py:4180} INFO - Setting next_dagrun for tutorial to 2025-01-26 00:00:00+00:00, run_after=2025-01-27 00:00:00+00:00
[2025-01-27T00:02:48.673+0000] {processor.py:208} INFO - Processing /home/airflow/.local/lib/python3.12/site-packages/airflow/example_dags/tutorial.py took 0.089 seconds
[2025-01-27T00:03:20.972+0000] {processor.py:186} INFO - Started process (PID=338) to work on /home/airflow/.local/lib/python3.12/site-packages/airflow/example_dags/tutorial.py
[2025-01-27T00:03:20.974+0000] {processor.py:914} INFO - Processing file /home/airflow/.local/lib/python3.12/site-packages/airflow/example_dags/tutorial.py for tasks to queue
[2025-01-27T00:03:20.978+0000] {logging_mixin.py:190} INFO - [2025-01-27T00:03:20.977+0000] {dagbag.py:588} INFO - Filling up the DagBag from /home/airflow/.local/lib/python3.12/site-packages/airflow/example_dags/tutorial.py
[2025-01-27T00:03:20.988+0000] {processor.py:925} INFO - DAG(s) 'tutorial' retrieved from /home/airflow/.local/lib/python3.12/site-packages/airflow/example_dags/tutorial.py
[2025-01-27T00:03:21.015+0000] {logging_mixin.py:190} INFO - [2025-01-27T00:03:21.015+0000] {dag.py:3239} INFO - Sync 1 DAGs
[2025-01-27T00:03:21.050+0000] {logging_mixin.py:190} INFO - [2025-01-27T00:03:21.050+0000] {dag.py:4180} INFO - Setting next_dagrun for tutorial to 2025-01-26 00:00:00+00:00, run_after=2025-01-27 00:00:00+00:00
[2025-01-27T00:03:21.095+0000] {processor.py:208} INFO - Processing /home/airflow/.local/lib/python3.12/site-packages/airflow/example_dags/tutorial.py took 0.131 seconds
[2025-01-27T00:03:51.432+0000] {processor.py:186} INFO - Started process (PID=403) to work on /home/airflow/.local/lib/python3.12/site-packages/airflow/example_dags/tutorial.py
[2025-01-27T00:03:51.434+0000] {processor.py:914} INFO - Processing file /home/airflow/.local/lib/python3.12/site-packages/airflow/example_dags/tutorial.py for tasks to queue
[2025-01-27T00:03:51.445+0000] {logging_mixin.py:190} INFO - [2025-01-27T00:03:51.444+0000] {dagbag.py:588} INFO - Filling up the DagBag from /home/airflow/.local/lib/python3.12/site-packages/airflow/example_dags/tutorial.py
[2025-01-27T00:03:51.467+0000] {processor.py:925} INFO - DAG(s) 'tutorial' retrieved from /home/airflow/.local/lib/python3.12/site-packages/airflow/example_dags/tutorial.py
[2025-01-27T00:03:51.510+0000] {logging_mixin.py:190} INFO - [2025-01-27T00:03:51.509+0000] {dag.py:3239} INFO - Sync 1 DAGs
[2025-01-27T00:03:51.580+0000] {logging_mixin.py:190} INFO - [2025-01-27T00:03:51.580+0000] {dag.py:4180} INFO - Setting next_dagrun for tutorial to 2025-01-26 00:00:00+00:00, run_after=2025-01-27 00:00:00+00:00
[2025-01-27T00:03:51.614+0000] {processor.py:208} INFO - Processing /home/airflow/.local/lib/python3.12/site-packages/airflow/example_dags/tutorial.py took 0.197 seconds
[2025-01-27T00:04:22.426+0000] {processor.py:186} INFO - Started process (PID=468) to work on /home/airflow/.local/lib/python3.12/site-packages/airflow/example_dags/tutorial.py
[2025-01-27T00:04:22.427+0000] {processor.py:914} INFO - Processing file /home/airflow/.local/lib/python3.12/site-packages/airflow/example_dags/tutorial.py for tasks to queue
[2025-01-27T00:04:22.430+0000] {logging_mixin.py:190} INFO - [2025-01-27T00:04:22.429+0000] {dagbag.py:588} INFO - Filling up the DagBag from /home/airflow/.local/lib/python3.12/site-packages/airflow/example_dags/tutorial.py
[2025-01-27T00:04:22.439+0000] {processor.py:925} INFO - DAG(s) 'tutorial' retrieved from /home/airflow/.local/lib/python3.12/site-packages/airflow/example_dags/tutorial.py
[2025-01-27T00:04:22.459+0000] {logging_mixin.py:190} INFO - [2025-01-27T00:04:22.458+0000] {dag.py:3239} INFO - Sync 1 DAGs
[2025-01-27T00:04:22.482+0000] {logging_mixin.py:190} INFO - [2025-01-27T00:04:22.482+0000] {dag.py:4180} INFO - Setting next_dagrun for tutorial to 2025-01-26 00:00:00+00:00, run_after=2025-01-27 00:00:00+00:00
[2025-01-27T00:04:22.500+0000] {processor.py:208} INFO - Processing /home/airflow/.local/lib/python3.12/site-packages/airflow/example_dags/tutorial.py took 0.081 seconds
[2025-01-27T00:04:53.680+0000] {processor.py:186} INFO - Started process (PID=534) to work on /home/airflow/.local/lib/python3.12/site-packages/airflow/example_dags/tutorial.py
[2025-01-27T00:04:53.681+0000] {processor.py:914} INFO - Processing file /home/airflow/.local/lib/python3.12/site-packages/airflow/example_dags/tutorial.py for tasks to queue
[2025-01-27T00:04:53.684+0000] {logging_mixin.py:190} INFO - [2025-01-27T00:04:53.684+0000] {dagbag.py:588} INFO - Filling up the DagBag from /home/airflow/.local/lib/python3.12/site-packages/airflow/example_dags/tutorial.py
[2025-01-27T00:04:53.699+0000] {processor.py:925} INFO - DAG(s) 'tutorial' retrieved from /home/airflow/.local/lib/python3.12/site-packages/airflow/example_dags/tutorial.py
[2025-01-27T00:04:53.734+0000] {logging_mixin.py:190} INFO - [2025-01-27T00:04:53.734+0000] {dag.py:3239} INFO - Sync 1 DAGs
[2025-01-27T00:04:53.774+0000] {logging_mixin.py:190} INFO - [2025-01-27T00:04:53.773+0000] {dag.py:4180} INFO - Setting next_dagrun for tutorial to 2025-01-26 00:00:00+00:00, run_after=2025-01-27 00:00:00+00:00
[2025-01-27T00:04:53.808+0000] {processor.py:208} INFO - Processing /home/airflow/.local/lib/python3.12/site-packages/airflow/example_dags/tutorial.py took 0.137 seconds
[2025-01-27T00:07:12.229+0000] {processor.py:186} INFO - Started process (PID=72) to work on /home/airflow/.local/lib/python3.12/site-packages/airflow/example_dags/tutorial.py
[2025-01-27T00:07:12.230+0000] {processor.py:914} INFO - Processing file /home/airflow/.local/lib/python3.12/site-packages/airflow/example_dags/tutorial.py for tasks to queue
[2025-01-27T00:07:12.233+0000] {logging_mixin.py:190} INFO - [2025-01-27T00:07:12.233+0000] {dagbag.py:588} INFO - Filling up the DagBag from /home/airflow/.local/lib/python3.12/site-packages/airflow/example_dags/tutorial.py
[2025-01-27T00:07:12.241+0000] {processor.py:925} INFO - DAG(s) 'tutorial' retrieved from /home/airflow/.local/lib/python3.12/site-packages/airflow/example_dags/tutorial.py
[2025-01-27T00:07:12.261+0000] {logging_mixin.py:190} INFO - [2025-01-27T00:07:12.261+0000] {dag.py:3239} INFO - Sync 1 DAGs
[2025-01-27T00:07:12.287+0000] {logging_mixin.py:190} INFO - [2025-01-27T00:07:12.287+0000] {dag.py:4180} INFO - Setting next_dagrun for tutorial to 2025-01-26 00:00:00+00:00, run_after=2025-01-27 00:00:00+00:00
[2025-01-27T00:07:12.309+0000] {processor.py:208} INFO - Processing /home/airflow/.local/lib/python3.12/site-packages/airflow/example_dags/tutorial.py took 0.085 seconds
[2025-01-27T00:07:43.560+0000] {processor.py:186} INFO - Started process (PID=138) to work on /home/airflow/.local/lib/python3.12/site-packages/airflow/example_dags/tutorial.py
[2025-01-27T00:07:43.561+0000] {processor.py:914} INFO - Processing file /home/airflow/.local/lib/python3.12/site-packages/airflow/example_dags/tutorial.py for tasks to queue
[2025-01-27T00:07:43.564+0000] {logging_mixin.py:190} INFO - [2025-01-27T00:07:43.563+0000] {dagbag.py:588} INFO - Filling up the DagBag from /home/airflow/.local/lib/python3.12/site-packages/airflow/example_dags/tutorial.py
[2025-01-27T00:07:43.571+0000] {processor.py:925} INFO - DAG(s) 'tutorial' retrieved from /home/airflow/.local/lib/python3.12/site-packages/airflow/example_dags/tutorial.py
[2025-01-27T00:07:43.589+0000] {logging_mixin.py:190} INFO - [2025-01-27T00:07:43.589+0000] {dag.py:3239} INFO - Sync 1 DAGs
[2025-01-27T00:07:43.611+0000] {logging_mixin.py:190} INFO - [2025-01-27T00:07:43.610+0000] {dag.py:4180} INFO - Setting next_dagrun for tutorial to 2025-01-26 00:00:00+00:00, run_after=2025-01-27 00:00:00+00:00
[2025-01-27T00:07:43.629+0000] {processor.py:208} INFO - Processing /home/airflow/.local/lib/python3.12/site-packages/airflow/example_dags/tutorial.py took 0.074 seconds
[2025-01-27T00:08:14.629+0000] {processor.py:186} INFO - Started process (PID=203) to work on /home/airflow/.local/lib/python3.12/site-packages/airflow/example_dags/tutorial.py
[2025-01-27T00:08:14.631+0000] {processor.py:914} INFO - Processing file /home/airflow/.local/lib/python3.12/site-packages/airflow/example_dags/tutorial.py for tasks to queue
[2025-01-27T00:08:14.634+0000] {logging_mixin.py:190} INFO - [2025-01-27T00:08:14.634+0000] {dagbag.py:588} INFO - Filling up the DagBag from /home/airflow/.local/lib/python3.12/site-packages/airflow/example_dags/tutorial.py
[2025-01-27T00:08:14.647+0000] {processor.py:925} INFO - DAG(s) 'tutorial' retrieved from /home/airflow/.local/lib/python3.12/site-packages/airflow/example_dags/tutorial.py
[2025-01-27T00:08:14.683+0000] {logging_mixin.py:190} INFO - [2025-01-27T00:08:14.682+0000] {dag.py:3239} INFO - Sync 1 DAGs
[2025-01-27T00:08:14.721+0000] {logging_mixin.py:190} INFO - [2025-01-27T00:08:14.721+0000] {dag.py:4180} INFO - Setting next_dagrun for tutorial to 2025-01-26 00:00:00+00:00, run_after=2025-01-27 00:00:00+00:00
[2025-01-27T00:08:14.757+0000] {processor.py:208} INFO - Processing /home/airflow/.local/lib/python3.12/site-packages/airflow/example_dags/tutorial.py took 0.137 seconds
[2025-01-27T00:08:46.426+0000] {processor.py:186} INFO - Started process (PID=268) to work on /home/airflow/.local/lib/python3.12/site-packages/airflow/example_dags/tutorial.py
[2025-01-27T00:08:46.427+0000] {processor.py:914} INFO - Processing file /home/airflow/.local/lib/python3.12/site-packages/airflow/example_dags/tutorial.py for tasks to queue
[2025-01-27T00:08:46.431+0000] {logging_mixin.py:190} INFO - [2025-01-27T00:08:46.430+0000] {dagbag.py:588} INFO - Filling up the DagBag from /home/airflow/.local/lib/python3.12/site-packages/airflow/example_dags/tutorial.py
[2025-01-27T00:08:46.442+0000] {processor.py:925} INFO - DAG(s) 'tutorial' retrieved from /home/airflow/.local/lib/python3.12/site-packages/airflow/example_dags/tutorial.py
[2025-01-27T00:08:46.469+0000] {logging_mixin.py:190} INFO - [2025-01-27T00:08:46.469+0000] {dag.py:3239} INFO - Sync 1 DAGs
[2025-01-27T00:08:46.512+0000] {logging_mixin.py:190} INFO - [2025-01-27T00:08:46.512+0000] {dag.py:4180} INFO - Setting next_dagrun for tutorial to 2025-01-26 00:00:00+00:00, run_after=2025-01-27 00:00:00+00:00
[2025-01-27T00:08:46.543+0000] {processor.py:208} INFO - Processing /home/airflow/.local/lib/python3.12/site-packages/airflow/example_dags/tutorial.py took 0.127 seconds
[2025-01-27T00:09:17.559+0000] {processor.py:186} INFO - Started process (PID=333) to work on /home/airflow/.local/lib/python3.12/site-packages/airflow/example_dags/tutorial.py
[2025-01-27T00:09:17.561+0000] {processor.py:914} INFO - Processing file /home/airflow/.local/lib/python3.12/site-packages/airflow/example_dags/tutorial.py for tasks to queue
[2025-01-27T00:09:17.564+0000] {logging_mixin.py:190} INFO - [2025-01-27T00:09:17.563+0000] {dagbag.py:588} INFO - Filling up the DagBag from /home/airflow/.local/lib/python3.12/site-packages/airflow/example_dags/tutorial.py
[2025-01-27T00:09:17.576+0000] {processor.py:925} INFO - DAG(s) 'tutorial' retrieved from /home/airflow/.local/lib/python3.12/site-packages/airflow/example_dags/tutorial.py
[2025-01-27T00:09:17.601+0000] {logging_mixin.py:190} INFO - [2025-01-27T00:09:17.601+0000] {dag.py:3239} INFO - Sync 1 DAGs
[2025-01-27T00:09:17.645+0000] {logging_mixin.py:190} INFO - [2025-01-27T00:09:17.645+0000] {dag.py:4180} INFO - Setting next_dagrun for tutorial to 2025-01-26 00:00:00+00:00, run_after=2025-01-27 00:00:00+00:00
[2025-01-27T00:09:17.672+0000] {processor.py:208} INFO - Processing /home/airflow/.local/lib/python3.12/site-packages/airflow/example_dags/tutorial.py took 0.120 seconds
[2025-01-27T00:09:48.561+0000] {processor.py:186} INFO - Started process (PID=404) to work on /home/airflow/.local/lib/python3.12/site-packages/airflow/example_dags/tutorial.py
[2025-01-27T00:09:48.562+0000] {processor.py:914} INFO - Processing file /home/airflow/.local/lib/python3.12/site-packages/airflow/example_dags/tutorial.py for tasks to queue
[2025-01-27T00:09:48.565+0000] {logging_mixin.py:190} INFO - [2025-01-27T00:09:48.564+0000] {dagbag.py:588} INFO - Filling up the DagBag from /home/airflow/.local/lib/python3.12/site-packages/airflow/example_dags/tutorial.py
[2025-01-27T00:09:48.573+0000] {processor.py:925} INFO - DAG(s) 'tutorial' retrieved from /home/airflow/.local/lib/python3.12/site-packages/airflow/example_dags/tutorial.py
[2025-01-27T00:09:48.592+0000] {logging_mixin.py:190} INFO - [2025-01-27T00:09:48.591+0000] {dag.py:3239} INFO - Sync 1 DAGs
[2025-01-27T00:09:48.615+0000] {logging_mixin.py:190} INFO - [2025-01-27T00:09:48.615+0000] {dag.py:4180} INFO - Setting next_dagrun for tutorial to 2025-01-26 00:00:00+00:00, run_after=2025-01-27 00:00:00+00:00
[2025-01-27T00:09:48.633+0000] {processor.py:208} INFO - Processing /home/airflow/.local/lib/python3.12/site-packages/airflow/example_dags/tutorial.py took 0.077 seconds
[2025-01-27T00:10:20.023+0000] {processor.py:186} INFO - Started process (PID=468) to work on /home/airflow/.local/lib/python3.12/site-packages/airflow/example_dags/tutorial.py
[2025-01-27T00:10:20.024+0000] {processor.py:914} INFO - Processing file /home/airflow/.local/lib/python3.12/site-packages/airflow/example_dags/tutorial.py for tasks to queue
[2025-01-27T00:10:20.027+0000] {logging_mixin.py:190} INFO - [2025-01-27T00:10:20.027+0000] {dagbag.py:588} INFO - Filling up the DagBag from /home/airflow/.local/lib/python3.12/site-packages/airflow/example_dags/tutorial.py
[2025-01-27T00:10:20.037+0000] {processor.py:925} INFO - DAG(s) 'tutorial' retrieved from /home/airflow/.local/lib/python3.12/site-packages/airflow/example_dags/tutorial.py
[2025-01-27T00:10:20.058+0000] {logging_mixin.py:190} INFO - [2025-01-27T00:10:20.057+0000] {dag.py:3239} INFO - Sync 1 DAGs
[2025-01-27T00:10:20.091+0000] {logging_mixin.py:190} INFO - [2025-01-27T00:10:20.091+0000] {dag.py:4180} INFO - Setting next_dagrun for tutorial to 2025-01-26 00:00:00+00:00, run_after=2025-01-27 00:00:00+00:00
[2025-01-27T00:10:20.116+0000] {processor.py:208} INFO - Processing /home/airflow/.local/lib/python3.12/site-packages/airflow/example_dags/tutorial.py took 0.098 seconds
[2025-01-27T00:10:51.591+0000] {processor.py:186} INFO - Started process (PID=533) to work on /home/airflow/.local/lib/python3.12/site-packages/airflow/example_dags/tutorial.py
[2025-01-27T00:10:51.592+0000] {processor.py:914} INFO - Processing file /home/airflow/.local/lib/python3.12/site-packages/airflow/example_dags/tutorial.py for tasks to queue
[2025-01-27T00:10:51.595+0000] {logging_mixin.py:190} INFO - [2025-01-27T00:10:51.595+0000] {dagbag.py:588} INFO - Filling up the DagBag from /home/airflow/.local/lib/python3.12/site-packages/airflow/example_dags/tutorial.py
[2025-01-27T00:10:51.603+0000] {processor.py:925} INFO - DAG(s) 'tutorial' retrieved from /home/airflow/.local/lib/python3.12/site-packages/airflow/example_dags/tutorial.py
[2025-01-27T00:10:51.620+0000] {logging_mixin.py:190} INFO - [2025-01-27T00:10:51.620+0000] {dag.py:3239} INFO - Sync 1 DAGs
[2025-01-27T00:10:51.644+0000] {logging_mixin.py:190} INFO - [2025-01-27T00:10:51.644+0000] {dag.py:4180} INFO - Setting next_dagrun for tutorial to 2025-01-26 00:00:00+00:00, run_after=2025-01-27 00:00:00+00:00
[2025-01-27T00:10:51.663+0000] {processor.py:208} INFO - Processing /home/airflow/.local/lib/python3.12/site-packages/airflow/example_dags/tutorial.py took 0.076 seconds
[2025-01-27T00:12:33.570+0000] {processor.py:186} INFO - Started process (PID=73) to work on /home/airflow/.local/lib/python3.12/site-packages/airflow/example_dags/tutorial.py
[2025-01-27T00:12:33.571+0000] {processor.py:914} INFO - Processing file /home/airflow/.local/lib/python3.12/site-packages/airflow/example_dags/tutorial.py for tasks to queue
[2025-01-27T00:12:33.575+0000] {logging_mixin.py:190} INFO - [2025-01-27T00:12:33.574+0000] {dagbag.py:588} INFO - Filling up the DagBag from /home/airflow/.local/lib/python3.12/site-packages/airflow/example_dags/tutorial.py
[2025-01-27T00:12:33.583+0000] {processor.py:925} INFO - DAG(s) 'tutorial' retrieved from /home/airflow/.local/lib/python3.12/site-packages/airflow/example_dags/tutorial.py
[2025-01-27T00:12:33.603+0000] {logging_mixin.py:190} INFO - [2025-01-27T00:12:33.603+0000] {dag.py:3239} INFO - Sync 1 DAGs
[2025-01-27T00:12:33.626+0000] {logging_mixin.py:190} INFO - [2025-01-27T00:12:33.626+0000] {dag.py:4180} INFO - Setting next_dagrun for tutorial to 2025-01-26 00:00:00+00:00, run_after=2025-01-27 00:00:00+00:00
[2025-01-27T00:12:33.648+0000] {processor.py:208} INFO - Processing /home/airflow/.local/lib/python3.12/site-packages/airflow/example_dags/tutorial.py took 0.084 seconds
[2025-01-27T00:13:04.944+0000] {processor.py:186} INFO - Started process (PID=138) to work on /home/airflow/.local/lib/python3.12/site-packages/airflow/example_dags/tutorial.py
[2025-01-27T00:13:04.945+0000] {processor.py:914} INFO - Processing file /home/airflow/.local/lib/python3.12/site-packages/airflow/example_dags/tutorial.py for tasks to queue
[2025-01-27T00:13:04.947+0000] {logging_mixin.py:190} INFO - [2025-01-27T00:13:04.947+0000] {dagbag.py:588} INFO - Filling up the DagBag from /home/airflow/.local/lib/python3.12/site-packages/airflow/example_dags/tutorial.py
[2025-01-27T00:13:04.955+0000] {processor.py:925} INFO - DAG(s) 'tutorial' retrieved from /home/airflow/.local/lib/python3.12/site-packages/airflow/example_dags/tutorial.py
[2025-01-27T00:13:04.977+0000] {logging_mixin.py:190} INFO - [2025-01-27T00:13:04.977+0000] {dag.py:3239} INFO - Sync 1 DAGs
[2025-01-27T00:13:05.010+0000] {logging_mixin.py:190} INFO - [2025-01-27T00:13:05.010+0000] {dag.py:4180} INFO - Setting next_dagrun for tutorial to 2025-01-26 00:00:00+00:00, run_after=2025-01-27 00:00:00+00:00
[2025-01-27T00:13:05.031+0000] {processor.py:208} INFO - Processing /home/airflow/.local/lib/python3.12/site-packages/airflow/example_dags/tutorial.py took 0.093 seconds
[2025-01-27T00:13:36.019+0000] {processor.py:186} INFO - Started process (PID=203) to work on /home/airflow/.local/lib/python3.12/site-packages/airflow/example_dags/tutorial.py
[2025-01-27T00:13:36.020+0000] {processor.py:914} INFO - Processing file /home/airflow/.local/lib/python3.12/site-packages/airflow/example_dags/tutorial.py for tasks to queue
[2025-01-27T00:13:36.023+0000] {logging_mixin.py:190} INFO - [2025-01-27T00:13:36.022+0000] {dagbag.py:588} INFO - Filling up the DagBag from /home/airflow/.local/lib/python3.12/site-packages/airflow/example_dags/tutorial.py
[2025-01-27T00:13:36.031+0000] {processor.py:925} INFO - DAG(s) 'tutorial' retrieved from /home/airflow/.local/lib/python3.12/site-packages/airflow/example_dags/tutorial.py
[2025-01-27T00:13:36.051+0000] {logging_mixin.py:190} INFO - [2025-01-27T00:13:36.051+0000] {dag.py:3239} INFO - Sync 1 DAGs
[2025-01-27T00:13:36.074+0000] {logging_mixin.py:190} INFO - [2025-01-27T00:13:36.074+0000] {dag.py:4180} INFO - Setting next_dagrun for tutorial to 2025-01-26 00:00:00+00:00, run_after=2025-01-27 00:00:00+00:00
[2025-01-27T00:13:36.094+0000] {processor.py:208} INFO - Processing /home/airflow/.local/lib/python3.12/site-packages/airflow/example_dags/tutorial.py took 0.080 seconds
[2025-01-27T00:14:09.264+0000] {processor.py:186} INFO - Started process (PID=275) to work on /home/airflow/.local/lib/python3.12/site-packages/airflow/example_dags/tutorial.py
[2025-01-27T00:14:09.265+0000] {processor.py:914} INFO - Processing file /home/airflow/.local/lib/python3.12/site-packages/airflow/example_dags/tutorial.py for tasks to queue
[2025-01-27T00:14:09.268+0000] {logging_mixin.py:190} INFO - [2025-01-27T00:14:09.268+0000] {dagbag.py:588} INFO - Filling up the DagBag from /home/airflow/.local/lib/python3.12/site-packages/airflow/example_dags/tutorial.py
[2025-01-27T00:14:09.277+0000] {processor.py:925} INFO - DAG(s) 'tutorial' retrieved from /home/airflow/.local/lib/python3.12/site-packages/airflow/example_dags/tutorial.py
[2025-01-27T00:14:09.308+0000] {logging_mixin.py:190} INFO - [2025-01-27T00:14:09.308+0000] {dag.py:3239} INFO - Sync 1 DAGs
[2025-01-27T00:14:09.345+0000] {logging_mixin.py:190} INFO - [2025-01-27T00:14:09.345+0000] {dag.py:4180} INFO - Setting next_dagrun for tutorial to 2025-01-26 00:00:00+00:00, run_after=2025-01-27 00:00:00+00:00
[2025-01-27T00:14:09.372+0000] {processor.py:208} INFO - Processing /home/airflow/.local/lib/python3.12/site-packages/airflow/example_dags/tutorial.py took 0.113 seconds
[2025-01-27T00:14:39.858+0000] {processor.py:186} INFO - Started process (PID=340) to work on /home/airflow/.local/lib/python3.12/site-packages/airflow/example_dags/tutorial.py
[2025-01-27T00:14:39.859+0000] {processor.py:914} INFO - Processing file /home/airflow/.local/lib/python3.12/site-packages/airflow/example_dags/tutorial.py for tasks to queue
[2025-01-27T00:14:39.861+0000] {logging_mixin.py:190} INFO - [2025-01-27T00:14:39.860+0000] {dagbag.py:588} INFO - Filling up the DagBag from /home/airflow/.local/lib/python3.12/site-packages/airflow/example_dags/tutorial.py
[2025-01-27T00:14:39.869+0000] {processor.py:925} INFO - DAG(s) 'tutorial' retrieved from /home/airflow/.local/lib/python3.12/site-packages/airflow/example_dags/tutorial.py
[2025-01-27T00:14:39.888+0000] {logging_mixin.py:190} INFO - [2025-01-27T00:14:39.887+0000] {dag.py:3239} INFO - Sync 1 DAGs
[2025-01-27T00:14:39.917+0000] {logging_mixin.py:190} INFO - [2025-01-27T00:14:39.917+0000] {dag.py:4180} INFO - Setting next_dagrun for tutorial to 2025-01-26 00:00:00+00:00, run_after=2025-01-27 00:00:00+00:00
[2025-01-27T00:14:39.936+0000] {processor.py:208} INFO - Processing /home/airflow/.local/lib/python3.12/site-packages/airflow/example_dags/tutorial.py took 0.084 seconds
[2025-01-27T00:16:30.155+0000] {processor.py:186} INFO - Started process (PID=79) to work on /home/airflow/.local/lib/python3.12/site-packages/airflow/example_dags/tutorial.py
[2025-01-27T00:16:30.156+0000] {processor.py:914} INFO - Processing file /home/airflow/.local/lib/python3.12/site-packages/airflow/example_dags/tutorial.py for tasks to queue
[2025-01-27T00:16:30.159+0000] {logging_mixin.py:190} INFO - [2025-01-27T00:16:30.159+0000] {dagbag.py:588} INFO - Filling up the DagBag from /home/airflow/.local/lib/python3.12/site-packages/airflow/example_dags/tutorial.py
[2025-01-27T00:16:30.170+0000] {processor.py:925} INFO - DAG(s) 'tutorial' retrieved from /home/airflow/.local/lib/python3.12/site-packages/airflow/example_dags/tutorial.py
[2025-01-27T00:16:30.201+0000] {logging_mixin.py:190} INFO - [2025-01-27T00:16:30.201+0000] {dag.py:3239} INFO - Sync 1 DAGs
[2025-01-27T00:16:30.237+0000] {logging_mixin.py:190} INFO - [2025-01-27T00:16:30.236+0000] {dag.py:4180} INFO - Setting next_dagrun for tutorial to 2025-01-26 00:00:00+00:00, run_after=2025-01-27 00:00:00+00:00
[2025-01-27T00:16:30.285+0000] {processor.py:208} INFO - Processing /home/airflow/.local/lib/python3.12/site-packages/airflow/example_dags/tutorial.py took 0.139 seconds
[2025-01-27T00:17:01.149+0000] {processor.py:186} INFO - Started process (PID=146) to work on /home/airflow/.local/lib/python3.12/site-packages/airflow/example_dags/tutorial.py
[2025-01-27T00:17:01.150+0000] {processor.py:914} INFO - Processing file /home/airflow/.local/lib/python3.12/site-packages/airflow/example_dags/tutorial.py for tasks to queue
[2025-01-27T00:17:01.153+0000] {logging_mixin.py:190} INFO - [2025-01-27T00:17:01.153+0000] {dagbag.py:588} INFO - Filling up the DagBag from /home/airflow/.local/lib/python3.12/site-packages/airflow/example_dags/tutorial.py
[2025-01-27T00:17:01.163+0000] {processor.py:925} INFO - DAG(s) 'tutorial' retrieved from /home/airflow/.local/lib/python3.12/site-packages/airflow/example_dags/tutorial.py
[2025-01-27T00:17:01.189+0000] {logging_mixin.py:190} INFO - [2025-01-27T00:17:01.189+0000] {dag.py:3239} INFO - Sync 1 DAGs
[2025-01-27T00:17:01.217+0000] {logging_mixin.py:190} INFO - [2025-01-27T00:17:01.217+0000] {dag.py:4180} INFO - Setting next_dagrun for tutorial to 2025-01-26 00:00:00+00:00, run_after=2025-01-27 00:00:00+00:00
[2025-01-27T00:17:01.241+0000] {processor.py:208} INFO - Processing /home/airflow/.local/lib/python3.12/site-packages/airflow/example_dags/tutorial.py took 0.099 seconds
[2025-01-27T00:17:32.029+0000] {processor.py:186} INFO - Started process (PID=212) to work on /home/airflow/.local/lib/python3.12/site-packages/airflow/example_dags/tutorial.py
[2025-01-27T00:17:32.030+0000] {processor.py:914} INFO - Processing file /home/airflow/.local/lib/python3.12/site-packages/airflow/example_dags/tutorial.py for tasks to queue
[2025-01-27T00:17:32.032+0000] {logging_mixin.py:190} INFO - [2025-01-27T00:17:32.032+0000] {dagbag.py:588} INFO - Filling up the DagBag from /home/airflow/.local/lib/python3.12/site-packages/airflow/example_dags/tutorial.py
[2025-01-27T00:17:32.040+0000] {processor.py:925} INFO - DAG(s) 'tutorial' retrieved from /home/airflow/.local/lib/python3.12/site-packages/airflow/example_dags/tutorial.py
[2025-01-27T00:17:32.060+0000] {logging_mixin.py:190} INFO - [2025-01-27T00:17:32.059+0000] {dag.py:3239} INFO - Sync 1 DAGs
[2025-01-27T00:17:32.087+0000] {logging_mixin.py:190} INFO - [2025-01-27T00:17:32.087+0000] {dag.py:4180} INFO - Setting next_dagrun for tutorial to 2025-01-26 00:00:00+00:00, run_after=2025-01-27 00:00:00+00:00
[2025-01-27T00:17:32.108+0000] {processor.py:208} INFO - Processing /home/airflow/.local/lib/python3.12/site-packages/airflow/example_dags/tutorial.py took 0.085 seconds
[2025-01-27T00:18:03.638+0000] {processor.py:186} INFO - Started process (PID=278) to work on /home/airflow/.local/lib/python3.12/site-packages/airflow/example_dags/tutorial.py
[2025-01-27T00:18:03.640+0000] {processor.py:914} INFO - Processing file /home/airflow/.local/lib/python3.12/site-packages/airflow/example_dags/tutorial.py for tasks to queue
[2025-01-27T00:18:03.643+0000] {logging_mixin.py:190} INFO - [2025-01-27T00:18:03.643+0000] {dagbag.py:588} INFO - Filling up the DagBag from /home/airflow/.local/lib/python3.12/site-packages/airflow/example_dags/tutorial.py
[2025-01-27T00:18:03.657+0000] {processor.py:925} INFO - DAG(s) 'tutorial' retrieved from /home/airflow/.local/lib/python3.12/site-packages/airflow/example_dags/tutorial.py
[2025-01-27T00:18:03.692+0000] {logging_mixin.py:190} INFO - [2025-01-27T00:18:03.692+0000] {dag.py:3239} INFO - Sync 1 DAGs
[2025-01-27T00:18:03.722+0000] {logging_mixin.py:190} INFO - [2025-01-27T00:18:03.722+0000] {dag.py:4180} INFO - Setting next_dagrun for tutorial to 2025-01-26 00:00:00+00:00, run_after=2025-01-27 00:00:00+00:00
[2025-01-27T00:18:03.744+0000] {processor.py:208} INFO - Processing /home/airflow/.local/lib/python3.12/site-packages/airflow/example_dags/tutorial.py took 0.117 seconds
[2025-01-27T00:18:34.313+0000] {processor.py:186} INFO - Started process (PID=344) to work on /home/airflow/.local/lib/python3.12/site-packages/airflow/example_dags/tutorial.py
[2025-01-27T00:18:34.314+0000] {processor.py:914} INFO - Processing file /home/airflow/.local/lib/python3.12/site-packages/airflow/example_dags/tutorial.py for tasks to queue
[2025-01-27T00:18:34.316+0000] {logging_mixin.py:190} INFO - [2025-01-27T00:18:34.316+0000] {dagbag.py:588} INFO - Filling up the DagBag from /home/airflow/.local/lib/python3.12/site-packages/airflow/example_dags/tutorial.py
[2025-01-27T00:18:34.326+0000] {processor.py:925} INFO - DAG(s) 'tutorial' retrieved from /home/airflow/.local/lib/python3.12/site-packages/airflow/example_dags/tutorial.py
[2025-01-27T00:18:34.349+0000] {logging_mixin.py:190} INFO - [2025-01-27T00:18:34.348+0000] {dag.py:3239} INFO - Sync 1 DAGs
[2025-01-27T00:18:34.373+0000] {logging_mixin.py:190} INFO - [2025-01-27T00:18:34.373+0000] {dag.py:4180} INFO - Setting next_dagrun for tutorial to 2025-01-26 00:00:00+00:00, run_after=2025-01-27 00:00:00+00:00
[2025-01-27T00:18:34.392+0000] {processor.py:208} INFO - Processing /home/airflow/.local/lib/python3.12/site-packages/airflow/example_dags/tutorial.py took 0.086 seconds
[2025-01-27T00:19:06.147+0000] {processor.py:186} INFO - Started process (PID=411) to work on /home/airflow/.local/lib/python3.12/site-packages/airflow/example_dags/tutorial.py
[2025-01-27T00:19:06.155+0000] {processor.py:914} INFO - Processing file /home/airflow/.local/lib/python3.12/site-packages/airflow/example_dags/tutorial.py for tasks to queue
[2025-01-27T00:19:06.162+0000] {logging_mixin.py:190} INFO - [2025-01-27T00:19:06.162+0000] {dagbag.py:588} INFO - Filling up the DagBag from /home/airflow/.local/lib/python3.12/site-packages/airflow/example_dags/tutorial.py
[2025-01-27T00:19:06.184+0000] {processor.py:925} INFO - DAG(s) 'tutorial' retrieved from /home/airflow/.local/lib/python3.12/site-packages/airflow/example_dags/tutorial.py
[2025-01-27T00:19:06.261+0000] {logging_mixin.py:190} INFO - [2025-01-27T00:19:06.260+0000] {dag.py:3239} INFO - Sync 1 DAGs
[2025-01-27T00:19:06.355+0000] {logging_mixin.py:190} INFO - [2025-01-27T00:19:06.355+0000] {dag.py:4180} INFO - Setting next_dagrun for tutorial to 2025-01-26 00:00:00+00:00, run_after=2025-01-27 00:00:00+00:00
[2025-01-27T00:19:06.410+0000] {processor.py:208} INFO - Processing /home/airflow/.local/lib/python3.12/site-packages/airflow/example_dags/tutorial.py took 0.277 seconds
[2025-01-27T00:19:36.848+0000] {processor.py:186} INFO - Started process (PID=476) to work on /home/airflow/.local/lib/python3.12/site-packages/airflow/example_dags/tutorial.py
[2025-01-27T00:19:36.849+0000] {processor.py:914} INFO - Processing file /home/airflow/.local/lib/python3.12/site-packages/airflow/example_dags/tutorial.py for tasks to queue
[2025-01-27T00:19:36.851+0000] {logging_mixin.py:190} INFO - [2025-01-27T00:19:36.851+0000] {dagbag.py:588} INFO - Filling up the DagBag from /home/airflow/.local/lib/python3.12/site-packages/airflow/example_dags/tutorial.py
[2025-01-27T00:19:36.860+0000] {processor.py:925} INFO - DAG(s) 'tutorial' retrieved from /home/airflow/.local/lib/python3.12/site-packages/airflow/example_dags/tutorial.py
[2025-01-27T00:19:36.880+0000] {logging_mixin.py:190} INFO - [2025-01-27T00:19:36.879+0000] {dag.py:3239} INFO - Sync 1 DAGs
[2025-01-27T00:19:36.908+0000] {logging_mixin.py:190} INFO - [2025-01-27T00:19:36.908+0000] {dag.py:4180} INFO - Setting next_dagrun for tutorial to 2025-01-26 00:00:00+00:00, run_after=2025-01-27 00:00:00+00:00
[2025-01-27T00:19:36.928+0000] {processor.py:208} INFO - Processing /home/airflow/.local/lib/python3.12/site-packages/airflow/example_dags/tutorial.py took 0.086 seconds
[2025-01-27T00:20:08.460+0000] {processor.py:186} INFO - Started process (PID=542) to work on /home/airflow/.local/lib/python3.12/site-packages/airflow/example_dags/tutorial.py
[2025-01-27T00:20:08.468+0000] {processor.py:914} INFO - Processing file /home/airflow/.local/lib/python3.12/site-packages/airflow/example_dags/tutorial.py for tasks to queue
[2025-01-27T00:20:08.471+0000] {logging_mixin.py:190} INFO - [2025-01-27T00:20:08.471+0000] {dagbag.py:588} INFO - Filling up the DagBag from /home/airflow/.local/lib/python3.12/site-packages/airflow/example_dags/tutorial.py
[2025-01-27T00:20:08.481+0000] {processor.py:925} INFO - DAG(s) 'tutorial' retrieved from /home/airflow/.local/lib/python3.12/site-packages/airflow/example_dags/tutorial.py
[2025-01-27T00:20:08.501+0000] {logging_mixin.py:190} INFO - [2025-01-27T00:20:08.501+0000] {dag.py:3239} INFO - Sync 1 DAGs
[2025-01-27T00:20:08.529+0000] {logging_mixin.py:190} INFO - [2025-01-27T00:20:08.529+0000] {dag.py:4180} INFO - Setting next_dagrun for tutorial to 2025-01-26 00:00:00+00:00, run_after=2025-01-27 00:00:00+00:00
[2025-01-27T00:20:08.551+0000] {processor.py:208} INFO - Processing /home/airflow/.local/lib/python3.12/site-packages/airflow/example_dags/tutorial.py took 0.097 seconds
[2025-01-27T00:20:39.585+0000] {processor.py:186} INFO - Started process (PID=608) to work on /home/airflow/.local/lib/python3.12/site-packages/airflow/example_dags/tutorial.py
[2025-01-27T00:20:39.586+0000] {processor.py:914} INFO - Processing file /home/airflow/.local/lib/python3.12/site-packages/airflow/example_dags/tutorial.py for tasks to queue
[2025-01-27T00:20:39.596+0000] {logging_mixin.py:190} INFO - [2025-01-27T00:20:39.596+0000] {dagbag.py:588} INFO - Filling up the DagBag from /home/airflow/.local/lib/python3.12/site-packages/airflow/example_dags/tutorial.py
[2025-01-27T00:20:39.606+0000] {processor.py:925} INFO - DAG(s) 'tutorial' retrieved from /home/airflow/.local/lib/python3.12/site-packages/airflow/example_dags/tutorial.py
[2025-01-27T00:20:39.626+0000] {logging_mixin.py:190} INFO - [2025-01-27T00:20:39.626+0000] {dag.py:3239} INFO - Sync 1 DAGs
[2025-01-27T00:20:39.651+0000] {logging_mixin.py:190} INFO - [2025-01-27T00:20:39.651+0000] {dag.py:4180} INFO - Setting next_dagrun for tutorial to 2025-01-26 00:00:00+00:00, run_after=2025-01-27 00:00:00+00:00
[2025-01-27T00:20:39.673+0000] {processor.py:208} INFO - Processing /home/airflow/.local/lib/python3.12/site-packages/airflow/example_dags/tutorial.py took 0.094 seconds
[2025-01-27T00:21:11.128+0000] {processor.py:186} INFO - Started process (PID=674) to work on /home/airflow/.local/lib/python3.12/site-packages/airflow/example_dags/tutorial.py
[2025-01-27T00:21:11.129+0000] {processor.py:914} INFO - Processing file /home/airflow/.local/lib/python3.12/site-packages/airflow/example_dags/tutorial.py for tasks to queue
[2025-01-27T00:21:11.132+0000] {logging_mixin.py:190} INFO - [2025-01-27T00:21:11.131+0000] {dagbag.py:588} INFO - Filling up the DagBag from /home/airflow/.local/lib/python3.12/site-packages/airflow/example_dags/tutorial.py
[2025-01-27T00:21:11.141+0000] {processor.py:925} INFO - DAG(s) 'tutorial' retrieved from /home/airflow/.local/lib/python3.12/site-packages/airflow/example_dags/tutorial.py
[2025-01-27T00:21:11.161+0000] {logging_mixin.py:190} INFO - [2025-01-27T00:21:11.160+0000] {dag.py:3239} INFO - Sync 1 DAGs
[2025-01-27T00:21:11.190+0000] {logging_mixin.py:190} INFO - [2025-01-27T00:21:11.190+0000] {dag.py:4180} INFO - Setting next_dagrun for tutorial to 2025-01-26 00:00:00+00:00, run_after=2025-01-27 00:00:00+00:00
[2025-01-27T00:21:11.211+0000] {processor.py:208} INFO - Processing /home/airflow/.local/lib/python3.12/site-packages/airflow/example_dags/tutorial.py took 0.090 seconds
[2025-01-27T00:21:41.983+0000] {processor.py:186} INFO - Started process (PID=741) to work on /home/airflow/.local/lib/python3.12/site-packages/airflow/example_dags/tutorial.py
[2025-01-27T00:21:41.984+0000] {processor.py:914} INFO - Processing file /home/airflow/.local/lib/python3.12/site-packages/airflow/example_dags/tutorial.py for tasks to queue
[2025-01-27T00:21:41.987+0000] {logging_mixin.py:190} INFO - [2025-01-27T00:21:41.986+0000] {dagbag.py:588} INFO - Filling up the DagBag from /home/airflow/.local/lib/python3.12/site-packages/airflow/example_dags/tutorial.py
[2025-01-27T00:21:41.995+0000] {processor.py:925} INFO - DAG(s) 'tutorial' retrieved from /home/airflow/.local/lib/python3.12/site-packages/airflow/example_dags/tutorial.py
[2025-01-27T00:21:42.013+0000] {logging_mixin.py:190} INFO - [2025-01-27T00:21:42.013+0000] {dag.py:3239} INFO - Sync 1 DAGs
[2025-01-27T00:21:42.038+0000] {logging_mixin.py:190} INFO - [2025-01-27T00:21:42.038+0000] {dag.py:4180} INFO - Setting next_dagrun for tutorial to 2025-01-26 00:00:00+00:00, run_after=2025-01-27 00:00:00+00:00
[2025-01-27T00:21:42.060+0000] {processor.py:208} INFO - Processing /home/airflow/.local/lib/python3.12/site-packages/airflow/example_dags/tutorial.py took 0.084 seconds
[2025-01-27T00:22:13.269+0000] {processor.py:186} INFO - Started process (PID=807) to work on /home/airflow/.local/lib/python3.12/site-packages/airflow/example_dags/tutorial.py
[2025-01-27T00:22:13.270+0000] {processor.py:914} INFO - Processing file /home/airflow/.local/lib/python3.12/site-packages/airflow/example_dags/tutorial.py for tasks to queue
[2025-01-27T00:22:13.273+0000] {logging_mixin.py:190} INFO - [2025-01-27T00:22:13.272+0000] {dagbag.py:588} INFO - Filling up the DagBag from /home/airflow/.local/lib/python3.12/site-packages/airflow/example_dags/tutorial.py
[2025-01-27T00:22:13.282+0000] {processor.py:925} INFO - DAG(s) 'tutorial' retrieved from /home/airflow/.local/lib/python3.12/site-packages/airflow/example_dags/tutorial.py
[2025-01-27T00:22:13.300+0000] {logging_mixin.py:190} INFO - [2025-01-27T00:22:13.300+0000] {dag.py:3239} INFO - Sync 1 DAGs
[2025-01-27T00:22:13.325+0000] {logging_mixin.py:190} INFO - [2025-01-27T00:22:13.325+0000] {dag.py:4180} INFO - Setting next_dagrun for tutorial to 2025-01-26 00:00:00+00:00, run_after=2025-01-27 00:00:00+00:00
[2025-01-27T00:22:13.343+0000] {processor.py:208} INFO - Processing /home/airflow/.local/lib/python3.12/site-packages/airflow/example_dags/tutorial.py took 0.082 seconds
[2025-01-27T00:26:34.545+0000] {processor.py:186} INFO - Started process (PID=80) to work on /home/airflow/.local/lib/python3.12/site-packages/airflow/example_dags/tutorial.py
[2025-01-27T00:26:34.549+0000] {processor.py:914} INFO - Processing file /home/airflow/.local/lib/python3.12/site-packages/airflow/example_dags/tutorial.py for tasks to queue
[2025-01-27T00:26:34.558+0000] {logging_mixin.py:190} INFO - [2025-01-27T00:26:34.558+0000] {dagbag.py:588} INFO - Filling up the DagBag from /home/airflow/.local/lib/python3.12/site-packages/airflow/example_dags/tutorial.py
[2025-01-27T00:26:34.573+0000] {processor.py:925} INFO - DAG(s) 'tutorial' retrieved from /home/airflow/.local/lib/python3.12/site-packages/airflow/example_dags/tutorial.py
[2025-01-27T00:26:34.601+0000] {logging_mixin.py:190} INFO - [2025-01-27T00:26:34.600+0000] {dag.py:3239} INFO - Sync 1 DAGs
[2025-01-27T00:26:34.636+0000] {logging_mixin.py:190} INFO - [2025-01-27T00:26:34.636+0000] {dag.py:4180} INFO - Setting next_dagrun for tutorial to 2025-01-26 00:00:00+00:00, run_after=2025-01-27 00:00:00+00:00
[2025-01-27T00:26:34.664+0000] {processor.py:208} INFO - Processing /home/airflow/.local/lib/python3.12/site-packages/airflow/example_dags/tutorial.py took 0.128 seconds
[2025-01-27T00:27:05.918+0000] {processor.py:186} INFO - Started process (PID=147) to work on /home/airflow/.local/lib/python3.12/site-packages/airflow/example_dags/tutorial.py
[2025-01-27T00:27:05.919+0000] {processor.py:914} INFO - Processing file /home/airflow/.local/lib/python3.12/site-packages/airflow/example_dags/tutorial.py for tasks to queue
[2025-01-27T00:27:05.922+0000] {logging_mixin.py:190} INFO - [2025-01-27T00:27:05.922+0000] {dagbag.py:588} INFO - Filling up the DagBag from /home/airflow/.local/lib/python3.12/site-packages/airflow/example_dags/tutorial.py
[2025-01-27T00:27:05.932+0000] {processor.py:925} INFO - DAG(s) 'tutorial' retrieved from /home/airflow/.local/lib/python3.12/site-packages/airflow/example_dags/tutorial.py
[2025-01-27T00:27:05.953+0000] {logging_mixin.py:190} INFO - [2025-01-27T00:27:05.952+0000] {dag.py:3239} INFO - Sync 1 DAGs
[2025-01-27T00:27:05.980+0000] {logging_mixin.py:190} INFO - [2025-01-27T00:27:05.980+0000] {dag.py:4180} INFO - Setting next_dagrun for tutorial to 2025-01-26 00:00:00+00:00, run_after=2025-01-27 00:00:00+00:00
[2025-01-27T00:27:06.001+0000] {processor.py:208} INFO - Processing /home/airflow/.local/lib/python3.12/site-packages/airflow/example_dags/tutorial.py took 0.088 seconds
[2025-01-27T00:27:37.179+0000] {processor.py:186} INFO - Started process (PID=212) to work on /home/airflow/.local/lib/python3.12/site-packages/airflow/example_dags/tutorial.py
[2025-01-27T00:27:37.180+0000] {processor.py:914} INFO - Processing file /home/airflow/.local/lib/python3.12/site-packages/airflow/example_dags/tutorial.py for tasks to queue
[2025-01-27T00:27:37.183+0000] {logging_mixin.py:190} INFO - [2025-01-27T00:27:37.183+0000] {dagbag.py:588} INFO - Filling up the DagBag from /home/airflow/.local/lib/python3.12/site-packages/airflow/example_dags/tutorial.py
[2025-01-27T00:27:37.194+0000] {processor.py:925} INFO - DAG(s) 'tutorial' retrieved from /home/airflow/.local/lib/python3.12/site-packages/airflow/example_dags/tutorial.py
[2025-01-27T00:27:37.218+0000] {logging_mixin.py:190} INFO - [2025-01-27T00:27:37.218+0000] {dag.py:3239} INFO - Sync 1 DAGs
[2025-01-27T00:27:37.250+0000] {logging_mixin.py:190} INFO - [2025-01-27T00:27:37.250+0000] {dag.py:4180} INFO - Setting next_dagrun for tutorial to 2025-01-26 00:00:00+00:00, run_after=2025-01-27 00:00:00+00:00
[2025-01-27T00:27:37.276+0000] {processor.py:208} INFO - Processing /home/airflow/.local/lib/python3.12/site-packages/airflow/example_dags/tutorial.py took 0.105 seconds
[2025-01-27T00:28:07.821+0000] {processor.py:186} INFO - Started process (PID=278) to work on /home/airflow/.local/lib/python3.12/site-packages/airflow/example_dags/tutorial.py
[2025-01-27T00:28:07.822+0000] {processor.py:914} INFO - Processing file /home/airflow/.local/lib/python3.12/site-packages/airflow/example_dags/tutorial.py for tasks to queue
[2025-01-27T00:28:07.826+0000] {logging_mixin.py:190} INFO - [2025-01-27T00:28:07.825+0000] {dagbag.py:588} INFO - Filling up the DagBag from /home/airflow/.local/lib/python3.12/site-packages/airflow/example_dags/tutorial.py
[2025-01-27T00:28:07.834+0000] {processor.py:925} INFO - DAG(s) 'tutorial' retrieved from /home/airflow/.local/lib/python3.12/site-packages/airflow/example_dags/tutorial.py
[2025-01-27T00:28:07.852+0000] {logging_mixin.py:190} INFO - [2025-01-27T00:28:07.852+0000] {dag.py:3239} INFO - Sync 1 DAGs
[2025-01-27T00:28:07.876+0000] {logging_mixin.py:190} INFO - [2025-01-27T00:28:07.876+0000] {dag.py:4180} INFO - Setting next_dagrun for tutorial to 2025-01-26 00:00:00+00:00, run_after=2025-01-27 00:00:00+00:00
[2025-01-27T00:28:07.896+0000] {processor.py:208} INFO - Processing /home/airflow/.local/lib/python3.12/site-packages/airflow/example_dags/tutorial.py took 0.082 seconds
[2025-01-27T00:29:31.460+0000] {processor.py:186} INFO - Started process (PID=73) to work on /home/airflow/.local/lib/python3.12/site-packages/airflow/example_dags/tutorial.py
[2025-01-27T00:29:31.461+0000] {processor.py:914} INFO - Processing file /home/airflow/.local/lib/python3.12/site-packages/airflow/example_dags/tutorial.py for tasks to queue
[2025-01-27T00:29:31.472+0000] {logging_mixin.py:190} INFO - [2025-01-27T00:29:31.472+0000] {dagbag.py:588} INFO - Filling up the DagBag from /home/airflow/.local/lib/python3.12/site-packages/airflow/example_dags/tutorial.py
[2025-01-27T00:29:31.493+0000] {processor.py:925} INFO - DAG(s) 'tutorial' retrieved from /home/airflow/.local/lib/python3.12/site-packages/airflow/example_dags/tutorial.py
[2025-01-27T00:29:31.535+0000] {logging_mixin.py:190} INFO - [2025-01-27T00:29:31.535+0000] {dag.py:3239} INFO - Sync 1 DAGs
[2025-01-27T00:29:31.568+0000] {logging_mixin.py:190} INFO - [2025-01-27T00:29:31.568+0000] {dag.py:4180} INFO - Setting next_dagrun for tutorial to 2025-01-26 00:00:00+00:00, run_after=2025-01-27 00:00:00+00:00
[2025-01-27T00:29:31.596+0000] {processor.py:208} INFO - Processing /home/airflow/.local/lib/python3.12/site-packages/airflow/example_dags/tutorial.py took 0.144 seconds
[2025-01-27T00:30:03.218+0000] {processor.py:186} INFO - Started process (PID=138) to work on /home/airflow/.local/lib/python3.12/site-packages/airflow/example_dags/tutorial.py
[2025-01-27T00:30:03.219+0000] {processor.py:914} INFO - Processing file /home/airflow/.local/lib/python3.12/site-packages/airflow/example_dags/tutorial.py for tasks to queue
[2025-01-27T00:30:03.222+0000] {logging_mixin.py:190} INFO - [2025-01-27T00:30:03.221+0000] {dagbag.py:588} INFO - Filling up the DagBag from /home/airflow/.local/lib/python3.12/site-packages/airflow/example_dags/tutorial.py
[2025-01-27T00:30:03.232+0000] {processor.py:925} INFO - DAG(s) 'tutorial' retrieved from /home/airflow/.local/lib/python3.12/site-packages/airflow/example_dags/tutorial.py
[2025-01-27T00:30:03.258+0000] {logging_mixin.py:190} INFO - [2025-01-27T00:30:03.258+0000] {dag.py:3239} INFO - Sync 1 DAGs
[2025-01-27T00:30:03.287+0000] {logging_mixin.py:190} INFO - [2025-01-27T00:30:03.287+0000] {dag.py:4180} INFO - Setting next_dagrun for tutorial to 2025-01-26 00:00:00+00:00, run_after=2025-01-27 00:00:00+00:00
[2025-01-27T00:30:03.308+0000] {processor.py:208} INFO - Processing /home/airflow/.local/lib/python3.12/site-packages/airflow/example_dags/tutorial.py took 0.098 seconds
[2025-01-27T00:30:35.504+0000] {processor.py:186} INFO - Started process (PID=204) to work on /home/airflow/.local/lib/python3.12/site-packages/airflow/example_dags/tutorial.py
[2025-01-27T00:30:35.505+0000] {processor.py:914} INFO - Processing file /home/airflow/.local/lib/python3.12/site-packages/airflow/example_dags/tutorial.py for tasks to queue
[2025-01-27T00:30:35.508+0000] {logging_mixin.py:190} INFO - [2025-01-27T00:30:35.508+0000] {dagbag.py:588} INFO - Filling up the DagBag from /home/airflow/.local/lib/python3.12/site-packages/airflow/example_dags/tutorial.py
[2025-01-27T00:30:35.516+0000] {processor.py:925} INFO - DAG(s) 'tutorial' retrieved from /home/airflow/.local/lib/python3.12/site-packages/airflow/example_dags/tutorial.py
[2025-01-27T00:30:35.536+0000] {logging_mixin.py:190} INFO - [2025-01-27T00:30:35.536+0000] {dag.py:3239} INFO - Sync 1 DAGs
[2025-01-27T00:30:35.561+0000] {logging_mixin.py:190} INFO - [2025-01-27T00:30:35.560+0000] {dag.py:4180} INFO - Setting next_dagrun for tutorial to 2025-01-26 00:00:00+00:00, run_after=2025-01-27 00:00:00+00:00
[2025-01-27T00:30:35.579+0000] {processor.py:208} INFO - Processing /home/airflow/.local/lib/python3.12/site-packages/airflow/example_dags/tutorial.py took 0.081 seconds
[2025-01-27T00:31:06.442+0000] {processor.py:186} INFO - Started process (PID=275) to work on /home/airflow/.local/lib/python3.12/site-packages/airflow/example_dags/tutorial.py
[2025-01-27T00:31:06.444+0000] {processor.py:914} INFO - Processing file /home/airflow/.local/lib/python3.12/site-packages/airflow/example_dags/tutorial.py for tasks to queue
[2025-01-27T00:31:06.447+0000] {logging_mixin.py:190} INFO - [2025-01-27T00:31:06.446+0000] {dagbag.py:588} INFO - Filling up the DagBag from /home/airflow/.local/lib/python3.12/site-packages/airflow/example_dags/tutorial.py
[2025-01-27T00:31:06.458+0000] {processor.py:925} INFO - DAG(s) 'tutorial' retrieved from /home/airflow/.local/lib/python3.12/site-packages/airflow/example_dags/tutorial.py
[2025-01-27T00:31:06.485+0000] {logging_mixin.py:190} INFO - [2025-01-27T00:31:06.484+0000] {dag.py:3239} INFO - Sync 1 DAGs
[2025-01-27T00:31:06.520+0000] {logging_mixin.py:190} INFO - [2025-01-27T00:31:06.520+0000] {dag.py:4180} INFO - Setting next_dagrun for tutorial to 2025-01-26 00:00:00+00:00, run_after=2025-01-27 00:00:00+00:00
[2025-01-27T00:31:06.552+0000] {processor.py:208} INFO - Processing /home/airflow/.local/lib/python3.12/site-packages/airflow/example_dags/tutorial.py took 0.119 seconds
[2025-01-27T00:32:44.863+0000] {processor.py:186} INFO - Started process (PID=73) to work on /home/airflow/.local/lib/python3.12/site-packages/airflow/example_dags/tutorial.py
[2025-01-27T00:32:44.865+0000] {processor.py:914} INFO - Processing file /home/airflow/.local/lib/python3.12/site-packages/airflow/example_dags/tutorial.py for tasks to queue
[2025-01-27T00:32:44.868+0000] {logging_mixin.py:190} INFO - [2025-01-27T00:32:44.867+0000] {dagbag.py:588} INFO - Filling up the DagBag from /home/airflow/.local/lib/python3.12/site-packages/airflow/example_dags/tutorial.py
[2025-01-27T00:32:44.875+0000] {processor.py:925} INFO - DAG(s) 'tutorial' retrieved from /home/airflow/.local/lib/python3.12/site-packages/airflow/example_dags/tutorial.py
[2025-01-27T00:32:44.894+0000] {logging_mixin.py:190} INFO - [2025-01-27T00:32:44.894+0000] {dag.py:3239} INFO - Sync 1 DAGs
[2025-01-27T00:32:44.922+0000] {logging_mixin.py:190} INFO - [2025-01-27T00:32:44.922+0000] {dag.py:4180} INFO - Setting next_dagrun for tutorial to 2025-01-26 00:00:00+00:00, run_after=2025-01-27 00:00:00+00:00
[2025-01-27T00:32:44.944+0000] {processor.py:208} INFO - Processing /home/airflow/.local/lib/python3.12/site-packages/airflow/example_dags/tutorial.py took 0.087 seconds
[2025-01-27T00:33:16.076+0000] {processor.py:186} INFO - Started process (PID=138) to work on /home/airflow/.local/lib/python3.12/site-packages/airflow/example_dags/tutorial.py
[2025-01-27T00:33:16.077+0000] {processor.py:914} INFO - Processing file /home/airflow/.local/lib/python3.12/site-packages/airflow/example_dags/tutorial.py for tasks to queue
[2025-01-27T00:33:16.080+0000] {logging_mixin.py:190} INFO - [2025-01-27T00:33:16.080+0000] {dagbag.py:588} INFO - Filling up the DagBag from /home/airflow/.local/lib/python3.12/site-packages/airflow/example_dags/tutorial.py
[2025-01-27T00:33:16.088+0000] {processor.py:925} INFO - DAG(s) 'tutorial' retrieved from /home/airflow/.local/lib/python3.12/site-packages/airflow/example_dags/tutorial.py
[2025-01-27T00:33:16.108+0000] {logging_mixin.py:190} INFO - [2025-01-27T00:33:16.107+0000] {dag.py:3239} INFO - Sync 1 DAGs
[2025-01-27T00:33:16.134+0000] {logging_mixin.py:190} INFO - [2025-01-27T00:33:16.133+0000] {dag.py:4180} INFO - Setting next_dagrun for tutorial to 2025-01-26 00:00:00+00:00, run_after=2025-01-27 00:00:00+00:00
[2025-01-27T00:33:16.156+0000] {processor.py:208} INFO - Processing /home/airflow/.local/lib/python3.12/site-packages/airflow/example_dags/tutorial.py took 0.087 seconds
[2025-01-27T00:33:47.860+0000] {processor.py:186} INFO - Started process (PID=204) to work on /home/airflow/.local/lib/python3.12/site-packages/airflow/example_dags/tutorial.py
[2025-01-27T00:33:47.861+0000] {processor.py:914} INFO - Processing file /home/airflow/.local/lib/python3.12/site-packages/airflow/example_dags/tutorial.py for tasks to queue
[2025-01-27T00:33:47.864+0000] {logging_mixin.py:190} INFO - [2025-01-27T00:33:47.864+0000] {dagbag.py:588} INFO - Filling up the DagBag from /home/airflow/.local/lib/python3.12/site-packages/airflow/example_dags/tutorial.py
[2025-01-27T00:33:47.874+0000] {processor.py:925} INFO - DAG(s) 'tutorial' retrieved from /home/airflow/.local/lib/python3.12/site-packages/airflow/example_dags/tutorial.py
[2025-01-27T00:33:47.896+0000] {logging_mixin.py:190} INFO - [2025-01-27T00:33:47.895+0000] {dag.py:3239} INFO - Sync 1 DAGs
[2025-01-27T00:33:47.923+0000] {logging_mixin.py:190} INFO - [2025-01-27T00:33:47.923+0000] {dag.py:4180} INFO - Setting next_dagrun for tutorial to 2025-01-26 00:00:00+00:00, run_after=2025-01-27 00:00:00+00:00
[2025-01-27T00:33:47.944+0000] {processor.py:208} INFO - Processing /home/airflow/.local/lib/python3.12/site-packages/airflow/example_dags/tutorial.py took 0.091 seconds
[2025-01-27T00:34:19.204+0000] {processor.py:186} INFO - Started process (PID=270) to work on /home/airflow/.local/lib/python3.12/site-packages/airflow/example_dags/tutorial.py
[2025-01-27T00:34:19.205+0000] {processor.py:914} INFO - Processing file /home/airflow/.local/lib/python3.12/site-packages/airflow/example_dags/tutorial.py for tasks to queue
[2025-01-27T00:34:19.208+0000] {logging_mixin.py:190} INFO - [2025-01-27T00:34:19.207+0000] {dagbag.py:588} INFO - Filling up the DagBag from /home/airflow/.local/lib/python3.12/site-packages/airflow/example_dags/tutorial.py
[2025-01-27T00:34:19.220+0000] {processor.py:925} INFO - DAG(s) 'tutorial' retrieved from /home/airflow/.local/lib/python3.12/site-packages/airflow/example_dags/tutorial.py
[2025-01-27T00:34:19.242+0000] {logging_mixin.py:190} INFO - [2025-01-27T00:34:19.242+0000] {dag.py:3239} INFO - Sync 1 DAGs
[2025-01-27T00:34:19.271+0000] {logging_mixin.py:190} INFO - [2025-01-27T00:34:19.271+0000] {dag.py:4180} INFO - Setting next_dagrun for tutorial to 2025-01-26 00:00:00+00:00, run_after=2025-01-27 00:00:00+00:00
[2025-01-27T00:34:19.294+0000] {processor.py:208} INFO - Processing /home/airflow/.local/lib/python3.12/site-packages/airflow/example_dags/tutorial.py took 0.100 seconds
[2025-01-27T00:34:50.313+0000] {processor.py:186} INFO - Started process (PID=342) to work on /home/airflow/.local/lib/python3.12/site-packages/airflow/example_dags/tutorial.py
[2025-01-27T00:34:50.315+0000] {processor.py:914} INFO - Processing file /home/airflow/.local/lib/python3.12/site-packages/airflow/example_dags/tutorial.py for tasks to queue
[2025-01-27T00:34:50.317+0000] {logging_mixin.py:190} INFO - [2025-01-27T00:34:50.317+0000] {dagbag.py:588} INFO - Filling up the DagBag from /home/airflow/.local/lib/python3.12/site-packages/airflow/example_dags/tutorial.py
[2025-01-27T00:34:50.328+0000] {processor.py:925} INFO - DAG(s) 'tutorial' retrieved from /home/airflow/.local/lib/python3.12/site-packages/airflow/example_dags/tutorial.py
[2025-01-27T00:34:50.353+0000] {logging_mixin.py:190} INFO - [2025-01-27T00:34:50.352+0000] {dag.py:3239} INFO - Sync 1 DAGs
[2025-01-27T00:34:50.388+0000] {logging_mixin.py:190} INFO - [2025-01-27T00:34:50.388+0000] {dag.py:4180} INFO - Setting next_dagrun for tutorial to 2025-01-26 00:00:00+00:00, run_after=2025-01-27 00:00:00+00:00
[2025-01-27T00:34:50.412+0000] {processor.py:208} INFO - Processing /home/airflow/.local/lib/python3.12/site-packages/airflow/example_dags/tutorial.py took 0.108 seconds
[2025-01-27T00:35:21.554+0000] {processor.py:186} INFO - Started process (PID=408) to work on /home/airflow/.local/lib/python3.12/site-packages/airflow/example_dags/tutorial.py
[2025-01-27T00:35:21.555+0000] {processor.py:914} INFO - Processing file /home/airflow/.local/lib/python3.12/site-packages/airflow/example_dags/tutorial.py for tasks to queue
[2025-01-27T00:35:21.558+0000] {logging_mixin.py:190} INFO - [2025-01-27T00:35:21.558+0000] {dagbag.py:588} INFO - Filling up the DagBag from /home/airflow/.local/lib/python3.12/site-packages/airflow/example_dags/tutorial.py
[2025-01-27T00:35:21.566+0000] {processor.py:925} INFO - DAG(s) 'tutorial' retrieved from /home/airflow/.local/lib/python3.12/site-packages/airflow/example_dags/tutorial.py
[2025-01-27T00:35:21.588+0000] {logging_mixin.py:190} INFO - [2025-01-27T00:35:21.587+0000] {dag.py:3239} INFO - Sync 1 DAGs
[2025-01-27T00:35:21.611+0000] {logging_mixin.py:190} INFO - [2025-01-27T00:35:21.610+0000] {dag.py:4180} INFO - Setting next_dagrun for tutorial to 2025-01-26 00:00:00+00:00, run_after=2025-01-27 00:00:00+00:00
[2025-01-27T00:35:21.629+0000] {processor.py:208} INFO - Processing /home/airflow/.local/lib/python3.12/site-packages/airflow/example_dags/tutorial.py took 0.080 seconds
[2025-01-27T00:35:52.718+0000] {processor.py:186} INFO - Started process (PID=474) to work on /home/airflow/.local/lib/python3.12/site-packages/airflow/example_dags/tutorial.py
[2025-01-27T00:35:52.719+0000] {processor.py:914} INFO - Processing file /home/airflow/.local/lib/python3.12/site-packages/airflow/example_dags/tutorial.py for tasks to queue
[2025-01-27T00:35:52.721+0000] {logging_mixin.py:190} INFO - [2025-01-27T00:35:52.721+0000] {dagbag.py:588} INFO - Filling up the DagBag from /home/airflow/.local/lib/python3.12/site-packages/airflow/example_dags/tutorial.py
[2025-01-27T00:35:52.731+0000] {processor.py:925} INFO - DAG(s) 'tutorial' retrieved from /home/airflow/.local/lib/python3.12/site-packages/airflow/example_dags/tutorial.py
[2025-01-27T00:35:52.756+0000] {logging_mixin.py:190} INFO - [2025-01-27T00:35:52.755+0000] {dag.py:3239} INFO - Sync 1 DAGs
[2025-01-27T00:35:52.782+0000] {logging_mixin.py:190} INFO - [2025-01-27T00:35:52.782+0000] {dag.py:4180} INFO - Setting next_dagrun for tutorial to 2025-01-26 00:00:00+00:00, run_after=2025-01-27 00:00:00+00:00
[2025-01-27T00:35:52.800+0000] {processor.py:208} INFO - Processing /home/airflow/.local/lib/python3.12/site-packages/airflow/example_dags/tutorial.py took 0.088 seconds
[2025-01-27T00:36:23.660+0000] {processor.py:186} INFO - Started process (PID=541) to work on /home/airflow/.local/lib/python3.12/site-packages/airflow/example_dags/tutorial.py
[2025-01-27T00:36:23.661+0000] {processor.py:914} INFO - Processing file /home/airflow/.local/lib/python3.12/site-packages/airflow/example_dags/tutorial.py for tasks to queue
[2025-01-27T00:36:23.664+0000] {logging_mixin.py:190} INFO - [2025-01-27T00:36:23.663+0000] {dagbag.py:588} INFO - Filling up the DagBag from /home/airflow/.local/lib/python3.12/site-packages/airflow/example_dags/tutorial.py
[2025-01-27T00:36:23.672+0000] {processor.py:925} INFO - DAG(s) 'tutorial' retrieved from /home/airflow/.local/lib/python3.12/site-packages/airflow/example_dags/tutorial.py
[2025-01-27T00:36:23.691+0000] {logging_mixin.py:190} INFO - [2025-01-27T00:36:23.691+0000] {dag.py:3239} INFO - Sync 1 DAGs
[2025-01-27T00:36:23.715+0000] {logging_mixin.py:190} INFO - [2025-01-27T00:36:23.715+0000] {dag.py:4180} INFO - Setting next_dagrun for tutorial to 2025-01-26 00:00:00+00:00, run_after=2025-01-27 00:00:00+00:00
[2025-01-27T00:36:23.736+0000] {processor.py:208} INFO - Processing /home/airflow/.local/lib/python3.12/site-packages/airflow/example_dags/tutorial.py took 0.082 seconds
[2025-01-27T00:36:55.147+0000] {processor.py:186} INFO - Started process (PID=607) to work on /home/airflow/.local/lib/python3.12/site-packages/airflow/example_dags/tutorial.py
[2025-01-27T00:36:55.149+0000] {processor.py:914} INFO - Processing file /home/airflow/.local/lib/python3.12/site-packages/airflow/example_dags/tutorial.py for tasks to queue
[2025-01-27T00:36:55.152+0000] {logging_mixin.py:190} INFO - [2025-01-27T00:36:55.152+0000] {dagbag.py:588} INFO - Filling up the DagBag from /home/airflow/.local/lib/python3.12/site-packages/airflow/example_dags/tutorial.py
[2025-01-27T00:36:55.164+0000] {processor.py:925} INFO - DAG(s) 'tutorial' retrieved from /home/airflow/.local/lib/python3.12/site-packages/airflow/example_dags/tutorial.py
[2025-01-27T00:36:55.210+0000] {logging_mixin.py:190} INFO - [2025-01-27T00:36:55.208+0000] {dag.py:3239} INFO - Sync 1 DAGs
[2025-01-27T00:36:55.244+0000] {logging_mixin.py:190} INFO - [2025-01-27T00:36:55.244+0000] {dag.py:4180} INFO - Setting next_dagrun for tutorial to 2025-01-26 00:00:00+00:00, run_after=2025-01-27 00:00:00+00:00
[2025-01-27T00:36:55.272+0000] {processor.py:208} INFO - Processing /home/airflow/.local/lib/python3.12/site-packages/airflow/example_dags/tutorial.py took 0.133 seconds
[2025-01-27T00:37:27.591+0000] {processor.py:186} INFO - Started process (PID=673) to work on /home/airflow/.local/lib/python3.12/site-packages/airflow/example_dags/tutorial.py
[2025-01-27T00:37:27.592+0000] {processor.py:914} INFO - Processing file /home/airflow/.local/lib/python3.12/site-packages/airflow/example_dags/tutorial.py for tasks to queue
[2025-01-27T00:37:27.596+0000] {logging_mixin.py:190} INFO - [2025-01-27T00:37:27.595+0000] {dagbag.py:588} INFO - Filling up the DagBag from /home/airflow/.local/lib/python3.12/site-packages/airflow/example_dags/tutorial.py
[2025-01-27T00:37:27.613+0000] {processor.py:925} INFO - DAG(s) 'tutorial' retrieved from /home/airflow/.local/lib/python3.12/site-packages/airflow/example_dags/tutorial.py
[2025-01-27T00:37:27.636+0000] {logging_mixin.py:190} INFO - [2025-01-27T00:37:27.636+0000] {dag.py:3239} INFO - Sync 1 DAGs
[2025-01-27T00:37:27.672+0000] {logging_mixin.py:190} INFO - [2025-01-27T00:37:27.671+0000] {dag.py:4180} INFO - Setting next_dagrun for tutorial to 2025-01-26 00:00:00+00:00, run_after=2025-01-27 00:00:00+00:00
[2025-01-27T00:37:27.705+0000] {processor.py:208} INFO - Processing /home/airflow/.local/lib/python3.12/site-packages/airflow/example_dags/tutorial.py took 0.121 seconds
[2025-01-27T00:37:58.599+0000] {processor.py:186} INFO - Started process (PID=740) to work on /home/airflow/.local/lib/python3.12/site-packages/airflow/example_dags/tutorial.py
[2025-01-27T00:37:58.600+0000] {processor.py:914} INFO - Processing file /home/airflow/.local/lib/python3.12/site-packages/airflow/example_dags/tutorial.py for tasks to queue
[2025-01-27T00:37:58.602+0000] {logging_mixin.py:190} INFO - [2025-01-27T00:37:58.602+0000] {dagbag.py:588} INFO - Filling up the DagBag from /home/airflow/.local/lib/python3.12/site-packages/airflow/example_dags/tutorial.py
[2025-01-27T00:37:58.610+0000] {processor.py:925} INFO - DAG(s) 'tutorial' retrieved from /home/airflow/.local/lib/python3.12/site-packages/airflow/example_dags/tutorial.py
[2025-01-27T00:37:58.628+0000] {logging_mixin.py:190} INFO - [2025-01-27T00:37:58.628+0000] {dag.py:3239} INFO - Sync 1 DAGs
[2025-01-27T00:37:58.649+0000] {logging_mixin.py:190} INFO - [2025-01-27T00:37:58.649+0000] {dag.py:4180} INFO - Setting next_dagrun for tutorial to 2025-01-26 00:00:00+00:00, run_after=2025-01-27 00:00:00+00:00
[2025-01-27T00:37:58.666+0000] {processor.py:208} INFO - Processing /home/airflow/.local/lib/python3.12/site-packages/airflow/example_dags/tutorial.py took 0.072 seconds
[2025-01-27T00:38:29.903+0000] {processor.py:186} INFO - Started process (PID=806) to work on /home/airflow/.local/lib/python3.12/site-packages/airflow/example_dags/tutorial.py
[2025-01-27T00:38:29.904+0000] {processor.py:914} INFO - Processing file /home/airflow/.local/lib/python3.12/site-packages/airflow/example_dags/tutorial.py for tasks to queue
[2025-01-27T00:38:29.906+0000] {logging_mixin.py:190} INFO - [2025-01-27T00:38:29.906+0000] {dagbag.py:588} INFO - Filling up the DagBag from /home/airflow/.local/lib/python3.12/site-packages/airflow/example_dags/tutorial.py
[2025-01-27T00:38:29.915+0000] {processor.py:925} INFO - DAG(s) 'tutorial' retrieved from /home/airflow/.local/lib/python3.12/site-packages/airflow/example_dags/tutorial.py
[2025-01-27T00:38:29.936+0000] {logging_mixin.py:190} INFO - [2025-01-27T00:38:29.936+0000] {dag.py:3239} INFO - Sync 1 DAGs
[2025-01-27T00:38:29.961+0000] {logging_mixin.py:190} INFO - [2025-01-27T00:38:29.961+0000] {dag.py:4180} INFO - Setting next_dagrun for tutorial to 2025-01-26 00:00:00+00:00, run_after=2025-01-27 00:00:00+00:00
[2025-01-27T00:38:29.984+0000] {processor.py:208} INFO - Processing /home/airflow/.local/lib/python3.12/site-packages/airflow/example_dags/tutorial.py took 0.087 seconds
[2025-01-27T00:39:00.238+0000] {processor.py:186} INFO - Started process (PID=872) to work on /home/airflow/.local/lib/python3.12/site-packages/airflow/example_dags/tutorial.py
[2025-01-27T00:39:00.239+0000] {processor.py:914} INFO - Processing file /home/airflow/.local/lib/python3.12/site-packages/airflow/example_dags/tutorial.py for tasks to queue
[2025-01-27T00:39:00.242+0000] {logging_mixin.py:190} INFO - [2025-01-27T00:39:00.241+0000] {dagbag.py:588} INFO - Filling up the DagBag from /home/airflow/.local/lib/python3.12/site-packages/airflow/example_dags/tutorial.py
[2025-01-27T00:39:00.250+0000] {processor.py:925} INFO - DAG(s) 'tutorial' retrieved from /home/airflow/.local/lib/python3.12/site-packages/airflow/example_dags/tutorial.py
[2025-01-27T00:39:00.273+0000] {logging_mixin.py:190} INFO - [2025-01-27T00:39:00.272+0000] {dag.py:3239} INFO - Sync 1 DAGs
[2025-01-27T00:39:00.304+0000] {logging_mixin.py:190} INFO - [2025-01-27T00:39:00.303+0000] {dag.py:4180} INFO - Setting next_dagrun for tutorial to 2025-01-26 00:00:00+00:00, run_after=2025-01-27 00:00:00+00:00
[2025-01-27T00:39:00.328+0000] {processor.py:208} INFO - Processing /home/airflow/.local/lib/python3.12/site-packages/airflow/example_dags/tutorial.py took 0.096 seconds
[2025-01-27T00:39:31.031+0000] {processor.py:186} INFO - Started process (PID=937) to work on /home/airflow/.local/lib/python3.12/site-packages/airflow/example_dags/tutorial.py
[2025-01-27T00:39:31.032+0000] {processor.py:914} INFO - Processing file /home/airflow/.local/lib/python3.12/site-packages/airflow/example_dags/tutorial.py for tasks to queue
[2025-01-27T00:39:31.035+0000] {logging_mixin.py:190} INFO - [2025-01-27T00:39:31.035+0000] {dagbag.py:588} INFO - Filling up the DagBag from /home/airflow/.local/lib/python3.12/site-packages/airflow/example_dags/tutorial.py
[2025-01-27T00:39:31.048+0000] {processor.py:925} INFO - DAG(s) 'tutorial' retrieved from /home/airflow/.local/lib/python3.12/site-packages/airflow/example_dags/tutorial.py
[2025-01-27T00:39:31.073+0000] {logging_mixin.py:190} INFO - [2025-01-27T00:39:31.072+0000] {dag.py:3239} INFO - Sync 1 DAGs
[2025-01-27T00:39:31.114+0000] {logging_mixin.py:190} INFO - [2025-01-27T00:39:31.114+0000] {dag.py:4180} INFO - Setting next_dagrun for tutorial to 2025-01-26 00:00:00+00:00, run_after=2025-01-27 00:00:00+00:00
[2025-01-27T00:39:31.137+0000] {processor.py:208} INFO - Processing /home/airflow/.local/lib/python3.12/site-packages/airflow/example_dags/tutorial.py took 0.114 seconds
[2025-01-27T00:40:01.677+0000] {processor.py:186} INFO - Started process (PID=1003) to work on /home/airflow/.local/lib/python3.12/site-packages/airflow/example_dags/tutorial.py
[2025-01-27T00:40:01.678+0000] {processor.py:914} INFO - Processing file /home/airflow/.local/lib/python3.12/site-packages/airflow/example_dags/tutorial.py for tasks to queue
[2025-01-27T00:40:01.680+0000] {logging_mixin.py:190} INFO - [2025-01-27T00:40:01.680+0000] {dagbag.py:588} INFO - Filling up the DagBag from /home/airflow/.local/lib/python3.12/site-packages/airflow/example_dags/tutorial.py
[2025-01-27T00:40:01.689+0000] {processor.py:925} INFO - DAG(s) 'tutorial' retrieved from /home/airflow/.local/lib/python3.12/site-packages/airflow/example_dags/tutorial.py
[2025-01-27T00:40:01.710+0000] {logging_mixin.py:190} INFO - [2025-01-27T00:40:01.710+0000] {dag.py:3239} INFO - Sync 1 DAGs
[2025-01-27T00:40:01.739+0000] {logging_mixin.py:190} INFO - [2025-01-27T00:40:01.739+0000] {dag.py:4180} INFO - Setting next_dagrun for tutorial to 2025-01-26 00:00:00+00:00, run_after=2025-01-27 00:00:00+00:00
[2025-01-27T00:40:01.759+0000] {processor.py:208} INFO - Processing /home/airflow/.local/lib/python3.12/site-packages/airflow/example_dags/tutorial.py took 0.089 seconds
[2025-01-27T00:40:32.894+0000] {processor.py:186} INFO - Started process (PID=1070) to work on /home/airflow/.local/lib/python3.12/site-packages/airflow/example_dags/tutorial.py
[2025-01-27T00:40:32.895+0000] {processor.py:914} INFO - Processing file /home/airflow/.local/lib/python3.12/site-packages/airflow/example_dags/tutorial.py for tasks to queue
[2025-01-27T00:40:32.898+0000] {logging_mixin.py:190} INFO - [2025-01-27T00:40:32.897+0000] {dagbag.py:588} INFO - Filling up the DagBag from /home/airflow/.local/lib/python3.12/site-packages/airflow/example_dags/tutorial.py
[2025-01-27T00:40:32.909+0000] {processor.py:925} INFO - DAG(s) 'tutorial' retrieved from /home/airflow/.local/lib/python3.12/site-packages/airflow/example_dags/tutorial.py
[2025-01-27T00:40:32.931+0000] {logging_mixin.py:190} INFO - [2025-01-27T00:40:32.931+0000] {dag.py:3239} INFO - Sync 1 DAGs
[2025-01-27T00:40:32.957+0000] {logging_mixin.py:190} INFO - [2025-01-27T00:40:32.957+0000] {dag.py:4180} INFO - Setting next_dagrun for tutorial to 2025-01-26 00:00:00+00:00, run_after=2025-01-27 00:00:00+00:00
[2025-01-27T00:40:32.979+0000] {processor.py:208} INFO - Processing /home/airflow/.local/lib/python3.12/site-packages/airflow/example_dags/tutorial.py took 0.091 seconds
