[2025-02-11T23:35:16.764+0000] {processor.py:186} INFO - Started process (PID=43) to work on /opt/airflow/dags/app/clientes_dag.py
[2025-02-11T23:35:16.774+0000] {processor.py:914} INFO - Processing file /opt/airflow/dags/app/clientes_dag.py for tasks to queue
[2025-02-11T23:35:16.784+0000] {logging_mixin.py:190} INFO - [2025-02-11T23:35:16.783+0000] {dagbag.py:588} INFO - Filling up the DagBag from /opt/airflow/dags/app/clientes_dag.py
[2025-02-11T23:35:17.810+0000] {processor.py:925} INFO - DAG(s) 'clientes_dag' retrieved from /opt/airflow/dags/app/clientes_dag.py
[2025-02-11T23:35:17.969+0000] {logging_mixin.py:190} INFO - [2025-02-11T23:35:17.969+0000] {dag.py:3239} INFO - Sync 1 DAGs
[2025-02-11T23:35:18.171+0000] {logging_mixin.py:190} INFO - [2025-02-11T23:35:18.171+0000] {dag.py:4180} INFO - Setting next_dagrun for clientes_dag to 2025-02-11 00:00:00+00:00, run_after=2025-02-12 00:00:00+00:00
[2025-02-11T23:35:18.305+0000] {processor.py:208} INFO - Processing /opt/airflow/dags/app/clientes_dag.py took 1.551 seconds
[2025-02-11T23:35:51.810+0000] {processor.py:186} INFO - Started process (PID=113) to work on /opt/airflow/dags/app/clientes_dag.py
[2025-02-11T23:35:51.818+0000] {processor.py:914} INFO - Processing file /opt/airflow/dags/app/clientes_dag.py for tasks to queue
[2025-02-11T23:35:51.827+0000] {logging_mixin.py:190} INFO - [2025-02-11T23:35:51.827+0000] {dagbag.py:588} INFO - Filling up the DagBag from /opt/airflow/dags/app/clientes_dag.py
[2025-02-11T23:35:52.657+0000] {processor.py:925} INFO - DAG(s) 'clientes_dag' retrieved from /opt/airflow/dags/app/clientes_dag.py
[2025-02-11T23:35:52.736+0000] {logging_mixin.py:190} INFO - [2025-02-11T23:35:52.736+0000] {dag.py:3239} INFO - Sync 1 DAGs
[2025-02-11T23:35:52.867+0000] {logging_mixin.py:190} INFO - [2025-02-11T23:35:52.867+0000] {dag.py:4180} INFO - Setting next_dagrun for clientes_dag to 2025-02-11 00:00:00+00:00, run_after=2025-02-12 00:00:00+00:00
[2025-02-11T23:35:52.949+0000] {processor.py:208} INFO - Processing /opt/airflow/dags/app/clientes_dag.py took 1.147 seconds
[2025-02-11T23:36:23.275+0000] {processor.py:186} INFO - Started process (PID=184) to work on /opt/airflow/dags/app/clientes_dag.py
[2025-02-11T23:36:23.276+0000] {processor.py:914} INFO - Processing file /opt/airflow/dags/app/clientes_dag.py for tasks to queue
[2025-02-11T23:36:23.280+0000] {logging_mixin.py:190} INFO - [2025-02-11T23:36:23.279+0000] {dagbag.py:588} INFO - Filling up the DagBag from /opt/airflow/dags/app/clientes_dag.py
[2025-02-11T23:36:23.607+0000] {processor.py:925} INFO - DAG(s) 'clientes_dag' retrieved from /opt/airflow/dags/app/clientes_dag.py
[2025-02-11T23:36:23.680+0000] {logging_mixin.py:190} INFO - [2025-02-11T23:36:23.679+0000] {dag.py:3239} INFO - Sync 1 DAGs
[2025-02-11T23:36:23.783+0000] {logging_mixin.py:190} INFO - [2025-02-11T23:36:23.783+0000] {dag.py:4180} INFO - Setting next_dagrun for clientes_dag to 2025-02-11 00:00:00+00:00, run_after=2025-02-12 00:00:00+00:00
[2025-02-11T23:36:23.865+0000] {processor.py:208} INFO - Processing /opt/airflow/dags/app/clientes_dag.py took 0.611 seconds
[2025-02-11T23:36:54.688+0000] {processor.py:186} INFO - Started process (PID=257) to work on /opt/airflow/dags/app/clientes_dag.py
[2025-02-11T23:36:54.689+0000] {processor.py:914} INFO - Processing file /opt/airflow/dags/app/clientes_dag.py for tasks to queue
[2025-02-11T23:36:54.695+0000] {logging_mixin.py:190} INFO - [2025-02-11T23:36:54.695+0000] {dagbag.py:588} INFO - Filling up the DagBag from /opt/airflow/dags/app/clientes_dag.py
[2025-02-11T23:36:54.926+0000] {processor.py:925} INFO - DAG(s) 'clientes_dag' retrieved from /opt/airflow/dags/app/clientes_dag.py
[2025-02-11T23:36:54.956+0000] {logging_mixin.py:190} INFO - [2025-02-11T23:36:54.956+0000] {dag.py:3239} INFO - Sync 1 DAGs
[2025-02-11T23:36:55.012+0000] {logging_mixin.py:190} INFO - [2025-02-11T23:36:55.011+0000] {dag.py:4180} INFO - Setting next_dagrun for clientes_dag to 2025-02-11 00:00:00+00:00, run_after=2025-02-12 00:00:00+00:00
[2025-02-11T23:36:55.041+0000] {processor.py:208} INFO - Processing /opt/airflow/dags/app/clientes_dag.py took 0.359 seconds
[2025-02-11T23:37:28.486+0000] {processor.py:186} INFO - Started process (PID=312) to work on /opt/airflow/dags/app/clientes_dag.py
[2025-02-11T23:37:28.497+0000] {processor.py:914} INFO - Processing file /opt/airflow/dags/app/clientes_dag.py for tasks to queue
[2025-02-11T23:37:28.501+0000] {logging_mixin.py:190} INFO - [2025-02-11T23:37:28.500+0000] {dagbag.py:588} INFO - Filling up the DagBag from /opt/airflow/dags/app/clientes_dag.py
[2025-02-11T23:37:29.090+0000] {processor.py:925} INFO - DAG(s) 'clientes_dag' retrieved from /opt/airflow/dags/app/clientes_dag.py
[2025-02-11T23:37:29.164+0000] {logging_mixin.py:190} INFO - [2025-02-11T23:37:29.164+0000] {dag.py:3239} INFO - Sync 1 DAGs
[2025-02-11T23:37:29.253+0000] {logging_mixin.py:190} INFO - [2025-02-11T23:37:29.252+0000] {dag.py:4180} INFO - Setting next_dagrun for clientes_dag to 2025-02-11 00:00:00+00:00, run_after=2025-02-12 00:00:00+00:00
[2025-02-11T23:37:29.317+0000] {processor.py:208} INFO - Processing /opt/airflow/dags/app/clientes_dag.py took 0.842 seconds
[2025-02-11T23:37:59.655+0000] {processor.py:186} INFO - Started process (PID=377) to work on /opt/airflow/dags/app/clientes_dag.py
[2025-02-11T23:37:59.656+0000] {processor.py:914} INFO - Processing file /opt/airflow/dags/app/clientes_dag.py for tasks to queue
[2025-02-11T23:37:59.661+0000] {logging_mixin.py:190} INFO - [2025-02-11T23:37:59.660+0000] {dagbag.py:588} INFO - Filling up the DagBag from /opt/airflow/dags/app/clientes_dag.py
[2025-02-11T23:38:00.108+0000] {processor.py:925} INFO - DAG(s) 'clientes_dag' retrieved from /opt/airflow/dags/app/clientes_dag.py
[2025-02-11T23:38:00.183+0000] {logging_mixin.py:190} INFO - [2025-02-11T23:38:00.183+0000] {dag.py:3239} INFO - Sync 1 DAGs
[2025-02-11T23:38:00.264+0000] {logging_mixin.py:190} INFO - [2025-02-11T23:38:00.264+0000] {dag.py:4180} INFO - Setting next_dagrun for clientes_dag to 2025-02-11 00:00:00+00:00, run_after=2025-02-12 00:00:00+00:00
[2025-02-11T23:38:00.410+0000] {processor.py:208} INFO - Processing /opt/airflow/dags/app/clientes_dag.py took 0.780 seconds
[2025-02-11T23:38:30.542+0000] {processor.py:186} INFO - Started process (PID=443) to work on /opt/airflow/dags/app/clientes_dag.py
[2025-02-11T23:38:30.543+0000] {processor.py:914} INFO - Processing file /opt/airflow/dags/app/clientes_dag.py for tasks to queue
[2025-02-11T23:38:30.546+0000] {logging_mixin.py:190} INFO - [2025-02-11T23:38:30.546+0000] {dagbag.py:588} INFO - Filling up the DagBag from /opt/airflow/dags/app/clientes_dag.py
[2025-02-11T23:38:30.695+0000] {processor.py:925} INFO - DAG(s) 'clientes_dag' retrieved from /opt/airflow/dags/app/clientes_dag.py
[2025-02-11T23:38:30.717+0000] {logging_mixin.py:190} INFO - [2025-02-11T23:38:30.716+0000] {dag.py:3239} INFO - Sync 1 DAGs
[2025-02-11T23:38:30.744+0000] {logging_mixin.py:190} INFO - [2025-02-11T23:38:30.744+0000] {dag.py:4180} INFO - Setting next_dagrun for clientes_dag to 2025-02-11 00:00:00+00:00, run_after=2025-02-12 00:00:00+00:00
[2025-02-11T23:38:30.765+0000] {processor.py:208} INFO - Processing /opt/airflow/dags/app/clientes_dag.py took 0.229 seconds
[2025-02-11T23:39:03.337+0000] {processor.py:186} INFO - Started process (PID=509) to work on /opt/airflow/dags/app/clientes_dag.py
[2025-02-11T23:39:03.340+0000] {processor.py:914} INFO - Processing file /opt/airflow/dags/app/clientes_dag.py for tasks to queue
[2025-02-11T23:39:03.346+0000] {logging_mixin.py:190} INFO - [2025-02-11T23:39:03.345+0000] {dagbag.py:588} INFO - Filling up the DagBag from /opt/airflow/dags/app/clientes_dag.py
[2025-02-11T23:39:03.822+0000] {processor.py:925} INFO - DAG(s) 'clientes_dag' retrieved from /opt/airflow/dags/app/clientes_dag.py
[2025-02-11T23:39:03.871+0000] {logging_mixin.py:190} INFO - [2025-02-11T23:39:03.871+0000] {dag.py:3239} INFO - Sync 1 DAGs
[2025-02-11T23:39:03.957+0000] {logging_mixin.py:190} INFO - [2025-02-11T23:39:03.957+0000] {dag.py:4180} INFO - Setting next_dagrun for clientes_dag to 2025-02-11 00:00:00+00:00, run_after=2025-02-12 00:00:00+00:00
[2025-02-11T23:39:04.020+0000] {processor.py:208} INFO - Processing /opt/airflow/dags/app/clientes_dag.py took 0.698 seconds
[2025-02-11T23:39:34.143+0000] {processor.py:186} INFO - Started process (PID=573) to work on /opt/airflow/dags/app/clientes_dag.py
[2025-02-11T23:39:34.146+0000] {processor.py:914} INFO - Processing file /opt/airflow/dags/app/clientes_dag.py for tasks to queue
[2025-02-11T23:39:34.150+0000] {logging_mixin.py:190} INFO - [2025-02-11T23:39:34.149+0000] {dagbag.py:588} INFO - Filling up the DagBag from /opt/airflow/dags/app/clientes_dag.py
[2025-02-11T23:39:34.625+0000] {processor.py:925} INFO - DAG(s) 'clientes_dag' retrieved from /opt/airflow/dags/app/clientes_dag.py
[2025-02-11T23:39:34.669+0000] {logging_mixin.py:190} INFO - [2025-02-11T23:39:34.669+0000] {dag.py:3239} INFO - Sync 1 DAGs
[2025-02-11T23:39:34.758+0000] {logging_mixin.py:190} INFO - [2025-02-11T23:39:34.757+0000] {dag.py:4180} INFO - Setting next_dagrun for clientes_dag to 2025-02-11 00:00:00+00:00, run_after=2025-02-12 00:00:00+00:00
[2025-02-11T23:39:34.830+0000] {processor.py:208} INFO - Processing /opt/airflow/dags/app/clientes_dag.py took 0.703 seconds
[2025-02-11T23:40:05.175+0000] {processor.py:186} INFO - Started process (PID=635) to work on /opt/airflow/dags/app/clientes_dag.py
[2025-02-11T23:40:05.177+0000] {processor.py:914} INFO - Processing file /opt/airflow/dags/app/clientes_dag.py for tasks to queue
[2025-02-11T23:40:05.180+0000] {logging_mixin.py:190} INFO - [2025-02-11T23:40:05.180+0000] {dagbag.py:588} INFO - Filling up the DagBag from /opt/airflow/dags/app/clientes_dag.py
[2025-02-11T23:40:05.355+0000] {processor.py:925} INFO - DAG(s) 'clientes_dag' retrieved from /opt/airflow/dags/app/clientes_dag.py
[2025-02-11T23:40:05.377+0000] {logging_mixin.py:190} INFO - [2025-02-11T23:40:05.377+0000] {dag.py:3239} INFO - Sync 1 DAGs
[2025-02-11T23:40:05.409+0000] {logging_mixin.py:190} INFO - [2025-02-11T23:40:05.409+0000] {dag.py:4180} INFO - Setting next_dagrun for clientes_dag to 2025-02-11 00:00:00+00:00, run_after=2025-02-12 00:00:00+00:00
[2025-02-11T23:40:05.431+0000] {processor.py:208} INFO - Processing /opt/airflow/dags/app/clientes_dag.py took 0.267 seconds
[2025-02-11T23:40:36.274+0000] {processor.py:186} INFO - Started process (PID=690) to work on /opt/airflow/dags/app/clientes_dag.py
[2025-02-11T23:40:36.278+0000] {processor.py:914} INFO - Processing file /opt/airflow/dags/app/clientes_dag.py for tasks to queue
[2025-02-11T23:40:36.291+0000] {logging_mixin.py:190} INFO - [2025-02-11T23:40:36.290+0000] {dagbag.py:588} INFO - Filling up the DagBag from /opt/airflow/dags/app/clientes_dag.py
[2025-02-11T23:40:36.895+0000] {processor.py:925} INFO - DAG(s) 'clientes_dag' retrieved from /opt/airflow/dags/app/clientes_dag.py
[2025-02-11T23:40:36.959+0000] {logging_mixin.py:190} INFO - [2025-02-11T23:40:36.958+0000] {dag.py:3239} INFO - Sync 1 DAGs
[2025-02-11T23:40:37.084+0000] {logging_mixin.py:190} INFO - [2025-02-11T23:40:37.084+0000] {dag.py:4180} INFO - Setting next_dagrun for clientes_dag to 2025-02-11 00:00:00+00:00, run_after=2025-02-12 00:00:00+00:00
[2025-02-11T23:40:37.179+0000] {processor.py:208} INFO - Processing /opt/airflow/dags/app/clientes_dag.py took 0.916 seconds
[2025-02-11T23:42:13.780+0000] {processor.py:186} INFO - Started process (PID=39) to work on /opt/airflow/dags/app/clientes_dag.py
[2025-02-11T23:42:13.807+0000] {processor.py:914} INFO - Processing file /opt/airflow/dags/app/clientes_dag.py for tasks to queue
[2025-02-11T23:42:13.836+0000] {logging_mixin.py:190} INFO - [2025-02-11T23:42:13.835+0000] {dagbag.py:588} INFO - Filling up the DagBag from /opt/airflow/dags/app/clientes_dag.py
[2025-02-11T23:42:15.248+0000] {processor.py:925} INFO - DAG(s) 'clientes_dag' retrieved from /opt/airflow/dags/app/clientes_dag.py
[2025-02-11T23:42:15.376+0000] {logging_mixin.py:190} INFO - [2025-02-11T23:42:15.375+0000] {dag.py:3239} INFO - Sync 1 DAGs
[2025-02-11T23:42:15.473+0000] {logging_mixin.py:190} INFO - [2025-02-11T23:42:15.473+0000] {dag.py:4180} INFO - Setting next_dagrun for clientes_dag to 2025-02-11 00:00:00+00:00, run_after=2025-02-12 00:00:00+00:00
[2025-02-11T23:42:15.553+0000] {processor.py:208} INFO - Processing /opt/airflow/dags/app/clientes_dag.py took 1.811 seconds
[2025-02-11T23:42:46.422+0000] {processor.py:186} INFO - Started process (PID=110) to work on /opt/airflow/dags/app/clientes_dag.py
[2025-02-11T23:42:46.433+0000] {processor.py:914} INFO - Processing file /opt/airflow/dags/app/clientes_dag.py for tasks to queue
[2025-02-11T23:42:46.438+0000] {logging_mixin.py:190} INFO - [2025-02-11T23:42:46.437+0000] {dagbag.py:588} INFO - Filling up the DagBag from /opt/airflow/dags/app/clientes_dag.py
[2025-02-11T23:42:47.085+0000] {processor.py:925} INFO - DAG(s) 'clientes_dag' retrieved from /opt/airflow/dags/app/clientes_dag.py
[2025-02-11T23:42:47.126+0000] {logging_mixin.py:190} INFO - [2025-02-11T23:42:47.126+0000] {dag.py:3239} INFO - Sync 1 DAGs
[2025-02-11T23:42:47.221+0000] {logging_mixin.py:190} INFO - [2025-02-11T23:42:47.221+0000] {dag.py:4180} INFO - Setting next_dagrun for clientes_dag to 2025-02-11 00:00:00+00:00, run_after=2025-02-12 00:00:00+00:00
[2025-02-11T23:42:47.290+0000] {processor.py:208} INFO - Processing /opt/airflow/dags/app/clientes_dag.py took 0.884 seconds
[2025-02-11T23:43:17.960+0000] {processor.py:186} INFO - Started process (PID=176) to work on /opt/airflow/dags/app/clientes_dag.py
[2025-02-11T23:43:17.969+0000] {processor.py:914} INFO - Processing file /opt/airflow/dags/app/clientes_dag.py for tasks to queue
[2025-02-11T23:43:17.976+0000] {logging_mixin.py:190} INFO - [2025-02-11T23:43:17.975+0000] {dagbag.py:588} INFO - Filling up the DagBag from /opt/airflow/dags/app/clientes_dag.py
[2025-02-11T23:43:18.362+0000] {processor.py:925} INFO - DAG(s) 'clientes_dag' retrieved from /opt/airflow/dags/app/clientes_dag.py
[2025-02-11T23:43:18.395+0000] {logging_mixin.py:190} INFO - [2025-02-11T23:43:18.395+0000] {dag.py:3239} INFO - Sync 1 DAGs
[2025-02-11T23:43:18.476+0000] {logging_mixin.py:190} INFO - [2025-02-11T23:43:18.476+0000] {dag.py:4180} INFO - Setting next_dagrun for clientes_dag to 2025-02-11 00:00:00+00:00, run_after=2025-02-12 00:00:00+00:00
[2025-02-11T23:43:18.534+0000] {processor.py:208} INFO - Processing /opt/airflow/dags/app/clientes_dag.py took 0.583 seconds
[2025-02-11T23:43:49.042+0000] {processor.py:186} INFO - Started process (PID=241) to work on /opt/airflow/dags/app/clientes_dag.py
[2025-02-11T23:43:49.043+0000] {processor.py:914} INFO - Processing file /opt/airflow/dags/app/clientes_dag.py for tasks to queue
[2025-02-11T23:43:49.056+0000] {logging_mixin.py:190} INFO - [2025-02-11T23:43:49.056+0000] {dagbag.py:588} INFO - Filling up the DagBag from /opt/airflow/dags/app/clientes_dag.py
[2025-02-11T23:43:49.526+0000] {processor.py:925} INFO - DAG(s) 'clientes_dag' retrieved from /opt/airflow/dags/app/clientes_dag.py
[2025-02-11T23:43:49.588+0000] {logging_mixin.py:190} INFO - [2025-02-11T23:43:49.587+0000] {dag.py:3239} INFO - Sync 1 DAGs
[2025-02-11T23:43:49.685+0000] {logging_mixin.py:190} INFO - [2025-02-11T23:43:49.685+0000] {dag.py:4180} INFO - Setting next_dagrun for clientes_dag to 2025-02-11 00:00:00+00:00, run_after=2025-02-12 00:00:00+00:00
[2025-02-11T23:43:49.761+0000] {processor.py:208} INFO - Processing /opt/airflow/dags/app/clientes_dag.py took 0.727 seconds
[2025-02-11T23:44:19.941+0000] {processor.py:186} INFO - Started process (PID=307) to work on /opt/airflow/dags/app/clientes_dag.py
[2025-02-11T23:44:19.942+0000] {processor.py:914} INFO - Processing file /opt/airflow/dags/app/clientes_dag.py for tasks to queue
[2025-02-11T23:44:19.956+0000] {logging_mixin.py:190} INFO - [2025-02-11T23:44:19.955+0000] {dagbag.py:588} INFO - Filling up the DagBag from /opt/airflow/dags/app/clientes_dag.py
[2025-02-11T23:44:20.587+0000] {processor.py:925} INFO - DAG(s) 'clientes_dag' retrieved from /opt/airflow/dags/app/clientes_dag.py
[2025-02-11T23:44:21.154+0000] {logging_mixin.py:190} INFO - [2025-02-11T23:44:21.153+0000] {dag.py:3239} INFO - Sync 1 DAGs
[2025-02-11T23:44:21.217+0000] {logging_mixin.py:190} INFO - [2025-02-11T23:44:21.206+0000] {dag.py:3262} INFO - Creating ORM DAG for clientes_dag
[2025-02-11T23:44:21.269+0000] {logging_mixin.py:190} INFO - [2025-02-11T23:44:21.269+0000] {dag.py:4180} INFO - Setting next_dagrun for clientes_dag to 2025-02-10 00:00:00+00:00, run_after=2025-02-11 00:00:00+00:00
[2025-02-11T23:44:21.357+0000] {processor.py:208} INFO - Processing /opt/airflow/dags/app/clientes_dag.py took 1.435 seconds
[2025-02-11T23:44:52.473+0000] {processor.py:186} INFO - Started process (PID=375) to work on /opt/airflow/dags/app/clientes_dag.py
[2025-02-11T23:44:52.476+0000] {processor.py:914} INFO - Processing file /opt/airflow/dags/app/clientes_dag.py for tasks to queue
[2025-02-11T23:44:52.504+0000] {logging_mixin.py:190} INFO - [2025-02-11T23:44:52.503+0000] {dagbag.py:588} INFO - Filling up the DagBag from /opt/airflow/dags/app/clientes_dag.py
[2025-02-11T23:44:52.843+0000] {processor.py:925} INFO - DAG(s) 'clientes_dag' retrieved from /opt/airflow/dags/app/clientes_dag.py
[2025-02-11T23:44:52.881+0000] {logging_mixin.py:190} INFO - [2025-02-11T23:44:52.881+0000] {dag.py:3239} INFO - Sync 1 DAGs
[2025-02-11T23:44:52.937+0000] {logging_mixin.py:190} INFO - [2025-02-11T23:44:52.937+0000] {dag.py:4180} INFO - Setting next_dagrun for clientes_dag to 2025-02-10 00:00:00+00:00, run_after=2025-02-11 00:00:00+00:00
[2025-02-11T23:44:52.978+0000] {processor.py:208} INFO - Processing /opt/airflow/dags/app/clientes_dag.py took 0.523 seconds
[2025-02-11T23:45:23.133+0000] {processor.py:186} INFO - Started process (PID=441) to work on /opt/airflow/dags/app/clientes_dag.py
[2025-02-11T23:45:23.135+0000] {processor.py:914} INFO - Processing file /opt/airflow/dags/app/clientes_dag.py for tasks to queue
[2025-02-11T23:45:23.140+0000] {logging_mixin.py:190} INFO - [2025-02-11T23:45:23.140+0000] {dagbag.py:588} INFO - Filling up the DagBag from /opt/airflow/dags/app/clientes_dag.py
[2025-02-11T23:45:23.391+0000] {processor.py:925} INFO - DAG(s) 'clientes_dag' retrieved from /opt/airflow/dags/app/clientes_dag.py
[2025-02-11T23:45:23.415+0000] {logging_mixin.py:190} INFO - [2025-02-11T23:45:23.414+0000] {dag.py:3239} INFO - Sync 1 DAGs
[2025-02-11T23:45:23.449+0000] {logging_mixin.py:190} INFO - [2025-02-11T23:45:23.448+0000] {dag.py:4180} INFO - Setting next_dagrun for clientes_dag to 2025-02-10 00:00:00+00:00, run_after=2025-02-11 00:00:00+00:00
[2025-02-11T23:45:23.474+0000] {processor.py:208} INFO - Processing /opt/airflow/dags/app/clientes_dag.py took 0.353 seconds
[2025-02-11T23:45:53.583+0000] {processor.py:186} INFO - Started process (PID=507) to work on /opt/airflow/dags/app/clientes_dag.py
[2025-02-11T23:45:53.589+0000] {processor.py:914} INFO - Processing file /opt/airflow/dags/app/clientes_dag.py for tasks to queue
[2025-02-11T23:45:53.597+0000] {logging_mixin.py:190} INFO - [2025-02-11T23:45:53.596+0000] {dagbag.py:588} INFO - Filling up the DagBag from /opt/airflow/dags/app/clientes_dag.py
[2025-02-11T23:45:53.931+0000] {processor.py:925} INFO - DAG(s) 'clientes_dag' retrieved from /opt/airflow/dags/app/clientes_dag.py
[2025-02-11T23:45:53.956+0000] {logging_mixin.py:190} INFO - [2025-02-11T23:45:53.956+0000] {dag.py:3239} INFO - Sync 1 DAGs
[2025-02-11T23:45:54.004+0000] {logging_mixin.py:190} INFO - [2025-02-11T23:45:54.004+0000] {dag.py:4180} INFO - Setting next_dagrun for clientes_dag to 2025-02-10 00:00:00+00:00, run_after=2025-02-11 00:00:00+00:00
[2025-02-11T23:45:54.042+0000] {processor.py:208} INFO - Processing /opt/airflow/dags/app/clientes_dag.py took 0.468 seconds
[2025-02-11T23:46:24.263+0000] {processor.py:186} INFO - Started process (PID=573) to work on /opt/airflow/dags/app/clientes_dag.py
[2025-02-11T23:46:24.268+0000] {processor.py:914} INFO - Processing file /opt/airflow/dags/app/clientes_dag.py for tasks to queue
[2025-02-11T23:46:24.282+0000] {logging_mixin.py:190} INFO - [2025-02-11T23:46:24.281+0000] {dagbag.py:588} INFO - Filling up the DagBag from /opt/airflow/dags/app/clientes_dag.py
[2025-02-11T23:46:24.662+0000] {processor.py:925} INFO - DAG(s) 'clientes_dag' retrieved from /opt/airflow/dags/app/clientes_dag.py
[2025-02-11T23:46:24.693+0000] {logging_mixin.py:190} INFO - [2025-02-11T23:46:24.693+0000] {dag.py:3239} INFO - Sync 1 DAGs
[2025-02-11T23:46:24.784+0000] {logging_mixin.py:190} INFO - [2025-02-11T23:46:24.774+0000] {dag.py:4180} INFO - Setting next_dagrun for clientes_dag to 2025-02-10 00:00:00+00:00, run_after=2025-02-11 00:00:00+00:00
[2025-02-11T23:46:24.842+0000] {processor.py:208} INFO - Processing /opt/airflow/dags/app/clientes_dag.py took 0.588 seconds
[2025-02-11T23:46:55.002+0000] {processor.py:186} INFO - Started process (PID=640) to work on /opt/airflow/dags/app/clientes_dag.py
[2025-02-11T23:46:55.004+0000] {processor.py:914} INFO - Processing file /opt/airflow/dags/app/clientes_dag.py for tasks to queue
[2025-02-11T23:46:55.009+0000] {logging_mixin.py:190} INFO - [2025-02-11T23:46:55.009+0000] {dagbag.py:588} INFO - Filling up the DagBag from /opt/airflow/dags/app/clientes_dag.py
[2025-02-11T23:46:55.760+0000] {processor.py:925} INFO - DAG(s) 'clientes_dag' retrieved from /opt/airflow/dags/app/clientes_dag.py
[2025-02-11T23:46:55.807+0000] {logging_mixin.py:190} INFO - [2025-02-11T23:46:55.807+0000] {dag.py:3239} INFO - Sync 1 DAGs
[2025-02-11T23:46:55.882+0000] {logging_mixin.py:190} INFO - [2025-02-11T23:46:55.882+0000] {dag.py:4180} INFO - Setting next_dagrun for clientes_dag to 2025-02-10 00:00:00+00:00, run_after=2025-02-11 00:00:00+00:00
[2025-02-11T23:46:55.940+0000] {processor.py:208} INFO - Processing /opt/airflow/dags/app/clientes_dag.py took 0.951 seconds
[2025-02-11T23:47:26.472+0000] {processor.py:186} INFO - Started process (PID=705) to work on /opt/airflow/dags/app/clientes_dag.py
[2025-02-11T23:47:26.474+0000] {processor.py:914} INFO - Processing file /opt/airflow/dags/app/clientes_dag.py for tasks to queue
[2025-02-11T23:47:26.487+0000] {logging_mixin.py:190} INFO - [2025-02-11T23:47:26.486+0000] {dagbag.py:588} INFO - Filling up the DagBag from /opt/airflow/dags/app/clientes_dag.py
[2025-02-11T23:47:26.897+0000] {processor.py:925} INFO - DAG(s) 'clientes_dag' retrieved from /opt/airflow/dags/app/clientes_dag.py
[2025-02-11T23:47:26.948+0000] {logging_mixin.py:190} INFO - [2025-02-11T23:47:26.948+0000] {dag.py:3239} INFO - Sync 1 DAGs
[2025-02-11T23:47:27.013+0000] {logging_mixin.py:190} INFO - [2025-02-11T23:47:27.013+0000] {dag.py:4180} INFO - Setting next_dagrun for clientes_dag to 2025-02-10 00:00:00+00:00, run_after=2025-02-11 00:00:00+00:00
[2025-02-11T23:47:27.060+0000] {processor.py:208} INFO - Processing /opt/airflow/dags/app/clientes_dag.py took 0.596 seconds
[2025-02-11T23:47:57.921+0000] {processor.py:186} INFO - Started process (PID=773) to work on /opt/airflow/dags/app/clientes_dag.py
[2025-02-11T23:47:57.922+0000] {processor.py:914} INFO - Processing file /opt/airflow/dags/app/clientes_dag.py for tasks to queue
[2025-02-11T23:47:57.934+0000] {logging_mixin.py:190} INFO - [2025-02-11T23:47:57.933+0000] {dagbag.py:588} INFO - Filling up the DagBag from /opt/airflow/dags/app/clientes_dag.py
[2025-02-11T23:47:58.147+0000] {processor.py:925} INFO - DAG(s) 'clientes_dag' retrieved from /opt/airflow/dags/app/clientes_dag.py
[2025-02-11T23:47:58.177+0000] {logging_mixin.py:190} INFO - [2025-02-11T23:47:58.177+0000] {dag.py:3239} INFO - Sync 1 DAGs
[2025-02-11T23:47:58.222+0000] {logging_mixin.py:190} INFO - [2025-02-11T23:47:58.222+0000] {dag.py:4180} INFO - Setting next_dagrun for clientes_dag to 2025-02-10 00:00:00+00:00, run_after=2025-02-11 00:00:00+00:00
[2025-02-11T23:47:58.251+0000] {processor.py:208} INFO - Processing /opt/airflow/dags/app/clientes_dag.py took 0.339 seconds
[2025-02-11T23:48:28.439+0000] {processor.py:186} INFO - Started process (PID=839) to work on /opt/airflow/dags/app/clientes_dag.py
[2025-02-11T23:48:28.441+0000] {processor.py:914} INFO - Processing file /opt/airflow/dags/app/clientes_dag.py for tasks to queue
[2025-02-11T23:48:28.444+0000] {logging_mixin.py:190} INFO - [2025-02-11T23:48:28.444+0000] {dagbag.py:588} INFO - Filling up the DagBag from /opt/airflow/dags/app/clientes_dag.py
[2025-02-11T23:48:28.728+0000] {processor.py:925} INFO - DAG(s) 'clientes_dag' retrieved from /opt/airflow/dags/app/clientes_dag.py
[2025-02-11T23:48:28.757+0000] {logging_mixin.py:190} INFO - [2025-02-11T23:48:28.756+0000] {dag.py:3239} INFO - Sync 1 DAGs
[2025-02-11T23:48:28.802+0000] {logging_mixin.py:190} INFO - [2025-02-11T23:48:28.802+0000] {dag.py:4180} INFO - Setting next_dagrun for clientes_dag to 2025-02-10 00:00:00+00:00, run_after=2025-02-11 00:00:00+00:00
[2025-02-11T23:48:28.836+0000] {processor.py:208} INFO - Processing /opt/airflow/dags/app/clientes_dag.py took 0.405 seconds
[2025-02-11T23:48:59.115+0000] {processor.py:186} INFO - Started process (PID=904) to work on /opt/airflow/dags/app/clientes_dag.py
[2025-02-11T23:48:59.117+0000] {processor.py:914} INFO - Processing file /opt/airflow/dags/app/clientes_dag.py for tasks to queue
[2025-02-11T23:48:59.129+0000] {logging_mixin.py:190} INFO - [2025-02-11T23:48:59.129+0000] {dagbag.py:588} INFO - Filling up the DagBag from /opt/airflow/dags/app/clientes_dag.py
[2025-02-11T23:48:59.810+0000] {processor.py:925} INFO - DAG(s) 'clientes_dag' retrieved from /opt/airflow/dags/app/clientes_dag.py
[2025-02-11T23:48:59.851+0000] {logging_mixin.py:190} INFO - [2025-02-11T23:48:59.850+0000] {dag.py:3239} INFO - Sync 1 DAGs
[2025-02-11T23:48:59.957+0000] {logging_mixin.py:190} INFO - [2025-02-11T23:48:59.956+0000] {dag.py:4180} INFO - Setting next_dagrun for clientes_dag to 2025-02-10 00:00:00+00:00, run_after=2025-02-11 00:00:00+00:00
[2025-02-11T23:49:00.009+0000] {processor.py:208} INFO - Processing /opt/airflow/dags/app/clientes_dag.py took 0.902 seconds
[2025-02-11T23:49:30.278+0000] {processor.py:186} INFO - Started process (PID=970) to work on /opt/airflow/dags/app/clientes_dag.py
[2025-02-11T23:49:30.284+0000] {processor.py:914} INFO - Processing file /opt/airflow/dags/app/clientes_dag.py for tasks to queue
[2025-02-11T23:49:30.292+0000] {logging_mixin.py:190} INFO - [2025-02-11T23:49:30.291+0000] {dagbag.py:588} INFO - Filling up the DagBag from /opt/airflow/dags/app/clientes_dag.py
[2025-02-11T23:49:30.495+0000] {processor.py:925} INFO - DAG(s) 'clientes_dag' retrieved from /opt/airflow/dags/app/clientes_dag.py
[2025-02-11T23:49:30.527+0000] {logging_mixin.py:190} INFO - [2025-02-11T23:49:30.526+0000] {dag.py:3239} INFO - Sync 1 DAGs
[2025-02-11T23:49:30.564+0000] {logging_mixin.py:190} INFO - [2025-02-11T23:49:30.564+0000] {dag.py:4180} INFO - Setting next_dagrun for clientes_dag to 2025-02-10 00:00:00+00:00, run_after=2025-02-11 00:00:00+00:00
[2025-02-11T23:49:30.593+0000] {processor.py:208} INFO - Processing /opt/airflow/dags/app/clientes_dag.py took 0.330 seconds
[2025-02-11T23:50:01.127+0000] {processor.py:186} INFO - Started process (PID=1036) to work on /opt/airflow/dags/app/clientes_dag.py
[2025-02-11T23:50:01.128+0000] {processor.py:914} INFO - Processing file /opt/airflow/dags/app/clientes_dag.py for tasks to queue
[2025-02-11T23:50:01.131+0000] {logging_mixin.py:190} INFO - [2025-02-11T23:50:01.131+0000] {dagbag.py:588} INFO - Filling up the DagBag from /opt/airflow/dags/app/clientes_dag.py
[2025-02-11T23:50:01.341+0000] {processor.py:925} INFO - DAG(s) 'clientes_dag' retrieved from /opt/airflow/dags/app/clientes_dag.py
[2025-02-11T23:50:01.370+0000] {logging_mixin.py:190} INFO - [2025-02-11T23:50:01.369+0000] {dag.py:3239} INFO - Sync 1 DAGs
[2025-02-11T23:50:01.406+0000] {logging_mixin.py:190} INFO - [2025-02-11T23:50:01.406+0000] {dag.py:4180} INFO - Setting next_dagrun for clientes_dag to 2025-02-10 00:00:00+00:00, run_after=2025-02-11 00:00:00+00:00
[2025-02-11T23:50:01.434+0000] {processor.py:208} INFO - Processing /opt/airflow/dags/app/clientes_dag.py took 0.315 seconds
[2025-02-11T23:50:31.616+0000] {processor.py:186} INFO - Started process (PID=1102) to work on /opt/airflow/dags/app/clientes_dag.py
[2025-02-11T23:50:31.618+0000] {processor.py:914} INFO - Processing file /opt/airflow/dags/app/clientes_dag.py for tasks to queue
[2025-02-11T23:50:31.621+0000] {logging_mixin.py:190} INFO - [2025-02-11T23:50:31.621+0000] {dagbag.py:588} INFO - Filling up the DagBag from /opt/airflow/dags/app/clientes_dag.py
[2025-02-11T23:50:31.897+0000] {processor.py:925} INFO - DAG(s) 'clientes_dag' retrieved from /opt/airflow/dags/app/clientes_dag.py
[2025-02-11T23:50:31.935+0000] {logging_mixin.py:190} INFO - [2025-02-11T23:50:31.935+0000] {dag.py:3239} INFO - Sync 1 DAGs
[2025-02-11T23:50:32.005+0000] {logging_mixin.py:190} INFO - [2025-02-11T23:50:32.005+0000] {dag.py:4180} INFO - Setting next_dagrun for clientes_dag to 2025-02-10 00:00:00+00:00, run_after=2025-02-11 00:00:00+00:00
[2025-02-11T23:50:32.034+0000] {processor.py:208} INFO - Processing /opt/airflow/dags/app/clientes_dag.py took 0.435 seconds
[2025-02-11T23:51:02.142+0000] {processor.py:186} INFO - Started process (PID=1169) to work on /opt/airflow/dags/app/clientes_dag.py
[2025-02-11T23:51:02.143+0000] {processor.py:914} INFO - Processing file /opt/airflow/dags/app/clientes_dag.py for tasks to queue
[2025-02-11T23:51:02.147+0000] {logging_mixin.py:190} INFO - [2025-02-11T23:51:02.146+0000] {dagbag.py:588} INFO - Filling up the DagBag from /opt/airflow/dags/app/clientes_dag.py
[2025-02-11T23:51:02.425+0000] {processor.py:925} INFO - DAG(s) 'clientes_dag' retrieved from /opt/airflow/dags/app/clientes_dag.py
[2025-02-11T23:51:02.491+0000] {logging_mixin.py:190} INFO - [2025-02-11T23:51:02.491+0000] {dag.py:3239} INFO - Sync 1 DAGs
[2025-02-11T23:51:02.553+0000] {logging_mixin.py:190} INFO - [2025-02-11T23:51:02.552+0000] {dag.py:4180} INFO - Setting next_dagrun for clientes_dag to 2025-02-10 00:00:00+00:00, run_after=2025-02-11 00:00:00+00:00
[2025-02-11T23:51:02.588+0000] {processor.py:208} INFO - Processing /opt/airflow/dags/app/clientes_dag.py took 0.456 seconds
[2025-02-11T23:51:33.223+0000] {processor.py:186} INFO - Started process (PID=1235) to work on /opt/airflow/dags/app/clientes_dag.py
[2025-02-11T23:51:33.224+0000] {processor.py:914} INFO - Processing file /opt/airflow/dags/app/clientes_dag.py for tasks to queue
[2025-02-11T23:51:33.228+0000] {logging_mixin.py:190} INFO - [2025-02-11T23:51:33.227+0000] {dagbag.py:588} INFO - Filling up the DagBag from /opt/airflow/dags/app/clientes_dag.py
[2025-02-11T23:51:33.480+0000] {processor.py:925} INFO - DAG(s) 'clientes_dag' retrieved from /opt/airflow/dags/app/clientes_dag.py
[2025-02-11T23:51:33.520+0000] {logging_mixin.py:190} INFO - [2025-02-11T23:51:33.520+0000] {dag.py:3239} INFO - Sync 1 DAGs
[2025-02-11T23:51:33.576+0000] {logging_mixin.py:190} INFO - [2025-02-11T23:51:33.575+0000] {dag.py:4180} INFO - Setting next_dagrun for clientes_dag to 2025-02-10 00:00:00+00:00, run_after=2025-02-11 00:00:00+00:00
[2025-02-11T23:51:33.642+0000] {processor.py:208} INFO - Processing /opt/airflow/dags/app/clientes_dag.py took 0.427 seconds
[2025-02-11T23:52:04.103+0000] {processor.py:186} INFO - Started process (PID=1300) to work on /opt/airflow/dags/app/clientes_dag.py
[2025-02-11T23:52:04.104+0000] {processor.py:914} INFO - Processing file /opt/airflow/dags/app/clientes_dag.py for tasks to queue
[2025-02-11T23:52:04.113+0000] {logging_mixin.py:190} INFO - [2025-02-11T23:52:04.110+0000] {dagbag.py:588} INFO - Filling up the DagBag from /opt/airflow/dags/app/clientes_dag.py
[2025-02-11T23:52:04.316+0000] {processor.py:925} INFO - DAG(s) 'clientes_dag' retrieved from /opt/airflow/dags/app/clientes_dag.py
[2025-02-11T23:52:04.346+0000] {logging_mixin.py:190} INFO - [2025-02-11T23:52:04.345+0000] {dag.py:3239} INFO - Sync 1 DAGs
[2025-02-11T23:52:04.377+0000] {logging_mixin.py:190} INFO - [2025-02-11T23:52:04.377+0000] {dag.py:4180} INFO - Setting next_dagrun for clientes_dag to 2025-02-10 00:00:00+00:00, run_after=2025-02-11 00:00:00+00:00
[2025-02-11T23:52:04.404+0000] {processor.py:208} INFO - Processing /opt/airflow/dags/app/clientes_dag.py took 0.310 seconds
[2025-02-11T23:52:34.561+0000] {processor.py:186} INFO - Started process (PID=1367) to work on /opt/airflow/dags/app/clientes_dag.py
[2025-02-11T23:52:34.562+0000] {processor.py:914} INFO - Processing file /opt/airflow/dags/app/clientes_dag.py for tasks to queue
[2025-02-11T23:52:34.565+0000] {logging_mixin.py:190} INFO - [2025-02-11T23:52:34.565+0000] {dagbag.py:588} INFO - Filling up the DagBag from /opt/airflow/dags/app/clientes_dag.py
[2025-02-11T23:52:34.756+0000] {processor.py:925} INFO - DAG(s) 'clientes_dag' retrieved from /opt/airflow/dags/app/clientes_dag.py
[2025-02-11T23:52:34.791+0000] {logging_mixin.py:190} INFO - [2025-02-11T23:52:34.790+0000] {dag.py:3239} INFO - Sync 1 DAGs
[2025-02-11T23:52:34.827+0000] {logging_mixin.py:190} INFO - [2025-02-11T23:52:34.827+0000] {dag.py:4180} INFO - Setting next_dagrun for clientes_dag to 2025-02-10 00:00:00+00:00, run_after=2025-02-11 00:00:00+00:00
[2025-02-11T23:52:34.854+0000] {processor.py:208} INFO - Processing /opt/airflow/dags/app/clientes_dag.py took 0.301 seconds
[2025-02-11T23:53:05.283+0000] {processor.py:186} INFO - Started process (PID=1433) to work on /opt/airflow/dags/app/clientes_dag.py
[2025-02-11T23:53:05.285+0000] {processor.py:914} INFO - Processing file /opt/airflow/dags/app/clientes_dag.py for tasks to queue
[2025-02-11T23:53:05.288+0000] {logging_mixin.py:190} INFO - [2025-02-11T23:53:05.287+0000] {dagbag.py:588} INFO - Filling up the DagBag from /opt/airflow/dags/app/clientes_dag.py
[2025-02-11T23:53:05.520+0000] {processor.py:925} INFO - DAG(s) 'clientes_dag' retrieved from /opt/airflow/dags/app/clientes_dag.py
[2025-02-11T23:53:05.559+0000] {logging_mixin.py:190} INFO - [2025-02-11T23:53:05.558+0000] {dag.py:3239} INFO - Sync 1 DAGs
[2025-02-11T23:53:05.593+0000] {logging_mixin.py:190} INFO - [2025-02-11T23:53:05.593+0000] {dag.py:4180} INFO - Setting next_dagrun for clientes_dag to 2025-02-10 00:00:00+00:00, run_after=2025-02-11 00:00:00+00:00
[2025-02-11T23:53:05.619+0000] {processor.py:208} INFO - Processing /opt/airflow/dags/app/clientes_dag.py took 0.348 seconds
[2025-02-11T23:53:35.927+0000] {processor.py:186} INFO - Started process (PID=1498) to work on /opt/airflow/dags/app/clientes_dag.py
[2025-02-11T23:53:35.928+0000] {processor.py:914} INFO - Processing file /opt/airflow/dags/app/clientes_dag.py for tasks to queue
[2025-02-11T23:53:35.932+0000] {logging_mixin.py:190} INFO - [2025-02-11T23:53:35.931+0000] {dagbag.py:588} INFO - Filling up the DagBag from /opt/airflow/dags/app/clientes_dag.py
[2025-02-11T23:53:36.132+0000] {processor.py:925} INFO - DAG(s) 'clientes_dag' retrieved from /opt/airflow/dags/app/clientes_dag.py
[2025-02-11T23:53:36.153+0000] {logging_mixin.py:190} INFO - [2025-02-11T23:53:36.153+0000] {dag.py:3239} INFO - Sync 1 DAGs
[2025-02-11T23:53:36.195+0000] {logging_mixin.py:190} INFO - [2025-02-11T23:53:36.195+0000] {dag.py:4180} INFO - Setting next_dagrun for clientes_dag to 2025-02-10 00:00:00+00:00, run_after=2025-02-11 00:00:00+00:00
[2025-02-11T23:53:36.232+0000] {processor.py:208} INFO - Processing /opt/airflow/dags/app/clientes_dag.py took 0.320 seconds
[2025-02-11T23:54:06.695+0000] {processor.py:186} INFO - Started process (PID=1558) to work on /opt/airflow/dags/app/clientes_dag.py
[2025-02-11T23:54:06.697+0000] {processor.py:914} INFO - Processing file /opt/airflow/dags/app/clientes_dag.py for tasks to queue
[2025-02-11T23:54:06.700+0000] {logging_mixin.py:190} INFO - [2025-02-11T23:54:06.699+0000] {dagbag.py:588} INFO - Filling up the DagBag from /opt/airflow/dags/app/clientes_dag.py
[2025-02-11T23:54:06.945+0000] {processor.py:925} INFO - DAG(s) 'clientes_dag' retrieved from /opt/airflow/dags/app/clientes_dag.py
[2025-02-11T23:54:06.975+0000] {logging_mixin.py:190} INFO - [2025-02-11T23:54:06.974+0000] {dag.py:3239} INFO - Sync 1 DAGs
[2025-02-11T23:54:07.023+0000] {logging_mixin.py:190} INFO - [2025-02-11T23:54:07.022+0000] {dag.py:4180} INFO - Setting next_dagrun for clientes_dag to 2025-02-10 00:00:00+00:00, run_after=2025-02-11 00:00:00+00:00
[2025-02-11T23:54:07.074+0000] {processor.py:208} INFO - Processing /opt/airflow/dags/app/clientes_dag.py took 0.390 seconds
[2025-02-11T23:54:38.443+0000] {processor.py:186} INFO - Started process (PID=1625) to work on /opt/airflow/dags/app/clientes_dag.py
[2025-02-11T23:54:38.444+0000] {processor.py:914} INFO - Processing file /opt/airflow/dags/app/clientes_dag.py for tasks to queue
[2025-02-11T23:54:38.449+0000] {logging_mixin.py:190} INFO - [2025-02-11T23:54:38.448+0000] {dagbag.py:588} INFO - Filling up the DagBag from /opt/airflow/dags/app/clientes_dag.py
[2025-02-11T23:54:38.840+0000] {processor.py:925} INFO - DAG(s) 'clientes_dag' retrieved from /opt/airflow/dags/app/clientes_dag.py
[2025-02-11T23:54:38.904+0000] {logging_mixin.py:190} INFO - [2025-02-11T23:54:38.904+0000] {dag.py:3239} INFO - Sync 1 DAGs
[2025-02-11T23:54:38.962+0000] {logging_mixin.py:190} INFO - [2025-02-11T23:54:38.961+0000] {dag.py:4180} INFO - Setting next_dagrun for clientes_dag to 2025-02-10 00:00:00+00:00, run_after=2025-02-11 00:00:00+00:00
[2025-02-11T23:54:39.010+0000] {processor.py:208} INFO - Processing /opt/airflow/dags/app/clientes_dag.py took 0.582 seconds
[2025-02-11T23:55:09.174+0000] {processor.py:186} INFO - Started process (PID=1690) to work on /opt/airflow/dags/app/clientes_dag.py
[2025-02-11T23:55:09.178+0000] {processor.py:914} INFO - Processing file /opt/airflow/dags/app/clientes_dag.py for tasks to queue
[2025-02-11T23:55:09.182+0000] {logging_mixin.py:190} INFO - [2025-02-11T23:55:09.181+0000] {dagbag.py:588} INFO - Filling up the DagBag from /opt/airflow/dags/app/clientes_dag.py
[2025-02-11T23:55:09.539+0000] {processor.py:925} INFO - DAG(s) 'clientes_dag' retrieved from /opt/airflow/dags/app/clientes_dag.py
[2025-02-11T23:55:09.612+0000] {logging_mixin.py:190} INFO - [2025-02-11T23:55:09.611+0000] {dag.py:3239} INFO - Sync 1 DAGs
[2025-02-11T23:55:09.687+0000] {logging_mixin.py:190} INFO - [2025-02-11T23:55:09.687+0000] {dag.py:4180} INFO - Setting next_dagrun for clientes_dag to 2025-02-10 00:00:00+00:00, run_after=2025-02-11 00:00:00+00:00
[2025-02-11T23:55:09.786+0000] {processor.py:208} INFO - Processing /opt/airflow/dags/app/clientes_dag.py took 0.623 seconds
[2025-02-11T23:55:40.241+0000] {processor.py:186} INFO - Started process (PID=1756) to work on /opt/airflow/dags/app/clientes_dag.py
[2025-02-11T23:55:40.242+0000] {processor.py:914} INFO - Processing file /opt/airflow/dags/app/clientes_dag.py for tasks to queue
[2025-02-11T23:55:40.245+0000] {logging_mixin.py:190} INFO - [2025-02-11T23:55:40.245+0000] {dagbag.py:588} INFO - Filling up the DagBag from /opt/airflow/dags/app/clientes_dag.py
[2025-02-11T23:55:40.390+0000] {processor.py:925} INFO - DAG(s) 'clientes_dag' retrieved from /opt/airflow/dags/app/clientes_dag.py
[2025-02-11T23:55:40.411+0000] {logging_mixin.py:190} INFO - [2025-02-11T23:55:40.411+0000] {dag.py:3239} INFO - Sync 1 DAGs
[2025-02-11T23:55:40.448+0000] {logging_mixin.py:190} INFO - [2025-02-11T23:55:40.448+0000] {dag.py:4180} INFO - Setting next_dagrun for clientes_dag to 2025-02-10 00:00:00+00:00, run_after=2025-02-11 00:00:00+00:00
[2025-02-11T23:55:40.481+0000] {processor.py:208} INFO - Processing /opt/airflow/dags/app/clientes_dag.py took 0.247 seconds
[2025-02-11T23:56:10.973+0000] {processor.py:186} INFO - Started process (PID=1822) to work on /opt/airflow/dags/app/clientes_dag.py
[2025-02-11T23:56:10.975+0000] {processor.py:914} INFO - Processing file /opt/airflow/dags/app/clientes_dag.py for tasks to queue
[2025-02-11T23:56:10.978+0000] {logging_mixin.py:190} INFO - [2025-02-11T23:56:10.978+0000] {dagbag.py:588} INFO - Filling up the DagBag from /opt/airflow/dags/app/clientes_dag.py
[2025-02-11T23:56:11.123+0000] {processor.py:925} INFO - DAG(s) 'clientes_dag' retrieved from /opt/airflow/dags/app/clientes_dag.py
[2025-02-11T23:56:11.139+0000] {logging_mixin.py:190} INFO - [2025-02-11T23:56:11.139+0000] {dag.py:3239} INFO - Sync 1 DAGs
[2025-02-11T23:56:11.174+0000] {logging_mixin.py:190} INFO - [2025-02-11T23:56:11.174+0000] {dag.py:4180} INFO - Setting next_dagrun for clientes_dag to 2025-02-10 00:00:00+00:00, run_after=2025-02-11 00:00:00+00:00
[2025-02-11T23:56:11.197+0000] {processor.py:208} INFO - Processing /opt/airflow/dags/app/clientes_dag.py took 0.240 seconds
[2025-02-11T23:56:41.708+0000] {processor.py:186} INFO - Started process (PID=1888) to work on /opt/airflow/dags/app/clientes_dag.py
[2025-02-11T23:56:41.709+0000] {processor.py:914} INFO - Processing file /opt/airflow/dags/app/clientes_dag.py for tasks to queue
[2025-02-11T23:56:41.713+0000] {logging_mixin.py:190} INFO - [2025-02-11T23:56:41.712+0000] {dagbag.py:588} INFO - Filling up the DagBag from /opt/airflow/dags/app/clientes_dag.py
[2025-02-11T23:56:41.895+0000] {processor.py:925} INFO - DAG(s) 'clientes_dag' retrieved from /opt/airflow/dags/app/clientes_dag.py
[2025-02-11T23:56:41.915+0000] {logging_mixin.py:190} INFO - [2025-02-11T23:56:41.914+0000] {dag.py:3239} INFO - Sync 1 DAGs
[2025-02-11T23:56:42.090+0000] {logging_mixin.py:190} INFO - [2025-02-11T23:56:42.090+0000] {dag.py:4180} INFO - Setting next_dagrun for clientes_dag to 2025-02-10 00:00:00+00:00, run_after=2025-02-11 00:00:00+00:00
[2025-02-11T23:56:42.111+0000] {processor.py:208} INFO - Processing /opt/airflow/dags/app/clientes_dag.py took 0.411 seconds
[2025-02-11T23:57:12.464+0000] {processor.py:186} INFO - Started process (PID=1955) to work on /opt/airflow/dags/app/clientes_dag.py
[2025-02-11T23:57:12.470+0000] {processor.py:914} INFO - Processing file /opt/airflow/dags/app/clientes_dag.py for tasks to queue
[2025-02-11T23:57:12.475+0000] {logging_mixin.py:190} INFO - [2025-02-11T23:57:12.475+0000] {dagbag.py:588} INFO - Filling up the DagBag from /opt/airflow/dags/app/clientes_dag.py
[2025-02-11T23:57:12.659+0000] {processor.py:925} INFO - DAG(s) 'clientes_dag' retrieved from /opt/airflow/dags/app/clientes_dag.py
[2025-02-11T23:57:12.678+0000] {logging_mixin.py:190} INFO - [2025-02-11T23:57:12.678+0000] {dag.py:3239} INFO - Sync 1 DAGs
[2025-02-11T23:57:12.853+0000] {logging_mixin.py:190} INFO - [2025-02-11T23:57:12.852+0000] {dag.py:4180} INFO - Setting next_dagrun for clientes_dag to 2025-02-10 00:00:00+00:00, run_after=2025-02-11 00:00:00+00:00
[2025-02-11T23:57:12.869+0000] {processor.py:208} INFO - Processing /opt/airflow/dags/app/clientes_dag.py took 0.415 seconds
[2025-02-11T23:57:43.306+0000] {processor.py:186} INFO - Started process (PID=2021) to work on /opt/airflow/dags/app/clientes_dag.py
[2025-02-11T23:57:43.317+0000] {processor.py:914} INFO - Processing file /opt/airflow/dags/app/clientes_dag.py for tasks to queue
[2025-02-11T23:57:43.320+0000] {logging_mixin.py:190} INFO - [2025-02-11T23:57:43.320+0000] {dagbag.py:588} INFO - Filling up the DagBag from /opt/airflow/dags/app/clientes_dag.py
[2025-02-11T23:57:43.637+0000] {processor.py:925} INFO - DAG(s) 'clientes_dag' retrieved from /opt/airflow/dags/app/clientes_dag.py
[2025-02-11T23:57:43.680+0000] {logging_mixin.py:190} INFO - [2025-02-11T23:57:43.680+0000] {dag.py:3239} INFO - Sync 1 DAGs
[2025-02-11T23:57:44.070+0000] {logging_mixin.py:190} INFO - [2025-02-11T23:57:44.070+0000] {dag.py:4180} INFO - Setting next_dagrun for clientes_dag to 2025-02-10 00:00:00+00:00, run_after=2025-02-11 00:00:00+00:00
[2025-02-11T23:57:44.099+0000] {processor.py:208} INFO - Processing /opt/airflow/dags/app/clientes_dag.py took 0.801 seconds
[2025-02-11T23:58:14.492+0000] {processor.py:186} INFO - Started process (PID=2089) to work on /opt/airflow/dags/app/clientes_dag.py
[2025-02-11T23:58:14.493+0000] {processor.py:914} INFO - Processing file /opt/airflow/dags/app/clientes_dag.py for tasks to queue
[2025-02-11T23:58:14.496+0000] {logging_mixin.py:190} INFO - [2025-02-11T23:58:14.495+0000] {dagbag.py:588} INFO - Filling up the DagBag from /opt/airflow/dags/app/clientes_dag.py
[2025-02-11T23:58:14.653+0000] {processor.py:925} INFO - DAG(s) 'clientes_dag' retrieved from /opt/airflow/dags/app/clientes_dag.py
[2025-02-11T23:58:14.670+0000] {logging_mixin.py:190} INFO - [2025-02-11T23:58:14.670+0000] {dag.py:3239} INFO - Sync 1 DAGs
[2025-02-11T23:58:14.836+0000] {logging_mixin.py:190} INFO - [2025-02-11T23:58:14.836+0000] {dag.py:4180} INFO - Setting next_dagrun for clientes_dag to 2025-02-10 00:00:00+00:00, run_after=2025-02-11 00:00:00+00:00
[2025-02-11T23:58:14.854+0000] {processor.py:208} INFO - Processing /opt/airflow/dags/app/clientes_dag.py took 0.371 seconds
[2025-02-11T23:58:45.302+0000] {processor.py:186} INFO - Started process (PID=2155) to work on /opt/airflow/dags/app/clientes_dag.py
[2025-02-11T23:58:45.303+0000] {processor.py:914} INFO - Processing file /opt/airflow/dags/app/clientes_dag.py for tasks to queue
[2025-02-11T23:58:45.307+0000] {logging_mixin.py:190} INFO - [2025-02-11T23:58:45.307+0000] {dagbag.py:588} INFO - Filling up the DagBag from /opt/airflow/dags/app/clientes_dag.py
[2025-02-11T23:58:45.529+0000] {processor.py:925} INFO - DAG(s) 'clientes_dag' retrieved from /opt/airflow/dags/app/clientes_dag.py
[2025-02-11T23:58:45.545+0000] {logging_mixin.py:190} INFO - [2025-02-11T23:58:45.545+0000] {dag.py:3239} INFO - Sync 1 DAGs
[2025-02-11T23:58:45.572+0000] {logging_mixin.py:190} INFO - [2025-02-11T23:58:45.572+0000] {dag.py:4180} INFO - Setting next_dagrun for clientes_dag to 2025-02-10 00:00:00+00:00, run_after=2025-02-11 00:00:00+00:00
[2025-02-11T23:58:45.752+0000] {processor.py:208} INFO - Processing /opt/airflow/dags/app/clientes_dag.py took 0.461 seconds
[2025-02-11T23:59:16.201+0000] {processor.py:186} INFO - Started process (PID=2220) to work on /opt/airflow/dags/app/clientes_dag.py
[2025-02-11T23:59:16.203+0000] {processor.py:914} INFO - Processing file /opt/airflow/dags/app/clientes_dag.py for tasks to queue
[2025-02-11T23:59:16.207+0000] {logging_mixin.py:190} INFO - [2025-02-11T23:59:16.206+0000] {dagbag.py:588} INFO - Filling up the DagBag from /opt/airflow/dags/app/clientes_dag.py
[2025-02-11T23:59:16.580+0000] {processor.py:925} INFO - DAG(s) 'clientes_dag' retrieved from /opt/airflow/dags/app/clientes_dag.py
[2025-02-11T23:59:16.599+0000] {logging_mixin.py:190} INFO - [2025-02-11T23:59:16.599+0000] {dag.py:3239} INFO - Sync 1 DAGs
[2025-02-11T23:59:16.624+0000] {logging_mixin.py:190} INFO - [2025-02-11T23:59:16.623+0000] {dag.py:4180} INFO - Setting next_dagrun for clientes_dag to 2025-02-10 00:00:00+00:00, run_after=2025-02-11 00:00:00+00:00
[2025-02-11T23:59:16.643+0000] {processor.py:208} INFO - Processing /opt/airflow/dags/app/clientes_dag.py took 0.451 seconds
[2025-02-11T23:59:47.290+0000] {processor.py:186} INFO - Started process (PID=2286) to work on /opt/airflow/dags/app/clientes_dag.py
[2025-02-11T23:59:47.292+0000] {processor.py:914} INFO - Processing file /opt/airflow/dags/app/clientes_dag.py for tasks to queue
[2025-02-11T23:59:47.297+0000] {logging_mixin.py:190} INFO - [2025-02-11T23:59:47.296+0000] {dagbag.py:588} INFO - Filling up the DagBag from /opt/airflow/dags/app/clientes_dag.py
[2025-02-11T23:59:47.948+0000] {processor.py:925} INFO - DAG(s) 'clientes_dag' retrieved from /opt/airflow/dags/app/clientes_dag.py
[2025-02-11T23:59:47.974+0000] {logging_mixin.py:190} INFO - [2025-02-11T23:59:47.973+0000] {dag.py:3239} INFO - Sync 1 DAGs
[2025-02-11T23:59:48.001+0000] {logging_mixin.py:190} INFO - [2025-02-11T23:59:48.000+0000] {dag.py:4180} INFO - Setting next_dagrun for clientes_dag to 2025-02-10 00:00:00+00:00, run_after=2025-02-11 00:00:00+00:00
[2025-02-11T23:59:48.023+0000] {processor.py:208} INFO - Processing /opt/airflow/dags/app/clientes_dag.py took 0.745 seconds
